[2024-11-20T18:19:49.143+0500][gc] Using G1
[2024-11-20T18:19:49.159+0500][gc,init] Version: 17.0.13+11-Ubuntu-2ubuntu124.04 (release)
[2024-11-20T18:19:49.159+0500][gc,init] CPUs: 8 total, 8 available
[2024-11-20T18:19:49.159+0500][gc,init] Memory: 7835M
[2024-11-20T18:19:49.159+0500][gc,init] Large Page Support: Disabled
[2024-11-20T18:19:49.159+0500][gc,init] NUMA Support: Disabled
[2024-11-20T18:19:49.159+0500][gc,init] Compressed Oops: Enabled (32-bit)
[2024-11-20T18:19:49.159+0500][gc,init] Heap Region Size: 1M
[2024-11-20T18:19:49.159+0500][gc,init] Heap Min Capacity: 1G
[2024-11-20T18:19:49.160+0500][gc,init] Heap Initial Capacity: 1G
[2024-11-20T18:19:49.160+0500][gc,init] Heap Max Capacity: 1G
[2024-11-20T18:19:49.160+0500][gc,init] Pre-touch: Disabled
[2024-11-20T18:19:49.160+0500][gc,init] Parallel Workers: 8
[2024-11-20T18:19:49.160+0500][gc,init] Concurrent Workers: 2
[2024-11-20T18:19:49.160+0500][gc,init] Concurrent Refinement Workers: 8
[2024-11-20T18:19:49.160+0500][gc,init] Periodic GC: Disabled
[2024-11-20T18:19:49.170+0500][gc,metaspace] CDS archive(s) mapped at: [0x000077c057000000-0x000077c057bc9000-0x000077c057bc9000), size 12357632, SharedBaseAddress: 0x000077c057000000, ArchiveRelocationMode: 1.
[2024-11-20T18:19:49.170+0500][gc,metaspace] Compressed class space mapped at: 0x000077c058000000-0x000077c098000000, reserved size: 1073741824
[2024-11-20T18:19:49.170+0500][gc,metaspace] Narrow klass base: 0x000077c057000000, Narrow klass shift: 0, Narrow klass range: 0x100000000
[2024-11-20T18:19:50.747+0500][gc,start    ] GC(0) Pause Young (Normal) (G1 Evacuation Pause)
[2024-11-20T18:19:50.749+0500][gc,task     ] GC(0) Using 8 workers of 8 for evacuation
[2024-11-20T18:19:50.755+0500][gc,phases   ] GC(0)   Pre Evacuate Collection Set: 0.1ms
[2024-11-20T18:19:50.755+0500][gc,phases   ] GC(0)   Merge Heap Roots: 0.1ms
[2024-11-20T18:19:50.755+0500][gc,phases   ] GC(0)   Evacuate Collection Set: 4.4ms
[2024-11-20T18:19:50.755+0500][gc,phases   ] GC(0)   Post Evacuate Collection Set: 0.6ms
[2024-11-20T18:19:50.755+0500][gc,phases   ] GC(0)   Other: 2.6ms
[2024-11-20T18:19:50.755+0500][gc,heap     ] GC(0) Eden regions: 51->0(44)
[2024-11-20T18:19:50.755+0500][gc,heap     ] GC(0) Survivor regions: 0->7(7)
[2024-11-20T18:19:50.755+0500][gc,heap     ] GC(0) Old regions: 0->2
[2024-11-20T18:19:50.755+0500][gc,heap     ] GC(0) Archive regions: 2->2
[2024-11-20T18:19:50.755+0500][gc,heap     ] GC(0) Humongous regions: 0->0
[2024-11-20T18:19:50.755+0500][gc,metaspace] GC(0) Metaspace: 17830K(18112K)->17830K(18112K) NonClass: 15674K(15808K)->15674K(15808K) Class: 2156K(2304K)->2156K(2304K)
[2024-11-20T18:19:50.755+0500][gc          ] GC(0) Pause Young (Normal) (G1 Evacuation Pause) 51M->9M(1024M) 7.981ms
[2024-11-20T18:19:50.755+0500][gc,cpu      ] GC(0) User=0.02s Sys=0.02s Real=0.01s
[2024-11-20T18:19:51.236+0500][gc,start    ] GC(1) Pause Young (Concurrent Start) (Metadata GC Threshold)
[2024-11-20T18:19:51.236+0500][gc,task     ] GC(1) Using 8 workers of 8 for evacuation
[2024-11-20T18:19:51.242+0500][gc,phases   ] GC(1)   Pre Evacuate Collection Set: 0.3ms
[2024-11-20T18:19:51.242+0500][gc,phases   ] GC(1)   Merge Heap Roots: 0.1ms
[2024-11-20T18:19:51.243+0500][gc,phases   ] GC(1)   Evacuate Collection Set: 5.0ms
[2024-11-20T18:19:51.243+0500][gc,phases   ] GC(1)   Post Evacuate Collection Set: 0.5ms
[2024-11-20T18:19:51.243+0500][gc,phases   ] GC(1)   Other: 0.4ms
[2024-11-20T18:19:51.243+0500][gc,heap     ] GC(1) Eden regions: 15->0(49)
[2024-11-20T18:19:51.243+0500][gc,heap     ] GC(1) Survivor regions: 7->2(7)
[2024-11-20T18:19:51.243+0500][gc,heap     ] GC(1) Old regions: 2->8
[2024-11-20T18:19:51.243+0500][gc,heap     ] GC(1) Archive regions: 2->2
[2024-11-20T18:19:51.243+0500][gc,heap     ] GC(1) Humongous regions: 129->129
[2024-11-20T18:19:51.243+0500][gc,metaspace] GC(1) Metaspace: 21339K(21504K)->21339K(21504K) NonClass: 18767K(18880K)->18767K(18880K) Class: 2571K(2624K)->2571K(2624K)
[2024-11-20T18:19:51.243+0500][gc          ] GC(1) Pause Young (Concurrent Start) (Metadata GC Threshold) 153M->139M(1024M) 6.687ms
[2024-11-20T18:19:51.243+0500][gc,cpu      ] GC(1) User=0.03s Sys=0.01s Real=0.01s
[2024-11-20T18:19:51.243+0500][gc          ] GC(2) Concurrent Mark Cycle
[2024-11-20T18:19:51.243+0500][gc,marking  ] GC(2) Concurrent Clear Claimed Marks
[2024-11-20T18:19:51.243+0500][gc,marking  ] GC(2) Concurrent Clear Claimed Marks 0.025ms
[2024-11-20T18:19:51.243+0500][gc,marking  ] GC(2) Concurrent Scan Root Regions
[2024-11-20T18:19:51.246+0500][gc,marking  ] GC(2) Concurrent Scan Root Regions 3.044ms
[2024-11-20T18:19:51.246+0500][gc,marking  ] GC(2) Concurrent Mark
[2024-11-20T18:19:51.246+0500][gc,marking  ] GC(2) Concurrent Mark From Roots
[2024-11-20T18:19:51.246+0500][gc,task     ] GC(2) Using 2 workers of 2 for marking
[2024-11-20T18:19:51.250+0500][gc,marking  ] GC(2) Concurrent Mark From Roots 3.693ms
[2024-11-20T18:19:51.250+0500][gc,marking  ] GC(2) Concurrent Preclean
[2024-11-20T18:19:51.250+0500][gc,marking  ] GC(2) Concurrent Preclean 0.121ms
[2024-11-20T18:19:51.250+0500][gc,start    ] GC(2) Pause Remark
[2024-11-20T18:19:51.252+0500][gc          ] GC(2) Pause Remark 140M->140M(1024M) 1.992ms
[2024-11-20T18:19:51.252+0500][gc,cpu      ] GC(2) User=0.01s Sys=0.00s Real=0.00s
[2024-11-20T18:19:51.252+0500][gc,marking  ] GC(2) Concurrent Mark 6.089ms
[2024-11-20T18:19:51.252+0500][gc,marking  ] GC(2) Concurrent Rebuild Remembered Sets
[2024-11-20T18:19:51.256+0500][gc,marking  ] GC(2) Concurrent Rebuild Remembered Sets 3.256ms
[2024-11-20T18:19:51.256+0500][gc,start    ] GC(2) Pause Cleanup
[2024-11-20T18:19:51.256+0500][gc          ] GC(2) Pause Cleanup 140M->140M(1024M) 0.222ms
[2024-11-20T18:19:51.256+0500][gc,cpu      ] GC(2) User=0.00s Sys=0.00s Real=0.00s
[2024-11-20T18:19:51.256+0500][gc,marking  ] GC(2) Concurrent Cleanup for Next Mark
[2024-11-20T18:19:51.263+0500][gc,marking  ] GC(2) Concurrent Cleanup for Next Mark 6.758ms
[2024-11-20T18:19:51.263+0500][gc          ] GC(2) Concurrent Mark Cycle 19.890ms
[2024-11-20T18:19:52.164+0500][gc,start    ] GC(3) Pause Young (Normal) (G1 Evacuation Pause)
[2024-11-20T18:19:52.164+0500][gc,task     ] GC(3) Using 8 workers of 8 for evacuation
[2024-11-20T18:19:52.170+0500][gc,phases   ] GC(3)   Pre Evacuate Collection Set: 0.1ms
[2024-11-20T18:19:52.170+0500][gc,phases   ] GC(3)   Merge Heap Roots: 0.1ms
[2024-11-20T18:19:52.170+0500][gc,phases   ] GC(3)   Evacuate Collection Set: 5.2ms
[2024-11-20T18:19:52.170+0500][gc,phases   ] GC(3)   Post Evacuate Collection Set: 0.6ms
[2024-11-20T18:19:52.170+0500][gc,phases   ] GC(3)   Other: 0.1ms
[2024-11-20T18:19:52.170+0500][gc,heap     ] GC(3) Eden regions: 49->0(44)
[2024-11-20T18:19:52.170+0500][gc,heap     ] GC(3) Survivor regions: 2->7(7)
[2024-11-20T18:19:52.170+0500][gc,heap     ] GC(3) Old regions: 8->8
[2024-11-20T18:19:52.170+0500][gc,heap     ] GC(3) Archive regions: 2->2
[2024-11-20T18:19:52.170+0500][gc,heap     ] GC(3) Humongous regions: 129->129
[2024-11-20T18:19:52.170+0500][gc,metaspace] GC(3) Metaspace: 32628K(32960K)->32628K(32960K) NonClass: 29011K(29184K)->29011K(29184K) Class: 3616K(3776K)->3616K(3776K)
[2024-11-20T18:19:52.170+0500][gc          ] GC(3) Pause Young (Normal) (G1 Evacuation Pause) 188M->144M(1024M) 6.267ms
[2024-11-20T18:19:52.170+0500][gc,cpu      ] GC(3) User=0.04s Sys=0.00s Real=0.01s
[2024-11-20T18:20:21.107+0500][gc,start    ] GC(4) Pause Young (Concurrent Start) (Metadata GC Threshold)
[2024-11-20T18:20:21.107+0500][gc,task     ] GC(4) Using 8 workers of 8 for evacuation
[2024-11-20T18:20:21.118+0500][gc,phases   ] GC(4)   Pre Evacuate Collection Set: 0.2ms
[2024-11-20T18:20:21.118+0500][gc,phases   ] GC(4)   Merge Heap Roots: 0.1ms
[2024-11-20T18:20:21.118+0500][gc,phases   ] GC(4)   Evacuate Collection Set: 9.1ms
[2024-11-20T18:20:21.118+0500][gc,phases   ] GC(4)   Post Evacuate Collection Set: 0.9ms
[2024-11-20T18:20:21.118+0500][gc,phases   ] GC(4)   Other: 0.4ms
[2024-11-20T18:20:21.118+0500][gc,heap     ] GC(4) Eden regions: 15->0(49)
[2024-11-20T18:20:21.118+0500][gc,heap     ] GC(4) Survivor regions: 7->2(7)
[2024-11-20T18:20:21.118+0500][gc,heap     ] GC(4) Old regions: 8->15
[2024-11-20T18:20:21.118+0500][gc,heap     ] GC(4) Archive regions: 2->2
[2024-11-20T18:20:21.118+0500][gc,heap     ] GC(4) Humongous regions: 129->129
[2024-11-20T18:20:21.118+0500][gc,metaspace] GC(4) Metaspace: 35922K(36160K)->35922K(36160K) NonClass: 31933K(32064K)->31933K(32064K) Class: 3988K(4096K)->3988K(4096K)
[2024-11-20T18:20:21.118+0500][gc          ] GC(4) Pause Young (Concurrent Start) (Metadata GC Threshold) 158M->145M(1024M) 11.180ms
[2024-11-20T18:20:21.118+0500][gc,cpu      ] GC(4) User=0.06s Sys=0.02s Real=0.01s
[2024-11-20T18:20:21.118+0500][gc          ] GC(5) Concurrent Mark Cycle
[2024-11-20T18:20:21.118+0500][gc,marking  ] GC(5) Concurrent Clear Claimed Marks
[2024-11-20T18:20:21.118+0500][gc,marking  ] GC(5) Concurrent Clear Claimed Marks 0.046ms
[2024-11-20T18:20:21.118+0500][gc,marking  ] GC(5) Concurrent Scan Root Regions
[2024-11-20T18:20:21.124+0500][gc,marking  ] GC(5) Concurrent Scan Root Regions 5.368ms
[2024-11-20T18:20:21.124+0500][gc,marking  ] GC(5) Concurrent Mark
[2024-11-20T18:20:21.124+0500][gc,marking  ] GC(5) Concurrent Mark From Roots
[2024-11-20T18:20:21.124+0500][gc,task     ] GC(5) Using 2 workers of 2 for marking
[2024-11-20T18:20:21.135+0500][gc,marking  ] GC(5) Concurrent Mark From Roots 11.169ms
[2024-11-20T18:20:21.135+0500][gc,marking  ] GC(5) Concurrent Preclean
[2024-11-20T18:20:21.135+0500][gc,marking  ] GC(5) Concurrent Preclean 0.359ms
[2024-11-20T18:20:21.135+0500][gc,start    ] GC(5) Pause Remark
[2024-11-20T18:20:21.137+0500][gc          ] GC(5) Pause Remark 146M->146M(1024M) 1.975ms
[2024-11-20T18:20:21.138+0500][gc,cpu      ] GC(5) User=0.01s Sys=0.00s Real=0.00s
[2024-11-20T18:20:21.138+0500][gc,marking  ] GC(5) Concurrent Mark 14.001ms
[2024-11-20T18:20:21.138+0500][gc,marking  ] GC(5) Concurrent Rebuild Remembered Sets
[2024-11-20T18:20:21.148+0500][gc,marking  ] GC(5) Concurrent Rebuild Remembered Sets 9.955ms
[2024-11-20T18:20:21.148+0500][gc,start    ] GC(5) Pause Cleanup
[2024-11-20T18:20:21.148+0500][gc          ] GC(5) Pause Cleanup 146M->146M(1024M) 0.394ms
[2024-11-20T18:20:21.148+0500][gc,cpu      ] GC(5) User=0.00s Sys=0.00s Real=0.00s
[2024-11-20T18:20:21.148+0500][gc,marking  ] GC(5) Concurrent Cleanup for Next Mark
[2024-11-20T18:20:21.156+0500][gc,marking  ] GC(5) Concurrent Cleanup for Next Mark 7.635ms
[2024-11-20T18:20:21.156+0500][gc          ] GC(5) Concurrent Mark Cycle 38.064ms
[2024-11-20T18:22:47.315+0500][gc,heap,exit] Heap
[2024-11-20T18:22:47.315+0500][gc,heap,exit]  garbage-first heap   total 1048576K, used 186516K [0x00000000c0000000, 0x0000000100000000)
[2024-11-20T18:22:47.315+0500][gc,heap,exit]   region size 1024K, 39 young (39936K), 2 survivors (2048K)
[2024-11-20T18:22:47.315+0500][gc,heap,exit]  Metaspace       used 41001K, committed 41536K, reserved 1114112K
[2024-11-20T18:22:47.315+0500][gc,heap,exit]   class space    used 4796K, committed 5056K, reserved 1048576K
