[2024-11-20T18:19:57.790+0500][gc] Using G1
[2024-11-20T18:19:57.808+0500][gc,init] Version: 17.0.13+11-Ubuntu-2ubuntu124.04 (release)
[2024-11-20T18:19:57.808+0500][gc,init] CPUs: 8 total, 8 available
[2024-11-20T18:19:57.808+0500][gc,init] Memory: 7835M
[2024-11-20T18:19:57.808+0500][gc,init] Large Page Support: Disabled
[2024-11-20T18:19:57.808+0500][gc,init] NUMA Support: Disabled
[2024-11-20T18:19:57.808+0500][gc,init] Compressed Oops: Enabled (32-bit)
[2024-11-20T18:19:57.808+0500][gc,init] Heap Region Size: 1M
[2024-11-20T18:19:57.808+0500][gc,init] Heap Min Capacity: 1G
[2024-11-20T18:19:57.808+0500][gc,init] Heap Initial Capacity: 1G
[2024-11-20T18:19:57.808+0500][gc,init] Heap Max Capacity: 1G
[2024-11-20T18:19:57.808+0500][gc,init] Pre-touch: Disabled
[2024-11-20T18:19:57.808+0500][gc,init] Parallel Workers: 8
[2024-11-20T18:19:57.808+0500][gc,init] Concurrent Workers: 2
[2024-11-20T18:19:57.808+0500][gc,init] Concurrent Refinement Workers: 8
[2024-11-20T18:19:57.808+0500][gc,init] Periodic GC: Disabled
[2024-11-20T18:19:57.818+0500][gc,metaspace] CDS archive(s) mapped at: [0x00007d0063000000-0x00007d0063bc9000-0x00007d0063bc9000), size 12357632, SharedBaseAddress: 0x00007d0063000000, ArchiveRelocationMode: 1.
[2024-11-20T18:19:57.818+0500][gc,metaspace] Compressed class space mapped at: 0x00007d0064000000-0x00007d00a4000000, reserved size: 1073741824
[2024-11-20T18:19:57.818+0500][gc,metaspace] Narrow klass base: 0x00007d0063000000, Narrow klass shift: 0, Narrow klass range: 0x100000000
[2024-11-20T18:19:59.408+0500][gc,start    ] GC(0) Pause Young (Normal) (G1 Evacuation Pause)
[2024-11-20T18:19:59.411+0500][gc,task     ] GC(0) Using 8 workers of 8 for evacuation
[2024-11-20T18:19:59.416+0500][gc,phases   ] GC(0)   Pre Evacuate Collection Set: 0.1ms
[2024-11-20T18:19:59.416+0500][gc,phases   ] GC(0)   Merge Heap Roots: 0.1ms
[2024-11-20T18:19:59.416+0500][gc,phases   ] GC(0)   Evacuate Collection Set: 4.1ms
[2024-11-20T18:19:59.416+0500][gc,phases   ] GC(0)   Post Evacuate Collection Set: 0.8ms
[2024-11-20T18:19:59.416+0500][gc,phases   ] GC(0)   Other: 2.5ms
[2024-11-20T18:19:59.416+0500][gc,heap     ] GC(0) Eden regions: 51->0(44)
[2024-11-20T18:19:59.416+0500][gc,heap     ] GC(0) Survivor regions: 0->7(7)
[2024-11-20T18:19:59.416+0500][gc,heap     ] GC(0) Old regions: 0->2
[2024-11-20T18:19:59.416+0500][gc,heap     ] GC(0) Archive regions: 2->2
[2024-11-20T18:19:59.416+0500][gc,heap     ] GC(0) Humongous regions: 0->0
[2024-11-20T18:19:59.416+0500][gc,metaspace] GC(0) Metaspace: 17806K(18048K)->17806K(18048K) NonClass: 15652K(15744K)->15652K(15744K) Class: 2154K(2304K)->2154K(2304K)
[2024-11-20T18:19:59.416+0500][gc          ] GC(0) Pause Young (Normal) (G1 Evacuation Pause) 51M->9M(1024M) 7.662ms
[2024-11-20T18:19:59.416+0500][gc,cpu      ] GC(0) User=0.02s Sys=0.01s Real=0.01s
[2024-11-20T18:19:59.882+0500][gc,start    ] GC(1) Pause Young (Concurrent Start) (GCLocker Initiated GC)
[2024-11-20T18:19:59.882+0500][gc,task     ] GC(1) Using 8 workers of 8 for evacuation
[2024-11-20T18:19:59.888+0500][gc,phases   ] GC(1)   Pre Evacuate Collection Set: 0.2ms
[2024-11-20T18:19:59.888+0500][gc,phases   ] GC(1)   Merge Heap Roots: 0.1ms
[2024-11-20T18:19:59.888+0500][gc,phases   ] GC(1)   Evacuate Collection Set: 5.0ms
[2024-11-20T18:19:59.888+0500][gc,phases   ] GC(1)   Post Evacuate Collection Set: 0.6ms
[2024-11-20T18:19:59.888+0500][gc,phases   ] GC(1)   Other: 0.4ms
[2024-11-20T18:19:59.888+0500][gc,heap     ] GC(1) Eden regions: 15->0(49)
[2024-11-20T18:19:59.888+0500][gc,heap     ] GC(1) Survivor regions: 7->2(7)
[2024-11-20T18:19:59.888+0500][gc,heap     ] GC(1) Old regions: 2->8
[2024-11-20T18:19:59.888+0500][gc,heap     ] GC(1) Archive regions: 2->2
[2024-11-20T18:19:59.888+0500][gc,heap     ] GC(1) Humongous regions: 129->129
[2024-11-20T18:19:59.888+0500][gc,metaspace] GC(1) Metaspace: 21344K(21568K)->21344K(21568K) NonClass: 18771K(18880K)->18771K(18880K) Class: 2573K(2688K)->2573K(2688K)
[2024-11-20T18:19:59.888+0500][gc          ] GC(1) Pause Young (Concurrent Start) (GCLocker Initiated GC) 153M->139M(1024M) 6.504ms
[2024-11-20T18:19:59.889+0500][gc,cpu      ] GC(1) User=0.04s Sys=0.01s Real=0.00s
[2024-11-20T18:19:59.889+0500][gc          ] GC(2) Concurrent Mark Cycle
[2024-11-20T18:19:59.889+0500][gc,marking  ] GC(2) Concurrent Clear Claimed Marks
[2024-11-20T18:19:59.889+0500][gc,marking  ] GC(2) Concurrent Clear Claimed Marks 0.025ms
[2024-11-20T18:19:59.889+0500][gc,marking  ] GC(2) Concurrent Scan Root Regions
[2024-11-20T18:19:59.892+0500][gc,marking  ] GC(2) Concurrent Scan Root Regions 2.829ms
[2024-11-20T18:19:59.892+0500][gc,marking  ] GC(2) Concurrent Mark
[2024-11-20T18:19:59.892+0500][gc,marking  ] GC(2) Concurrent Mark From Roots
[2024-11-20T18:19:59.892+0500][gc,task     ] GC(2) Using 2 workers of 2 for marking
[2024-11-20T18:19:59.895+0500][gc,marking  ] GC(2) Concurrent Mark From Roots 3.099ms
[2024-11-20T18:19:59.895+0500][gc,marking  ] GC(2) Concurrent Preclean
[2024-11-20T18:19:59.895+0500][gc,marking  ] GC(2) Concurrent Preclean 0.173ms
[2024-11-20T18:19:59.895+0500][gc,start    ] GC(2) Pause Remark
[2024-11-20T18:19:59.897+0500][gc          ] GC(2) Pause Remark 140M->140M(1024M) 1.922ms
[2024-11-20T18:19:59.897+0500][gc,cpu      ] GC(2) User=0.01s Sys=0.00s Real=0.00s
[2024-11-20T18:19:59.897+0500][gc,marking  ] GC(2) Concurrent Mark 5.503ms
[2024-11-20T18:19:59.897+0500][gc,marking  ] GC(2) Concurrent Rebuild Remembered Sets
[2024-11-20T18:19:59.900+0500][gc,marking  ] GC(2) Concurrent Rebuild Remembered Sets 2.981ms
[2024-11-20T18:19:59.900+0500][gc,start    ] GC(2) Pause Cleanup
[2024-11-20T18:19:59.900+0500][gc          ] GC(2) Pause Cleanup 140M->140M(1024M) 0.207ms
[2024-11-20T18:19:59.901+0500][gc,cpu      ] GC(2) User=0.00s Sys=0.00s Real=0.00s
[2024-11-20T18:19:59.901+0500][gc,marking  ] GC(2) Concurrent Cleanup for Next Mark
[2024-11-20T18:19:59.907+0500][gc,marking  ] GC(2) Concurrent Cleanup for Next Mark 6.566ms
[2024-11-20T18:19:59.907+0500][gc          ] GC(2) Concurrent Mark Cycle 18.577ms
[2024-11-20T18:20:00.764+0500][gc,start    ] GC(3) Pause Young (Normal) (G1 Evacuation Pause)
[2024-11-20T18:20:00.764+0500][gc,task     ] GC(3) Using 8 workers of 8 for evacuation
[2024-11-20T18:20:00.769+0500][gc,phases   ] GC(3)   Pre Evacuate Collection Set: 0.1ms
[2024-11-20T18:20:00.769+0500][gc,phases   ] GC(3)   Merge Heap Roots: 0.1ms
[2024-11-20T18:20:00.769+0500][gc,phases   ] GC(3)   Evacuate Collection Set: 4.5ms
[2024-11-20T18:20:00.769+0500][gc,phases   ] GC(3)   Post Evacuate Collection Set: 0.7ms
[2024-11-20T18:20:00.769+0500][gc,phases   ] GC(3)   Other: 0.2ms
[2024-11-20T18:20:00.769+0500][gc,heap     ] GC(3) Eden regions: 49->0(44)
[2024-11-20T18:20:00.770+0500][gc,heap     ] GC(3) Survivor regions: 2->7(7)
[2024-11-20T18:20:00.770+0500][gc,heap     ] GC(3) Old regions: 8->8
[2024-11-20T18:20:00.770+0500][gc,heap     ] GC(3) Archive regions: 2->2
[2024-11-20T18:20:00.770+0500][gc,heap     ] GC(3) Humongous regions: 129->129
[2024-11-20T18:20:00.770+0500][gc,metaspace] GC(3) Metaspace: 32621K(32896K)->32621K(32896K) NonClass: 29004K(29120K)->29004K(29120K) Class: 3616K(3776K)->3616K(3776K)
[2024-11-20T18:20:00.770+0500][gc          ] GC(3) Pause Young (Normal) (G1 Evacuation Pause) 188M->144M(1024M) 5.936ms
[2024-11-20T18:20:00.770+0500][gc,cpu      ] GC(3) User=0.03s Sys=0.01s Real=0.01s
[2024-11-20T18:20:27.357+0500][gc,start    ] GC(4) Pause Young (Concurrent Start) (Metadata GC Threshold)
[2024-11-20T18:20:27.357+0500][gc,task     ] GC(4) Using 8 workers of 8 for evacuation
[2024-11-20T18:20:27.370+0500][gc,phases   ] GC(4)   Pre Evacuate Collection Set: 0.4ms
[2024-11-20T18:20:27.370+0500][gc,phases   ] GC(4)   Merge Heap Roots: 0.1ms
[2024-11-20T18:20:27.370+0500][gc,phases   ] GC(4)   Evacuate Collection Set: 11.1ms
[2024-11-20T18:20:27.370+0500][gc,phases   ] GC(4)   Post Evacuate Collection Set: 1.0ms
[2024-11-20T18:20:27.370+0500][gc,phases   ] GC(4)   Other: 0.4ms
[2024-11-20T18:20:27.371+0500][gc,heap     ] GC(4) Eden regions: 15->0(50)
[2024-11-20T18:20:27.371+0500][gc,heap     ] GC(4) Survivor regions: 7->1(7)
[2024-11-20T18:20:27.371+0500][gc,heap     ] GC(4) Old regions: 8->14
[2024-11-20T18:20:27.371+0500][gc,heap     ] GC(4) Archive regions: 2->2
[2024-11-20T18:20:27.371+0500][gc,heap     ] GC(4) Humongous regions: 129->129
[2024-11-20T18:20:27.371+0500][gc,metaspace] GC(4) Metaspace: 35893K(36096K)->35893K(36096K) NonClass: 31909K(32000K)->31909K(32000K) Class: 3984K(4096K)->3984K(4096K)
[2024-11-20T18:20:27.371+0500][gc          ] GC(4) Pause Young (Concurrent Start) (Metadata GC Threshold) 158M->144M(1024M) 13.365ms
[2024-11-20T18:20:27.371+0500][gc,cpu      ] GC(4) User=0.06s Sys=0.02s Real=0.02s
[2024-11-20T18:20:27.371+0500][gc          ] GC(5) Concurrent Mark Cycle
[2024-11-20T18:20:27.371+0500][gc,marking  ] GC(5) Concurrent Clear Claimed Marks
[2024-11-20T18:20:27.371+0500][gc,marking  ] GC(5) Concurrent Clear Claimed Marks 0.025ms
[2024-11-20T18:20:27.371+0500][gc,marking  ] GC(5) Concurrent Scan Root Regions
[2024-11-20T18:20:27.375+0500][gc,marking  ] GC(5) Concurrent Scan Root Regions 3.995ms
[2024-11-20T18:20:27.375+0500][gc,marking  ] GC(5) Concurrent Mark
[2024-11-20T18:20:27.375+0500][gc,marking  ] GC(5) Concurrent Mark From Roots
[2024-11-20T18:20:27.375+0500][gc,task     ] GC(5) Using 2 workers of 2 for marking
[2024-11-20T18:20:27.383+0500][gc,marking  ] GC(5) Concurrent Mark From Roots 8.338ms
[2024-11-20T18:20:27.383+0500][gc,marking  ] GC(5) Concurrent Preclean
[2024-11-20T18:20:27.384+0500][gc,marking  ] GC(5) Concurrent Preclean 0.369ms
[2024-11-20T18:20:27.384+0500][gc,start    ] GC(5) Pause Remark
[2024-11-20T18:20:27.386+0500][gc          ] GC(5) Pause Remark 144M->144M(1024M) 2.189ms
[2024-11-20T18:20:27.386+0500][gc,cpu      ] GC(5) User=0.00s Sys=0.00s Real=0.00s
[2024-11-20T18:20:27.386+0500][gc,marking  ] GC(5) Concurrent Mark 11.366ms
[2024-11-20T18:20:27.386+0500][gc,marking  ] GC(5) Concurrent Rebuild Remembered Sets
[2024-11-20T18:20:27.386+0500][gc,marking  ] GC(5) Concurrent Rebuild Remembered Sets 0.016ms
[2024-11-20T18:20:27.386+0500][gc,start    ] GC(5) Pause Cleanup
[2024-11-20T18:20:27.387+0500][gc          ] GC(5) Pause Cleanup 144M->144M(1024M) 0.032ms
[2024-11-20T18:20:27.387+0500][gc,cpu      ] GC(5) User=0.00s Sys=0.00s Real=0.00s
[2024-11-20T18:20:27.387+0500][gc,marking  ] GC(5) Concurrent Cleanup for Next Mark
[2024-11-20T18:20:27.395+0500][gc,marking  ] GC(5) Concurrent Cleanup for Next Mark 8.483ms
[2024-11-20T18:20:27.395+0500][gc          ] GC(5) Concurrent Mark Cycle 24.465ms
[2024-11-20T18:22:46.827+0500][gc,heap,exit] Heap
[2024-11-20T18:22:46.827+0500][gc,heap,exit]  garbage-first heap   total 1048576K, used 184573K [0x00000000c0000000, 0x0000000100000000)
[2024-11-20T18:22:46.827+0500][gc,heap,exit]   region size 1024K, 37 young (37888K), 1 survivors (1024K)
[2024-11-20T18:22:46.827+0500][gc,heap,exit]  Metaspace       used 40743K, committed 41216K, reserved 1114112K
[2024-11-20T18:22:46.827+0500][gc,heap,exit]   class space    used 4733K, committed 4928K, reserved 1048576K
