[2024-11-20T18:30:59.150+0500][gc] Using G1
[2024-11-20T18:30:59.165+0500][gc,init] Version: 17.0.13+11-Ubuntu-2ubuntu124.04 (release)
[2024-11-20T18:30:59.166+0500][gc,init] CPUs: 8 total, 8 available
[2024-11-20T18:30:59.166+0500][gc,init] Memory: 7835M
[2024-11-20T18:30:59.166+0500][gc,init] Large Page Support: Disabled
[2024-11-20T18:30:59.166+0500][gc,init] NUMA Support: Disabled
[2024-11-20T18:30:59.166+0500][gc,init] Compressed Oops: Enabled (32-bit)
[2024-11-20T18:30:59.166+0500][gc,init] Heap Region Size: 1M
[2024-11-20T18:30:59.166+0500][gc,init] Heap Min Capacity: 1G
[2024-11-20T18:30:59.166+0500][gc,init] Heap Initial Capacity: 1G
[2024-11-20T18:30:59.166+0500][gc,init] Heap Max Capacity: 1G
[2024-11-20T18:30:59.166+0500][gc,init] Pre-touch: Disabled
[2024-11-20T18:30:59.166+0500][gc,init] Parallel Workers: 8
[2024-11-20T18:30:59.166+0500][gc,init] Concurrent Workers: 2
[2024-11-20T18:30:59.166+0500][gc,init] Concurrent Refinement Workers: 8
[2024-11-20T18:30:59.166+0500][gc,init] Periodic GC: Disabled
[2024-11-20T18:30:59.176+0500][gc,metaspace] CDS archive(s) mapped at: [0x00007cd897000000-0x00007cd897bc9000-0x00007cd897bc9000), size 12357632, SharedBaseAddress: 0x00007cd897000000, ArchiveRelocationMode: 1.
[2024-11-20T18:30:59.176+0500][gc,metaspace] Compressed class space mapped at: 0x00007cd898000000-0x00007cd8d8000000, reserved size: 1073741824
[2024-11-20T18:30:59.176+0500][gc,metaspace] Narrow klass base: 0x00007cd897000000, Narrow klass shift: 0, Narrow klass range: 0x100000000
[2024-11-20T18:31:01.013+0500][gc,start    ] GC(0) Pause Young (Normal) (G1 Evacuation Pause)
[2024-11-20T18:31:01.015+0500][gc,task     ] GC(0) Using 8 workers of 8 for evacuation
[2024-11-20T18:31:01.020+0500][gc,phases   ] GC(0)   Pre Evacuate Collection Set: 0.2ms
[2024-11-20T18:31:01.020+0500][gc,phases   ] GC(0)   Merge Heap Roots: 0.2ms
[2024-11-20T18:31:01.021+0500][gc,phases   ] GC(0)   Evacuate Collection Set: 3.8ms
[2024-11-20T18:31:01.021+0500][gc,phases   ] GC(0)   Post Evacuate Collection Set: 0.7ms
[2024-11-20T18:31:01.021+0500][gc,phases   ] GC(0)   Other: 2.4ms
[2024-11-20T18:31:01.021+0500][gc,heap     ] GC(0) Eden regions: 51->0(44)
[2024-11-20T18:31:01.021+0500][gc,heap     ] GC(0) Survivor regions: 0->7(7)
[2024-11-20T18:31:01.021+0500][gc,heap     ] GC(0) Old regions: 0->2
[2024-11-20T18:31:01.021+0500][gc,heap     ] GC(0) Archive regions: 2->2
[2024-11-20T18:31:01.021+0500][gc,heap     ] GC(0) Humongous regions: 0->0
[2024-11-20T18:31:01.021+0500][gc,metaspace] GC(0) Metaspace: 17800K(18048K)->17800K(18048K) NonClass: 15645K(15744K)->15645K(15744K) Class: 2154K(2304K)->2154K(2304K)
[2024-11-20T18:31:01.021+0500][gc          ] GC(0) Pause Young (Normal) (G1 Evacuation Pause) 51M->9M(1024M) 7.525ms
[2024-11-20T18:31:01.021+0500][gc,cpu      ] GC(0) User=0.02s Sys=0.01s Real=0.01s
[2024-11-20T18:31:01.328+0500][gc,start    ] GC(1) Pause Young (Concurrent Start) (Metadata GC Threshold)
[2024-11-20T18:31:01.328+0500][gc,task     ] GC(1) Using 8 workers of 8 for evacuation
[2024-11-20T18:31:01.334+0500][gc,phases   ] GC(1)   Pre Evacuate Collection Set: 0.2ms
[2024-11-20T18:31:01.334+0500][gc,phases   ] GC(1)   Merge Heap Roots: 0.1ms
[2024-11-20T18:31:01.334+0500][gc,phases   ] GC(1)   Evacuate Collection Set: 4.7ms
[2024-11-20T18:31:01.334+0500][gc,phases   ] GC(1)   Post Evacuate Collection Set: 0.6ms
[2024-11-20T18:31:01.334+0500][gc,phases   ] GC(1)   Other: 0.5ms
[2024-11-20T18:31:01.334+0500][gc,heap     ] GC(1) Eden regions: 14->0(50)
[2024-11-20T18:31:01.334+0500][gc,heap     ] GC(1) Survivor regions: 7->1(7)
[2024-11-20T18:31:01.334+0500][gc,heap     ] GC(1) Old regions: 2->8
[2024-11-20T18:31:01.334+0500][gc,heap     ] GC(1) Archive regions: 2->2
[2024-11-20T18:31:01.334+0500][gc,heap     ] GC(1) Humongous regions: 0->0
[2024-11-20T18:31:01.334+0500][gc,metaspace] GC(1) Metaspace: 21344K(21504K)->21344K(21504K) NonClass: 18738K(18816K)->18738K(18816K) Class: 2605K(2688K)->2605K(2688K)
[2024-11-20T18:31:01.334+0500][gc          ] GC(1) Pause Young (Concurrent Start) (Metadata GC Threshold) 22M->9M(1024M) 6.324ms
[2024-11-20T18:31:01.334+0500][gc,cpu      ] GC(1) User=0.03s Sys=0.00s Real=0.01s
[2024-11-20T18:31:01.334+0500][gc          ] GC(2) Concurrent Mark Cycle
[2024-11-20T18:31:01.334+0500][gc,marking  ] GC(2) Concurrent Clear Claimed Marks
[2024-11-20T18:31:01.334+0500][gc,marking  ] GC(2) Concurrent Clear Claimed Marks 0.023ms
[2024-11-20T18:31:01.334+0500][gc,marking  ] GC(2) Concurrent Scan Root Regions
[2024-11-20T18:31:01.337+0500][gc,marking  ] GC(2) Concurrent Scan Root Regions 3.357ms
[2024-11-20T18:31:01.337+0500][gc,marking  ] GC(2) Concurrent Mark
[2024-11-20T18:31:01.337+0500][gc,marking  ] GC(2) Concurrent Mark From Roots
[2024-11-20T18:31:01.337+0500][gc,task     ] GC(2) Using 2 workers of 2 for marking
[2024-11-20T18:31:01.341+0500][gc,marking  ] GC(2) Concurrent Mark From Roots 3.225ms
[2024-11-20T18:31:01.341+0500][gc,marking  ] GC(2) Concurrent Preclean
[2024-11-20T18:31:01.341+0500][gc,marking  ] GC(2) Concurrent Preclean 0.179ms
[2024-11-20T18:31:01.341+0500][gc,start    ] GC(2) Pause Remark
[2024-11-20T18:31:01.344+0500][gc          ] GC(2) Pause Remark 9M->9M(1024M) 2.302ms
[2024-11-20T18:31:01.344+0500][gc,cpu      ] GC(2) User=0.00s Sys=0.01s Real=0.00s
[2024-11-20T18:31:01.344+0500][gc,marking  ] GC(2) Concurrent Mark 6.202ms
[2024-11-20T18:31:01.344+0500][gc,marking  ] GC(2) Concurrent Rebuild Remembered Sets
[2024-11-20T18:31:01.344+0500][gc,marking  ] GC(2) Concurrent Rebuild Remembered Sets 0.009ms
[2024-11-20T18:31:01.344+0500][gc,start    ] GC(2) Pause Cleanup
[2024-11-20T18:31:01.344+0500][gc          ] GC(2) Pause Cleanup 9M->9M(1024M) 0.026ms
[2024-11-20T18:31:01.344+0500][gc,cpu      ] GC(2) User=0.00s Sys=0.00s Real=0.00s
[2024-11-20T18:31:01.344+0500][gc,marking  ] GC(2) Concurrent Cleanup for Next Mark
[2024-11-20T18:31:01.352+0500][gc,marking  ] GC(2) Concurrent Cleanup for Next Mark 8.179ms
[2024-11-20T18:31:01.352+0500][gc          ] GC(2) Concurrent Mark Cycle 18.138ms
[2024-11-20T18:31:02.351+0500][gc,start    ] GC(3) Pause Young (Normal) (G1 Evacuation Pause)
[2024-11-20T18:31:02.351+0500][gc,task     ] GC(3) Using 8 workers of 8 for evacuation
[2024-11-20T18:31:02.357+0500][gc,phases   ] GC(3)   Pre Evacuate Collection Set: 0.2ms
[2024-11-20T18:31:02.357+0500][gc,phases   ] GC(3)   Merge Heap Roots: 0.1ms
[2024-11-20T18:31:02.357+0500][gc,phases   ] GC(3)   Evacuate Collection Set: 4.5ms
[2024-11-20T18:31:02.357+0500][gc,phases   ] GC(3)   Post Evacuate Collection Set: 0.7ms
[2024-11-20T18:31:02.357+0500][gc,phases   ] GC(3)   Other: 0.2ms
[2024-11-20T18:31:02.357+0500][gc,heap     ] GC(3) Eden regions: 50->0(45)
[2024-11-20T18:31:02.357+0500][gc,heap     ] GC(3) Survivor regions: 1->6(7)
[2024-11-20T18:31:02.357+0500][gc,heap     ] GC(3) Old regions: 8->8
[2024-11-20T18:31:02.357+0500][gc,heap     ] GC(3) Archive regions: 2->2
[2024-11-20T18:31:02.357+0500][gc,heap     ] GC(3) Humongous regions: 129->129
[2024-11-20T18:31:02.357+0500][gc,metaspace] GC(3) Metaspace: 32649K(32960K)->32649K(32960K) NonClass: 28980K(29120K)->28980K(29120K) Class: 3669K(3840K)->3669K(3840K)
[2024-11-20T18:31:02.357+0500][gc          ] GC(3) Pause Young (Normal) (G1 Evacuation Pause) 188M->143M(1024M) 5.801ms
[2024-11-20T18:31:02.357+0500][gc,cpu      ] GC(3) User=0.04s Sys=0.01s Real=0.00s
[2024-11-20T18:31:02.501+0500][gc,start    ] GC(4) Pause Young (Concurrent Start) (GCLocker Initiated GC)
[2024-11-20T18:31:02.501+0500][gc,task     ] GC(4) Using 8 workers of 8 for evacuation
[2024-11-20T18:31:02.509+0500][gc,phases   ] GC(4)   Pre Evacuate Collection Set: 0.2ms
[2024-11-20T18:31:02.509+0500][gc,phases   ] GC(4)   Merge Heap Roots: 0.1ms
[2024-11-20T18:31:02.509+0500][gc,phases   ] GC(4)   Evacuate Collection Set: 7.2ms
[2024-11-20T18:31:02.509+0500][gc,phases   ] GC(4)   Post Evacuate Collection Set: 0.7ms
[2024-11-20T18:31:02.509+0500][gc,phases   ] GC(4)   Other: 0.2ms
[2024-11-20T18:31:02.509+0500][gc,heap     ] GC(4) Eden regions: 14->0(49)
[2024-11-20T18:31:02.509+0500][gc,heap     ] GC(4) Survivor regions: 6->2(7)
[2024-11-20T18:31:02.509+0500][gc,heap     ] GC(4) Old regions: 8->14
[2024-11-20T18:31:02.509+0500][gc,heap     ] GC(4) Archive regions: 2->2
[2024-11-20T18:31:02.509+0500][gc,heap     ] GC(4) Humongous regions: 129->129
[2024-11-20T18:31:02.509+0500][gc,metaspace] GC(4) Metaspace: 35697K(36032K)->35697K(36032K) NonClass: 31661K(31808K)->31661K(31808K) Class: 4036K(4224K)->4036K(4224K)
[2024-11-20T18:31:02.509+0500][gc          ] GC(4) Pause Young (Concurrent Start) (GCLocker Initiated GC) 156M->144M(1024M) 8.517ms
[2024-11-20T18:31:02.509+0500][gc,cpu      ] GC(4) User=0.05s Sys=0.00s Real=0.00s
[2024-11-20T18:31:02.509+0500][gc          ] GC(5) Concurrent Mark Cycle
[2024-11-20T18:31:02.509+0500][gc,marking  ] GC(5) Concurrent Clear Claimed Marks
[2024-11-20T18:31:02.509+0500][gc,marking  ] GC(5) Concurrent Clear Claimed Marks 0.035ms
[2024-11-20T18:31:02.509+0500][gc,marking  ] GC(5) Concurrent Scan Root Regions
[2024-11-20T18:31:02.513+0500][gc,marking  ] GC(5) Concurrent Scan Root Regions 4.266ms
[2024-11-20T18:31:02.513+0500][gc,marking  ] GC(5) Concurrent Mark
[2024-11-20T18:31:02.514+0500][gc,marking  ] GC(5) Concurrent Mark From Roots
[2024-11-20T18:31:02.514+0500][gc,task     ] GC(5) Using 2 workers of 2 for marking
[2024-11-20T18:31:02.524+0500][gc,marking  ] GC(5) Concurrent Mark From Roots 10.370ms
[2024-11-20T18:31:02.524+0500][gc,marking  ] GC(5) Concurrent Preclean
[2024-11-20T18:31:02.524+0500][gc,marking  ] GC(5) Concurrent Preclean 0.331ms
[2024-11-20T18:31:02.525+0500][gc,start    ] GC(5) Pause Remark
[2024-11-20T18:31:02.526+0500][gc          ] GC(5) Pause Remark 146M->146M(1024M) 1.824ms
[2024-11-20T18:31:02.526+0500][gc,cpu      ] GC(5) User=0.01s Sys=0.00s Real=0.00s
[2024-11-20T18:31:02.526+0500][gc,marking  ] GC(5) Concurrent Mark 12.990ms
[2024-11-20T18:31:02.527+0500][gc,marking  ] GC(5) Concurrent Rebuild Remembered Sets
[2024-11-20T18:31:02.533+0500][gc,marking  ] GC(5) Concurrent Rebuild Remembered Sets 6.948ms
[2024-11-20T18:31:02.534+0500][gc,start    ] GC(5) Pause Cleanup
[2024-11-20T18:31:02.534+0500][gc          ] GC(5) Pause Cleanup 146M->146M(1024M) 0.196ms
[2024-11-20T18:31:02.534+0500][gc,cpu      ] GC(5) User=0.00s Sys=0.00s Real=0.00s
[2024-11-20T18:31:02.534+0500][gc,marking  ] GC(5) Concurrent Cleanup for Next Mark
[2024-11-20T18:31:02.542+0500][gc,marking  ] GC(5) Concurrent Cleanup for Next Mark 7.680ms
[2024-11-20T18:31:02.542+0500][gc          ] GC(5) Concurrent Mark Cycle 32.557ms
[2024-11-20T18:31:02.556+0500][gc,heap,exit] Heap
[2024-11-20T18:31:02.556+0500][gc,heap,exit]  garbage-first heap   total 1048576K, used 152405K [0x00000000c0000000, 0x0000000100000000)
[2024-11-20T18:31:02.556+0500][gc,heap,exit]   region size 1024K, 7 young (7168K), 2 survivors (2048K)
[2024-11-20T18:31:02.556+0500][gc,heap,exit]  Metaspace       used 36405K, committed 36736K, reserved 1114112K
[2024-11-20T18:31:02.556+0500][gc,heap,exit]   class space    used 4146K, committed 4288K, reserved 1048576K
