[2024-11-20T18:19:34.790+0500][gc] Using G1
[2024-11-20T18:19:34.806+0500][gc,init] Version: 17.0.13+11-Ubuntu-2ubuntu124.04 (release)
[2024-11-20T18:19:34.806+0500][gc,init] CPUs: 8 total, 8 available
[2024-11-20T18:19:34.806+0500][gc,init] Memory: 7835M
[2024-11-20T18:19:34.806+0500][gc,init] Large Page Support: Disabled
[2024-11-20T18:19:34.806+0500][gc,init] NUMA Support: Disabled
[2024-11-20T18:19:34.806+0500][gc,init] Compressed Oops: Enabled (32-bit)
[2024-11-20T18:19:34.806+0500][gc,init] Heap Region Size: 1M
[2024-11-20T18:19:34.806+0500][gc,init] Heap Min Capacity: 1G
[2024-11-20T18:19:34.806+0500][gc,init] Heap Initial Capacity: 1G
[2024-11-20T18:19:34.806+0500][gc,init] Heap Max Capacity: 1G
[2024-11-20T18:19:34.806+0500][gc,init] Pre-touch: Disabled
[2024-11-20T18:19:34.806+0500][gc,init] Parallel Workers: 8
[2024-11-20T18:19:34.806+0500][gc,init] Concurrent Workers: 2
[2024-11-20T18:19:34.806+0500][gc,init] Concurrent Refinement Workers: 8
[2024-11-20T18:19:34.806+0500][gc,init] Periodic GC: Disabled
[2024-11-20T18:19:34.815+0500][gc,metaspace] CDS archive(s) mapped at: [0x00007d6e5f000000-0x00007d6e5fbc9000-0x00007d6e5fbc9000), size 12357632, SharedBaseAddress: 0x00007d6e5f000000, ArchiveRelocationMode: 1.
[2024-11-20T18:19:34.815+0500][gc,metaspace] Compressed class space mapped at: 0x00007d6e60000000-0x00007d6ea0000000, reserved size: 1073741824
[2024-11-20T18:19:34.815+0500][gc,metaspace] Narrow klass base: 0x00007d6e5f000000, Narrow klass shift: 0, Narrow klass range: 0x100000000
[2024-11-20T18:19:36.886+0500][gc,start    ] GC(0) Pause Young (Normal) (G1 Evacuation Pause)
[2024-11-20T18:19:36.888+0500][gc,task     ] GC(0) Using 8 workers of 8 for evacuation
[2024-11-20T18:19:36.893+0500][gc,phases   ] GC(0)   Pre Evacuate Collection Set: 0.1ms
[2024-11-20T18:19:36.893+0500][gc,phases   ] GC(0)   Merge Heap Roots: 0.2ms
[2024-11-20T18:19:36.893+0500][gc,phases   ] GC(0)   Evacuate Collection Set: 3.8ms
[2024-11-20T18:19:36.893+0500][gc,phases   ] GC(0)   Post Evacuate Collection Set: 0.7ms
[2024-11-20T18:19:36.893+0500][gc,phases   ] GC(0)   Other: 2.4ms
[2024-11-20T18:19:36.893+0500][gc,heap     ] GC(0) Eden regions: 51->0(44)
[2024-11-20T18:19:36.893+0500][gc,heap     ] GC(0) Survivor regions: 0->7(7)
[2024-11-20T18:19:36.893+0500][gc,heap     ] GC(0) Old regions: 0->1
[2024-11-20T18:19:36.893+0500][gc,heap     ] GC(0) Archive regions: 2->2
[2024-11-20T18:19:36.893+0500][gc,heap     ] GC(0) Humongous regions: 0->0
[2024-11-20T18:19:36.893+0500][gc,metaspace] GC(0) Metaspace: 17822K(18048K)->17822K(18048K) NonClass: 15663K(15744K)->15663K(15744K) Class: 2158K(2304K)->2158K(2304K)
[2024-11-20T18:19:36.893+0500][gc          ] GC(0) Pause Young (Normal) (G1 Evacuation Pause) 51M->8M(1024M) 7.306ms
[2024-11-20T18:19:36.893+0500][gc,cpu      ] GC(0) User=0.02s Sys=0.01s Real=0.01s
[2024-11-20T18:19:37.523+0500][gc,start    ] GC(1) Pause Young (Concurrent Start) (Metadata GC Threshold)
[2024-11-20T18:19:37.523+0500][gc,task     ] GC(1) Using 8 workers of 8 for evacuation
[2024-11-20T18:19:37.531+0500][gc,phases   ] GC(1)   Pre Evacuate Collection Set: 0.2ms
[2024-11-20T18:19:37.531+0500][gc,phases   ] GC(1)   Merge Heap Roots: 0.1ms
[2024-11-20T18:19:37.531+0500][gc,phases   ] GC(1)   Evacuate Collection Set: 6.7ms
[2024-11-20T18:19:37.531+0500][gc,phases   ] GC(1)   Post Evacuate Collection Set: 0.8ms
[2024-11-20T18:19:37.531+0500][gc,phases   ] GC(1)   Other: 0.7ms
[2024-11-20T18:19:37.532+0500][gc,heap     ] GC(1) Eden regions: 15->0(48)
[2024-11-20T18:19:37.532+0500][gc,heap     ] GC(1) Survivor regions: 7->3(7)
[2024-11-20T18:19:37.532+0500][gc,heap     ] GC(1) Old regions: 1->9
[2024-11-20T18:19:37.532+0500][gc,heap     ] GC(1) Archive regions: 2->2
[2024-11-20T18:19:37.532+0500][gc,heap     ] GC(1) Humongous regions: 129->129
[2024-11-20T18:19:37.532+0500][gc,metaspace] GC(1) Metaspace: 21300K(21504K)->21300K(21504K) NonClass: 18722K(18816K)->18722K(18816K) Class: 2578K(2688K)->2578K(2688K)
[2024-11-20T18:19:37.532+0500][gc          ] GC(1) Pause Young (Concurrent Start) (Metadata GC Threshold) 152M->140M(1024M) 8.824ms
[2024-11-20T18:19:37.532+0500][gc,cpu      ] GC(1) User=0.03s Sys=0.01s Real=0.01s
[2024-11-20T18:19:37.532+0500][gc          ] GC(2) Concurrent Mark Cycle
[2024-11-20T18:19:37.532+0500][gc,marking  ] GC(2) Concurrent Clear Claimed Marks
[2024-11-20T18:19:37.532+0500][gc,marking  ] GC(2) Concurrent Clear Claimed Marks 0.035ms
[2024-11-20T18:19:37.532+0500][gc,marking  ] GC(2) Concurrent Scan Root Regions
[2024-11-20T18:19:37.535+0500][gc,marking  ] GC(2) Concurrent Scan Root Regions 3.256ms
[2024-11-20T18:19:37.535+0500][gc,marking  ] GC(2) Concurrent Mark
[2024-11-20T18:19:37.535+0500][gc,marking  ] GC(2) Concurrent Mark From Roots
[2024-11-20T18:19:37.535+0500][gc,task     ] GC(2) Using 2 workers of 2 for marking
[2024-11-20T18:19:37.538+0500][gc,marking  ] GC(2) Concurrent Mark From Roots 3.130ms
[2024-11-20T18:19:37.538+0500][gc,marking  ] GC(2) Concurrent Preclean
[2024-11-20T18:19:37.539+0500][gc,marking  ] GC(2) Concurrent Preclean 0.139ms
[2024-11-20T18:19:37.539+0500][gc,start    ] GC(2) Pause Remark
[2024-11-20T18:19:37.542+0500][gc          ] GC(2) Pause Remark 141M->141M(1024M) 2.325ms
[2024-11-20T18:19:37.542+0500][gc,cpu      ] GC(2) User=0.01s Sys=0.00s Real=0.01s
[2024-11-20T18:19:37.542+0500][gc,marking  ] GC(2) Concurrent Mark 6.433ms
[2024-11-20T18:19:37.542+0500][gc,marking  ] GC(2) Concurrent Rebuild Remembered Sets
[2024-11-20T18:19:37.545+0500][gc,marking  ] GC(2) Concurrent Rebuild Remembered Sets 3.390ms
[2024-11-20T18:19:37.546+0500][gc,start    ] GC(2) Pause Cleanup
[2024-11-20T18:19:37.546+0500][gc          ] GC(2) Pause Cleanup 141M->141M(1024M) 0.207ms
[2024-11-20T18:19:37.546+0500][gc,cpu      ] GC(2) User=0.00s Sys=0.00s Real=0.00s
[2024-11-20T18:19:37.546+0500][gc,marking  ] GC(2) Concurrent Cleanup for Next Mark
[2024-11-20T18:19:37.554+0500][gc,marking  ] GC(2) Concurrent Cleanup for Next Mark 7.657ms
[2024-11-20T18:19:37.554+0500][gc          ] GC(2) Concurrent Mark Cycle 21.734ms
[2024-11-20T18:19:38.376+0500][gc,start    ] GC(3) Pause Young (Normal) (G1 Evacuation Pause)
[2024-11-20T18:19:38.376+0500][gc,task     ] GC(3) Using 8 workers of 8 for evacuation
[2024-11-20T18:19:38.381+0500][gc,phases   ] GC(3)   Pre Evacuate Collection Set: 0.2ms
[2024-11-20T18:19:38.381+0500][gc,phases   ] GC(3)   Merge Heap Roots: 0.1ms
[2024-11-20T18:19:38.381+0500][gc,phases   ] GC(3)   Evacuate Collection Set: 4.7ms
[2024-11-20T18:19:38.381+0500][gc,phases   ] GC(3)   Post Evacuate Collection Set: 0.6ms
[2024-11-20T18:19:38.381+0500][gc,phases   ] GC(3)   Other: 0.2ms
[2024-11-20T18:19:38.381+0500][gc,heap     ] GC(3) Eden regions: 48->0(44)
[2024-11-20T18:19:38.381+0500][gc,heap     ] GC(3) Survivor regions: 3->7(7)
[2024-11-20T18:19:38.381+0500][gc,heap     ] GC(3) Old regions: 9->9
[2024-11-20T18:19:38.381+0500][gc,heap     ] GC(3) Archive regions: 2->2
[2024-11-20T18:19:38.381+0500][gc,heap     ] GC(3) Humongous regions: 129->129
[2024-11-20T18:19:38.381+0500][gc,metaspace] GC(3) Metaspace: 32364K(32640K)->32364K(32640K) NonClass: 28794K(28928K)->28794K(28928K) Class: 3570K(3712K)->3570K(3712K)
[2024-11-20T18:19:38.381+0500][gc          ] GC(3) Pause Young (Normal) (G1 Evacuation Pause) 188M->144M(1024M) 5.837ms
[2024-11-20T18:19:38.381+0500][gc,cpu      ] GC(3) User=0.04s Sys=0.00s Real=0.01s
[2024-11-20T18:19:38.644+0500][gc,start    ] GC(4) Pause Young (Concurrent Start) (Metadata GC Threshold)
[2024-11-20T18:19:38.644+0500][gc,task     ] GC(4) Using 8 workers of 8 for evacuation
[2024-11-20T18:19:38.650+0500][gc,phases   ] GC(4)   Pre Evacuate Collection Set: 0.1ms
[2024-11-20T18:19:38.650+0500][gc,phases   ] GC(4)   Merge Heap Roots: 0.1ms
[2024-11-20T18:19:38.650+0500][gc,phases   ] GC(4)   Evacuate Collection Set: 5.3ms
[2024-11-20T18:19:38.650+0500][gc,phases   ] GC(4)   Post Evacuate Collection Set: 0.4ms
[2024-11-20T18:19:38.650+0500][gc,phases   ] GC(4)   Other: 0.2ms
[2024-11-20T18:19:38.650+0500][gc,heap     ] GC(4) Eden regions: 15->0(49)
[2024-11-20T18:19:38.650+0500][gc,heap     ] GC(4) Survivor regions: 7->2(7)
[2024-11-20T18:19:38.650+0500][gc,heap     ] GC(4) Old regions: 9->15
[2024-11-20T18:19:38.650+0500][gc,heap     ] GC(4) Archive regions: 2->2
[2024-11-20T18:19:38.650+0500][gc,heap     ] GC(4) Humongous regions: 129->129
[2024-11-20T18:19:38.650+0500][gc,metaspace] GC(4) Metaspace: 35902K(36160K)->35902K(36160K) NonClass: 31865K(32000K)->31865K(32000K) Class: 4037K(4160K)->4037K(4160K)
[2024-11-20T18:19:38.650+0500][gc          ] GC(4) Pause Young (Concurrent Start) (Metadata GC Threshold) 159M->145M(1024M) 6.197ms
[2024-11-20T18:19:38.650+0500][gc,cpu      ] GC(4) User=0.04s Sys=0.01s Real=0.01s
[2024-11-20T18:19:38.650+0500][gc          ] GC(5) Concurrent Mark Cycle
[2024-11-20T18:19:38.650+0500][gc,marking  ] GC(5) Concurrent Clear Claimed Marks
[2024-11-20T18:19:38.650+0500][gc,marking  ] GC(5) Concurrent Clear Claimed Marks 0.024ms
[2024-11-20T18:19:38.650+0500][gc,marking  ] GC(5) Concurrent Scan Root Regions
[2024-11-20T18:19:38.653+0500][gc,marking  ] GC(5) Concurrent Scan Root Regions 2.809ms
[2024-11-20T18:19:38.653+0500][gc,marking  ] GC(5) Concurrent Mark
[2024-11-20T18:19:38.653+0500][gc,marking  ] GC(5) Concurrent Mark From Roots
[2024-11-20T18:19:38.653+0500][gc,task     ] GC(5) Using 2 workers of 2 for marking
[2024-11-20T18:19:38.660+0500][gc,marking  ] GC(5) Concurrent Mark From Roots 6.452ms
[2024-11-20T18:19:38.660+0500][gc,marking  ] GC(5) Concurrent Preclean
[2024-11-20T18:19:38.660+0500][gc,marking  ] GC(5) Concurrent Preclean 0.122ms
[2024-11-20T18:19:38.660+0500][gc,start    ] GC(5) Pause Remark
[2024-11-20T18:19:38.661+0500][gc          ] GC(5) Pause Remark 146M->146M(1024M) 1.394ms
[2024-11-20T18:19:38.661+0500][gc,cpu      ] GC(5) User=0.00s Sys=0.00s Real=0.00s
[2024-11-20T18:19:38.661+0500][gc,marking  ] GC(5) Concurrent Mark 8.238ms
[2024-11-20T18:19:38.661+0500][gc,marking  ] GC(5) Concurrent Rebuild Remembered Sets
[2024-11-20T18:19:38.667+0500][gc,marking  ] GC(5) Concurrent Rebuild Remembered Sets 5.879ms
[2024-11-20T18:19:38.685+0500][gc,start    ] GC(5) Pause Cleanup
[2024-11-20T18:19:38.686+0500][gc          ] GC(5) Pause Cleanup 146M->146M(1024M) 0.235ms
[2024-11-20T18:19:38.686+0500][gc,cpu      ] GC(5) User=0.00s Sys=0.00s Real=0.00s
[2024-11-20T18:19:38.686+0500][gc,marking  ] GC(5) Concurrent Cleanup for Next Mark
[2024-11-20T18:19:38.692+0500][gc,marking  ] GC(5) Concurrent Cleanup for Next Mark 5.968ms
[2024-11-20T18:19:38.692+0500][gc          ] GC(5) Concurrent Mark Cycle 41.484ms
[2024-11-20T18:28:02.305+0500][gc,start    ] GC(6) Pause Young (Normal) (G1 Evacuation Pause)
[2024-11-20T18:28:02.305+0500][gc,task     ] GC(6) Using 8 workers of 8 for evacuation
[2024-11-20T18:28:02.315+0500][gc,phases   ] GC(6)   Pre Evacuate Collection Set: 0.4ms
[2024-11-20T18:28:02.315+0500][gc,phases   ] GC(6)   Merge Heap Roots: 0.2ms
[2024-11-20T18:28:02.315+0500][gc,phases   ] GC(6)   Evacuate Collection Set: 6.9ms
[2024-11-20T18:28:02.315+0500][gc,phases   ] GC(6)   Post Evacuate Collection Set: 1.5ms
[2024-11-20T18:28:02.315+0500][gc,phases   ] GC(6)   Other: 0.3ms
[2024-11-20T18:28:02.315+0500][gc,heap     ] GC(6) Eden regions: 49->0(47)
[2024-11-20T18:28:02.315+0500][gc,heap     ] GC(6) Survivor regions: 2->4(7)
[2024-11-20T18:28:02.315+0500][gc,heap     ] GC(6) Old regions: 15->15
[2024-11-20T18:28:02.315+0500][gc,heap     ] GC(6) Archive regions: 2->2
[2024-11-20T18:28:02.315+0500][gc,heap     ] GC(6) Humongous regions: 129->129
[2024-11-20T18:28:02.315+0500][gc,metaspace] GC(6) Metaspace: 42507K(43072K)->42507K(43072K) NonClass: 37389K(37696K)->37389K(37696K) Class: 5117K(5376K)->5117K(5376K)
[2024-11-20T18:28:02.315+0500][gc          ] GC(6) Pause Young (Normal) (G1 Evacuation Pause) 194M->147M(1024M) 9.616ms
[2024-11-20T18:28:02.315+0500][gc,cpu      ] GC(6) User=0.05s Sys=0.00s Real=0.01s
[2024-11-20T18:30:34.706+0500][gc,heap,exit] Heap
[2024-11-20T18:30:34.706+0500][gc,heap,exit]  garbage-first heap   total 1048576K, used 162580K [0x00000000c0000000, 0x0000000100000000)
[2024-11-20T18:30:34.706+0500][gc,heap,exit]   region size 1024K, 15 young (15360K), 4 survivors (4096K)
[2024-11-20T18:30:34.706+0500][gc,heap,exit]  Metaspace       used 42918K, committed 43392K, reserved 1114112K
[2024-11-20T18:30:34.706+0500][gc,heap,exit]   class space    used 5222K, committed 5440K, reserved 1048576K
