[2024-11-20T18:30:33.389+0500][gc] Using G1
[2024-11-20T18:30:33.399+0500][gc,init] Version: 17.0.13+11-Ubuntu-2ubuntu124.04 (release)
[2024-11-20T18:30:33.399+0500][gc,init] CPUs: 8 total, 8 available
[2024-11-20T18:30:33.399+0500][gc,init] Memory: 7835M
[2024-11-20T18:30:33.399+0500][gc,init] Large Page Support: Disabled
[2024-11-20T18:30:33.399+0500][gc,init] NUMA Support: Disabled
[2024-11-20T18:30:33.400+0500][gc,init] Compressed Oops: Enabled (32-bit)
[2024-11-20T18:30:33.400+0500][gc,init] Heap Region Size: 1M
[2024-11-20T18:30:33.400+0500][gc,init] Heap Min Capacity: 512M
[2024-11-20T18:30:33.400+0500][gc,init] Heap Initial Capacity: 512M
[2024-11-20T18:30:33.400+0500][gc,init] Heap Max Capacity: 512M
[2024-11-20T18:30:33.400+0500][gc,init] Pre-touch: Disabled
[2024-11-20T18:30:33.400+0500][gc,init] Parallel Workers: 8
[2024-11-20T18:30:33.400+0500][gc,init] Concurrent Workers: 2
[2024-11-20T18:30:33.400+0500][gc,init] Concurrent Refinement Workers: 8
[2024-11-20T18:30:33.400+0500][gc,init] Periodic GC: Disabled
[2024-11-20T18:30:33.410+0500][gc,metaspace] CDS archive(s) mapped at: [0x000077f157000000-0x000077f157bc9000-0x000077f157bc9000), size 12357632, SharedBaseAddress: 0x000077f157000000, ArchiveRelocationMode: 1.
[2024-11-20T18:30:33.410+0500][gc,metaspace] Compressed class space mapped at: 0x000077f158000000-0x000077f198000000, reserved size: 1073741824
[2024-11-20T18:30:33.410+0500][gc,metaspace] Narrow klass base: 0x000077f157000000, Narrow klass shift: 0, Narrow klass range: 0x100000000
[2024-11-20T18:30:34.355+0500][gc,start    ] GC(0) Pause Young (Normal) (G1 Evacuation Pause)
[2024-11-20T18:30:34.357+0500][gc,task     ] GC(0) Using 8 workers of 8 for evacuation
[2024-11-20T18:30:34.361+0500][gc,phases   ] GC(0)   Pre Evacuate Collection Set: 0.1ms
[2024-11-20T18:30:34.361+0500][gc,phases   ] GC(0)   Merge Heap Roots: 0.1ms
[2024-11-20T18:30:34.361+0500][gc,phases   ] GC(0)   Evacuate Collection Set: 3.3ms
[2024-11-20T18:30:34.361+0500][gc,phases   ] GC(0)   Post Evacuate Collection Set: 0.5ms
[2024-11-20T18:30:34.361+0500][gc,phases   ] GC(0)   Other: 1.4ms
[2024-11-20T18:30:34.361+0500][gc,heap     ] GC(0) Eden regions: 25->0(21)
[2024-11-20T18:30:34.361+0500][gc,heap     ] GC(0) Survivor regions: 0->4(4)
[2024-11-20T18:30:34.361+0500][gc,heap     ] GC(0) Old regions: 0->5
[2024-11-20T18:30:34.361+0500][gc,heap     ] GC(0) Archive regions: 2->2
[2024-11-20T18:30:34.361+0500][gc,heap     ] GC(0) Humongous regions: 0->0
[2024-11-20T18:30:34.361+0500][gc,metaspace] GC(0) Metaspace: 7982K(8128K)->7982K(8128K) NonClass: 7089K(7168K)->7089K(7168K) Class: 893K(960K)->893K(960K)
[2024-11-20T18:30:34.361+0500][gc          ] GC(0) Pause Young (Normal) (G1 Evacuation Pause) 25M->9M(512M) 5.580ms
[2024-11-20T18:30:34.361+0500][gc,cpu      ] GC(0) User=0.02s Sys=0.00s Real=0.01s
[2024-11-20T18:31:05.640+0500][gc,heap,exit] Heap
[2024-11-20T18:31:05.640+0500][gc,heap,exit]  garbage-first heap   total 524288K, used 15030K [0x00000000e0000000, 0x0000000100000000)
[2024-11-20T18:31:05.640+0500][gc,heap,exit]   region size 1024K, 10 young (10240K), 4 survivors (4096K)
[2024-11-20T18:31:05.640+0500][gc,heap,exit]  Metaspace       used 8478K, committed 8640K, reserved 1114112K
[2024-11-20T18:31:05.640+0500][gc,heap,exit]   class space    used 941K, committed 1024K, reserved 1048576K
