[2024-11-20T21:34:25.776+0500][gc] Using G1
[2024-11-20T21:34:25.792+0500][gc,init] Version: 17.0.13+11-Ubuntu-2ubuntu124.04 (release)
[2024-11-20T21:34:25.792+0500][gc,init] CPUs: 8 total, 8 available
[2024-11-20T21:34:25.792+0500][gc,init] Memory: 7835M
[2024-11-20T21:34:25.792+0500][gc,init] Large Page Support: Disabled
[2024-11-20T21:34:25.792+0500][gc,init] NUMA Support: Disabled
[2024-11-20T21:34:25.792+0500][gc,init] Compressed Oops: Enabled (32-bit)
[2024-11-20T21:34:25.792+0500][gc,init] Heap Region Size: 1M
[2024-11-20T21:34:25.792+0500][gc,init] Heap Min Capacity: 1G
[2024-11-20T21:34:25.792+0500][gc,init] Heap Initial Capacity: 1G
[2024-11-20T21:34:25.792+0500][gc,init] Heap Max Capacity: 1G
[2024-11-20T21:34:25.792+0500][gc,init] Pre-touch: Disabled
[2024-11-20T21:34:25.792+0500][gc,init] Parallel Workers: 8
[2024-11-20T21:34:25.792+0500][gc,init] Concurrent Workers: 2
[2024-11-20T21:34:25.792+0500][gc,init] Concurrent Refinement Workers: 8
[2024-11-20T21:34:25.792+0500][gc,init] Periodic GC: Disabled
[2024-11-20T21:34:25.805+0500][gc,metaspace] CDS archive(s) mapped at: [0x000079ce37000000-0x000079ce37bc9000-0x000079ce37bc9000), size 12357632, SharedBaseAddress: 0x000079ce37000000, ArchiveRelocationMode: 1.
[2024-11-20T21:34:25.805+0500][gc,metaspace] Compressed class space mapped at: 0x000079ce38000000-0x000079ce78000000, reserved size: 1073741824
[2024-11-20T21:34:25.805+0500][gc,metaspace] Narrow klass base: 0x000079ce37000000, Narrow klass shift: 0, Narrow klass range: 0x100000000
[2024-11-20T21:34:27.501+0500][gc,start    ] GC(0) Pause Young (Normal) (G1 Evacuation Pause)
[2024-11-20T21:34:27.502+0500][gc,task     ] GC(0) Using 8 workers of 8 for evacuation
[2024-11-20T21:34:27.511+0500][gc,phases   ] GC(0)   Pre Evacuate Collection Set: 0.2ms
[2024-11-20T21:34:27.511+0500][gc,phases   ] GC(0)   Merge Heap Roots: 0.1ms
[2024-11-20T21:34:27.511+0500][gc,phases   ] GC(0)   Evacuate Collection Set: 7.3ms
[2024-11-20T21:34:27.511+0500][gc,phases   ] GC(0)   Post Evacuate Collection Set: 0.8ms
[2024-11-20T21:34:27.511+0500][gc,phases   ] GC(0)   Other: 1.4ms
[2024-11-20T21:34:27.511+0500][gc,heap     ] GC(0) Eden regions: 51->0(44)
[2024-11-20T21:34:27.511+0500][gc,heap     ] GC(0) Survivor regions: 0->7(7)
[2024-11-20T21:34:27.511+0500][gc,heap     ] GC(0) Old regions: 0->2
[2024-11-20T21:34:27.511+0500][gc,heap     ] GC(0) Archive regions: 2->2
[2024-11-20T21:34:27.511+0500][gc,heap     ] GC(0) Humongous regions: 0->0
[2024-11-20T21:34:27.511+0500][gc,metaspace] GC(0) Metaspace: 17680K(17920K)->17680K(17920K) NonClass: 15713K(15872K)->15713K(15872K) Class: 1966K(2048K)->1966K(2048K)
[2024-11-20T21:34:27.511+0500][gc          ] GC(0) Pause Young (Normal) (G1 Evacuation Pause) 51M->9M(1024M) 10.010ms
[2024-11-20T21:34:27.511+0500][gc,cpu      ] GC(0) User=0.03s Sys=0.01s Real=0.01s
[2024-11-20T21:34:27.813+0500][gc,start    ] GC(1) Pause Young (Concurrent Start) (Metadata GC Threshold)
[2024-11-20T21:34:27.813+0500][gc,task     ] GC(1) Using 8 workers of 8 for evacuation
[2024-11-20T21:34:27.822+0500][gc,phases   ] GC(1)   Pre Evacuate Collection Set: 0.3ms
[2024-11-20T21:34:27.822+0500][gc,phases   ] GC(1)   Merge Heap Roots: 0.1ms
[2024-11-20T21:34:27.822+0500][gc,phases   ] GC(1)   Evacuate Collection Set: 7.7ms
[2024-11-20T21:34:27.822+0500][gc,phases   ] GC(1)   Post Evacuate Collection Set: 0.5ms
[2024-11-20T21:34:27.822+0500][gc,phases   ] GC(1)   Other: 0.3ms
[2024-11-20T21:34:27.822+0500][gc,heap     ] GC(1) Eden regions: 13->0(49)
[2024-11-20T21:34:27.822+0500][gc,heap     ] GC(1) Survivor regions: 7->2(7)
[2024-11-20T21:34:27.822+0500][gc,heap     ] GC(1) Old regions: 2->9
[2024-11-20T21:34:27.822+0500][gc,heap     ] GC(1) Archive regions: 2->2
[2024-11-20T21:34:27.822+0500][gc,heap     ] GC(1) Humongous regions: 0->0
[2024-11-20T21:34:27.822+0500][gc,metaspace] GC(1) Metaspace: 21366K(21504K)->21366K(21504K) NonClass: 19018K(19072K)->19018K(19072K) Class: 2348K(2432K)->2348K(2432K)
[2024-11-20T21:34:27.822+0500][gc          ] GC(1) Pause Young (Concurrent Start) (Metadata GC Threshold) 21M->10M(1024M) 9.292ms
[2024-11-20T21:34:27.822+0500][gc,cpu      ] GC(1) User=0.02s Sys=0.00s Real=0.01s
[2024-11-20T21:34:27.823+0500][gc          ] GC(2) Concurrent Mark Cycle
[2024-11-20T21:34:27.823+0500][gc,marking  ] GC(2) Concurrent Clear Claimed Marks
[2024-11-20T21:34:27.823+0500][gc,marking  ] GC(2) Concurrent Clear Claimed Marks 0.024ms
[2024-11-20T21:34:27.823+0500][gc,marking  ] GC(2) Concurrent Scan Root Regions
[2024-11-20T21:34:27.828+0500][gc,marking  ] GC(2) Concurrent Scan Root Regions 5.013ms
[2024-11-20T21:34:27.828+0500][gc,marking  ] GC(2) Concurrent Mark
[2024-11-20T21:34:27.828+0500][gc,marking  ] GC(2) Concurrent Mark From Roots
[2024-11-20T21:34:27.828+0500][gc,task     ] GC(2) Using 2 workers of 2 for marking
[2024-11-20T21:34:27.834+0500][gc,marking  ] GC(2) Concurrent Mark From Roots 6.454ms
[2024-11-20T21:34:27.834+0500][gc,marking  ] GC(2) Concurrent Preclean
[2024-11-20T21:34:27.834+0500][gc,marking  ] GC(2) Concurrent Preclean 0.130ms
[2024-11-20T21:34:27.835+0500][gc,start    ] GC(2) Pause Remark
[2024-11-20T21:34:27.838+0500][gc          ] GC(2) Pause Remark 11M->11M(1024M) 3.194ms
[2024-11-20T21:34:27.838+0500][gc,cpu      ] GC(2) User=0.01s Sys=0.00s Real=0.00s
[2024-11-20T21:34:27.838+0500][gc,marking  ] GC(2) Concurrent Mark 10.178ms
[2024-11-20T21:34:27.838+0500][gc,marking  ] GC(2) Concurrent Rebuild Remembered Sets
[2024-11-20T21:34:27.842+0500][gc,marking  ] GC(2) Concurrent Rebuild Remembered Sets 4.524ms
[2024-11-20T21:34:27.844+0500][gc,start    ] GC(2) Pause Cleanup
[2024-11-20T21:34:27.846+0500][gc          ] GC(2) Pause Cleanup 11M->11M(1024M) 1.556ms
[2024-11-20T21:34:27.846+0500][gc,cpu      ] GC(2) User=0.00s Sys=0.00s Real=0.00s
[2024-11-20T21:34:27.847+0500][gc,marking  ] GC(2) Concurrent Cleanup for Next Mark
[2024-11-20T21:34:27.854+0500][gc,marking  ] GC(2) Concurrent Cleanup for Next Mark 6.552ms
[2024-11-20T21:34:27.854+0500][gc          ] GC(2) Concurrent Mark Cycle 31.642ms
[2024-11-20T21:34:28.823+0500][gc,start    ] GC(3) Pause Young (Normal) (G1 Evacuation Pause)
[2024-11-20T21:34:28.823+0500][gc,task     ] GC(3) Using 8 workers of 8 for evacuation
[2024-11-20T21:34:28.827+0500][gc,phases   ] GC(3)   Pre Evacuate Collection Set: 0.2ms
[2024-11-20T21:34:28.827+0500][gc,phases   ] GC(3)   Merge Heap Roots: 0.1ms
[2024-11-20T21:34:28.827+0500][gc,phases   ] GC(3)   Evacuate Collection Set: 3.2ms
[2024-11-20T21:34:28.827+0500][gc,phases   ] GC(3)   Post Evacuate Collection Set: 0.6ms
[2024-11-20T21:34:28.827+0500][gc,phases   ] GC(3)   Other: 0.2ms
[2024-11-20T21:34:28.827+0500][gc,heap     ] GC(3) Eden regions: 49->0(47)
[2024-11-20T21:34:28.827+0500][gc,heap     ] GC(3) Survivor regions: 2->4(7)
[2024-11-20T21:34:28.827+0500][gc,heap     ] GC(3) Old regions: 9->9
[2024-11-20T21:34:28.827+0500][gc,heap     ] GC(3) Archive regions: 2->2
[2024-11-20T21:34:28.827+0500][gc,heap     ] GC(3) Humongous regions: 0->0
[2024-11-20T21:34:28.827+0500][gc,metaspace] GC(3) Metaspace: 31745K(32000K)->31745K(32000K) NonClass: 28171K(28288K)->28171K(28288K) Class: 3573K(3712K)->3573K(3712K)
[2024-11-20T21:34:28.827+0500][gc          ] GC(3) Pause Young (Normal) (G1 Evacuation Pause) 59M->12M(1024M) 4.485ms
[2024-11-20T21:34:28.827+0500][gc,cpu      ] GC(3) User=0.02s Sys=0.00s Real=0.00s
[2024-11-20T21:34:29.271+0500][gc,start    ] GC(4) Pause Young (Concurrent Start) (Metadata GC Threshold)
[2024-11-20T21:34:29.271+0500][gc,task     ] GC(4) Using 8 workers of 8 for evacuation
[2024-11-20T21:34:29.277+0500][gc,phases   ] GC(4)   Pre Evacuate Collection Set: 0.2ms
[2024-11-20T21:34:29.277+0500][gc,phases   ] GC(4)   Merge Heap Roots: 0.1ms
[2024-11-20T21:34:29.277+0500][gc,phases   ] GC(4)   Evacuate Collection Set: 5.4ms
[2024-11-20T21:34:29.277+0500][gc,phases   ] GC(4)   Post Evacuate Collection Set: 0.6ms
[2024-11-20T21:34:29.277+0500][gc,phases   ] GC(4)   Other: 0.2ms
[2024-11-20T21:34:29.277+0500][gc,heap     ] GC(4) Eden regions: 27->0(44)
[2024-11-20T21:34:29.277+0500][gc,heap     ] GC(4) Survivor regions: 4->7(7)
[2024-11-20T21:34:29.277+0500][gc,heap     ] GC(4) Old regions: 9->9
[2024-11-20T21:34:29.277+0500][gc,heap     ] GC(4) Archive regions: 2->2
[2024-11-20T21:34:29.277+0500][gc,heap     ] GC(4) Humongous regions: 0->0
[2024-11-20T21:34:29.277+0500][gc,metaspace] GC(4) Metaspace: 35623K(35968K)->35623K(35968K) NonClass: 31641K(31808K)->31641K(31808K) Class: 3982K(4160K)->3982K(4160K)
[2024-11-20T21:34:29.277+0500][gc          ] GC(4) Pause Young (Concurrent Start) (Metadata GC Threshold) 39M->16M(1024M) 6.653ms
[2024-11-20T21:34:29.277+0500][gc,cpu      ] GC(4) User=0.04s Sys=0.00s Real=0.00s
[2024-11-20T21:34:29.277+0500][gc          ] GC(5) Concurrent Mark Cycle
[2024-11-20T21:34:29.277+0500][gc,marking  ] GC(5) Concurrent Clear Claimed Marks
[2024-11-20T21:34:29.278+0500][gc,marking  ] GC(5) Concurrent Clear Claimed Marks 0.032ms
[2024-11-20T21:34:29.278+0500][gc,marking  ] GC(5) Concurrent Scan Root Regions
[2024-11-20T21:34:29.285+0500][gc,marking  ] GC(5) Concurrent Scan Root Regions 7.860ms
[2024-11-20T21:34:29.285+0500][gc,marking  ] GC(5) Concurrent Mark
[2024-11-20T21:34:29.285+0500][gc,marking  ] GC(5) Concurrent Mark From Roots
[2024-11-20T21:34:29.285+0500][gc,task     ] GC(5) Using 2 workers of 2 for marking
[2024-11-20T21:34:29.302+0500][gc,marking  ] GC(5) Concurrent Mark From Roots 16.705ms
[2024-11-20T21:34:29.302+0500][gc,marking  ] GC(5) Concurrent Preclean
[2024-11-20T21:34:29.302+0500][gc,marking  ] GC(5) Concurrent Preclean 0.196ms
[2024-11-20T21:34:29.303+0500][gc,start    ] GC(5) Pause Remark
[2024-11-20T21:34:29.305+0500][gc          ] GC(5) Pause Remark 18M->18M(1024M) 1.944ms
[2024-11-20T21:34:29.305+0500][gc,cpu      ] GC(5) User=0.00s Sys=0.00s Real=0.00s
[2024-11-20T21:34:29.305+0500][gc,marking  ] GC(5) Concurrent Mark 19.440ms
[2024-11-20T21:34:29.305+0500][gc,marking  ] GC(5) Concurrent Rebuild Remembered Sets
[2024-11-20T21:34:29.310+0500][gc,marking  ] GC(5) Concurrent Rebuild Remembered Sets 4.796ms
[2024-11-20T21:34:29.311+0500][gc,start    ] GC(5) Pause Cleanup
[2024-11-20T21:34:29.311+0500][gc          ] GC(5) Pause Cleanup 18M->18M(1024M) 0.326ms
[2024-11-20T21:34:29.311+0500][gc,cpu      ] GC(5) User=0.01s Sys=0.00s Real=0.00s
[2024-11-20T21:34:29.311+0500][gc,marking  ] GC(5) Concurrent Cleanup for Next Mark
[2024-11-20T21:34:29.318+0500][gc,marking  ] GC(5) Concurrent Cleanup for Next Mark 6.769ms
[2024-11-20T21:34:29.318+0500][gc          ] GC(5) Concurrent Mark Cycle 40.812ms
[2024-11-20T21:35:57.162+0500][gc,start    ] GC(6) Pause Young (Prepare Mixed) (G1 Evacuation Pause)
[2024-11-20T21:35:57.162+0500][gc,task     ] GC(6) Using 8 workers of 8 for evacuation
[2024-11-20T21:35:57.177+0500][gc,phases   ] GC(6)   Pre Evacuate Collection Set: 0.4ms
[2024-11-20T21:35:57.178+0500][gc,phases   ] GC(6)   Merge Heap Roots: 0.2ms
[2024-11-20T21:35:57.178+0500][gc,phases   ] GC(6)   Evacuate Collection Set: 13.7ms
[2024-11-20T21:35:57.178+0500][gc,phases   ] GC(6)   Post Evacuate Collection Set: 1.1ms
[2024-11-20T21:35:57.178+0500][gc,phases   ] GC(6)   Other: 0.3ms
[2024-11-20T21:35:57.178+0500][gc,heap     ] GC(6) Eden regions: 44->0(48)
[2024-11-20T21:35:57.178+0500][gc,heap     ] GC(6) Survivor regions: 7->3(7)
[2024-11-20T21:35:57.178+0500][gc,heap     ] GC(6) Old regions: 9->16
[2024-11-20T21:35:57.178+0500][gc,heap     ] GC(6) Archive regions: 2->2
[2024-11-20T21:35:57.178+0500][gc,heap     ] GC(6) Humongous regions: 129->129
[2024-11-20T21:35:57.178+0500][gc,metaspace] GC(6) Metaspace: 40448K(40832K)->40448K(40832K) NonClass: 35976K(36160K)->35976K(36160K) Class: 4471K(4672K)->4471K(4672K)
[2024-11-20T21:35:57.178+0500][gc          ] GC(6) Pause Young (Prepare Mixed) (G1 Evacuation Pause) 189M->148M(1024M) 16.179ms
[2024-11-20T21:35:57.178+0500][gc,cpu      ] GC(6) User=0.09s Sys=0.01s Real=0.01s
[2024-11-20T21:42:15.743+0500][gc,start    ] GC(7) Pause Young (Mixed) (G1 Evacuation Pause)
[2024-11-20T21:42:15.743+0500][gc,task     ] GC(7) Using 8 workers of 8 for evacuation
[2024-11-20T21:42:15.750+0500][gc,phases   ] GC(7)   Pre Evacuate Collection Set: 0.3ms
[2024-11-20T21:42:15.750+0500][gc,phases   ] GC(7)   Merge Heap Roots: 0.2ms
[2024-11-20T21:42:15.750+0500][gc,phases   ] GC(7)   Evacuate Collection Set: 5.6ms
[2024-11-20T21:42:15.750+0500][gc,phases   ] GC(7)   Post Evacuate Collection Set: 1.0ms
[2024-11-20T21:42:15.750+0500][gc,phases   ] GC(7)   Other: 0.3ms
[2024-11-20T21:42:15.750+0500][gc,heap     ] GC(7) Eden regions: 48->0(48)
[2024-11-20T21:42:15.750+0500][gc,heap     ] GC(7) Survivor regions: 3->3(7)
[2024-11-20T21:42:15.750+0500][gc,heap     ] GC(7) Old regions: 16->16
[2024-11-20T21:42:15.750+0500][gc,heap     ] GC(7) Archive regions: 2->2
[2024-11-20T21:42:15.750+0500][gc,heap     ] GC(7) Humongous regions: 129->129
[2024-11-20T21:42:15.750+0500][gc,metaspace] GC(7) Metaspace: 41210K(41600K)->41210K(41600K) NonClass: 36738K(36928K)->36738K(36928K) Class: 4471K(4672K)->4471K(4672K)
[2024-11-20T21:42:15.751+0500][gc          ] GC(7) Pause Young (Mixed) (G1 Evacuation Pause) 196M->148M(1024M) 7.582ms
[2024-11-20T21:42:15.751+0500][gc,cpu      ] GC(7) User=0.03s Sys=0.00s Real=0.01s
[2024-11-20T21:49:07.630+0500][gc,start    ] GC(8) Pause Young (Concurrent Start) (G1 Evacuation Pause)
[2024-11-20T21:49:07.630+0500][gc,task     ] GC(8) Using 8 workers of 8 for evacuation
[2024-11-20T21:49:07.638+0500][gc,phases   ] GC(8)   Pre Evacuate Collection Set: 0.4ms
[2024-11-20T21:49:07.640+0500][gc,phases   ] GC(8)   Merge Heap Roots: 0.2ms
[2024-11-20T21:49:07.640+0500][gc,phases   ] GC(8)   Evacuate Collection Set: 6.2ms
[2024-11-20T21:49:07.640+0500][gc,phases   ] GC(8)   Post Evacuate Collection Set: 0.8ms
[2024-11-20T21:49:07.640+0500][gc,phases   ] GC(8)   Other: 0.4ms
[2024-11-20T21:49:07.640+0500][gc,heap     ] GC(8) Eden regions: 48->0(48)
[2024-11-20T21:49:07.640+0500][gc,heap     ] GC(8) Survivor regions: 3->3(7)
[2024-11-20T21:49:07.640+0500][gc,heap     ] GC(8) Old regions: 16->16
[2024-11-20T21:49:07.640+0500][gc,heap     ] GC(8) Archive regions: 2->2
[2024-11-20T21:49:07.640+0500][gc,heap     ] GC(8) Humongous regions: 129->129
[2024-11-20T21:49:07.640+0500][gc,metaspace] GC(8) Metaspace: 41413K(41792K)->41413K(41792K) NonClass: 36939K(37120K)->36939K(37120K) Class: 4473K(4672K)->4473K(4672K)
[2024-11-20T21:49:07.640+0500][gc          ] GC(8) Pause Young (Concurrent Start) (G1 Evacuation Pause) 196M->148M(1024M) 10.619ms
[2024-11-20T21:49:07.641+0500][gc,cpu      ] GC(8) User=0.03s Sys=0.00s Real=0.01s
[2024-11-20T21:49:07.641+0500][gc          ] GC(9) Concurrent Mark Cycle
[2024-11-20T21:49:07.641+0500][gc,marking  ] GC(9) Concurrent Clear Claimed Marks
[2024-11-20T21:49:07.641+0500][gc,marking  ] GC(9) Concurrent Clear Claimed Marks 0.072ms
[2024-11-20T21:49:07.641+0500][gc,marking  ] GC(9) Concurrent Scan Root Regions
[2024-11-20T21:49:07.643+0500][gc,marking  ] GC(9) Concurrent Scan Root Regions 2.013ms
[2024-11-20T21:49:07.643+0500][gc,marking  ] GC(9) Concurrent Mark
[2024-11-20T21:49:07.643+0500][gc,marking  ] GC(9) Concurrent Mark From Roots
[2024-11-20T21:49:07.643+0500][gc,task     ] GC(9) Using 2 workers of 2 for marking
[2024-11-20T21:49:07.663+0500][gc,marking  ] GC(9) Concurrent Mark From Roots 20.177ms
[2024-11-20T21:49:07.663+0500][gc,marking  ] GC(9) Concurrent Preclean
[2024-11-20T21:49:07.664+0500][gc,marking  ] GC(9) Concurrent Preclean 0.603ms
[2024-11-20T21:49:07.664+0500][gc,start    ] GC(9) Pause Remark
[2024-11-20T21:49:07.669+0500][gc          ] GC(9) Pause Remark 149M->149M(1024M) 4.954ms
[2024-11-20T21:49:07.669+0500][gc,cpu      ] GC(9) User=0.03s Sys=0.00s Real=0.00s
[2024-11-20T21:49:07.669+0500][gc,marking  ] GC(9) Concurrent Mark 26.266ms
[2024-11-20T21:49:07.669+0500][gc,marking  ] GC(9) Concurrent Rebuild Remembered Sets
[2024-11-20T21:49:07.683+0500][gc,marking  ] GC(9) Concurrent Rebuild Remembered Sets 14.045ms
[2024-11-20T21:49:07.683+0500][gc,start    ] GC(9) Pause Cleanup
[2024-11-20T21:49:07.684+0500][gc          ] GC(9) Pause Cleanup 149M->149M(1024M) 0.242ms
[2024-11-20T21:49:07.684+0500][gc,cpu      ] GC(9) User=0.00s Sys=0.00s Real=0.00s
[2024-11-20T21:49:07.684+0500][gc,marking  ] GC(9) Concurrent Cleanup for Next Mark
[2024-11-20T21:49:07.685+0500][gc,marking  ] GC(9) Concurrent Cleanup for Next Mark 0.839ms
[2024-11-20T21:49:07.685+0500][gc          ] GC(9) Concurrent Mark Cycle 44.064ms
[2024-11-20T21:53:47.815+0500][gc,start    ] GC(10) Pause Young (Normal) (G1 Evacuation Pause)
[2024-11-20T21:53:47.816+0500][gc,task     ] GC(10) Using 8 workers of 8 for evacuation
[2024-11-20T21:53:47.827+0500][gc,phases   ] GC(10)   Pre Evacuate Collection Set: 0.4ms
[2024-11-20T21:53:47.827+0500][gc,phases   ] GC(10)   Merge Heap Roots: 0.2ms
[2024-11-20T21:53:47.827+0500][gc,phases   ] GC(10)   Evacuate Collection Set: 8.9ms
[2024-11-20T21:53:47.827+0500][gc,phases   ] GC(10)   Post Evacuate Collection Set: 1.5ms
[2024-11-20T21:53:47.827+0500][gc,phases   ] GC(10)   Other: 0.4ms
[2024-11-20T21:53:47.827+0500][gc,heap     ] GC(10) Eden regions: 48->0(46)
[2024-11-20T21:53:47.827+0500][gc,heap     ] GC(10) Survivor regions: 3->5(7)
[2024-11-20T21:53:47.827+0500][gc,heap     ] GC(10) Old regions: 16->16
[2024-11-20T21:53:47.827+0500][gc,heap     ] GC(10) Archive regions: 2->2
[2024-11-20T21:53:47.827+0500][gc,heap     ] GC(10) Humongous regions: 129->129
[2024-11-20T21:53:47.827+0500][gc,metaspace] GC(10) Metaspace: 43505K(43968K)->43505K(43968K) NonClass: 38663K(38912K)->38663K(38912K) Class: 4841K(5056K)->4841K(5056K)
[2024-11-20T21:53:47.827+0500][gc          ] GC(10) Pause Young (Normal) (G1 Evacuation Pause) 196M->150M(1024M) 11.791ms
[2024-11-20T21:53:47.827+0500][gc,cpu      ] GC(10) User=0.06s Sys=0.01s Real=0.01s
[2024-11-20T21:54:45.049+0500][gc,start    ] GC(11) Pause Young (Normal) (G1 Evacuation Pause)
[2024-11-20T21:54:45.049+0500][gc,task     ] GC(11) Using 8 workers of 8 for evacuation
[2024-11-20T21:54:45.060+0500][gc,phases   ] GC(11)   Pre Evacuate Collection Set: 0.3ms
[2024-11-20T21:54:45.060+0500][gc,phases   ] GC(11)   Merge Heap Roots: 0.1ms
[2024-11-20T21:54:45.060+0500][gc,phases   ] GC(11)   Evacuate Collection Set: 9.3ms
[2024-11-20T21:54:45.060+0500][gc,phases   ] GC(11)   Post Evacuate Collection Set: 1.2ms
[2024-11-20T21:54:45.060+0500][gc,phases   ] GC(11)   Other: 0.3ms
[2024-11-20T21:54:45.060+0500][gc,heap     ] GC(11) Eden regions: 46->0(45)
[2024-11-20T21:54:45.060+0500][gc,heap     ] GC(11) Survivor regions: 5->6(7)
[2024-11-20T21:54:45.060+0500][gc,heap     ] GC(11) Old regions: 16->18
[2024-11-20T21:54:45.060+0500][gc,heap     ] GC(11) Archive regions: 2->2
[2024-11-20T21:54:45.060+0500][gc,heap     ] GC(11) Humongous regions: 129->129
[2024-11-20T21:54:45.060+0500][gc,metaspace] GC(11) Metaspace: 45955K(46464K)->45955K(46464K) NonClass: 40728K(41024K)->40728K(41024K) Class: 5226K(5440K)->5226K(5440K)
[2024-11-20T21:54:45.060+0500][gc          ] GC(11) Pause Young (Normal) (G1 Evacuation Pause) 196M->153M(1024M) 11.580ms
[2024-11-20T21:54:45.060+0500][gc,cpu      ] GC(11) User=0.06s Sys=0.01s Real=0.02s
[2024-11-20T21:56:35.051+0500][gc,start    ] GC(12) Pause Young (Normal) (G1 Evacuation Pause)
[2024-11-20T21:56:35.051+0500][gc,task     ] GC(12) Using 8 workers of 8 for evacuation
[2024-11-20T21:56:35.061+0500][gc,phases   ] GC(12)   Pre Evacuate Collection Set: 0.4ms
[2024-11-20T21:56:35.062+0500][gc,phases   ] GC(12)   Merge Heap Roots: 0.2ms
[2024-11-20T21:56:35.062+0500][gc,phases   ] GC(12)   Evacuate Collection Set: 9.0ms
[2024-11-20T21:56:35.062+0500][gc,phases   ] GC(12)   Post Evacuate Collection Set: 0.7ms
[2024-11-20T21:56:35.062+0500][gc,phases   ] GC(12)   Other: 0.2ms
[2024-11-20T21:56:35.062+0500][gc,heap     ] GC(12) Eden regions: 45->0(82)
[2024-11-20T21:56:35.062+0500][gc,heap     ] GC(12) Survivor regions: 6->4(7)
[2024-11-20T21:56:35.062+0500][gc,heap     ] GC(12) Old regions: 18->21
[2024-11-20T21:56:35.062+0500][gc,heap     ] GC(12) Archive regions: 2->2
[2024-11-20T21:56:35.062+0500][gc,heap     ] GC(12) Humongous regions: 129->129
[2024-11-20T21:56:35.062+0500][gc,metaspace] GC(12) Metaspace: 46207K(46784K)->46207K(46784K) NonClass: 40968K(41280K)->40968K(41280K) Class: 5238K(5504K)->5238K(5504K)
[2024-11-20T21:56:35.062+0500][gc          ] GC(12) Pause Young (Normal) (G1 Evacuation Pause) 198M->153M(1024M) 10.563ms
[2024-11-20T21:56:35.062+0500][gc,cpu      ] GC(12) User=0.05s Sys=0.00s Real=0.01s
[2024-11-20T21:59:59.520+0500][gc,start    ] GC(13) Pause Young (Normal) (G1 Evacuation Pause)
[2024-11-20T21:59:59.520+0500][gc,task     ] GC(13) Using 8 workers of 8 for evacuation
[2024-11-20T21:59:59.527+0500][gc,phases   ] GC(13)   Pre Evacuate Collection Set: 0.2ms
[2024-11-20T21:59:59.527+0500][gc,phases   ] GC(13)   Merge Heap Roots: 0.1ms
[2024-11-20T21:59:59.527+0500][gc,phases   ] GC(13)   Evacuate Collection Set: 5.8ms
[2024-11-20T21:59:59.527+0500][gc,phases   ] GC(13)   Post Evacuate Collection Set: 0.5ms
[2024-11-20T21:59:59.527+0500][gc,phases   ] GC(13)   Other: 0.2ms
[2024-11-20T21:59:59.527+0500][gc,heap     ] GC(13) Eden regions: 82->0(75)
[2024-11-20T21:59:59.527+0500][gc,heap     ] GC(13) Survivor regions: 4->7(11)
[2024-11-20T21:59:59.527+0500][gc,heap     ] GC(13) Old regions: 21->21
[2024-11-20T21:59:59.527+0500][gc,heap     ] GC(13) Archive regions: 2->2
[2024-11-20T21:59:59.527+0500][gc,heap     ] GC(13) Humongous regions: 129->129
[2024-11-20T21:59:59.527+0500][gc,metaspace] GC(13) Metaspace: 46339K(46912K)->46339K(46912K) NonClass: 41100K(41408K)->41100K(41408K) Class: 5239K(5504K)->5239K(5504K)
[2024-11-20T21:59:59.527+0500][gc          ] GC(13) Pause Young (Normal) (G1 Evacuation Pause) 235M->156M(1024M) 6.961ms
[2024-11-20T21:59:59.527+0500][gc,cpu      ] GC(13) User=0.03s Sys=0.01s Real=0.00s
[2024-11-20T22:03:10.600+0500][gc,start    ] GC(14) Pause Young (Normal) (G1 Evacuation Pause)
[2024-11-20T22:03:10.600+0500][gc,task     ] GC(14) Using 8 workers of 8 for evacuation
[2024-11-20T22:03:10.608+0500][gc,phases   ] GC(14)   Pre Evacuate Collection Set: 0.2ms
[2024-11-20T22:03:10.608+0500][gc,phases   ] GC(14)   Merge Heap Roots: 0.1ms
[2024-11-20T22:03:10.608+0500][gc,phases   ] GC(14)   Evacuate Collection Set: 7.4ms
[2024-11-20T22:03:10.608+0500][gc,phases   ] GC(14)   Post Evacuate Collection Set: 0.6ms
[2024-11-20T22:03:10.608+0500][gc,phases   ] GC(14)   Other: 0.2ms
[2024-11-20T22:03:10.608+0500][gc,heap     ] GC(14) Eden regions: 75->0(135)
[2024-11-20T22:03:10.608+0500][gc,heap     ] GC(14) Survivor regions: 7->8(11)
[2024-11-20T22:03:10.608+0500][gc,heap     ] GC(14) Old regions: 21->22
[2024-11-20T22:03:10.608+0500][gc,heap     ] GC(14) Archive regions: 2->2
[2024-11-20T22:03:10.608+0500][gc,heap     ] GC(14) Humongous regions: 129->129
[2024-11-20T22:03:10.608+0500][gc,metaspace] GC(14) Metaspace: 46429K(47040K)->46429K(47040K) NonClass: 41190K(41536K)->41190K(41536K) Class: 5239K(5504K)->5239K(5504K)
[2024-11-20T22:03:10.608+0500][gc          ] GC(14) Pause Young (Normal) (G1 Evacuation Pause) 231M->158M(1024M) 8.767ms
[2024-11-20T22:03:10.608+0500][gc,cpu      ] GC(14) User=0.04s Sys=0.00s Real=0.01s
[2024-11-20T22:08:51.897+0500][gc,start    ] GC(15) Pause Young (Normal) (G1 Evacuation Pause)
[2024-11-20T22:08:51.897+0500][gc,task     ] GC(15) Using 8 workers of 8 for evacuation
[2024-11-20T22:08:51.917+0500][gc,mmu      ] GC(15) MMU target violated: 20.0ms (20.0ms/21.0ms)
[2024-11-20T22:08:51.918+0500][gc,phases   ] GC(15)   Pre Evacuate Collection Set: 0.4ms
[2024-11-20T22:08:51.918+0500][gc,phases   ] GC(15)   Merge Heap Roots: 0.2ms
[2024-11-20T22:08:51.918+0500][gc,phases   ] GC(15)   Evacuate Collection Set: 18.5ms
[2024-11-20T22:08:51.918+0500][gc,phases   ] GC(15)   Post Evacuate Collection Set: 0.8ms
[2024-11-20T22:08:51.918+0500][gc,phases   ] GC(15)   Other: 0.6ms
[2024-11-20T22:08:51.918+0500][gc,heap     ] GC(15) Eden regions: 132->0(75)
[2024-11-20T22:08:51.918+0500][gc,heap     ] GC(15) Survivor regions: 8->11(18)
[2024-11-20T22:08:51.918+0500][gc,heap     ] GC(15) Old regions: 22->22
[2024-11-20T22:08:51.918+0500][gc,heap     ] GC(15) Archive regions: 2->2
[2024-11-20T22:08:51.918+0500][gc,heap     ] GC(15) Humongous regions: 129->129
[2024-11-20T22:08:51.918+0500][gc,metaspace] GC(15) Metaspace: 46556K(47168K)->46556K(47168K) NonClass: 41317K(41664K)->41317K(41664K) Class: 5239K(5504K)->5239K(5504K)
[2024-11-20T22:08:51.918+0500][gc          ] GC(15) Pause Young (Normal) (G1 Evacuation Pause) 290M->162M(1024M) 20.763ms
[2024-11-20T22:08:51.918+0500][gc,cpu      ] GC(15) User=0.12s Sys=0.02s Real=0.02s
[2024-11-20T22:12:06.383+0500][gc,start    ] GC(16) Pause Young (Normal) (G1 Evacuation Pause)
[2024-11-20T22:12:06.383+0500][gc,task     ] GC(16) Using 8 workers of 8 for evacuation
[2024-11-20T22:12:06.394+0500][gc,phases   ] GC(16)   Pre Evacuate Collection Set: 0.3ms
[2024-11-20T22:12:06.394+0500][gc,phases   ] GC(16)   Merge Heap Roots: 0.2ms
[2024-11-20T22:12:06.394+0500][gc,phases   ] GC(16)   Evacuate Collection Set: 10.0ms
[2024-11-20T22:12:06.394+0500][gc,phases   ] GC(16)   Post Evacuate Collection Set: 0.6ms
[2024-11-20T22:12:06.395+0500][gc,phases   ] GC(16)   Other: 0.3ms
[2024-11-20T22:12:06.395+0500][gc,heap     ] GC(16) Eden regions: 75->0(145)
[2024-11-20T22:12:06.395+0500][gc,heap     ] GC(16) Survivor regions: 11->5(11)
[2024-11-20T22:12:06.395+0500][gc,heap     ] GC(16) Old regions: 22->31
[2024-11-20T22:12:06.395+0500][gc,heap     ] GC(16) Archive regions: 2->2
[2024-11-20T22:12:06.395+0500][gc,heap     ] GC(16) Humongous regions: 129->129
[2024-11-20T22:12:06.395+0500][gc,metaspace] GC(16) Metaspace: 46577K(47168K)->46577K(47168K) NonClass: 41338K(41664K)->41338K(41664K) Class: 5239K(5504K)->5239K(5504K)
[2024-11-20T22:12:06.395+0500][gc          ] GC(16) Pause Young (Normal) (G1 Evacuation Pause) 237M->165M(1024M) 11.808ms
[2024-11-20T22:12:06.395+0500][gc,cpu      ] GC(16) User=0.07s Sys=0.00s Real=0.01s
[2024-11-20T22:13:37.228+0500][gc,heap,exit] Heap
[2024-11-20T22:13:37.228+0500][gc,heap,exit]  garbage-first heap   total 1048576K, used 247189K [0x00000000c0000000, 0x0000000100000000)
[2024-11-20T22:13:37.228+0500][gc,heap,exit]   region size 1024K, 73 young (74752K), 5 survivors (5120K)
[2024-11-20T22:13:37.228+0500][gc,heap,exit]  Metaspace       used 47764K, committed 48256K, reserved 1114112K
[2024-11-20T22:13:37.228+0500][gc,heap,exit]   class space    used 5479K, committed 5696K, reserved 1048576K
