[2024-11-20T21:34:02.391+0500][gc] Using G1
[2024-11-20T21:34:02.408+0500][gc,init] Version: 17.0.13+11-Ubuntu-2ubuntu124.04 (release)
[2024-11-20T21:34:02.408+0500][gc,init] CPUs: 8 total, 8 available
[2024-11-20T21:34:02.408+0500][gc,init] Memory: 7835M
[2024-11-20T21:34:02.408+0500][gc,init] Large Page Support: Disabled
[2024-11-20T21:34:02.408+0500][gc,init] NUMA Support: Disabled
[2024-11-20T21:34:02.408+0500][gc,init] Compressed Oops: Enabled (32-bit)
[2024-11-20T21:34:02.408+0500][gc,init] Heap Region Size: 1M
[2024-11-20T21:34:02.408+0500][gc,init] Heap Min Capacity: 1G
[2024-11-20T21:34:02.408+0500][gc,init] Heap Initial Capacity: 1G
[2024-11-20T21:34:02.408+0500][gc,init] Heap Max Capacity: 1G
[2024-11-20T21:34:02.408+0500][gc,init] Pre-touch: Disabled
[2024-11-20T21:34:02.408+0500][gc,init] Parallel Workers: 8
[2024-11-20T21:34:02.408+0500][gc,init] Concurrent Workers: 2
[2024-11-20T21:34:02.408+0500][gc,init] Concurrent Refinement Workers: 8
[2024-11-20T21:34:02.408+0500][gc,init] Periodic GC: Disabled
[2024-11-20T21:34:02.418+0500][gc,metaspace] CDS archive(s) mapped at: [0x00007bf75f000000-0x00007bf75fbc9000-0x00007bf75fbc9000), size 12357632, SharedBaseAddress: 0x00007bf75f000000, ArchiveRelocationMode: 1.
[2024-11-20T21:34:02.418+0500][gc,metaspace] Compressed class space mapped at: 0x00007bf760000000-0x00007bf7a0000000, reserved size: 1073741824
[2024-11-20T21:34:02.418+0500][gc,metaspace] Narrow klass base: 0x00007bf75f000000, Narrow klass shift: 0, Narrow klass range: 0x100000000
[2024-11-20T21:34:04.015+0500][gc,start    ] GC(0) Pause Young (Normal) (G1 Evacuation Pause)
[2024-11-20T21:34:04.017+0500][gc,task     ] GC(0) Using 8 workers of 8 for evacuation
[2024-11-20T21:34:04.023+0500][gc,phases   ] GC(0)   Pre Evacuate Collection Set: 0.2ms
[2024-11-20T21:34:04.023+0500][gc,phases   ] GC(0)   Merge Heap Roots: 0.1ms
[2024-11-20T21:34:04.023+0500][gc,phases   ] GC(0)   Evacuate Collection Set: 4.9ms
[2024-11-20T21:34:04.023+0500][gc,phases   ] GC(0)   Post Evacuate Collection Set: 0.5ms
[2024-11-20T21:34:04.023+0500][gc,phases   ] GC(0)   Other: 2.3ms
[2024-11-20T21:34:04.023+0500][gc,heap     ] GC(0) Eden regions: 51->0(44)
[2024-11-20T21:34:04.023+0500][gc,heap     ] GC(0) Survivor regions: 0->7(7)
[2024-11-20T21:34:04.023+0500][gc,heap     ] GC(0) Old regions: 0->2
[2024-11-20T21:34:04.023+0500][gc,heap     ] GC(0) Archive regions: 2->2
[2024-11-20T21:34:04.023+0500][gc,heap     ] GC(0) Humongous regions: 0->0
[2024-11-20T21:34:04.023+0500][gc,metaspace] GC(0) Metaspace: 17691K(17856K)->17691K(17856K) NonClass: 15718K(15808K)->15718K(15808K) Class: 1972K(2048K)->1972K(2048K)
[2024-11-20T21:34:04.023+0500][gc          ] GC(0) Pause Young (Normal) (G1 Evacuation Pause) 51M->9M(1024M) 8.168ms
[2024-11-20T21:34:04.023+0500][gc,cpu      ] GC(0) User=0.03s Sys=0.01s Real=0.01s
[2024-11-20T21:34:04.243+0500][gc,start    ] GC(1) Pause Young (Concurrent Start) (Metadata GC Threshold)
[2024-11-20T21:34:04.243+0500][gc,task     ] GC(1) Using 8 workers of 8 for evacuation
[2024-11-20T21:34:04.249+0500][gc,phases   ] GC(1)   Pre Evacuate Collection Set: 0.2ms
[2024-11-20T21:34:04.249+0500][gc,phases   ] GC(1)   Merge Heap Roots: 0.1ms
[2024-11-20T21:34:04.249+0500][gc,phases   ] GC(1)   Evacuate Collection Set: 4.6ms
[2024-11-20T21:34:04.249+0500][gc,phases   ] GC(1)   Post Evacuate Collection Set: 0.7ms
[2024-11-20T21:34:04.249+0500][gc,phases   ] GC(1)   Other: 0.3ms
[2024-11-20T21:34:04.249+0500][gc,heap     ] GC(1) Eden regions: 13->0(49)
[2024-11-20T21:34:04.249+0500][gc,heap     ] GC(1) Survivor regions: 7->2(7)
[2024-11-20T21:34:04.249+0500][gc,heap     ] GC(1) Old regions: 2->9
[2024-11-20T21:34:04.249+0500][gc,heap     ] GC(1) Archive regions: 2->2
[2024-11-20T21:34:04.249+0500][gc,heap     ] GC(1) Humongous regions: 0->0
[2024-11-20T21:34:04.249+0500][gc,metaspace] GC(1) Metaspace: 21345K(21504K)->21345K(21504K) NonClass: 19060K(19136K)->19060K(19136K) Class: 2285K(2368K)->2285K(2368K)
[2024-11-20T21:34:04.249+0500][gc          ] GC(1) Pause Young (Concurrent Start) (Metadata GC Threshold) 22M->11M(1024M) 6.139ms
[2024-11-20T21:34:04.249+0500][gc,cpu      ] GC(1) User=0.03s Sys=0.01s Real=0.00s
[2024-11-20T21:34:04.249+0500][gc          ] GC(2) Concurrent Mark Cycle
[2024-11-20T21:34:04.250+0500][gc,marking  ] GC(2) Concurrent Clear Claimed Marks
[2024-11-20T21:34:04.250+0500][gc,marking  ] GC(2) Concurrent Clear Claimed Marks 0.053ms
[2024-11-20T21:34:04.250+0500][gc,marking  ] GC(2) Concurrent Scan Root Regions
[2024-11-20T21:34:04.253+0500][gc,marking  ] GC(2) Concurrent Scan Root Regions 3.098ms
[2024-11-20T21:34:04.253+0500][gc,marking  ] GC(2) Concurrent Mark
[2024-11-20T21:34:04.253+0500][gc,marking  ] GC(2) Concurrent Mark From Roots
[2024-11-20T21:34:04.253+0500][gc,task     ] GC(2) Using 2 workers of 2 for marking
[2024-11-20T21:34:04.259+0500][gc,marking  ] GC(2) Concurrent Mark From Roots 5.976ms
[2024-11-20T21:34:04.259+0500][gc,marking  ] GC(2) Concurrent Preclean
[2024-11-20T21:34:04.259+0500][gc,marking  ] GC(2) Concurrent Preclean 0.182ms
[2024-11-20T21:34:04.259+0500][gc,start    ] GC(2) Pause Remark
[2024-11-20T21:34:04.261+0500][gc          ] GC(2) Pause Remark 11M->11M(1024M) 1.695ms
[2024-11-20T21:34:04.261+0500][gc,cpu      ] GC(2) User=0.01s Sys=0.00s Real=0.01s
[2024-11-20T21:34:04.261+0500][gc,marking  ] GC(2) Concurrent Mark 8.159ms
[2024-11-20T21:34:04.261+0500][gc,marking  ] GC(2) Concurrent Rebuild Remembered Sets
[2024-11-20T21:34:04.261+0500][gc,marking  ] GC(2) Concurrent Rebuild Remembered Sets 0.018ms
[2024-11-20T21:34:04.261+0500][gc,start    ] GC(2) Pause Cleanup
[2024-11-20T21:34:04.261+0500][gc          ] GC(2) Pause Cleanup 11M->11M(1024M) 0.026ms
[2024-11-20T21:34:04.261+0500][gc,cpu      ] GC(2) User=0.00s Sys=0.00s Real=0.00s
[2024-11-20T21:34:04.261+0500][gc,marking  ] GC(2) Concurrent Cleanup for Next Mark
[2024-11-20T21:34:04.269+0500][gc,marking  ] GC(2) Concurrent Cleanup for Next Mark 8.155ms
[2024-11-20T21:34:04.269+0500][gc          ] GC(2) Concurrent Mark Cycle 19.955ms
[2024-11-20T21:34:05.117+0500][gc,start    ] GC(3) Pause Young (Normal) (G1 Evacuation Pause)
[2024-11-20T21:34:05.117+0500][gc,task     ] GC(3) Using 8 workers of 8 for evacuation
[2024-11-20T21:34:05.121+0500][gc,phases   ] GC(3)   Pre Evacuate Collection Set: 0.1ms
[2024-11-20T21:34:05.121+0500][gc,phases   ] GC(3)   Merge Heap Roots: 0.0ms
[2024-11-20T21:34:05.121+0500][gc,phases   ] GC(3)   Evacuate Collection Set: 3.7ms
[2024-11-20T21:34:05.121+0500][gc,phases   ] GC(3)   Post Evacuate Collection Set: 0.5ms
[2024-11-20T21:34:05.121+0500][gc,phases   ] GC(3)   Other: 0.2ms
[2024-11-20T21:34:05.122+0500][gc,heap     ] GC(3) Eden regions: 49->0(47)
[2024-11-20T21:34:05.122+0500][gc,heap     ] GC(3) Survivor regions: 2->4(7)
[2024-11-20T21:34:05.122+0500][gc,heap     ] GC(3) Old regions: 9->9
[2024-11-20T21:34:05.122+0500][gc,heap     ] GC(3) Archive regions: 2->2
[2024-11-20T21:34:05.122+0500][gc,heap     ] GC(3) Humongous regions: 0->0
[2024-11-20T21:34:05.122+0500][gc,metaspace] GC(3) Metaspace: 31008K(31232K)->31008K(31232K) NonClass: 27549K(27648K)->27549K(27648K) Class: 3458K(3584K)->3458K(3584K)
[2024-11-20T21:34:05.122+0500][gc          ] GC(3) Pause Young (Normal) (G1 Evacuation Pause) 60M->13M(1024M) 4.711ms
[2024-11-20T21:34:05.122+0500][gc,cpu      ] GC(3) User=0.03s Sys=0.01s Real=0.01s
[2024-11-20T21:34:05.569+0500][gc,start    ] GC(4) Pause Young (Concurrent Start) (Metadata GC Threshold)
[2024-11-20T21:34:05.569+0500][gc,task     ] GC(4) Using 8 workers of 8 for evacuation
[2024-11-20T21:34:05.578+0500][gc,phases   ] GC(4)   Pre Evacuate Collection Set: 0.1ms
[2024-11-20T21:34:05.578+0500][gc,phases   ] GC(4)   Merge Heap Roots: 0.0ms
[2024-11-20T21:34:05.578+0500][gc,phases   ] GC(4)   Evacuate Collection Set: 8.1ms
[2024-11-20T21:34:05.578+0500][gc,phases   ] GC(4)   Post Evacuate Collection Set: 0.5ms
[2024-11-20T21:34:05.578+0500][gc,phases   ] GC(4)   Other: 0.2ms
[2024-11-20T21:34:05.578+0500][gc,heap     ] GC(4) Eden regions: 29->0(44)
[2024-11-20T21:34:05.578+0500][gc,heap     ] GC(4) Survivor regions: 4->7(7)
[2024-11-20T21:34:05.578+0500][gc,heap     ] GC(4) Old regions: 9->10
[2024-11-20T21:34:05.578+0500][gc,heap     ] GC(4) Archive regions: 2->2
[2024-11-20T21:34:05.578+0500][gc,heap     ] GC(4) Humongous regions: 0->0
[2024-11-20T21:34:05.578+0500][gc,metaspace] GC(4) Metaspace: 35728K(35968K)->35728K(35968K) NonClass: 31812K(31936K)->31812K(31936K) Class: 3916K(4032K)->3916K(4032K)
[2024-11-20T21:34:05.578+0500][gc          ] GC(4) Pause Young (Concurrent Start) (Metadata GC Threshold) 42M->17M(1024M) 9.200ms
[2024-11-20T21:34:05.578+0500][gc,cpu      ] GC(4) User=0.05s Sys=0.01s Real=0.01s
[2024-11-20T21:34:05.578+0500][gc          ] GC(5) Concurrent Mark Cycle
[2024-11-20T21:34:05.578+0500][gc,marking  ] GC(5) Concurrent Clear Claimed Marks
[2024-11-20T21:34:05.578+0500][gc,marking  ] GC(5) Concurrent Clear Claimed Marks 0.030ms
[2024-11-20T21:34:05.578+0500][gc,marking  ] GC(5) Concurrent Scan Root Regions
[2024-11-20T21:34:05.583+0500][gc,marking  ] GC(5) Concurrent Scan Root Regions 4.747ms
[2024-11-20T21:34:05.583+0500][gc,marking  ] GC(5) Concurrent Mark
[2024-11-20T21:34:05.583+0500][gc,marking  ] GC(5) Concurrent Mark From Roots
[2024-11-20T21:34:05.583+0500][gc,task     ] GC(5) Using 2 workers of 2 for marking
[2024-11-20T21:34:05.595+0500][gc,marking  ] GC(5) Concurrent Mark From Roots 12.570ms
[2024-11-20T21:34:05.595+0500][gc,marking  ] GC(5) Concurrent Preclean
[2024-11-20T21:34:05.595+0500][gc,marking  ] GC(5) Concurrent Preclean 0.160ms
[2024-11-20T21:34:05.596+0500][gc,start    ] GC(5) Pause Remark
[2024-11-20T21:34:05.597+0500][gc          ] GC(5) Pause Remark 17M->17M(1024M) 1.585ms
[2024-11-20T21:34:05.597+0500][gc,cpu      ] GC(5) User=0.00s Sys=0.00s Real=0.00s
[2024-11-20T21:34:05.597+0500][gc,marking  ] GC(5) Concurrent Mark 14.568ms
[2024-11-20T21:34:05.597+0500][gc,marking  ] GC(5) Concurrent Rebuild Remembered Sets
[2024-11-20T21:34:05.602+0500][gc,marking  ] GC(5) Concurrent Rebuild Remembered Sets 4.343ms
[2024-11-20T21:34:05.602+0500][gc,start    ] GC(5) Pause Cleanup
[2024-11-20T21:34:05.602+0500][gc          ] GC(5) Pause Cleanup 18M->18M(1024M) 0.251ms
[2024-11-20T21:34:05.602+0500][gc,cpu      ] GC(5) User=0.00s Sys=0.00s Real=0.00s
[2024-11-20T21:34:05.602+0500][gc,marking  ] GC(5) Concurrent Cleanup for Next Mark
[2024-11-20T21:34:05.609+0500][gc,marking  ] GC(5) Concurrent Cleanup for Next Mark 6.768ms
[2024-11-20T21:34:05.609+0500][gc          ] GC(5) Concurrent Mark Cycle 31.245ms
[2024-11-20T21:34:17.593+0500][gc,start    ] GC(6) Pause Young (Prepare Mixed) (G1 Evacuation Pause)
[2024-11-20T21:34:17.593+0500][gc,task     ] GC(6) Using 8 workers of 8 for evacuation
[2024-11-20T21:34:17.609+0500][gc,phases   ] GC(6)   Pre Evacuate Collection Set: 0.3ms
[2024-11-20T21:34:17.609+0500][gc,phases   ] GC(6)   Merge Heap Roots: 0.2ms
[2024-11-20T21:34:17.609+0500][gc,phases   ] GC(6)   Evacuate Collection Set: 13.5ms
[2024-11-20T21:34:17.609+0500][gc,phases   ] GC(6)   Post Evacuate Collection Set: 1.2ms
[2024-11-20T21:34:17.609+0500][gc,phases   ] GC(6)   Other: 0.3ms
[2024-11-20T21:34:17.609+0500][gc,heap     ] GC(6) Eden regions: 44->0(48)
[2024-11-20T21:34:17.609+0500][gc,heap     ] GC(6) Survivor regions: 7->3(7)
[2024-11-20T21:34:17.609+0500][gc,heap     ] GC(6) Old regions: 10->16
[2024-11-20T21:34:17.609+0500][gc,heap     ] GC(6) Archive regions: 2->2
[2024-11-20T21:34:17.609+0500][gc,heap     ] GC(6) Humongous regions: 138->138
[2024-11-20T21:34:17.609+0500][gc,metaspace] GC(6) Metaspace: 40716K(41088K)->40716K(41088K) NonClass: 36200K(36416K)->36200K(36416K) Class: 4515K(4672K)->4515K(4672K)
[2024-11-20T21:34:17.609+0500][gc          ] GC(6) Pause Young (Prepare Mixed) (G1 Evacuation Pause) 199M->157M(1024M) 15.704ms
[2024-11-20T21:34:17.609+0500][gc,cpu      ] GC(6) User=0.09s Sys=0.01s Real=0.01s
[2024-11-20T21:34:17.672+0500][gc,heap,exit] Heap
[2024-11-20T21:34:17.672+0500][gc,heap,exit]  garbage-first heap   total 1048576K, used 167049K [0x00000000c0000000, 0x0000000100000000)
[2024-11-20T21:34:17.672+0500][gc,heap,exit]   region size 1024K, 9 young (9216K), 3 survivors (3072K)
[2024-11-20T21:34:17.672+0500][gc,heap,exit]  Metaspace       used 40930K, committed 41344K, reserved 1114112K
[2024-11-20T21:34:17.672+0500][gc,heap,exit]   class space    used 4574K, committed 4736K, reserved 1048576K
