[2024-11-20T21:33:35.796+0500][gc] Using G1
[2024-11-20T21:33:35.809+0500][gc,init] Version: 17.0.13+11-Ubuntu-2ubuntu124.04 (release)
[2024-11-20T21:33:35.809+0500][gc,init] CPUs: 8 total, 8 available
[2024-11-20T21:33:35.809+0500][gc,init] Memory: 7835M
[2024-11-20T21:33:35.809+0500][gc,init] Large Page Support: Disabled
[2024-11-20T21:33:35.809+0500][gc,init] NUMA Support: Disabled
[2024-11-20T21:33:35.809+0500][gc,init] Compressed Oops: Enabled (32-bit)
[2024-11-20T21:33:35.809+0500][gc,init] Heap Region Size: 1M
[2024-11-20T21:33:35.809+0500][gc,init] Heap Min Capacity: 1G
[2024-11-20T21:33:35.809+0500][gc,init] Heap Initial Capacity: 1G
[2024-11-20T21:33:35.809+0500][gc,init] Heap Max Capacity: 1G
[2024-11-20T21:33:35.809+0500][gc,init] Pre-touch: Disabled
[2024-11-20T21:33:35.809+0500][gc,init] Parallel Workers: 8
[2024-11-20T21:33:35.809+0500][gc,init] Concurrent Workers: 2
[2024-11-20T21:33:35.809+0500][gc,init] Concurrent Refinement Workers: 8
[2024-11-20T21:33:35.809+0500][gc,init] Periodic GC: Disabled
[2024-11-20T21:33:35.817+0500][gc,metaspace] CDS archive(s) mapped at: [0x00006ffe27000000-0x00006ffe27bc9000-0x00006ffe27bc9000), size 12357632, SharedBaseAddress: 0x00006ffe27000000, ArchiveRelocationMode: 1.
[2024-11-20T21:33:35.817+0500][gc,metaspace] Compressed class space mapped at: 0x00006ffe28000000-0x00006ffe68000000, reserved size: 1073741824
[2024-11-20T21:33:35.817+0500][gc,metaspace] Narrow klass base: 0x00006ffe27000000, Narrow klass shift: 0, Narrow klass range: 0x100000000
[2024-11-20T21:33:36.946+0500][gc,start    ] GC(0) Pause Young (Normal) (G1 Evacuation Pause)
[2024-11-20T21:33:36.949+0500][gc,task     ] GC(0) Using 8 workers of 8 for evacuation
[2024-11-20T21:33:36.954+0500][gc,phases   ] GC(0)   Pre Evacuate Collection Set: 0.2ms
[2024-11-20T21:33:36.954+0500][gc,phases   ] GC(0)   Merge Heap Roots: 0.2ms
[2024-11-20T21:33:36.954+0500][gc,phases   ] GC(0)   Evacuate Collection Set: 4.3ms
[2024-11-20T21:33:36.954+0500][gc,phases   ] GC(0)   Post Evacuate Collection Set: 0.7ms
[2024-11-20T21:33:36.954+0500][gc,phases   ] GC(0)   Other: 2.6ms
[2024-11-20T21:33:36.954+0500][gc,heap     ] GC(0) Eden regions: 51->0(44)
[2024-11-20T21:33:36.954+0500][gc,heap     ] GC(0) Survivor regions: 0->7(7)
[2024-11-20T21:33:36.954+0500][gc,heap     ] GC(0) Old regions: 0->3
[2024-11-20T21:33:36.954+0500][gc,heap     ] GC(0) Archive regions: 2->2
[2024-11-20T21:33:36.954+0500][gc,heap     ] GC(0) Humongous regions: 0->0
[2024-11-20T21:33:36.954+0500][gc,metaspace] GC(0) Metaspace: 17688K(17856K)->17688K(17856K) NonClass: 15714K(15808K)->15714K(15808K) Class: 1973K(2048K)->1973K(2048K)
[2024-11-20T21:33:36.954+0500][gc          ] GC(0) Pause Young (Normal) (G1 Evacuation Pause) 51M->10M(1024M) 8.219ms
[2024-11-20T21:33:36.954+0500][gc,cpu      ] GC(0) User=0.03s Sys=0.01s Real=0.01s
[2024-11-20T21:33:37.097+0500][gc,start    ] GC(1) Pause Young (Concurrent Start) (Metadata GC Threshold)
[2024-11-20T21:33:37.097+0500][gc,task     ] GC(1) Using 8 workers of 8 for evacuation
[2024-11-20T21:33:37.102+0500][gc,phases   ] GC(1)   Pre Evacuate Collection Set: 0.1ms
[2024-11-20T21:33:37.102+0500][gc,phases   ] GC(1)   Merge Heap Roots: 0.1ms
[2024-11-20T21:33:37.102+0500][gc,phases   ] GC(1)   Evacuate Collection Set: 3.8ms
[2024-11-20T21:33:37.102+0500][gc,phases   ] GC(1)   Post Evacuate Collection Set: 0.8ms
[2024-11-20T21:33:37.102+0500][gc,phases   ] GC(1)   Other: 0.3ms
[2024-11-20T21:33:37.102+0500][gc,heap     ] GC(1) Eden regions: 12->0(50)
[2024-11-20T21:33:37.102+0500][gc,heap     ] GC(1) Survivor regions: 7->1(7)
[2024-11-20T21:33:37.102+0500][gc,heap     ] GC(1) Old regions: 3->9
[2024-11-20T21:33:37.102+0500][gc,heap     ] GC(1) Archive regions: 2->2
[2024-11-20T21:33:37.102+0500][gc,heap     ] GC(1) Humongous regions: 0->0
[2024-11-20T21:33:37.102+0500][gc,metaspace] GC(1) Metaspace: 21336K(21504K)->21336K(21504K) NonClass: 19051K(19136K)->19051K(19136K) Class: 2285K(2368K)->2285K(2368K)
[2024-11-20T21:33:37.102+0500][gc          ] GC(1) Pause Young (Concurrent Start) (Metadata GC Threshold) 22M->10M(1024M) 5.378ms
[2024-11-20T21:33:37.102+0500][gc,cpu      ] GC(1) User=0.02s Sys=0.01s Real=0.01s
[2024-11-20T21:33:37.102+0500][gc          ] GC(2) Concurrent Mark Cycle
[2024-11-20T21:33:37.102+0500][gc,marking  ] GC(2) Concurrent Clear Claimed Marks
[2024-11-20T21:33:37.102+0500][gc,marking  ] GC(2) Concurrent Clear Claimed Marks 0.018ms
[2024-11-20T21:33:37.102+0500][gc,marking  ] GC(2) Concurrent Scan Root Regions
[2024-11-20T21:33:37.105+0500][gc,marking  ] GC(2) Concurrent Scan Root Regions 2.365ms
[2024-11-20T21:33:37.105+0500][gc,marking  ] GC(2) Concurrent Mark
[2024-11-20T21:33:37.105+0500][gc,marking  ] GC(2) Concurrent Mark From Roots
[2024-11-20T21:33:37.105+0500][gc,task     ] GC(2) Using 2 workers of 2 for marking
[2024-11-20T21:33:37.109+0500][gc,marking  ] GC(2) Concurrent Mark From Roots 4.424ms
[2024-11-20T21:33:37.109+0500][gc,marking  ] GC(2) Concurrent Preclean
[2024-11-20T21:33:37.109+0500][gc,marking  ] GC(2) Concurrent Preclean 0.123ms
[2024-11-20T21:33:37.109+0500][gc,start    ] GC(2) Pause Remark
[2024-11-20T21:33:37.112+0500][gc          ] GC(2) Pause Remark 11M->11M(1024M) 2.244ms
[2024-11-20T21:33:37.112+0500][gc,cpu      ] GC(2) User=0.00s Sys=0.00s Real=0.01s
[2024-11-20T21:33:37.112+0500][gc,marking  ] GC(2) Concurrent Mark 7.189ms
[2024-11-20T21:33:37.112+0500][gc,marking  ] GC(2) Concurrent Rebuild Remembered Sets
[2024-11-20T21:33:37.112+0500][gc,marking  ] GC(2) Concurrent Rebuild Remembered Sets 0.013ms
[2024-11-20T21:33:37.112+0500][gc,start    ] GC(2) Pause Cleanup
[2024-11-20T21:33:37.112+0500][gc          ] GC(2) Pause Cleanup 11M->11M(1024M) 0.050ms
[2024-11-20T21:33:37.112+0500][gc,cpu      ] GC(2) User=0.00s Sys=0.00s Real=0.00s
[2024-11-20T21:33:37.112+0500][gc,marking  ] GC(2) Concurrent Cleanup for Next Mark
[2024-11-20T21:33:37.119+0500][gc,marking  ] GC(2) Concurrent Cleanup for Next Mark 6.429ms
[2024-11-20T21:33:37.119+0500][gc          ] GC(2) Concurrent Mark Cycle 16.546ms
[2024-11-20T21:33:37.931+0500][gc,start    ] GC(3) Pause Young (Normal) (G1 Evacuation Pause)
[2024-11-20T21:33:37.931+0500][gc,task     ] GC(3) Using 8 workers of 8 for evacuation
[2024-11-20T21:33:37.935+0500][gc,phases   ] GC(3)   Pre Evacuate Collection Set: 0.2ms
[2024-11-20T21:33:37.935+0500][gc,phases   ] GC(3)   Merge Heap Roots: 0.1ms
[2024-11-20T21:33:37.935+0500][gc,phases   ] GC(3)   Evacuate Collection Set: 2.8ms
[2024-11-20T21:33:37.935+0500][gc,phases   ] GC(3)   Post Evacuate Collection Set: 0.4ms
[2024-11-20T21:33:37.935+0500][gc,phases   ] GC(3)   Other: 0.2ms
[2024-11-20T21:33:37.935+0500][gc,heap     ] GC(3) Eden regions: 50->0(47)
[2024-11-20T21:33:37.935+0500][gc,heap     ] GC(3) Survivor regions: 1->4(7)
[2024-11-20T21:33:37.935+0500][gc,heap     ] GC(3) Old regions: 9->9
[2024-11-20T21:33:37.935+0500][gc,heap     ] GC(3) Archive regions: 2->2
[2024-11-20T21:33:37.935+0500][gc,heap     ] GC(3) Humongous regions: 0->0
[2024-11-20T21:33:37.935+0500][gc,metaspace] GC(3) Metaspace: 30899K(31168K)->30899K(31168K) NonClass: 27449K(27584K)->27449K(27584K) Class: 3449K(3584K)->3449K(3584K)
[2024-11-20T21:33:37.935+0500][gc          ] GC(3) Pause Young (Normal) (G1 Evacuation Pause) 60M->13M(1024M) 3.751ms
[2024-11-20T21:33:37.935+0500][gc,cpu      ] GC(3) User=0.03s Sys=0.00s Real=0.00s
[2024-11-20T21:33:38.411+0500][gc,start    ] GC(4) Pause Young (Concurrent Start) (Metadata GC Threshold)
[2024-11-20T21:33:38.411+0500][gc,task     ] GC(4) Using 8 workers of 8 for evacuation
[2024-11-20T21:33:38.419+0500][gc,phases   ] GC(4)   Pre Evacuate Collection Set: 0.2ms
[2024-11-20T21:33:38.419+0500][gc,phases   ] GC(4)   Merge Heap Roots: 0.1ms
[2024-11-20T21:33:38.419+0500][gc,phases   ] GC(4)   Evacuate Collection Set: 6.7ms
[2024-11-20T21:33:38.419+0500][gc,phases   ] GC(4)   Post Evacuate Collection Set: 0.6ms
[2024-11-20T21:33:38.419+0500][gc,phases   ] GC(4)   Other: 0.3ms
[2024-11-20T21:33:38.419+0500][gc,heap     ] GC(4) Eden regions: 29->0(44)
[2024-11-20T21:33:38.419+0500][gc,heap     ] GC(4) Survivor regions: 4->7(7)
[2024-11-20T21:33:38.419+0500][gc,heap     ] GC(4) Old regions: 9->10
[2024-11-20T21:33:38.419+0500][gc,heap     ] GC(4) Archive regions: 2->2
[2024-11-20T21:33:38.419+0500][gc,heap     ] GC(4) Humongous regions: 0->0
[2024-11-20T21:33:38.419+0500][gc,metaspace] GC(4) Metaspace: 35704K(35968K)->35704K(35968K) NonClass: 31792K(31936K)->31792K(31936K) Class: 3912K(4032K)->3912K(4032K)
[2024-11-20T21:33:38.419+0500][gc          ] GC(4) Pause Young (Concurrent Start) (Metadata GC Threshold) 42M->16M(1024M) 8.025ms
[2024-11-20T21:33:38.419+0500][gc,cpu      ] GC(4) User=0.06s Sys=0.00s Real=0.00s
[2024-11-20T21:33:38.419+0500][gc          ] GC(5) Concurrent Mark Cycle
[2024-11-20T21:33:38.419+0500][gc,marking  ] GC(5) Concurrent Clear Claimed Marks
[2024-11-20T21:33:38.419+0500][gc,marking  ] GC(5) Concurrent Clear Claimed Marks 0.031ms
[2024-11-20T21:33:38.419+0500][gc,marking  ] GC(5) Concurrent Scan Root Regions
[2024-11-20T21:33:38.423+0500][gc,marking  ] GC(5) Concurrent Scan Root Regions 4.267ms
[2024-11-20T21:33:38.423+0500][gc,marking  ] GC(5) Concurrent Mark
[2024-11-20T21:33:38.423+0500][gc,marking  ] GC(5) Concurrent Mark From Roots
[2024-11-20T21:33:38.423+0500][gc,task     ] GC(5) Using 2 workers of 2 for marking
[2024-11-20T21:33:38.435+0500][gc,marking  ] GC(5) Concurrent Mark From Roots 11.749ms
[2024-11-20T21:33:38.435+0500][gc,marking  ] GC(5) Concurrent Preclean
[2024-11-20T21:33:38.435+0500][gc,marking  ] GC(5) Concurrent Preclean 0.245ms
[2024-11-20T21:33:38.436+0500][gc,start    ] GC(5) Pause Remark
[2024-11-20T21:33:38.437+0500][gc          ] GC(5) Pause Remark 17M->17M(1024M) 1.738ms
[2024-11-20T21:33:38.437+0500][gc,cpu      ] GC(5) User=0.01s Sys=0.00s Real=0.00s
[2024-11-20T21:33:38.437+0500][gc,marking  ] GC(5) Concurrent Mark 14.063ms
[2024-11-20T21:33:38.437+0500][gc,marking  ] GC(5) Concurrent Rebuild Remembered Sets
[2024-11-20T21:33:38.443+0500][gc,marking  ] GC(5) Concurrent Rebuild Remembered Sets 5.074ms
[2024-11-20T21:33:38.443+0500][gc,start    ] GC(5) Pause Cleanup
[2024-11-20T21:33:38.443+0500][gc          ] GC(5) Pause Cleanup 17M->17M(1024M) 0.275ms
[2024-11-20T21:33:38.443+0500][gc,cpu      ] GC(5) User=0.00s Sys=0.00s Real=0.00s
[2024-11-20T21:33:38.443+0500][gc,marking  ] GC(5) Concurrent Cleanup for Next Mark
[2024-11-20T21:33:38.452+0500][gc,marking  ] GC(5) Concurrent Cleanup for Next Mark 8.777ms
[2024-11-20T21:33:38.452+0500][gc          ] GC(5) Concurrent Mark Cycle 33.125ms
[2024-11-20T21:33:45.242+0500][gc,heap,exit] Heap
[2024-11-20T21:33:45.242+0500][gc,heap,exit]  garbage-first heap   total 1048576K, used 35184K [0x00000000c0000000, 0x0000000100000000)
[2024-11-20T21:33:45.242+0500][gc,heap,exit]   region size 1024K, 25 young (25600K), 7 survivors (7168K)
[2024-11-20T21:33:45.242+0500][gc,heap,exit]  Metaspace       used 37128K, committed 37440K, reserved 1114112K
[2024-11-20T21:33:45.242+0500][gc,heap,exit]   class space    used 4080K, committed 4224K, reserved 1048576K
