[2024-11-20T22:13:43.640+0500][gc] Using G1
[2024-11-20T22:13:43.654+0500][gc,init] Version: 17.0.13+11-Ubuntu-2ubuntu124.04 (release)
[2024-11-20T22:13:43.654+0500][gc,init] CPUs: 8 total, 8 available
[2024-11-20T22:13:43.654+0500][gc,init] Memory: 7835M
[2024-11-20T22:13:43.654+0500][gc,init] Large Page Support: Disabled
[2024-11-20T22:13:43.654+0500][gc,init] NUMA Support: Disabled
[2024-11-20T22:13:43.654+0500][gc,init] Compressed Oops: Enabled (32-bit)
[2024-11-20T22:13:43.654+0500][gc,init] Heap Region Size: 1M
[2024-11-20T22:13:43.654+0500][gc,init] Heap Min Capacity: 1G
[2024-11-20T22:13:43.654+0500][gc,init] Heap Initial Capacity: 1G
[2024-11-20T22:13:43.654+0500][gc,init] Heap Max Capacity: 1G
[2024-11-20T22:13:43.654+0500][gc,init] Pre-touch: Disabled
[2024-11-20T22:13:43.654+0500][gc,init] Parallel Workers: 8
[2024-11-20T22:13:43.654+0500][gc,init] Concurrent Workers: 2
[2024-11-20T22:13:43.654+0500][gc,init] Concurrent Refinement Workers: 8
[2024-11-20T22:13:43.654+0500][gc,init] Periodic GC: Disabled
[2024-11-20T22:13:43.661+0500][gc,metaspace] CDS archive(s) mapped at: [0x000076c0b3000000-0x000076c0b3bc9000-0x000076c0b3bc9000), size 12357632, SharedBaseAddress: 0x000076c0b3000000, ArchiveRelocationMode: 1.
[2024-11-20T22:13:43.661+0500][gc,metaspace] Compressed class space mapped at: 0x000076c0b4000000-0x000076c0f4000000, reserved size: 1073741824
[2024-11-20T22:13:43.661+0500][gc,metaspace] Narrow klass base: 0x000076c0b3000000, Narrow klass shift: 0, Narrow klass range: 0x100000000
[2024-11-20T22:13:45.309+0500][gc,start    ] GC(0) Pause Young (Normal) (G1 Evacuation Pause)
[2024-11-20T22:13:45.312+0500][gc,task     ] GC(0) Using 8 workers of 8 for evacuation
[2024-11-20T22:13:45.320+0500][gc,phases   ] GC(0)   Pre Evacuate Collection Set: 0.4ms
[2024-11-20T22:13:45.320+0500][gc,phases   ] GC(0)   Merge Heap Roots: 0.1ms
[2024-11-20T22:13:45.320+0500][gc,phases   ] GC(0)   Evacuate Collection Set: 6.4ms
[2024-11-20T22:13:45.320+0500][gc,phases   ] GC(0)   Post Evacuate Collection Set: 0.5ms
[2024-11-20T22:13:45.320+0500][gc,phases   ] GC(0)   Other: 2.6ms
[2024-11-20T22:13:45.320+0500][gc,heap     ] GC(0) Eden regions: 51->0(44)
[2024-11-20T22:13:45.320+0500][gc,heap     ] GC(0) Survivor regions: 0->7(7)
[2024-11-20T22:13:45.320+0500][gc,heap     ] GC(0) Old regions: 0->2
[2024-11-20T22:13:45.320+0500][gc,heap     ] GC(0) Archive regions: 2->2
[2024-11-20T22:13:45.320+0500][gc,heap     ] GC(0) Humongous regions: 0->0
[2024-11-20T22:13:45.320+0500][gc,metaspace] GC(0) Metaspace: 17704K(17920K)->17704K(17920K) NonClass: 15738K(15872K)->15738K(15872K) Class: 1966K(2048K)->1966K(2048K)
[2024-11-20T22:13:45.320+0500][gc          ] GC(0) Pause Young (Normal) (G1 Evacuation Pause) 51M->9M(1024M) 10.228ms
[2024-11-20T22:13:45.320+0500][gc,cpu      ] GC(0) User=0.02s Sys=0.02s Real=0.02s
[2024-11-20T22:13:45.593+0500][gc,start    ] GC(1) Pause Young (Concurrent Start) (Metadata GC Threshold)
[2024-11-20T22:13:45.593+0500][gc,task     ] GC(1) Using 8 workers of 8 for evacuation
[2024-11-20T22:13:45.600+0500][gc,phases   ] GC(1)   Pre Evacuate Collection Set: 0.2ms
[2024-11-20T22:13:45.600+0500][gc,phases   ] GC(1)   Merge Heap Roots: 0.1ms
[2024-11-20T22:13:45.600+0500][gc,phases   ] GC(1)   Evacuate Collection Set: 5.9ms
[2024-11-20T22:13:45.600+0500][gc,phases   ] GC(1)   Post Evacuate Collection Set: 0.5ms
[2024-11-20T22:13:45.600+0500][gc,phases   ] GC(1)   Other: 0.3ms
[2024-11-20T22:13:45.600+0500][gc,heap     ] GC(1) Eden regions: 13->0(49)
[2024-11-20T22:13:45.600+0500][gc,heap     ] GC(1) Survivor regions: 7->2(7)
[2024-11-20T22:13:45.600+0500][gc,heap     ] GC(1) Old regions: 2->9
[2024-11-20T22:13:45.600+0500][gc,heap     ] GC(1) Archive regions: 2->2
[2024-11-20T22:13:45.600+0500][gc,heap     ] GC(1) Humongous regions: 0->0
[2024-11-20T22:13:45.600+0500][gc,metaspace] GC(1) Metaspace: 21316K(21504K)->21316K(21504K) NonClass: 18990K(19072K)->18990K(19072K) Class: 2325K(2432K)->2325K(2432K)
[2024-11-20T22:13:45.600+0500][gc          ] GC(1) Pause Young (Concurrent Start) (Metadata GC Threshold) 21M->10M(1024M) 7.155ms
[2024-11-20T22:13:45.600+0500][gc,cpu      ] GC(1) User=0.03s Sys=0.00s Real=0.01s
[2024-11-20T22:13:45.600+0500][gc          ] GC(2) Concurrent Mark Cycle
[2024-11-20T22:13:45.600+0500][gc,marking  ] GC(2) Concurrent Clear Claimed Marks
[2024-11-20T22:13:45.600+0500][gc,marking  ] GC(2) Concurrent Clear Claimed Marks 0.021ms
[2024-11-20T22:13:45.600+0500][gc,marking  ] GC(2) Concurrent Scan Root Regions
[2024-11-20T22:13:45.604+0500][gc,marking  ] GC(2) Concurrent Scan Root Regions 3.231ms
[2024-11-20T22:13:45.604+0500][gc,marking  ] GC(2) Concurrent Mark
[2024-11-20T22:13:45.604+0500][gc,marking  ] GC(2) Concurrent Mark From Roots
[2024-11-20T22:13:45.604+0500][gc,task     ] GC(2) Using 2 workers of 2 for marking
[2024-11-20T22:13:45.609+0500][gc,marking  ] GC(2) Concurrent Mark From Roots 5.042ms
[2024-11-20T22:13:45.609+0500][gc,marking  ] GC(2) Concurrent Preclean
[2024-11-20T22:13:45.609+0500][gc,marking  ] GC(2) Concurrent Preclean 0.185ms
[2024-11-20T22:13:45.609+0500][gc,start    ] GC(2) Pause Remark
[2024-11-20T22:13:45.611+0500][gc          ] GC(2) Pause Remark 10M->10M(1024M) 2.241ms
[2024-11-20T22:13:45.611+0500][gc,cpu      ] GC(2) User=0.01s Sys=0.00s Real=0.01s
[2024-11-20T22:13:45.611+0500][gc,marking  ] GC(2) Concurrent Mark 7.795ms
[2024-11-20T22:13:45.611+0500][gc,marking  ] GC(2) Concurrent Rebuild Remembered Sets
[2024-11-20T22:13:45.615+0500][gc,marking  ] GC(2) Concurrent Rebuild Remembered Sets 3.654ms
[2024-11-20T22:13:45.615+0500][gc,start    ] GC(2) Pause Cleanup
[2024-11-20T22:13:45.616+0500][gc          ] GC(2) Pause Cleanup 10M->10M(1024M) 0.258ms
[2024-11-20T22:13:45.616+0500][gc,cpu      ] GC(2) User=0.00s Sys=0.00s Real=0.00s
[2024-11-20T22:13:45.616+0500][gc,marking  ] GC(2) Concurrent Cleanup for Next Mark
[2024-11-20T22:13:45.623+0500][gc,marking  ] GC(2) Concurrent Cleanup for Next Mark 7.799ms
[2024-11-20T22:13:45.624+0500][gc          ] GC(2) Concurrent Mark Cycle 23.279ms
[2024-11-20T22:13:46.905+0500][gc,start    ] GC(3) Pause Young (Normal) (G1 Evacuation Pause)
[2024-11-20T22:13:46.905+0500][gc,task     ] GC(3) Using 8 workers of 8 for evacuation
[2024-11-20T22:13:46.909+0500][gc,phases   ] GC(3)   Pre Evacuate Collection Set: 0.2ms
[2024-11-20T22:13:46.909+0500][gc,phases   ] GC(3)   Merge Heap Roots: 0.1ms
[2024-11-20T22:13:46.909+0500][gc,phases   ] GC(3)   Evacuate Collection Set: 3.0ms
[2024-11-20T22:13:46.909+0500][gc,phases   ] GC(3)   Post Evacuate Collection Set: 0.6ms
[2024-11-20T22:13:46.909+0500][gc,phases   ] GC(3)   Other: 0.2ms
[2024-11-20T22:13:46.909+0500][gc,heap     ] GC(3) Eden regions: 49->0(47)
[2024-11-20T22:13:46.909+0500][gc,heap     ] GC(3) Survivor regions: 2->4(7)
[2024-11-20T22:13:46.909+0500][gc,heap     ] GC(3) Old regions: 9->9
[2024-11-20T22:13:46.909+0500][gc,heap     ] GC(3) Archive regions: 2->2
[2024-11-20T22:13:46.909+0500][gc,heap     ] GC(3) Humongous regions: 0->0
[2024-11-20T22:13:46.909+0500][gc,metaspace] GC(3) Metaspace: 32024K(32256K)->32024K(32256K) NonClass: 28448K(28608K)->28448K(28608K) Class: 3576K(3648K)->3576K(3648K)
[2024-11-20T22:13:46.909+0500][gc          ] GC(3) Pause Young (Normal) (G1 Evacuation Pause) 59M->13M(1024M) 4.184ms
[2024-11-20T22:13:46.909+0500][gc,cpu      ] GC(3) User=0.02s Sys=0.00s Real=0.00s
[2024-11-20T22:13:47.289+0500][gc,start    ] GC(4) Pause Young (Concurrent Start) (Metadata GC Threshold)
[2024-11-20T22:13:47.289+0500][gc,task     ] GC(4) Using 8 workers of 8 for evacuation
[2024-11-20T22:13:47.300+0500][gc,phases   ] GC(4)   Pre Evacuate Collection Set: 0.3ms
[2024-11-20T22:13:47.300+0500][gc,phases   ] GC(4)   Merge Heap Roots: 0.1ms
[2024-11-20T22:13:47.300+0500][gc,phases   ] GC(4)   Evacuate Collection Set: 8.8ms
[2024-11-20T22:13:47.300+0500][gc,phases   ] GC(4)   Post Evacuate Collection Set: 0.8ms
[2024-11-20T22:13:47.300+0500][gc,phases   ] GC(4)   Other: 0.3ms
[2024-11-20T22:13:47.300+0500][gc,heap     ] GC(4) Eden regions: 26->0(44)
[2024-11-20T22:13:47.300+0500][gc,heap     ] GC(4) Survivor regions: 4->7(7)
[2024-11-20T22:13:47.300+0500][gc,heap     ] GC(4) Old regions: 9->9
[2024-11-20T22:13:47.300+0500][gc,heap     ] GC(4) Archive regions: 2->2
[2024-11-20T22:13:47.300+0500][gc,heap     ] GC(4) Humongous regions: 0->0
[2024-11-20T22:13:47.300+0500][gc,metaspace] GC(4) Metaspace: 35756K(35968K)->35756K(35968K) NonClass: 31802K(31936K)->31802K(31936K) Class: 3954K(4032K)->3954K(4032K)
[2024-11-20T22:13:47.300+0500][gc          ] GC(4) Pause Young (Concurrent Start) (Metadata GC Threshold) 38M->16M(1024M) 10.403ms
[2024-11-20T22:13:47.300+0500][gc,cpu      ] GC(4) User=0.04s Sys=0.00s Real=0.02s
[2024-11-20T22:13:47.300+0500][gc          ] GC(5) Concurrent Mark Cycle
[2024-11-20T22:13:47.300+0500][gc,marking  ] GC(5) Concurrent Clear Claimed Marks
[2024-11-20T22:13:47.300+0500][gc,marking  ] GC(5) Concurrent Clear Claimed Marks 0.028ms
[2024-11-20T22:13:47.300+0500][gc,marking  ] GC(5) Concurrent Scan Root Regions
[2024-11-20T22:13:47.310+0500][gc,marking  ] GC(5) Concurrent Scan Root Regions 9.213ms
[2024-11-20T22:13:47.310+0500][gc,marking  ] GC(5) Concurrent Mark
[2024-11-20T22:13:47.310+0500][gc,marking  ] GC(5) Concurrent Mark From Roots
[2024-11-20T22:13:47.310+0500][gc,task     ] GC(5) Using 2 workers of 2 for marking
[2024-11-20T22:13:47.321+0500][gc,marking  ] GC(5) Concurrent Mark From Roots 11.630ms
[2024-11-20T22:13:47.321+0500][gc,marking  ] GC(5) Concurrent Preclean
[2024-11-20T22:13:47.322+0500][gc,marking  ] GC(5) Concurrent Preclean 0.241ms
[2024-11-20T22:13:47.323+0500][gc,start    ] GC(5) Pause Remark
[2024-11-20T22:13:47.333+0500][gc          ] GC(5) Pause Remark 17M->17M(1024M) 9.697ms
[2024-11-20T22:13:47.333+0500][gc,cpu      ] GC(5) User=0.02s Sys=0.00s Real=0.01s
[2024-11-20T22:13:47.334+0500][gc,marking  ] GC(5) Concurrent Mark 24.081ms
[2024-11-20T22:13:47.334+0500][gc,marking  ] GC(5) Concurrent Rebuild Remembered Sets
[2024-11-20T22:13:47.334+0500][gc,marking  ] GC(5) Concurrent Rebuild Remembered Sets 0.014ms
[2024-11-20T22:13:47.335+0500][gc,start    ] GC(5) Pause Cleanup
[2024-11-20T22:13:47.335+0500][gc          ] GC(5) Pause Cleanup 17M->17M(1024M) 0.056ms
[2024-11-20T22:13:47.336+0500][gc,cpu      ] GC(5) User=0.00s Sys=0.00s Real=0.00s
[2024-11-20T22:13:47.336+0500][gc,marking  ] GC(5) Concurrent Cleanup for Next Mark
[2024-11-20T22:13:47.346+0500][gc,marking  ] GC(5) Concurrent Cleanup for Next Mark 9.432ms
[2024-11-20T22:13:47.346+0500][gc          ] GC(5) Concurrent Mark Cycle 46.152ms
[2024-11-20T22:13:49.675+0500][gc,start    ] GC(6) Pause Young (Normal) (G1 Evacuation Pause)
[2024-11-20T22:13:49.675+0500][gc,task     ] GC(6) Using 8 workers of 8 for evacuation
[2024-11-20T22:13:49.688+0500][gc,phases   ] GC(6)   Pre Evacuate Collection Set: 0.3ms
[2024-11-20T22:13:49.688+0500][gc,phases   ] GC(6)   Merge Heap Roots: 0.2ms
[2024-11-20T22:13:49.688+0500][gc,phases   ] GC(6)   Evacuate Collection Set: 11.1ms
[2024-11-20T22:13:49.688+0500][gc,phases   ] GC(6)   Post Evacuate Collection Set: 0.9ms
[2024-11-20T22:13:49.688+0500][gc,phases   ] GC(6)   Other: 0.2ms
[2024-11-20T22:13:49.688+0500][gc,heap     ] GC(6) Eden regions: 44->0(47)
[2024-11-20T22:13:49.688+0500][gc,heap     ] GC(6) Survivor regions: 7->4(7)
[2024-11-20T22:13:49.688+0500][gc,heap     ] GC(6) Old regions: 9->16
[2024-11-20T22:13:49.688+0500][gc,heap     ] GC(6) Archive regions: 2->2
[2024-11-20T22:13:49.688+0500][gc,heap     ] GC(6) Humongous regions: 129->129
[2024-11-20T22:13:49.688+0500][gc,metaspace] GC(6) Metaspace: 39784K(40192K)->39784K(40192K) NonClass: 35383K(35648K)->35383K(35648K) Class: 4400K(4544K)->4400K(4544K)
[2024-11-20T22:13:49.688+0500][gc          ] GC(6) Pause Young (Normal) (G1 Evacuation Pause) 189M->149M(1024M) 12.880ms
[2024-11-20T22:13:49.688+0500][gc,cpu      ] GC(6) User=0.06s Sys=0.00s Real=0.01s
[2024-11-20T22:14:06.081+0500][gc,start    ] GC(7) Pause Young (Normal) (G1 Evacuation Pause)
[2024-11-20T22:14:06.081+0500][gc,task     ] GC(7) Using 8 workers of 8 for evacuation
[2024-11-20T22:14:06.091+0500][gc,phases   ] GC(7)   Pre Evacuate Collection Set: 0.3ms
[2024-11-20T22:14:06.091+0500][gc,phases   ] GC(7)   Merge Heap Roots: 0.2ms
[2024-11-20T22:14:06.091+0500][gc,phases   ] GC(7)   Evacuate Collection Set: 8.1ms
[2024-11-20T22:14:06.091+0500][gc,phases   ] GC(7)   Post Evacuate Collection Set: 1.2ms
[2024-11-20T22:14:06.091+0500][gc,phases   ] GC(7)   Other: 0.3ms
[2024-11-20T22:14:06.091+0500][gc,heap     ] GC(7) Eden regions: 47->0(45)
[2024-11-20T22:14:06.091+0500][gc,heap     ] GC(7) Survivor regions: 4->6(7)
[2024-11-20T22:14:06.091+0500][gc,heap     ] GC(7) Old regions: 16->16
[2024-11-20T22:14:06.091+0500][gc,heap     ] GC(7) Archive regions: 2->2
[2024-11-20T22:14:06.091+0500][gc,heap     ] GC(7) Humongous regions: 135->129
[2024-11-20T22:14:06.091+0500][gc,metaspace] GC(7) Metaspace: 43871K(44416K)->43871K(44416K) NonClass: 38848K(39168K)->38848K(39168K) Class: 5023K(5248K)->5023K(5248K)
[2024-11-20T22:14:06.091+0500][gc          ] GC(7) Pause Young (Normal) (G1 Evacuation Pause) 202M->150M(1024M) 10.468ms
[2024-11-20T22:14:06.092+0500][gc,cpu      ] GC(7) User=0.06s Sys=0.00s Real=0.01s
[2024-11-20T22:15:06.901+0500][gc,start    ] GC(8) Pause Young (Normal) (G1 Evacuation Pause)
[2024-11-20T22:15:06.901+0500][gc,task     ] GC(8) Using 8 workers of 8 for evacuation
[2024-11-20T22:15:06.909+0500][gc,phases   ] GC(8)   Pre Evacuate Collection Set: 0.4ms
[2024-11-20T22:15:06.910+0500][gc,phases   ] GC(8)   Merge Heap Roots: 0.2ms
[2024-11-20T22:15:06.910+0500][gc,phases   ] GC(8)   Evacuate Collection Set: 6.9ms
[2024-11-20T22:15:06.910+0500][gc,phases   ] GC(8)   Post Evacuate Collection Set: 0.9ms
[2024-11-20T22:15:06.910+0500][gc,phases   ] GC(8)   Other: 0.3ms
[2024-11-20T22:15:06.910+0500][gc,heap     ] GC(8) Eden regions: 45->0(45)
[2024-11-20T22:15:06.910+0500][gc,heap     ] GC(8) Survivor regions: 6->6(7)
[2024-11-20T22:15:06.910+0500][gc,heap     ] GC(8) Old regions: 16->19
[2024-11-20T22:15:06.910+0500][gc,heap     ] GC(8) Archive regions: 2->2
[2024-11-20T22:15:06.910+0500][gc,heap     ] GC(8) Humongous regions: 129->129
[2024-11-20T22:15:06.910+0500][gc,metaspace] GC(8) Metaspace: 44737K(45248K)->44737K(45248K) NonClass: 39672K(39936K)->39672K(39936K) Class: 5064K(5312K)->5064K(5312K)
[2024-11-20T22:15:06.910+0500][gc          ] GC(8) Pause Young (Normal) (G1 Evacuation Pause) 195M->154M(1024M) 8.991ms
[2024-11-20T22:15:06.910+0500][gc,cpu      ] GC(8) User=0.05s Sys=0.00s Real=0.01s
[2024-11-20T22:16:08.542+0500][gc,start    ] GC(9) Pause Young (Normal) (G1 Evacuation Pause)
[2024-11-20T22:16:08.542+0500][gc,task     ] GC(9) Using 8 workers of 8 for evacuation
[2024-11-20T22:16:08.557+0500][gc,phases   ] GC(9)   Pre Evacuate Collection Set: 0.5ms
[2024-11-20T22:16:08.557+0500][gc,phases   ] GC(9)   Merge Heap Roots: 0.2ms
[2024-11-20T22:16:08.557+0500][gc,phases   ] GC(9)   Evacuate Collection Set: 13.0ms
[2024-11-20T22:16:08.557+0500][gc,phases   ] GC(9)   Post Evacuate Collection Set: 1.0ms
[2024-11-20T22:16:08.558+0500][gc,phases   ] GC(9)   Other: 0.4ms
[2024-11-20T22:16:08.558+0500][gc,heap     ] GC(9) Eden regions: 45->0(44)
[2024-11-20T22:16:08.558+0500][gc,heap     ] GC(9) Survivor regions: 6->7(7)
[2024-11-20T22:16:08.558+0500][gc,heap     ] GC(9) Old regions: 19->21
[2024-11-20T22:16:08.558+0500][gc,heap     ] GC(9) Archive regions: 2->2
[2024-11-20T22:16:08.558+0500][gc,heap     ] GC(9) Humongous regions: 129->129
[2024-11-20T22:16:08.558+0500][gc,metaspace] GC(9) Metaspace: 45274K(45824K)->45274K(45824K) NonClass: 40142K(40448K)->40142K(40448K) Class: 5132K(5376K)->5132K(5376K)
[2024-11-20T22:16:08.558+0500][gc          ] GC(9) Pause Young (Normal) (G1 Evacuation Pause) 199M->157M(1024M) 15.397ms
[2024-11-20T22:16:08.558+0500][gc,cpu      ] GC(9) User=0.10s Sys=0.00s Real=0.01s
[2024-11-20T22:17:09.552+0500][gc,start    ] GC(10) Pause Young (Normal) (G1 Evacuation Pause)
[2024-11-20T22:17:09.552+0500][gc,task     ] GC(10) Using 8 workers of 8 for evacuation
[2024-11-20T22:17:09.561+0500][gc,phases   ] GC(10)   Pre Evacuate Collection Set: 0.4ms
[2024-11-20T22:17:09.561+0500][gc,phases   ] GC(10)   Merge Heap Roots: 0.2ms
[2024-11-20T22:17:09.561+0500][gc,phases   ] GC(10)   Evacuate Collection Set: 7.7ms
[2024-11-20T22:17:09.561+0500][gc,phases   ] GC(10)   Post Evacuate Collection Set: 0.7ms
[2024-11-20T22:17:09.561+0500][gc,phases   ] GC(10)   Other: 0.3ms
[2024-11-20T22:17:09.561+0500][gc,heap     ] GC(10) Eden regions: 44->0(54)
[2024-11-20T22:17:09.561+0500][gc,heap     ] GC(10) Survivor regions: 7->4(7)
[2024-11-20T22:17:09.561+0500][gc,heap     ] GC(10) Old regions: 21->22
[2024-11-20T22:17:09.561+0500][gc,heap     ] GC(10) Archive regions: 2->2
[2024-11-20T22:17:09.561+0500][gc,heap     ] GC(10) Humongous regions: 129->129
[2024-11-20T22:17:09.561+0500][gc,metaspace] GC(10) Metaspace: 45466K(46016K)->45466K(46016K) NonClass: 40327K(40640K)->40327K(40640K) Class: 5139K(5376K)->5139K(5376K)
[2024-11-20T22:17:09.561+0500][gc          ] GC(10) Pause Young (Normal) (G1 Evacuation Pause) 201M->155M(1024M) 9.457ms
[2024-11-20T22:17:09.561+0500][gc,cpu      ] GC(10) User=0.05s Sys=0.01s Real=0.01s
[2024-11-20T22:18:25.558+0500][gc,start    ] GC(11) Pause Young (Normal) (G1 Evacuation Pause)
[2024-11-20T22:18:25.558+0500][gc,task     ] GC(11) Using 8 workers of 8 for evacuation
[2024-11-20T22:18:25.570+0500][gc,phases   ] GC(11)   Pre Evacuate Collection Set: 0.3ms
[2024-11-20T22:18:25.570+0500][gc,phases   ] GC(11)   Merge Heap Roots: 0.1ms
[2024-11-20T22:18:25.570+0500][gc,phases   ] GC(11)   Evacuate Collection Set: 10.4ms
[2024-11-20T22:18:25.570+0500][gc,phases   ] GC(11)   Post Evacuate Collection Set: 0.8ms
[2024-11-20T22:18:25.571+0500][gc,phases   ] GC(11)   Other: 0.3ms
[2024-11-20T22:18:25.571+0500][gc,heap     ] GC(11) Eden regions: 52->0(44)
[2024-11-20T22:18:25.571+0500][gc,heap     ] GC(11) Survivor regions: 4->7(7)
[2024-11-20T22:18:25.571+0500][gc,heap     ] GC(11) Old regions: 22->22
[2024-11-20T22:18:25.571+0500][gc,heap     ] GC(11) Archive regions: 2->2
[2024-11-20T22:18:25.571+0500][gc,heap     ] GC(11) Humongous regions: 129->129
[2024-11-20T22:18:25.571+0500][gc,metaspace] GC(11) Metaspace: 45632K(46144K)->45632K(46144K) NonClass: 40493K(40768K)->40493K(40768K) Class: 5139K(5376K)->5139K(5376K)
[2024-11-20T22:18:25.571+0500][gc          ] GC(11) Pause Young (Normal) (G1 Evacuation Pause) 207M->158M(1024M) 12.442ms
[2024-11-20T22:18:25.571+0500][gc,cpu      ] GC(11) User=0.08s Sys=0.01s Real=0.02s
[2024-11-20T22:19:06.538+0500][gc,heap,exit] Heap
[2024-11-20T22:19:06.538+0500][gc,heap,exit]  garbage-first heap   total 1048576K, used 206490K [0x00000000c0000000, 0x0000000100000000)
[2024-11-20T22:19:06.538+0500][gc,heap,exit]   region size 1024K, 50 young (51200K), 7 survivors (7168K)
[2024-11-20T22:19:06.538+0500][gc,heap,exit]  Metaspace       used 47270K, committed 47808K, reserved 1114112K
[2024-11-20T22:19:06.538+0500][gc,heap,exit]   class space    used 5450K, committed 5696K, reserved 1048576K
