[2024-11-20T21:34:24.522+0500][gc] Using G1
[2024-11-20T21:34:24.538+0500][gc,init] Version: 17.0.13+11-Ubuntu-2ubuntu124.04 (release)
[2024-11-20T21:34:24.539+0500][gc,init] CPUs: 8 total, 8 available
[2024-11-20T21:34:24.539+0500][gc,init] Memory: 7835M
[2024-11-20T21:34:24.539+0500][gc,init] Large Page Support: Disabled
[2024-11-20T21:34:24.539+0500][gc,init] NUMA Support: Disabled
[2024-11-20T21:34:24.539+0500][gc,init] Compressed Oops: Enabled (32-bit)
[2024-11-20T21:34:24.539+0500][gc,init] Heap Region Size: 1M
[2024-11-20T21:34:24.539+0500][gc,init] Heap Min Capacity: 1G
[2024-11-20T21:34:24.539+0500][gc,init] Heap Initial Capacity: 1G
[2024-11-20T21:34:24.539+0500][gc,init] Heap Max Capacity: 1G
[2024-11-20T21:34:24.539+0500][gc,init] Pre-touch: Disabled
[2024-11-20T21:34:24.539+0500][gc,init] Parallel Workers: 8
[2024-11-20T21:34:24.539+0500][gc,init] Concurrent Workers: 2
[2024-11-20T21:34:24.539+0500][gc,init] Concurrent Refinement Workers: 8
[2024-11-20T21:34:24.539+0500][gc,init] Periodic GC: Disabled
[2024-11-20T21:34:24.549+0500][gc,metaspace] CDS archive(s) mapped at: [0x00006ffd1f000000-0x00006ffd1fbc9000-0x00006ffd1fbc9000), size 12357632, SharedBaseAddress: 0x00006ffd1f000000, ArchiveRelocationMode: 1.
[2024-11-20T21:34:24.549+0500][gc,metaspace] Compressed class space mapped at: 0x00006ffd20000000-0x00006ffd60000000, reserved size: 1073741824
[2024-11-20T21:34:24.549+0500][gc,metaspace] Narrow klass base: 0x00006ffd1f000000, Narrow klass shift: 0, Narrow klass range: 0x100000000
[2024-11-20T21:34:26.218+0500][gc,start    ] GC(0) Pause Young (Normal) (G1 Evacuation Pause)
[2024-11-20T21:34:26.218+0500][gc,task     ] GC(0) Using 8 workers of 8 for evacuation
[2024-11-20T21:34:26.224+0500][gc,phases   ] GC(0)   Pre Evacuate Collection Set: 0.2ms
[2024-11-20T21:34:26.224+0500][gc,phases   ] GC(0)   Merge Heap Roots: 0.1ms
[2024-11-20T21:34:26.224+0500][gc,phases   ] GC(0)   Evacuate Collection Set: 4.9ms
[2024-11-20T21:34:26.224+0500][gc,phases   ] GC(0)   Post Evacuate Collection Set: 0.5ms
[2024-11-20T21:34:26.224+0500][gc,phases   ] GC(0)   Other: 1.0ms
[2024-11-20T21:34:26.224+0500][gc,heap     ] GC(0) Eden regions: 51->0(44)
[2024-11-20T21:34:26.224+0500][gc,heap     ] GC(0) Survivor regions: 0->7(7)
[2024-11-20T21:34:26.224+0500][gc,heap     ] GC(0) Old regions: 0->2
[2024-11-20T21:34:26.224+0500][gc,heap     ] GC(0) Archive regions: 2->2
[2024-11-20T21:34:26.224+0500][gc,heap     ] GC(0) Humongous regions: 0->0
[2024-11-20T21:34:26.224+0500][gc,metaspace] GC(0) Metaspace: 17620K(17856K)->17620K(17856K) NonClass: 15658K(15808K)->15658K(15808K) Class: 1961K(2048K)->1961K(2048K)
[2024-11-20T21:34:26.224+0500][gc          ] GC(0) Pause Young (Normal) (G1 Evacuation Pause) 51M->9M(1024M) 6.800ms
[2024-11-20T21:34:26.224+0500][gc,cpu      ] GC(0) User=0.02s Sys=0.01s Real=0.01s
[2024-11-20T21:34:26.515+0500][gc,start    ] GC(1) Pause Young (Concurrent Start) (Metadata GC Threshold)
[2024-11-20T21:34:26.515+0500][gc,task     ] GC(1) Using 8 workers of 8 for evacuation
[2024-11-20T21:34:26.524+0500][gc,phases   ] GC(1)   Pre Evacuate Collection Set: 0.2ms
[2024-11-20T21:34:26.524+0500][gc,phases   ] GC(1)   Merge Heap Roots: 0.1ms
[2024-11-20T21:34:26.524+0500][gc,phases   ] GC(1)   Evacuate Collection Set: 7.9ms
[2024-11-20T21:34:26.524+0500][gc,phases   ] GC(1)   Post Evacuate Collection Set: 0.5ms
[2024-11-20T21:34:26.524+0500][gc,phases   ] GC(1)   Other: 0.3ms
[2024-11-20T21:34:26.524+0500][gc,heap     ] GC(1) Eden regions: 13->0(49)
[2024-11-20T21:34:26.524+0500][gc,heap     ] GC(1) Survivor regions: 7->2(7)
[2024-11-20T21:34:26.524+0500][gc,heap     ] GC(1) Old regions: 2->9
[2024-11-20T21:34:26.524+0500][gc,heap     ] GC(1) Archive regions: 2->2
[2024-11-20T21:34:26.524+0500][gc,heap     ] GC(1) Humongous regions: 0->0
[2024-11-20T21:34:26.524+0500][gc,metaspace] GC(1) Metaspace: 21365K(21504K)->21365K(21504K) NonClass: 19020K(19072K)->19020K(19072K) Class: 2345K(2432K)->2345K(2432K)
[2024-11-20T21:34:26.524+0500][gc          ] GC(1) Pause Young (Concurrent Start) (Metadata GC Threshold) 22M->10M(1024M) 9.150ms
[2024-11-20T21:34:26.524+0500][gc,cpu      ] GC(1) User=0.03s Sys=0.01s Real=0.01s
[2024-11-20T21:34:26.524+0500][gc          ] GC(2) Concurrent Mark Cycle
[2024-11-20T21:34:26.524+0500][gc,marking  ] GC(2) Concurrent Clear Claimed Marks
[2024-11-20T21:34:26.524+0500][gc,marking  ] GC(2) Concurrent Clear Claimed Marks 0.024ms
[2024-11-20T21:34:26.524+0500][gc,marking  ] GC(2) Concurrent Scan Root Regions
[2024-11-20T21:34:26.527+0500][gc,marking  ] GC(2) Concurrent Scan Root Regions 2.860ms
[2024-11-20T21:34:26.527+0500][gc,marking  ] GC(2) Concurrent Mark
[2024-11-20T21:34:26.527+0500][gc,marking  ] GC(2) Concurrent Mark From Roots
[2024-11-20T21:34:26.527+0500][gc,task     ] GC(2) Using 2 workers of 2 for marking
[2024-11-20T21:34:26.531+0500][gc,marking  ] GC(2) Concurrent Mark From Roots 3.350ms
[2024-11-20T21:34:26.531+0500][gc,marking  ] GC(2) Concurrent Preclean
[2024-11-20T21:34:26.531+0500][gc,marking  ] GC(2) Concurrent Preclean 0.150ms
[2024-11-20T21:34:26.531+0500][gc,start    ] GC(2) Pause Remark
[2024-11-20T21:34:26.533+0500][gc          ] GC(2) Pause Remark 11M->11M(1024M) 2.081ms
[2024-11-20T21:34:26.533+0500][gc,cpu      ] GC(2) User=0.00s Sys=0.00s Real=0.00s
[2024-11-20T21:34:26.533+0500][gc,marking  ] GC(2) Concurrent Mark 6.182ms
[2024-11-20T21:34:26.533+0500][gc,marking  ] GC(2) Concurrent Rebuild Remembered Sets
[2024-11-20T21:34:26.537+0500][gc,marking  ] GC(2) Concurrent Rebuild Remembered Sets 3.396ms
[2024-11-20T21:34:26.537+0500][gc,start    ] GC(2) Pause Cleanup
[2024-11-20T21:34:26.537+0500][gc          ] GC(2) Pause Cleanup 11M->11M(1024M) 0.227ms
[2024-11-20T21:34:26.537+0500][gc,cpu      ] GC(2) User=0.00s Sys=0.00s Real=0.00s
[2024-11-20T21:34:26.537+0500][gc,marking  ] GC(2) Concurrent Cleanup for Next Mark
[2024-11-20T21:34:26.546+0500][gc,marking  ] GC(2) Concurrent Cleanup for Next Mark 8.243ms
[2024-11-20T21:34:26.546+0500][gc          ] GC(2) Concurrent Mark Cycle 21.413ms
[2024-11-20T21:34:27.682+0500][gc,start    ] GC(3) Pause Young (Normal) (G1 Evacuation Pause)
[2024-11-20T21:34:27.682+0500][gc,task     ] GC(3) Using 8 workers of 8 for evacuation
[2024-11-20T21:34:27.689+0500][gc,phases   ] GC(3)   Pre Evacuate Collection Set: 0.2ms
[2024-11-20T21:34:27.689+0500][gc,phases   ] GC(3)   Merge Heap Roots: 0.1ms
[2024-11-20T21:34:27.689+0500][gc,phases   ] GC(3)   Evacuate Collection Set: 5.6ms
[2024-11-20T21:34:27.689+0500][gc,phases   ] GC(3)   Post Evacuate Collection Set: 0.6ms
[2024-11-20T21:34:27.689+0500][gc,phases   ] GC(3)   Other: 0.2ms
[2024-11-20T21:34:27.689+0500][gc,heap     ] GC(3) Eden regions: 49->0(47)
[2024-11-20T21:34:27.689+0500][gc,heap     ] GC(3) Survivor regions: 2->4(7)
[2024-11-20T21:34:27.689+0500][gc,heap     ] GC(3) Old regions: 9->9
[2024-11-20T21:34:27.689+0500][gc,heap     ] GC(3) Archive regions: 2->2
[2024-11-20T21:34:27.689+0500][gc,heap     ] GC(3) Humongous regions: 0->0
[2024-11-20T21:34:27.689+0500][gc,metaspace] GC(3) Metaspace: 31448K(31744K)->31448K(31744K) NonClass: 27924K(28096K)->27924K(28096K) Class: 3524K(3648K)->3524K(3648K)
[2024-11-20T21:34:27.689+0500][gc          ] GC(3) Pause Young (Normal) (G1 Evacuation Pause) 59M->13M(1024M) 6.903ms
[2024-11-20T21:34:27.689+0500][gc,cpu      ] GC(3) User=0.02s Sys=0.00s Real=0.00s
[2024-11-20T21:34:28.083+0500][gc,start    ] GC(4) Pause Young (Concurrent Start) (Metadata GC Threshold)
[2024-11-20T21:34:28.083+0500][gc,task     ] GC(4) Using 8 workers of 8 for evacuation
[2024-11-20T21:34:28.090+0500][gc,phases   ] GC(4)   Pre Evacuate Collection Set: 0.2ms
[2024-11-20T21:34:28.090+0500][gc,phases   ] GC(4)   Merge Heap Roots: 0.1ms
[2024-11-20T21:34:28.090+0500][gc,phases   ] GC(4)   Evacuate Collection Set: 6.2ms
[2024-11-20T21:34:28.090+0500][gc,phases   ] GC(4)   Post Evacuate Collection Set: 0.7ms
[2024-11-20T21:34:28.090+0500][gc,phases   ] GC(4)   Other: 0.2ms
[2024-11-20T21:34:28.090+0500][gc,heap     ] GC(4) Eden regions: 27->0(44)
[2024-11-20T21:34:28.090+0500][gc,heap     ] GC(4) Survivor regions: 4->7(7)
[2024-11-20T21:34:28.090+0500][gc,heap     ] GC(4) Old regions: 9->9
[2024-11-20T21:34:28.090+0500][gc,heap     ] GC(4) Archive regions: 2->2
[2024-11-20T21:34:28.090+0500][gc,heap     ] GC(4) Humongous regions: 0->0
[2024-11-20T21:34:28.090+0500][gc,metaspace] GC(4) Metaspace: 35622K(35968K)->35622K(35968K) NonClass: 31640K(31808K)->31640K(31808K) Class: 3981K(4160K)->3981K(4160K)
[2024-11-20T21:34:28.090+0500][gc          ] GC(4) Pause Young (Concurrent Start) (Metadata GC Threshold) 40M->16M(1024M) 7.542ms
[2024-11-20T21:34:28.090+0500][gc,cpu      ] GC(4) User=0.04s Sys=0.00s Real=0.01s
[2024-11-20T21:34:28.090+0500][gc          ] GC(5) Concurrent Mark Cycle
[2024-11-20T21:34:28.090+0500][gc,marking  ] GC(5) Concurrent Clear Claimed Marks
[2024-11-20T21:34:28.091+0500][gc,marking  ] GC(5) Concurrent Clear Claimed Marks 0.028ms
[2024-11-20T21:34:28.091+0500][gc,marking  ] GC(5) Concurrent Scan Root Regions
[2024-11-20T21:34:28.095+0500][gc,marking  ] GC(5) Concurrent Scan Root Regions 4.399ms
[2024-11-20T21:34:28.095+0500][gc,marking  ] GC(5) Concurrent Mark
[2024-11-20T21:34:28.095+0500][gc,marking  ] GC(5) Concurrent Mark From Roots
[2024-11-20T21:34:28.095+0500][gc,task     ] GC(5) Using 2 workers of 2 for marking
[2024-11-20T21:34:28.104+0500][gc,marking  ] GC(5) Concurrent Mark From Roots 9.457ms
[2024-11-20T21:34:28.105+0500][gc,marking  ] GC(5) Concurrent Preclean
[2024-11-20T21:34:28.105+0500][gc,marking  ] GC(5) Concurrent Preclean 0.273ms
[2024-11-20T21:34:28.110+0500][gc,start    ] GC(5) Pause Remark
[2024-11-20T21:34:28.112+0500][gc          ] GC(5) Pause Remark 18M->18M(1024M) 1.762ms
[2024-11-20T21:34:28.112+0500][gc,cpu      ] GC(5) User=0.01s Sys=0.00s Real=0.00s
[2024-11-20T21:34:28.112+0500][gc,marking  ] GC(5) Concurrent Mark 17.061ms
[2024-11-20T21:34:28.112+0500][gc,marking  ] GC(5) Concurrent Rebuild Remembered Sets
[2024-11-20T21:34:28.116+0500][gc,marking  ] GC(5) Concurrent Rebuild Remembered Sets 3.641ms
[2024-11-20T21:34:28.118+0500][gc,start    ] GC(5) Pause Cleanup
[2024-11-20T21:34:28.118+0500][gc          ] GC(5) Pause Cleanup 18M->18M(1024M) 0.189ms
[2024-11-20T21:34:28.118+0500][gc,cpu      ] GC(5) User=0.00s Sys=0.00s Real=0.00s
[2024-11-20T21:34:28.118+0500][gc,marking  ] GC(5) Concurrent Cleanup for Next Mark
[2024-11-20T21:34:28.125+0500][gc,marking  ] GC(5) Concurrent Cleanup for Next Mark 6.550ms
[2024-11-20T21:34:28.125+0500][gc          ] GC(5) Concurrent Mark Cycle 34.375ms
[2024-11-20T21:35:23.341+0500][gc,start    ] GC(6) Pause Young (Prepare Mixed) (G1 Evacuation Pause)
[2024-11-20T21:35:23.341+0500][gc,task     ] GC(6) Using 8 workers of 8 for evacuation
[2024-11-20T21:35:23.351+0500][gc,phases   ] GC(6)   Pre Evacuate Collection Set: 0.3ms
[2024-11-20T21:35:23.351+0500][gc,phases   ] GC(6)   Merge Heap Roots: 0.1ms
[2024-11-20T21:35:23.351+0500][gc,phases   ] GC(6)   Evacuate Collection Set: 8.6ms
[2024-11-20T21:35:23.351+0500][gc,phases   ] GC(6)   Post Evacuate Collection Set: 1.2ms
[2024-11-20T21:35:23.351+0500][gc,phases   ] GC(6)   Other: 0.4ms
[2024-11-20T21:35:23.351+0500][gc,heap     ] GC(6) Eden regions: 44->0(47)
[2024-11-20T21:35:23.351+0500][gc,heap     ] GC(6) Survivor regions: 7->4(7)
[2024-11-20T21:35:23.351+0500][gc,heap     ] GC(6) Old regions: 9->16
[2024-11-20T21:35:23.351+0500][gc,heap     ] GC(6) Archive regions: 2->2
[2024-11-20T21:35:23.351+0500][gc,heap     ] GC(6) Humongous regions: 138->138
[2024-11-20T21:35:23.351+0500][gc,metaspace] GC(6) Metaspace: 40595K(40960K)->40595K(40960K) NonClass: 36120K(36288K)->36120K(36288K) Class: 4474K(4672K)->4474K(4672K)
[2024-11-20T21:35:23.351+0500][gc          ] GC(6) Pause Young (Prepare Mixed) (G1 Evacuation Pause) 198M->157M(1024M) 10.690ms
[2024-11-20T21:35:23.351+0500][gc,cpu      ] GC(6) User=0.06s Sys=0.01s Real=0.01s
[2024-11-20T21:39:39.671+0500][gc,start    ] GC(7) Pause Young (Mixed) (G1 Evacuation Pause)
[2024-11-20T21:39:39.671+0500][gc,task     ] GC(7) Using 8 workers of 8 for evacuation
[2024-11-20T21:39:39.681+0500][gc,phases   ] GC(7)   Pre Evacuate Collection Set: 0.3ms
[2024-11-20T21:39:39.681+0500][gc,phases   ] GC(7)   Merge Heap Roots: 0.2ms
[2024-11-20T21:39:39.681+0500][gc,phases   ] GC(7)   Evacuate Collection Set: 8.5ms
[2024-11-20T21:39:39.681+0500][gc,phases   ] GC(7)   Post Evacuate Collection Set: 1.0ms
[2024-11-20T21:39:39.681+0500][gc,phases   ] GC(7)   Other: 0.3ms
[2024-11-20T21:39:39.681+0500][gc,heap     ] GC(7) Eden regions: 47->0(46)
[2024-11-20T21:39:39.681+0500][gc,heap     ] GC(7) Survivor regions: 4->5(7)
[2024-11-20T21:39:39.681+0500][gc,heap     ] GC(7) Old regions: 16->16
[2024-11-20T21:39:39.681+0500][gc,heap     ] GC(7) Archive regions: 2->2
[2024-11-20T21:39:39.681+0500][gc,heap     ] GC(7) Humongous regions: 138->138
[2024-11-20T21:39:39.681+0500][gc,metaspace] GC(7) Metaspace: 41586K(41984K)->41586K(41984K) NonClass: 37105K(37312K)->37105K(37312K) Class: 4480K(4672K)->4480K(4672K)
[2024-11-20T21:39:39.681+0500][gc          ] GC(7) Pause Young (Mixed) (G1 Evacuation Pause) 204M->159M(1024M) 10.623ms
[2024-11-20T21:39:39.681+0500][gc,cpu      ] GC(7) User=0.05s Sys=0.00s Real=0.01s
[2024-11-20T21:44:11.793+0500][gc,start    ] GC(8) Pause Young (Normal) (G1 Evacuation Pause)
[2024-11-20T21:44:11.793+0500][gc,task     ] GC(8) Using 8 workers of 8 for evacuation
[2024-11-20T21:44:11.804+0500][gc,phases   ] GC(8)   Pre Evacuate Collection Set: 0.4ms
[2024-11-20T21:44:11.804+0500][gc,phases   ] GC(8)   Merge Heap Roots: 0.1ms
[2024-11-20T21:44:11.804+0500][gc,phases   ] GC(8)   Evacuate Collection Set: 8.7ms
[2024-11-20T21:44:11.804+0500][gc,phases   ] GC(8)   Post Evacuate Collection Set: 1.0ms
[2024-11-20T21:44:11.804+0500][gc,phases   ] GC(8)   Other: 0.4ms
[2024-11-20T21:44:11.804+0500][gc,heap     ] GC(8) Eden regions: 46->0(47)
[2024-11-20T21:44:11.804+0500][gc,heap     ] GC(8) Survivor regions: 5->4(7)
[2024-11-20T21:44:11.804+0500][gc,heap     ] GC(8) Old regions: 16->19
[2024-11-20T21:44:11.804+0500][gc,heap     ] GC(8) Archive regions: 2->2
[2024-11-20T21:44:11.804+0500][gc,heap     ] GC(8) Humongous regions: 138->138
[2024-11-20T21:44:11.804+0500][gc,metaspace] GC(8) Metaspace: 41652K(42048K)->41652K(42048K) NonClass: 37171K(37376K)->37171K(37376K) Class: 4481K(4672K)->4481K(4672K)
[2024-11-20T21:44:11.804+0500][gc          ] GC(8) Pause Young (Normal) (G1 Evacuation Pause) 205M->161M(1024M) 10.924ms
[2024-11-20T21:44:11.804+0500][gc,cpu      ] GC(8) User=0.07s Sys=0.00s Real=0.01s
[2024-11-20T21:49:02.105+0500][gc,start    ] GC(9) Pause Young (Normal) (G1 Evacuation Pause)
[2024-11-20T21:49:02.105+0500][gc,task     ] GC(9) Using 8 workers of 8 for evacuation
[2024-11-20T21:49:02.117+0500][gc,phases   ] GC(9)   Pre Evacuate Collection Set: 0.4ms
[2024-11-20T21:49:02.117+0500][gc,phases   ] GC(9)   Merge Heap Roots: 0.2ms
[2024-11-20T21:49:02.117+0500][gc,phases   ] GC(9)   Evacuate Collection Set: 10.5ms
[2024-11-20T21:49:02.117+0500][gc,phases   ] GC(9)   Post Evacuate Collection Set: 0.8ms
[2024-11-20T21:49:02.117+0500][gc,phases   ] GC(9)   Other: 0.4ms
[2024-11-20T21:49:02.117+0500][gc,heap     ] GC(9) Eden regions: 47->0(46)
[2024-11-20T21:49:02.117+0500][gc,heap     ] GC(9) Survivor regions: 4->5(7)
[2024-11-20T21:49:02.117+0500][gc,heap     ] GC(9) Old regions: 19->20
[2024-11-20T21:49:02.117+0500][gc,heap     ] GC(9) Archive regions: 2->2
[2024-11-20T21:49:02.117+0500][gc,heap     ] GC(9) Humongous regions: 138->138
[2024-11-20T21:49:02.117+0500][gc,metaspace] GC(9) Metaspace: 41676K(42048K)->41676K(42048K) NonClass: 37193K(37376K)->37193K(37376K) Class: 4482K(4672K)->4482K(4672K)
[2024-11-20T21:49:02.117+0500][gc          ] GC(9) Pause Young (Normal) (G1 Evacuation Pause) 208M->163M(1024M) 12.629ms
[2024-11-20T21:49:02.117+0500][gc,cpu      ] GC(9) User=0.07s Sys=0.00s Real=0.01s
[2024-11-20T21:52:36.833+0500][gc,start    ] GC(10) Pause Young (Normal) (G1 Evacuation Pause)
[2024-11-20T21:52:36.834+0500][gc,task     ] GC(10) Using 8 workers of 8 for evacuation
[2024-11-20T21:52:36.847+0500][gc,phases   ] GC(10)   Pre Evacuate Collection Set: 0.3ms
[2024-11-20T21:52:36.847+0500][gc,phases   ] GC(10)   Merge Heap Roots: 0.2ms
[2024-11-20T21:52:36.847+0500][gc,phases   ] GC(10)   Evacuate Collection Set: 11.8ms
[2024-11-20T21:52:36.847+0500][gc,phases   ] GC(10)   Post Evacuate Collection Set: 1.0ms
[2024-11-20T21:52:36.847+0500][gc,phases   ] GC(10)   Other: 0.4ms
[2024-11-20T21:52:36.848+0500][gc,heap     ] GC(10) Eden regions: 46->0(45)
[2024-11-20T21:52:36.848+0500][gc,heap     ] GC(10) Survivor regions: 5->6(7)
[2024-11-20T21:52:36.848+0500][gc,heap     ] GC(10) Old regions: 20->22
[2024-11-20T21:52:36.848+0500][gc,heap     ] GC(10) Archive regions: 2->2
[2024-11-20T21:52:36.848+0500][gc,heap     ] GC(10) Humongous regions: 138->138
[2024-11-20T21:52:36.848+0500][gc,metaspace] GC(10) Metaspace: 43787K(44224K)->43787K(44224K) NonClass: 38917K(39168K)->38917K(39168K) Class: 4870K(5056K)->4870K(5056K)
[2024-11-20T21:52:36.848+0500][gc          ] GC(10) Pause Young (Normal) (G1 Evacuation Pause) 209M->166M(1024M) 14.226ms
[2024-11-20T21:52:36.848+0500][gc,cpu      ] GC(10) User=0.08s Sys=0.01s Real=0.01s
[2024-11-20T21:54:18.072+0500][gc,start    ] GC(11) Pause Young (Normal) (G1 Evacuation Pause)
[2024-11-20T21:54:18.072+0500][gc,task     ] GC(11) Using 8 workers of 8 for evacuation
[2024-11-20T21:54:18.080+0500][gc,phases   ] GC(11)   Pre Evacuate Collection Set: 0.5ms
[2024-11-20T21:54:18.080+0500][gc,phases   ] GC(11)   Merge Heap Roots: 0.2ms
[2024-11-20T21:54:18.080+0500][gc,phases   ] GC(11)   Evacuate Collection Set: 6.0ms
[2024-11-20T21:54:18.080+0500][gc,phases   ] GC(11)   Post Evacuate Collection Set: 1.0ms
[2024-11-20T21:54:18.080+0500][gc,phases   ] GC(11)   Other: 0.4ms
[2024-11-20T21:54:18.080+0500][gc,heap     ] GC(11) Eden regions: 45->0(45)
[2024-11-20T21:54:18.080+0500][gc,heap     ] GC(11) Survivor regions: 6->6(7)
[2024-11-20T21:54:18.080+0500][gc,heap     ] GC(11) Old regions: 22->25
[2024-11-20T21:54:18.080+0500][gc,heap     ] GC(11) Archive regions: 2->2
[2024-11-20T21:54:18.080+0500][gc,heap     ] GC(11) Humongous regions: 138->138
[2024-11-20T21:54:18.080+0500][gc,metaspace] GC(11) Metaspace: 45152K(45696K)->45152K(45696K) NonClass: 40096K(40384K)->40096K(40384K) Class: 5056K(5312K)->5056K(5312K)
[2024-11-20T21:54:18.080+0500][gc          ] GC(11) Pause Young (Normal) (G1 Evacuation Pause) 211M->169M(1024M) 8.412ms
[2024-11-20T21:54:18.080+0500][gc,cpu      ] GC(11) User=0.04s Sys=0.00s Real=0.01s
[2024-11-20T21:55:58.019+0500][gc,start    ] GC(12) Pause Young (Normal) (G1 Evacuation Pause)
[2024-11-20T21:55:58.019+0500][gc,task     ] GC(12) Using 8 workers of 8 for evacuation
[2024-11-20T21:55:58.037+0500][gc,phases   ] GC(12)   Pre Evacuate Collection Set: 0.4ms
[2024-11-20T21:55:58.037+0500][gc,phases   ] GC(12)   Merge Heap Roots: 0.3ms
[2024-11-20T21:55:58.037+0500][gc,phases   ] GC(12)   Evacuate Collection Set: 16.0ms
[2024-11-20T21:55:58.037+0500][gc,phases   ] GC(12)   Post Evacuate Collection Set: 0.9ms
[2024-11-20T21:55:58.037+0500][gc,phases   ] GC(12)   Other: 0.4ms
[2024-11-20T21:55:58.037+0500][gc,heap     ] GC(12) Eden regions: 45->0(44)
[2024-11-20T21:55:58.037+0500][gc,heap     ] GC(12) Survivor regions: 6->7(7)
[2024-11-20T21:55:58.037+0500][gc,heap     ] GC(12) Old regions: 25->27
[2024-11-20T21:55:58.037+0500][gc,heap     ] GC(12) Archive regions: 2->2
[2024-11-20T21:55:58.037+0500][gc,heap     ] GC(12) Humongous regions: 138->138
[2024-11-20T21:55:58.037+0500][gc,metaspace] GC(12) Metaspace: 45430K(45952K)->45430K(45952K) NonClass: 40369K(40640K)->40369K(40640K) Class: 5061K(5312K)->5061K(5312K)
[2024-11-20T21:55:58.037+0500][gc          ] GC(12) Pause Young (Normal) (G1 Evacuation Pause) 214M->172M(1024M) 18.281ms
[2024-11-20T21:55:58.037+0500][gc,cpu      ] GC(12) User=0.11s Sys=0.01s Real=0.02s
[2024-11-20T21:57:38.958+0500][gc,start    ] GC(13) Pause Young (Normal) (G1 Evacuation Pause)
[2024-11-20T21:57:38.958+0500][gc,task     ] GC(13) Using 8 workers of 8 for evacuation
[2024-11-20T21:57:38.970+0500][gc,phases   ] GC(13)   Pre Evacuate Collection Set: 0.4ms
[2024-11-20T21:57:38.970+0500][gc,phases   ] GC(13)   Merge Heap Roots: 0.2ms
[2024-11-20T21:57:38.970+0500][gc,phases   ] GC(13)   Evacuate Collection Set: 10.5ms
[2024-11-20T21:57:38.970+0500][gc,phases   ] GC(13)   Post Evacuate Collection Set: 0.7ms
[2024-11-20T21:57:38.970+0500][gc,phases   ] GC(13)   Other: 0.3ms
[2024-11-20T21:57:38.970+0500][gc,heap     ] GC(13) Eden regions: 44->0(70)
[2024-11-20T21:57:38.970+0500][gc,heap     ] GC(13) Survivor regions: 7->5(7)
[2024-11-20T21:57:38.970+0500][gc,heap     ] GC(13) Old regions: 27->32
[2024-11-20T21:57:38.970+0500][gc,heap     ] GC(13) Archive regions: 2->2
[2024-11-20T21:57:38.970+0500][gc,heap     ] GC(13) Humongous regions: 138->138
[2024-11-20T21:57:38.970+0500][gc,metaspace] GC(13) Metaspace: 45544K(46080K)->45544K(46080K) NonClass: 40476K(40768K)->40476K(40768K) Class: 5067K(5312K)->5067K(5312K)
[2024-11-20T21:57:38.970+0500][gc          ] GC(13) Pause Young (Normal) (G1 Evacuation Pause) 216M->174M(1024M) 12.491ms
[2024-11-20T21:57:38.970+0500][gc,cpu      ] GC(13) User=0.07s Sys=0.01s Real=0.02s
[2024-11-20T22:00:23.074+0500][gc,start    ] GC(14) Pause Young (Normal) (G1 Evacuation Pause)
[2024-11-20T22:00:23.074+0500][gc,task     ] GC(14) Using 8 workers of 8 for evacuation
[2024-11-20T22:00:23.089+0500][gc,phases   ] GC(14)   Pre Evacuate Collection Set: 0.4ms
[2024-11-20T22:00:23.090+0500][gc,phases   ] GC(14)   Merge Heap Roots: 0.2ms
[2024-11-20T22:00:23.090+0500][gc,phases   ] GC(14)   Evacuate Collection Set: 14.1ms
[2024-11-20T22:00:23.090+0500][gc,phases   ] GC(14)   Post Evacuate Collection Set: 0.8ms
[2024-11-20T22:00:23.090+0500][gc,phases   ] GC(14)   Other: 0.3ms
[2024-11-20T22:00:23.090+0500][gc,heap     ] GC(14) Eden regions: 70->0(50)
[2024-11-20T22:00:23.090+0500][gc,heap     ] GC(14) Survivor regions: 5->7(10)
[2024-11-20T22:00:23.090+0500][gc,heap     ] GC(14) Old regions: 32->32
[2024-11-20T22:00:23.090+0500][gc,heap     ] GC(14) Archive regions: 2->2
[2024-11-20T22:00:23.090+0500][gc,heap     ] GC(14) Humongous regions: 138->138
[2024-11-20T22:00:23.090+0500][gc,metaspace] GC(14) Metaspace: 45595K(46144K)->45595K(46144K) NonClass: 40527K(40832K)->40527K(40832K) Class: 5068K(5312K)->5068K(5312K)
[2024-11-20T22:00:23.090+0500][gc          ] GC(14) Pause Young (Normal) (G1 Evacuation Pause) 244M->176M(1024M) 16.122ms
[2024-11-20T22:00:23.090+0500][gc,cpu      ] GC(14) User=0.08s Sys=0.01s Real=0.02s
[2024-11-20T22:02:21.461+0500][gc,start    ] GC(15) Pause Young (Normal) (G1 Evacuation Pause)
[2024-11-20T22:02:21.461+0500][gc,task     ] GC(15) Using 8 workers of 8 for evacuation
[2024-11-20T22:02:21.472+0500][gc,phases   ] GC(15)   Pre Evacuate Collection Set: 0.4ms
[2024-11-20T22:02:21.472+0500][gc,phases   ] GC(15)   Merge Heap Roots: 0.2ms
[2024-11-20T22:02:21.473+0500][gc,phases   ] GC(15)   Evacuate Collection Set: 10.5ms
[2024-11-20T22:02:21.473+0500][gc,phases   ] GC(15)   Post Evacuate Collection Set: 0.5ms
[2024-11-20T22:02:21.473+0500][gc,phases   ] GC(15)   Other: 0.4ms
[2024-11-20T22:02:21.473+0500][gc,heap     ] GC(15) Eden regions: 50->0(96)
[2024-11-20T22:02:21.473+0500][gc,heap     ] GC(15) Survivor regions: 7->4(8)
[2024-11-20T22:02:21.473+0500][gc,heap     ] GC(15) Old regions: 32->36
[2024-11-20T22:02:21.473+0500][gc,heap     ] GC(15) Archive regions: 2->2
[2024-11-20T22:02:21.473+0500][gc,heap     ] GC(15) Humongous regions: 138->138
[2024-11-20T22:02:21.473+0500][gc,metaspace] GC(15) Metaspace: 45608K(46144K)->45608K(46144K) NonClass: 40540K(40832K)->40540K(40832K) Class: 5068K(5312K)->5068K(5312K)
[2024-11-20T22:02:21.473+0500][gc          ] GC(15) Pause Young (Normal) (G1 Evacuation Pause) 226M->177M(1024M) 12.070ms
[2024-11-20T22:02:21.473+0500][gc,cpu      ] GC(15) User=0.06s Sys=0.00s Real=0.01s
[2024-11-20T22:06:11.769+0500][gc,start    ] GC(16) Pause Young (Normal) (G1 Evacuation Pause)
[2024-11-20T22:06:11.769+0500][gc,task     ] GC(16) Using 8 workers of 8 for evacuation
[2024-11-20T22:06:11.785+0500][gc,phases   ] GC(16)   Pre Evacuate Collection Set: 0.4ms
[2024-11-20T22:06:11.785+0500][gc,phases   ] GC(16)   Merge Heap Roots: 0.2ms
[2024-11-20T22:06:11.785+0500][gc,phases   ] GC(16)   Evacuate Collection Set: 14.6ms
[2024-11-20T22:06:11.785+0500][gc,phases   ] GC(16)   Post Evacuate Collection Set: 0.8ms
[2024-11-20T22:06:11.785+0500][gc,phases   ] GC(16)   Other: 0.3ms
[2024-11-20T22:06:11.786+0500][gc,heap     ] GC(16) Eden regions: 96->0(70)
[2024-11-20T22:06:11.786+0500][gc,heap     ] GC(16) Survivor regions: 4->9(13)
[2024-11-20T22:06:11.786+0500][gc,heap     ] GC(16) Old regions: 36->36
[2024-11-20T22:06:11.786+0500][gc,heap     ] GC(16) Archive regions: 2->2
[2024-11-20T22:06:11.786+0500][gc,heap     ] GC(16) Humongous regions: 138->138
[2024-11-20T22:06:11.786+0500][gc,metaspace] GC(16) Metaspace: 45666K(46208K)->45666K(46208K) NonClass: 40596K(40896K)->40596K(40896K) Class: 5069K(5312K)->5069K(5312K)
[2024-11-20T22:06:11.786+0500][gc          ] GC(16) Pause Young (Normal) (G1 Evacuation Pause) 273M->182M(1024M) 16.699ms
[2024-11-20T22:06:11.786+0500][gc,cpu      ] GC(16) User=0.11s Sys=0.02s Real=0.02s
[2024-11-20T22:08:59.489+0500][gc,start    ] GC(17) Pause Young (Normal) (G1 Evacuation Pause)
[2024-11-20T22:08:59.489+0500][gc,task     ] GC(17) Using 8 workers of 8 for evacuation
[2024-11-20T22:08:59.508+0500][gc,phases   ] GC(17)   Pre Evacuate Collection Set: 0.4ms
[2024-11-20T22:08:59.508+0500][gc,phases   ] GC(17)   Merge Heap Roots: 0.2ms
[2024-11-20T22:08:59.508+0500][gc,phases   ] GC(17)   Evacuate Collection Set: 17.7ms
[2024-11-20T22:08:59.508+0500][gc,phases   ] GC(17)   Post Evacuate Collection Set: 0.8ms
[2024-11-20T22:08:59.508+0500][gc,phases   ] GC(17)   Other: 0.3ms
[2024-11-20T22:08:59.508+0500][gc,heap     ] GC(17) Eden regions: 70->0(89)
[2024-11-20T22:08:59.508+0500][gc,heap     ] GC(17) Survivor regions: 9->6(10)
[2024-11-20T22:08:59.508+0500][gc,heap     ] GC(17) Old regions: 36->42
[2024-11-20T22:08:59.508+0500][gc,heap     ] GC(17) Archive regions: 2->2
[2024-11-20T22:08:59.508+0500][gc,heap     ] GC(17) Humongous regions: 138->138
[2024-11-20T22:08:59.508+0500][gc,metaspace] GC(17) Metaspace: 45700K(46208K)->45700K(46208K) NonClass: 40631K(40896K)->40631K(40896K) Class: 5069K(5312K)->5069K(5312K)
[2024-11-20T22:08:59.508+0500][gc          ] GC(17) Pause Young (Normal) (G1 Evacuation Pause) 252M->185M(1024M) 19.709ms
[2024-11-20T22:08:59.508+0500][gc,cpu      ] GC(17) User=0.11s Sys=0.01s Real=0.02s
[2024-11-20T22:12:33.398+0500][gc,start    ] GC(18) Pause Young (Normal) (G1 Evacuation Pause)
[2024-11-20T22:12:33.399+0500][gc,task     ] GC(18) Using 8 workers of 8 for evacuation
[2024-11-20T22:12:33.407+0500][gc,phases   ] GC(18)   Pre Evacuate Collection Set: 0.2ms
[2024-11-20T22:12:33.407+0500][gc,phases   ] GC(18)   Merge Heap Roots: 0.1ms
[2024-11-20T22:12:33.408+0500][gc,phases   ] GC(18)   Evacuate Collection Set: 7.5ms
[2024-11-20T22:12:33.408+0500][gc,phases   ] GC(18)   Post Evacuate Collection Set: 0.7ms
[2024-11-20T22:12:33.408+0500][gc,phases   ] GC(18)   Other: 0.5ms
[2024-11-20T22:12:33.408+0500][gc,heap     ] GC(18) Eden regions: 89->0(69)
[2024-11-20T22:12:33.408+0500][gc,heap     ] GC(18) Survivor regions: 6->10(12)
[2024-11-20T22:12:33.408+0500][gc,heap     ] GC(18) Old regions: 42->42
[2024-11-20T22:12:33.408+0500][gc,heap     ] GC(18) Archive regions: 2->2
[2024-11-20T22:12:33.408+0500][gc,heap     ] GC(18) Humongous regions: 138->138
[2024-11-20T22:12:33.408+0500][gc,metaspace] GC(18) Metaspace: 45730K(46272K)->45730K(46272K) NonClass: 40661K(40960K)->40661K(40960K) Class: 5069K(5312K)->5069K(5312K)
[2024-11-20T22:12:33.408+0500][gc          ] GC(18) Pause Young (Normal) (G1 Evacuation Pause) 274M->189M(1024M) 9.312ms
[2024-11-20T22:12:33.408+0500][gc,cpu      ] GC(18) User=0.06s Sys=0.00s Real=0.01s
[2024-11-20T22:13:32.097+0500][gc,heap,exit] Heap
[2024-11-20T22:13:32.097+0500][gc,heap,exit]  garbage-first heap   total 1048576K, used 254942K [0x00000000c0000000, 0x0000000100000000)
[2024-11-20T22:13:32.097+0500][gc,heap,exit]   region size 1024K, 69 young (70656K), 10 survivors (10240K)
[2024-11-20T22:13:32.097+0500][gc,heap,exit]  Metaspace       used 47304K, committed 47808K, reserved 1114112K
[2024-11-20T22:13:32.097+0500][gc,heap,exit]   class space    used 5368K, committed 5568K, reserved 1048576K
