[2024-11-20T21:34:23.364+0500][gc] Using G1
[2024-11-20T21:34:23.381+0500][gc,init] Version: 17.0.13+11-Ubuntu-2ubuntu124.04 (release)
[2024-11-20T21:34:23.381+0500][gc,init] CPUs: 8 total, 8 available
[2024-11-20T21:34:23.381+0500][gc,init] Memory: 7835M
[2024-11-20T21:34:23.381+0500][gc,init] Large Page Support: Disabled
[2024-11-20T21:34:23.381+0500][gc,init] NUMA Support: Disabled
[2024-11-20T21:34:23.381+0500][gc,init] Compressed Oops: Enabled (32-bit)
[2024-11-20T21:34:23.381+0500][gc,init] Heap Region Size: 1M
[2024-11-20T21:34:23.381+0500][gc,init] Heap Min Capacity: 1G
[2024-11-20T21:34:23.381+0500][gc,init] Heap Initial Capacity: 1G
[2024-11-20T21:34:23.381+0500][gc,init] Heap Max Capacity: 1G
[2024-11-20T21:34:23.381+0500][gc,init] Pre-touch: Disabled
[2024-11-20T21:34:23.381+0500][gc,init] Parallel Workers: 8
[2024-11-20T21:34:23.381+0500][gc,init] Concurrent Workers: 2
[2024-11-20T21:34:23.381+0500][gc,init] Concurrent Refinement Workers: 8
[2024-11-20T21:34:23.381+0500][gc,init] Periodic GC: Disabled
[2024-11-20T21:34:23.390+0500][gc,metaspace] CDS archive(s) mapped at: [0x00007bb227000000-0x00007bb227bc9000-0x00007bb227bc9000), size 12357632, SharedBaseAddress: 0x00007bb227000000, ArchiveRelocationMode: 1.
[2024-11-20T21:34:23.390+0500][gc,metaspace] Compressed class space mapped at: 0x00007bb228000000-0x00007bb268000000, reserved size: 1073741824
[2024-11-20T21:34:23.390+0500][gc,metaspace] Narrow klass base: 0x00007bb227000000, Narrow klass shift: 0, Narrow klass range: 0x100000000
[2024-11-20T21:34:24.767+0500][gc,start    ] GC(0) Pause Young (Normal) (G1 Evacuation Pause)
[2024-11-20T21:34:24.768+0500][gc,task     ] GC(0) Using 8 workers of 8 for evacuation
[2024-11-20T21:34:24.777+0500][gc,phases   ] GC(0)   Pre Evacuate Collection Set: 0.2ms
[2024-11-20T21:34:24.777+0500][gc,phases   ] GC(0)   Merge Heap Roots: 0.1ms
[2024-11-20T21:34:24.777+0500][gc,phases   ] GC(0)   Evacuate Collection Set: 7.1ms
[2024-11-20T21:34:24.777+0500][gc,phases   ] GC(0)   Post Evacuate Collection Set: 0.8ms
[2024-11-20T21:34:24.777+0500][gc,phases   ] GC(0)   Other: 1.4ms
[2024-11-20T21:34:24.777+0500][gc,heap     ] GC(0) Eden regions: 51->0(44)
[2024-11-20T21:34:24.777+0500][gc,heap     ] GC(0) Survivor regions: 0->7(7)
[2024-11-20T21:34:24.777+0500][gc,heap     ] GC(0) Old regions: 0->2
[2024-11-20T21:34:24.777+0500][gc,heap     ] GC(0) Archive regions: 2->2
[2024-11-20T21:34:24.777+0500][gc,heap     ] GC(0) Humongous regions: 0->0
[2024-11-20T21:34:24.777+0500][gc,metaspace] GC(0) Metaspace: 17682K(17920K)->17682K(17920K) NonClass: 15716K(15872K)->15716K(15872K) Class: 1966K(2048K)->1966K(2048K)
[2024-11-20T21:34:24.777+0500][gc          ] GC(0) Pause Young (Normal) (G1 Evacuation Pause) 51M->9M(1024M) 9.884ms
[2024-11-20T21:34:24.777+0500][gc,cpu      ] GC(0) User=0.03s Sys=0.02s Real=0.01s
[2024-11-20T21:34:25.041+0500][gc,start    ] GC(1) Pause Young (Concurrent Start) (Metadata GC Threshold)
[2024-11-20T21:34:25.041+0500][gc,task     ] GC(1) Using 8 workers of 8 for evacuation
[2024-11-20T21:34:25.055+0500][gc,phases   ] GC(1)   Pre Evacuate Collection Set: 0.5ms
[2024-11-20T21:34:25.055+0500][gc,phases   ] GC(1)   Merge Heap Roots: 0.1ms
[2024-11-20T21:34:25.055+0500][gc,phases   ] GC(1)   Evacuate Collection Set: 13.0ms
[2024-11-20T21:34:25.055+0500][gc,phases   ] GC(1)   Post Evacuate Collection Set: 0.4ms
[2024-11-20T21:34:25.055+0500][gc,phases   ] GC(1)   Other: 0.4ms
[2024-11-20T21:34:25.055+0500][gc,heap     ] GC(1) Eden regions: 13->0(50)
[2024-11-20T21:34:25.055+0500][gc,heap     ] GC(1) Survivor regions: 7->1(7)
[2024-11-20T21:34:25.055+0500][gc,heap     ] GC(1) Old regions: 2->9
[2024-11-20T21:34:25.055+0500][gc,heap     ] GC(1) Archive regions: 2->2
[2024-11-20T21:34:25.055+0500][gc,heap     ] GC(1) Humongous regions: 0->0
[2024-11-20T21:34:25.055+0500][gc,metaspace] GC(1) Metaspace: 21359K(21504K)->21359K(21504K) NonClass: 19011K(19072K)->19011K(19072K) Class: 2347K(2432K)->2347K(2432K)
[2024-11-20T21:34:25.056+0500][gc          ] GC(1) Pause Young (Concurrent Start) (Metadata GC Threshold) 22M->10M(1024M) 14.542ms
[2024-11-20T21:34:25.056+0500][gc,cpu      ] GC(1) User=0.02s Sys=0.01s Real=0.01s
[2024-11-20T21:34:25.056+0500][gc          ] GC(2) Concurrent Mark Cycle
[2024-11-20T21:34:25.056+0500][gc,marking  ] GC(2) Concurrent Clear Claimed Marks
[2024-11-20T21:34:25.056+0500][gc,marking  ] GC(2) Concurrent Clear Claimed Marks 0.033ms
[2024-11-20T21:34:25.056+0500][gc,marking  ] GC(2) Concurrent Scan Root Regions
[2024-11-20T21:34:25.058+0500][gc,marking  ] GC(2) Concurrent Scan Root Regions 2.288ms
[2024-11-20T21:34:25.058+0500][gc,marking  ] GC(2) Concurrent Mark
[2024-11-20T21:34:25.058+0500][gc,marking  ] GC(2) Concurrent Mark From Roots
[2024-11-20T21:34:25.058+0500][gc,task     ] GC(2) Using 2 workers of 2 for marking
[2024-11-20T21:34:25.063+0500][gc,marking  ] GC(2) Concurrent Mark From Roots 5.060ms
[2024-11-20T21:34:25.063+0500][gc,marking  ] GC(2) Concurrent Preclean
[2024-11-20T21:34:25.063+0500][gc,marking  ] GC(2) Concurrent Preclean 0.149ms
[2024-11-20T21:34:25.064+0500][gc,start    ] GC(2) Pause Remark
[2024-11-20T21:34:25.065+0500][gc          ] GC(2) Pause Remark 10M->10M(1024M) 1.829ms
[2024-11-20T21:34:25.065+0500][gc,cpu      ] GC(2) User=0.00s Sys=0.00s Real=0.00s
[2024-11-20T21:34:25.065+0500][gc,marking  ] GC(2) Concurrent Mark 7.380ms
[2024-11-20T21:34:25.065+0500][gc,marking  ] GC(2) Concurrent Rebuild Remembered Sets
[2024-11-20T21:34:25.068+0500][gc,marking  ] GC(2) Concurrent Rebuild Remembered Sets 2.924ms
[2024-11-20T21:34:25.069+0500][gc,start    ] GC(2) Pause Cleanup
[2024-11-20T21:34:25.069+0500][gc          ] GC(2) Pause Cleanup 10M->10M(1024M) 0.239ms
[2024-11-20T21:34:25.069+0500][gc,cpu      ] GC(2) User=0.00s Sys=0.00s Real=0.00s
[2024-11-20T21:34:25.069+0500][gc,marking  ] GC(2) Concurrent Cleanup for Next Mark
[2024-11-20T21:34:25.075+0500][gc,marking  ] GC(2) Concurrent Cleanup for Next Mark 6.091ms
[2024-11-20T21:34:25.075+0500][gc          ] GC(2) Concurrent Mark Cycle 19.449ms
[2024-11-20T21:34:26.563+0500][gc,start    ] GC(3) Pause Young (Normal) (G1 Evacuation Pause)
[2024-11-20T21:34:26.563+0500][gc,task     ] GC(3) Using 8 workers of 8 for evacuation
[2024-11-20T21:34:26.569+0500][gc,phases   ] GC(3)   Pre Evacuate Collection Set: 0.3ms
[2024-11-20T21:34:26.569+0500][gc,phases   ] GC(3)   Merge Heap Roots: 0.2ms
[2024-11-20T21:34:26.569+0500][gc,phases   ] GC(3)   Evacuate Collection Set: 5.0ms
[2024-11-20T21:34:26.569+0500][gc,phases   ] GC(3)   Post Evacuate Collection Set: 0.5ms
[2024-11-20T21:34:26.569+0500][gc,phases   ] GC(3)   Other: 0.1ms
[2024-11-20T21:34:26.569+0500][gc,heap     ] GC(3) Eden regions: 50->0(47)
[2024-11-20T21:34:26.569+0500][gc,heap     ] GC(3) Survivor regions: 1->4(7)
[2024-11-20T21:34:26.569+0500][gc,heap     ] GC(3) Old regions: 9->9
[2024-11-20T21:34:26.569+0500][gc,heap     ] GC(3) Archive regions: 2->2
[2024-11-20T21:34:26.569+0500][gc,heap     ] GC(3) Humongous regions: 0->0
[2024-11-20T21:34:26.569+0500][gc,metaspace] GC(3) Metaspace: 31530K(31808K)->31530K(31808K) NonClass: 27996K(28160K)->27996K(28160K) Class: 3533K(3648K)->3533K(3648K)
[2024-11-20T21:34:26.570+0500][gc          ] GC(3) Pause Young (Normal) (G1 Evacuation Pause) 60M->12M(1024M) 6.181ms
[2024-11-20T21:34:26.570+0500][gc,cpu      ] GC(3) User=0.03s Sys=0.00s Real=0.00s
[2024-11-20T21:34:27.073+0500][gc,start    ] GC(4) Pause Young (Concurrent Start) (Metadata GC Threshold)
[2024-11-20T21:34:27.073+0500][gc,task     ] GC(4) Using 8 workers of 8 for evacuation
[2024-11-20T21:34:27.089+0500][gc,phases   ] GC(4)   Pre Evacuate Collection Set: 2.8ms
[2024-11-20T21:34:27.089+0500][gc,phases   ] GC(4)   Merge Heap Roots: 0.1ms
[2024-11-20T21:34:27.089+0500][gc,phases   ] GC(4)   Evacuate Collection Set: 11.5ms
[2024-11-20T21:34:27.089+0500][gc,phases   ] GC(4)   Post Evacuate Collection Set: 1.3ms
[2024-11-20T21:34:27.089+0500][gc,phases   ] GC(4)   Other: 0.3ms
[2024-11-20T21:34:27.089+0500][gc,heap     ] GC(4) Eden regions: 29->0(44)
[2024-11-20T21:34:27.089+0500][gc,heap     ] GC(4) Survivor regions: 4->7(7)
[2024-11-20T21:34:27.089+0500][gc,heap     ] GC(4) Old regions: 9->9
[2024-11-20T21:34:27.089+0500][gc,heap     ] GC(4) Archive regions: 2->2
[2024-11-20T21:34:27.089+0500][gc,heap     ] GC(4) Humongous regions: 0->0
[2024-11-20T21:34:27.089+0500][gc,metaspace] GC(4) Metaspace: 35717K(35968K)->35717K(35968K) NonClass: 31817K(32000K)->31817K(32000K) Class: 3900K(3968K)->3900K(3968K)
[2024-11-20T21:34:27.089+0500][gc          ] GC(4) Pause Young (Concurrent Start) (Metadata GC Threshold) 41M->16M(1024M) 16.380ms
[2024-11-20T21:34:27.090+0500][gc,cpu      ] GC(4) User=0.03s Sys=0.00s Real=0.01s
[2024-11-20T21:34:27.090+0500][gc          ] GC(5) Concurrent Mark Cycle
[2024-11-20T21:34:27.090+0500][gc,marking  ] GC(5) Concurrent Clear Claimed Marks
[2024-11-20T21:34:27.090+0500][gc,marking  ] GC(5) Concurrent Clear Claimed Marks 0.030ms
[2024-11-20T21:34:27.090+0500][gc,marking  ] GC(5) Concurrent Scan Root Regions
[2024-11-20T21:34:27.100+0500][gc,marking  ] GC(5) Concurrent Scan Root Regions 10.652ms
[2024-11-20T21:34:27.101+0500][gc,marking  ] GC(5) Concurrent Mark
[2024-11-20T21:34:27.101+0500][gc,marking  ] GC(5) Concurrent Mark From Roots
[2024-11-20T21:34:27.102+0500][gc,task     ] GC(5) Using 2 workers of 2 for marking
[2024-11-20T21:34:27.113+0500][gc,marking  ] GC(5) Concurrent Mark From Roots 11.933ms
[2024-11-20T21:34:27.113+0500][gc,marking  ] GC(5) Concurrent Preclean
[2024-11-20T21:34:27.113+0500][gc,marking  ] GC(5) Concurrent Preclean 0.186ms
[2024-11-20T21:34:27.113+0500][gc,start    ] GC(5) Pause Remark
[2024-11-20T21:34:27.118+0500][gc          ] GC(5) Pause Remark 17M->17M(1024M) 4.957ms
[2024-11-20T21:34:27.118+0500][gc,cpu      ] GC(5) User=0.01s Sys=0.00s Real=0.00s
[2024-11-20T21:34:27.118+0500][gc,marking  ] GC(5) Concurrent Mark 17.848ms
[2024-11-20T21:34:27.118+0500][gc,marking  ] GC(5) Concurrent Rebuild Remembered Sets
[2024-11-20T21:34:27.123+0500][gc,marking  ] GC(5) Concurrent Rebuild Remembered Sets 4.359ms
[2024-11-20T21:34:27.123+0500][gc,start    ] GC(5) Pause Cleanup
[2024-11-20T21:34:27.124+0500][gc          ] GC(5) Pause Cleanup 17M->17M(1024M) 0.453ms
[2024-11-20T21:34:27.124+0500][gc,cpu      ] GC(5) User=0.00s Sys=0.00s Real=0.00s
[2024-11-20T21:34:27.124+0500][gc,marking  ] GC(5) Concurrent Cleanup for Next Mark
[2024-11-20T21:34:27.130+0500][gc,marking  ] GC(5) Concurrent Cleanup for Next Mark 6.371ms
[2024-11-20T21:34:27.131+0500][gc          ] GC(5) Concurrent Mark Cycle 40.912ms
[2024-11-20T21:36:21.691+0500][gc,start    ] GC(6) Pause Young (Normal) (G1 Evacuation Pause)
[2024-11-20T21:36:21.691+0500][gc,task     ] GC(6) Using 8 workers of 8 for evacuation
[2024-11-20T21:36:21.699+0500][gc,phases   ] GC(6)   Pre Evacuate Collection Set: 0.3ms
[2024-11-20T21:36:21.699+0500][gc,phases   ] GC(6)   Merge Heap Roots: 0.1ms
[2024-11-20T21:36:21.699+0500][gc,phases   ] GC(6)   Evacuate Collection Set: 6.1ms
[2024-11-20T21:36:21.699+0500][gc,phases   ] GC(6)   Post Evacuate Collection Set: 1.0ms
[2024-11-20T21:36:21.699+0500][gc,phases   ] GC(6)   Other: 0.4ms
[2024-11-20T21:36:21.699+0500][gc,heap     ] GC(6) Eden regions: 44->0(48)
[2024-11-20T21:36:21.699+0500][gc,heap     ] GC(6) Survivor regions: 7->3(7)
[2024-11-20T21:36:21.699+0500][gc,heap     ] GC(6) Old regions: 9->16
[2024-11-20T21:36:21.699+0500][gc,heap     ] GC(6) Archive regions: 2->2
[2024-11-20T21:36:21.699+0500][gc,heap     ] GC(6) Humongous regions: 129->129
[2024-11-20T21:36:21.699+0500][gc,metaspace] GC(6) Metaspace: 39809K(40192K)->39809K(40192K) NonClass: 35440K(35648K)->35440K(35648K) Class: 4368K(4544K)->4368K(4544K)
[2024-11-20T21:36:21.699+0500][gc          ] GC(6) Pause Young (Normal) (G1 Evacuation Pause) 189M->147M(1024M) 8.160ms
[2024-11-20T21:36:21.699+0500][gc,cpu      ] GC(6) User=0.04s Sys=0.00s Real=0.00s
[2024-11-20T21:42:42.821+0500][gc,start    ] GC(7) Pause Young (Normal) (G1 Evacuation Pause)
[2024-11-20T21:42:42.821+0500][gc,task     ] GC(7) Using 8 workers of 8 for evacuation
[2024-11-20T21:42:42.827+0500][gc,phases   ] GC(7)   Pre Evacuate Collection Set: 0.5ms
[2024-11-20T21:42:42.827+0500][gc,phases   ] GC(7)   Merge Heap Roots: 0.2ms
[2024-11-20T21:42:42.827+0500][gc,phases   ] GC(7)   Evacuate Collection Set: 4.1ms
[2024-11-20T21:42:42.827+0500][gc,phases   ] GC(7)   Post Evacuate Collection Set: 0.8ms
[2024-11-20T21:42:42.827+0500][gc,phases   ] GC(7)   Other: 0.4ms
[2024-11-20T21:42:42.827+0500][gc,heap     ] GC(7) Eden regions: 48->0(48)
[2024-11-20T21:42:42.827+0500][gc,heap     ] GC(7) Survivor regions: 3->3(7)
[2024-11-20T21:42:42.827+0500][gc,heap     ] GC(7) Old regions: 16->16
[2024-11-20T21:42:42.827+0500][gc,heap     ] GC(7) Archive regions: 2->2
[2024-11-20T21:42:42.827+0500][gc,heap     ] GC(7) Humongous regions: 129->129
[2024-11-20T21:42:42.827+0500][gc,metaspace] GC(7) Metaspace: 40524K(40896K)->40524K(40896K) NonClass: 36156K(36352K)->36156K(36352K) Class: 4368K(4544K)->4368K(4544K)
[2024-11-20T21:42:42.827+0500][gc          ] GC(7) Pause Young (Normal) (G1 Evacuation Pause) 195M->148M(1024M) 6.184ms
[2024-11-20T21:42:42.827+0500][gc,cpu      ] GC(7) User=0.02s Sys=0.01s Real=0.00s
[2024-11-20T21:49:32.524+0500][gc,start    ] GC(8) Pause Young (Normal) (G1 Evacuation Pause)
[2024-11-20T21:49:32.524+0500][gc,task     ] GC(8) Using 8 workers of 8 for evacuation
[2024-11-20T21:49:32.528+0500][gc,phases   ] GC(8)   Pre Evacuate Collection Set: 0.2ms
[2024-11-20T21:49:32.528+0500][gc,phases   ] GC(8)   Merge Heap Roots: 0.1ms
[2024-11-20T21:49:32.528+0500][gc,phases   ] GC(8)   Evacuate Collection Set: 2.9ms
[2024-11-20T21:49:32.528+0500][gc,phases   ] GC(8)   Post Evacuate Collection Set: 0.6ms
[2024-11-20T21:49:32.528+0500][gc,phases   ] GC(8)   Other: 0.2ms
[2024-11-20T21:49:32.528+0500][gc,heap     ] GC(8) Eden regions: 48->0(48)
[2024-11-20T21:49:32.528+0500][gc,heap     ] GC(8) Survivor regions: 3->3(7)
[2024-11-20T21:49:32.528+0500][gc,heap     ] GC(8) Old regions: 16->16
[2024-11-20T21:49:32.528+0500][gc,heap     ] GC(8) Archive regions: 2->2
[2024-11-20T21:49:32.528+0500][gc,heap     ] GC(8) Humongous regions: 129->129
[2024-11-20T21:49:32.528+0500][gc,metaspace] GC(8) Metaspace: 40783K(41152K)->40783K(41152K) NonClass: 36406K(36608K)->36406K(36608K) Class: 4376K(4544K)->4376K(4544K)
[2024-11-20T21:49:32.528+0500][gc          ] GC(8) Pause Young (Normal) (G1 Evacuation Pause) 196M->148M(1024M) 4.196ms
[2024-11-20T21:49:32.528+0500][gc,cpu      ] GC(8) User=0.01s Sys=0.01s Real=0.00s
[2024-11-20T21:53:53.957+0500][gc,start    ] GC(9) Pause Young (Normal) (G1 Evacuation Pause)
[2024-11-20T21:53:53.957+0500][gc,task     ] GC(9) Using 8 workers of 8 for evacuation
[2024-11-20T21:53:53.963+0500][gc,phases   ] GC(9)   Pre Evacuate Collection Set: 0.3ms
[2024-11-20T21:53:53.963+0500][gc,phases   ] GC(9)   Merge Heap Roots: 0.1ms
[2024-11-20T21:53:53.963+0500][gc,phases   ] GC(9)   Evacuate Collection Set: 4.7ms
[2024-11-20T21:53:53.963+0500][gc,phases   ] GC(9)   Post Evacuate Collection Set: 1.2ms
[2024-11-20T21:53:53.963+0500][gc,phases   ] GC(9)   Other: 0.3ms
[2024-11-20T21:53:53.963+0500][gc,heap     ] GC(9) Eden regions: 48->0(51)
[2024-11-20T21:53:53.963+0500][gc,heap     ] GC(9) Survivor regions: 3->5(7)
[2024-11-20T21:53:53.963+0500][gc,heap     ] GC(9) Old regions: 16->16
[2024-11-20T21:53:53.963+0500][gc,heap     ] GC(9) Archive regions: 2->2
[2024-11-20T21:53:53.963+0500][gc,heap     ] GC(9) Humongous regions: 129->129
[2024-11-20T21:53:53.963+0500][gc,metaspace] GC(9) Metaspace: 43319K(43840K)->43319K(43840K) NonClass: 38480K(38784K)->38480K(38784K) Class: 4839K(5056K)->4839K(5056K)
[2024-11-20T21:53:53.963+0500][gc          ] GC(9) Pause Young (Normal) (G1 Evacuation Pause) 196M->149M(1024M) 6.788ms
[2024-11-20T21:53:53.963+0500][gc,cpu      ] GC(9) User=0.03s Sys=0.00s Real=0.01s
[2024-11-20T21:55:16.904+0500][gc,start    ] GC(10) Pause Young (Normal) (G1 Evacuation Pause)
[2024-11-20T21:55:16.905+0500][gc,task     ] GC(10) Using 8 workers of 8 for evacuation
[2024-11-20T21:55:16.920+0500][gc,phases   ] GC(10)   Pre Evacuate Collection Set: 0.4ms
[2024-11-20T21:55:16.920+0500][gc,phases   ] GC(10)   Merge Heap Roots: 0.2ms
[2024-11-20T21:55:16.920+0500][gc,phases   ] GC(10)   Evacuate Collection Set: 13.1ms
[2024-11-20T21:55:16.920+0500][gc,phases   ] GC(10)   Post Evacuate Collection Set: 1.2ms
[2024-11-20T21:55:16.920+0500][gc,phases   ] GC(10)   Other: 0.4ms
[2024-11-20T21:55:16.920+0500][gc,heap     ] GC(10) Eden regions: 51->0(45)
[2024-11-20T21:55:16.920+0500][gc,heap     ] GC(10) Survivor regions: 5->6(7)
[2024-11-20T21:55:16.920+0500][gc,heap     ] GC(10) Old regions: 16->18
[2024-11-20T21:55:16.920+0500][gc,heap     ] GC(10) Archive regions: 2->2
[2024-11-20T21:55:16.920+0500][gc,heap     ] GC(10) Humongous regions: 129->129
[2024-11-20T21:55:16.920+0500][gc,metaspace] GC(10) Metaspace: 44995K(45568K)->44995K(45568K) NonClass: 39932K(40256K)->39932K(40256K) Class: 5062K(5312K)->5062K(5312K)
[2024-11-20T21:55:16.920+0500][gc          ] GC(10) Pause Young (Normal) (G1 Evacuation Pause) 200M->152M(1024M) 15.737ms
[2024-11-20T21:55:16.920+0500][gc,cpu      ] GC(10) User=0.08s Sys=0.01s Real=0.02s
[2024-11-20T21:57:07.833+0500][gc,start    ] GC(11) Pause Young (Normal) (G1 Evacuation Pause)
[2024-11-20T21:57:07.833+0500][gc,task     ] GC(11) Using 8 workers of 8 for evacuation
[2024-11-20T21:57:07.841+0500][gc,phases   ] GC(11)   Pre Evacuate Collection Set: 0.2ms
[2024-11-20T21:57:07.841+0500][gc,phases   ] GC(11)   Merge Heap Roots: 0.1ms
[2024-11-20T21:57:07.841+0500][gc,phases   ] GC(11)   Evacuate Collection Set: 7.2ms
[2024-11-20T21:57:07.841+0500][gc,phases   ] GC(11)   Post Evacuate Collection Set: 0.7ms
[2024-11-20T21:57:07.841+0500][gc,phases   ] GC(11)   Other: 0.3ms
[2024-11-20T21:57:07.841+0500][gc,heap     ] GC(11) Eden regions: 45->0(96)
[2024-11-20T21:57:07.841+0500][gc,heap     ] GC(11) Survivor regions: 6->4(7)
[2024-11-20T21:57:07.841+0500][gc,heap     ] GC(11) Old regions: 18->20
[2024-11-20T21:57:07.841+0500][gc,heap     ] GC(11) Archive regions: 2->2
[2024-11-20T21:57:07.841+0500][gc,heap     ] GC(11) Humongous regions: 129->129
[2024-11-20T21:57:07.841+0500][gc,metaspace] GC(11) Metaspace: 45143K(45696K)->45143K(45696K) NonClass: 40074K(40384K)->40074K(40384K) Class: 5068K(5312K)->5068K(5312K)
[2024-11-20T21:57:07.841+0500][gc          ] GC(11) Pause Young (Normal) (G1 Evacuation Pause) 197M->153M(1024M) 8.721ms
[2024-11-20T21:57:07.841+0500][gc,cpu      ] GC(11) User=0.05s Sys=0.00s Real=0.01s
[2024-11-20T22:01:10.523+0500][gc,start    ] GC(12) Pause Young (Normal) (G1 Evacuation Pause)
[2024-11-20T22:01:10.523+0500][gc,task     ] GC(12) Using 8 workers of 8 for evacuation
[2024-11-20T22:01:10.536+0500][gc,phases   ] GC(12)   Pre Evacuate Collection Set: 0.2ms
[2024-11-20T22:01:10.536+0500][gc,phases   ] GC(12)   Merge Heap Roots: 0.1ms
[2024-11-20T22:01:10.536+0500][gc,phases   ] GC(12)   Evacuate Collection Set: 11.9ms
[2024-11-20T22:01:10.536+0500][gc,phases   ] GC(12)   Post Evacuate Collection Set: 0.5ms
[2024-11-20T22:01:10.536+0500][gc,phases   ] GC(12)   Other: 0.2ms
[2024-11-20T22:01:10.536+0500][gc,heap     ] GC(12) Eden regions: 96->0(55)
[2024-11-20T22:01:10.536+0500][gc,heap     ] GC(12) Survivor regions: 4->8(13)
[2024-11-20T22:01:10.536+0500][gc,heap     ] GC(12) Old regions: 20->20
[2024-11-20T22:01:10.536+0500][gc,heap     ] GC(12) Archive regions: 2->2
[2024-11-20T22:01:10.536+0500][gc,heap     ] GC(12) Humongous regions: 129->129
[2024-11-20T22:01:10.536+0500][gc,metaspace] GC(12) Metaspace: 45205K(45760K)->45205K(45760K) NonClass: 40135K(40448K)->40135K(40448K) Class: 5069K(5312K)->5069K(5312K)
[2024-11-20T22:01:10.536+0500][gc          ] GC(12) Pause Young (Normal) (G1 Evacuation Pause) 249M->157M(1024M) 13.257ms
[2024-11-20T22:01:10.536+0500][gc,cpu      ] GC(12) User=0.05s Sys=0.01s Real=0.01s
[2024-11-20T22:03:30.724+0500][gc,start    ] GC(13) Pause Young (Normal) (G1 Evacuation Pause)
[2024-11-20T22:03:30.724+0500][gc,task     ] GC(13) Using 8 workers of 8 for evacuation
[2024-11-20T22:03:30.734+0500][gc,phases   ] GC(13)   Pre Evacuate Collection Set: 0.4ms
[2024-11-20T22:03:30.734+0500][gc,phases   ] GC(13)   Merge Heap Roots: 0.2ms
[2024-11-20T22:03:30.734+0500][gc,phases   ] GC(13)   Evacuate Collection Set: 8.1ms
[2024-11-20T22:03:30.734+0500][gc,phases   ] GC(13)   Post Evacuate Collection Set: 0.7ms
[2024-11-20T22:03:30.734+0500][gc,phases   ] GC(13)   Other: 0.3ms
[2024-11-20T22:03:30.734+0500][gc,heap     ] GC(13) Eden regions: 55->0(165)
[2024-11-20T22:03:30.734+0500][gc,heap     ] GC(13) Survivor regions: 8->4(8)
[2024-11-20T22:03:30.734+0500][gc,heap     ] GC(13) Old regions: 20->25
[2024-11-20T22:03:30.734+0500][gc,heap     ] GC(13) Archive regions: 2->2
[2024-11-20T22:03:30.734+0500][gc,heap     ] GC(13) Humongous regions: 129->129
[2024-11-20T22:03:30.734+0500][gc,metaspace] GC(13) Metaspace: 45234K(45824K)->45234K(45824K) NonClass: 40165K(40512K)->40165K(40512K) Class: 5069K(5312K)->5069K(5312K)
[2024-11-20T22:03:30.734+0500][gc          ] GC(13) Pause Young (Normal) (G1 Evacuation Pause) 212M->158M(1024M) 9.963ms
[2024-11-20T22:03:30.734+0500][gc,cpu      ] GC(13) User=0.07s Sys=0.00s Real=0.01s
[2024-11-20T22:10:26.812+0500][gc,start    ] GC(14) Pause Young (Normal) (G1 Evacuation Pause)
[2024-11-20T22:10:26.812+0500][gc,task     ] GC(14) Using 8 workers of 8 for evacuation
[2024-11-20T22:10:26.819+0500][gc,phases   ] GC(14)   Pre Evacuate Collection Set: 0.2ms
[2024-11-20T22:10:26.819+0500][gc,phases   ] GC(14)   Merge Heap Roots: 0.1ms
[2024-11-20T22:10:26.819+0500][gc,phases   ] GC(14)   Evacuate Collection Set: 6.3ms
[2024-11-20T22:10:26.819+0500][gc,phases   ] GC(14)   Post Evacuate Collection Set: 0.7ms
[2024-11-20T22:10:26.819+0500][gc,phases   ] GC(14)   Other: 0.2ms
[2024-11-20T22:10:26.820+0500][gc,heap     ] GC(14) Eden regions: 160->0(140)
[2024-11-20T22:10:26.820+0500][gc,heap     ] GC(14) Survivor regions: 4->7(21)
[2024-11-20T22:10:26.820+0500][gc,heap     ] GC(14) Old regions: 25->25
[2024-11-20T22:10:26.820+0500][gc,heap     ] GC(14) Archive regions: 2->2
[2024-11-20T22:10:26.820+0500][gc,heap     ] GC(14) Humongous regions: 129->129
[2024-11-20T22:10:26.820+0500][gc,metaspace] GC(14) Metaspace: 45294K(45824K)->45294K(45824K) NonClass: 40224K(40512K)->40224K(40512K) Class: 5069K(5312K)->5069K(5312K)
[2024-11-20T22:10:26.820+0500][gc          ] GC(14) Pause Young (Normal) (G1 Evacuation Pause) 318M->160M(1024M) 7.905ms
[2024-11-20T22:10:26.820+0500][gc,cpu      ] GC(14) User=0.04s Sys=0.01s Real=0.01s
[2024-11-20T22:13:30.529+0500][gc,heap,exit] Heap
[2024-11-20T22:13:30.529+0500][gc,heap,exit]  garbage-first heap   total 1048576K, used 253627K [0x00000000c0000000, 0x0000000100000000)
[2024-11-20T22:13:30.530+0500][gc,heap,exit]   region size 1024K, 94 young (96256K), 7 survivors (7168K)
[2024-11-20T22:13:30.530+0500][gc,heap,exit]  Metaspace       used 46545K, committed 47040K, reserved 1114112K
[2024-11-20T22:13:30.530+0500][gc,heap,exit]   class space    used 5312K, committed 5504K, reserved 1048576K
