[2024-11-20T22:13:41.630+0500][gc] Using G1
[2024-11-20T22:13:41.645+0500][gc,init] Version: 17.0.13+11-Ubuntu-2ubuntu124.04 (release)
[2024-11-20T22:13:41.645+0500][gc,init] CPUs: 8 total, 8 available
[2024-11-20T22:13:41.645+0500][gc,init] Memory: 7835M
[2024-11-20T22:13:41.645+0500][gc,init] Large Page Support: Disabled
[2024-11-20T22:13:41.645+0500][gc,init] NUMA Support: Disabled
[2024-11-20T22:13:41.645+0500][gc,init] Compressed Oops: Enabled (32-bit)
[2024-11-20T22:13:41.645+0500][gc,init] Heap Region Size: 1M
[2024-11-20T22:13:41.645+0500][gc,init] Heap Min Capacity: 1G
[2024-11-20T22:13:41.645+0500][gc,init] Heap Initial Capacity: 1G
[2024-11-20T22:13:41.645+0500][gc,init] Heap Max Capacity: 1G
[2024-11-20T22:13:41.645+0500][gc,init] Pre-touch: Disabled
[2024-11-20T22:13:41.645+0500][gc,init] Parallel Workers: 8
[2024-11-20T22:13:41.646+0500][gc,init] Concurrent Workers: 2
[2024-11-20T22:13:41.646+0500][gc,init] Concurrent Refinement Workers: 8
[2024-11-20T22:13:41.646+0500][gc,init] Periodic GC: Disabled
[2024-11-20T22:13:41.657+0500][gc,metaspace] CDS archive(s) mapped at: [0x0000702983000000-0x0000702983bc9000-0x0000702983bc9000), size 12357632, SharedBaseAddress: 0x0000702983000000, ArchiveRelocationMode: 1.
[2024-11-20T22:13:41.657+0500][gc,metaspace] Compressed class space mapped at: 0x0000702984000000-0x00007029c4000000, reserved size: 1073741824
[2024-11-20T22:13:41.657+0500][gc,metaspace] Narrow klass base: 0x0000702983000000, Narrow klass shift: 0, Narrow klass range: 0x100000000
[2024-11-20T22:13:43.287+0500][gc,start    ] GC(0) Pause Young (Normal) (G1 Evacuation Pause)
[2024-11-20T22:13:43.289+0500][gc,task     ] GC(0) Using 8 workers of 8 for evacuation
[2024-11-20T22:13:43.304+0500][gc,phases   ] GC(0)   Pre Evacuate Collection Set: 0.3ms
[2024-11-20T22:13:43.304+0500][gc,phases   ] GC(0)   Merge Heap Roots: 0.1ms
[2024-11-20T22:13:43.304+0500][gc,phases   ] GC(0)   Evacuate Collection Set: 14.0ms
[2024-11-20T22:13:43.304+0500][gc,phases   ] GC(0)   Post Evacuate Collection Set: 1.2ms
[2024-11-20T22:13:43.304+0500][gc,phases   ] GC(0)   Other: 1.2ms
[2024-11-20T22:13:43.304+0500][gc,heap     ] GC(0) Eden regions: 51->0(44)
[2024-11-20T22:13:43.304+0500][gc,heap     ] GC(0) Survivor regions: 0->7(7)
[2024-11-20T22:13:43.304+0500][gc,heap     ] GC(0) Old regions: 0->2
[2024-11-20T22:13:43.305+0500][gc,heap     ] GC(0) Archive regions: 2->2
[2024-11-20T22:13:43.305+0500][gc,heap     ] GC(0) Humongous regions: 0->0
[2024-11-20T22:13:43.305+0500][gc,metaspace] GC(0) Metaspace: 17621K(17856K)->17621K(17856K) NonClass: 15660K(15808K)->15660K(15808K) Class: 1961K(2048K)->1961K(2048K)
[2024-11-20T22:13:43.305+0500][gc          ] GC(0) Pause Young (Normal) (G1 Evacuation Pause) 51M->9M(1024M) 17.092ms
[2024-11-20T22:13:43.305+0500][gc,cpu      ] GC(0) User=0.03s Sys=0.01s Real=0.02s
[2024-11-20T22:13:43.579+0500][gc,start    ] GC(1) Pause Young (Concurrent Start) (Metadata GC Threshold)
[2024-11-20T22:13:43.579+0500][gc,task     ] GC(1) Using 8 workers of 8 for evacuation
[2024-11-20T22:13:43.585+0500][gc,phases   ] GC(1)   Pre Evacuate Collection Set: 0.2ms
[2024-11-20T22:13:43.585+0500][gc,phases   ] GC(1)   Merge Heap Roots: 0.1ms
[2024-11-20T22:13:43.585+0500][gc,phases   ] GC(1)   Evacuate Collection Set: 5.2ms
[2024-11-20T22:13:43.585+0500][gc,phases   ] GC(1)   Post Evacuate Collection Set: 0.4ms
[2024-11-20T22:13:43.585+0500][gc,phases   ] GC(1)   Other: 0.3ms
[2024-11-20T22:13:43.585+0500][gc,heap     ] GC(1) Eden regions: 13->0(49)
[2024-11-20T22:13:43.585+0500][gc,heap     ] GC(1) Survivor regions: 7->2(7)
[2024-11-20T22:13:43.585+0500][gc,heap     ] GC(1) Old regions: 2->9
[2024-11-20T22:13:43.585+0500][gc,heap     ] GC(1) Archive regions: 2->2
[2024-11-20T22:13:43.585+0500][gc,heap     ] GC(1) Humongous regions: 0->0
[2024-11-20T22:13:43.585+0500][gc,metaspace] GC(1) Metaspace: 21356K(21504K)->21356K(21504K) NonClass: 19012K(19072K)->19012K(19072K) Class: 2343K(2432K)->2343K(2432K)
[2024-11-20T22:13:43.585+0500][gc          ] GC(1) Pause Young (Concurrent Start) (Metadata GC Threshold) 22M->10M(1024M) 6.561ms
[2024-11-20T22:13:43.585+0500][gc,cpu      ] GC(1) User=0.02s Sys=0.01s Real=0.01s
[2024-11-20T22:13:43.585+0500][gc          ] GC(2) Concurrent Mark Cycle
[2024-11-20T22:13:43.585+0500][gc,marking  ] GC(2) Concurrent Clear Claimed Marks
[2024-11-20T22:13:43.585+0500][gc,marking  ] GC(2) Concurrent Clear Claimed Marks 0.018ms
[2024-11-20T22:13:43.585+0500][gc,marking  ] GC(2) Concurrent Scan Root Regions
[2024-11-20T22:13:43.588+0500][gc,marking  ] GC(2) Concurrent Scan Root Regions 2.573ms
[2024-11-20T22:13:43.588+0500][gc,marking  ] GC(2) Concurrent Mark
[2024-11-20T22:13:43.588+0500][gc,marking  ] GC(2) Concurrent Mark From Roots
[2024-11-20T22:13:43.588+0500][gc,task     ] GC(2) Using 2 workers of 2 for marking
[2024-11-20T22:13:43.593+0500][gc,marking  ] GC(2) Concurrent Mark From Roots 4.633ms
[2024-11-20T22:13:43.593+0500][gc,marking  ] GC(2) Concurrent Preclean
[2024-11-20T22:13:43.593+0500][gc,marking  ] GC(2) Concurrent Preclean 0.187ms
[2024-11-20T22:13:43.593+0500][gc,start    ] GC(2) Pause Remark
[2024-11-20T22:13:43.595+0500][gc          ] GC(2) Pause Remark 11M->11M(1024M) 2.100ms
[2024-11-20T22:13:43.595+0500][gc,cpu      ] GC(2) User=0.01s Sys=0.00s Real=0.00s
[2024-11-20T22:13:43.597+0500][gc,marking  ] GC(2) Concurrent Mark 8.775ms
[2024-11-20T22:13:43.597+0500][gc,marking  ] GC(2) Concurrent Rebuild Remembered Sets
[2024-11-20T22:13:43.602+0500][gc,marking  ] GC(2) Concurrent Rebuild Remembered Sets 5.214ms
[2024-11-20T22:13:43.602+0500][gc,start    ] GC(2) Pause Cleanup
[2024-11-20T22:13:43.603+0500][gc          ] GC(2) Pause Cleanup 11M->11M(1024M) 0.274ms
[2024-11-20T22:13:43.603+0500][gc,cpu      ] GC(2) User=0.00s Sys=0.00s Real=0.00s
[2024-11-20T22:13:43.603+0500][gc,marking  ] GC(2) Concurrent Cleanup for Next Mark
[2024-11-20T22:13:43.610+0500][gc,marking  ] GC(2) Concurrent Cleanup for Next Mark 7.379ms
[2024-11-20T22:13:43.610+0500][gc          ] GC(2) Concurrent Mark Cycle 24.844ms
[2024-11-20T22:13:44.951+0500][gc,start    ] GC(3) Pause Young (Normal) (G1 Evacuation Pause)
[2024-11-20T22:13:44.951+0500][gc,task     ] GC(3) Using 8 workers of 8 for evacuation
[2024-11-20T22:13:44.955+0500][gc,phases   ] GC(3)   Pre Evacuate Collection Set: 0.1ms
[2024-11-20T22:13:44.955+0500][gc,phases   ] GC(3)   Merge Heap Roots: 0.0ms
[2024-11-20T22:13:44.955+0500][gc,phases   ] GC(3)   Evacuate Collection Set: 3.9ms
[2024-11-20T22:13:44.955+0500][gc,phases   ] GC(3)   Post Evacuate Collection Set: 0.5ms
[2024-11-20T22:13:44.955+0500][gc,phases   ] GC(3)   Other: 0.1ms
[2024-11-20T22:13:44.955+0500][gc,heap     ] GC(3) Eden regions: 49->0(47)
[2024-11-20T22:13:44.955+0500][gc,heap     ] GC(3) Survivor regions: 2->4(7)
[2024-11-20T22:13:44.955+0500][gc,heap     ] GC(3) Old regions: 9->9
[2024-11-20T22:13:44.955+0500][gc,heap     ] GC(3) Archive regions: 2->2
[2024-11-20T22:13:44.955+0500][gc,heap     ] GC(3) Humongous regions: 0->0
[2024-11-20T22:13:44.955+0500][gc,metaspace] GC(3) Metaspace: 31569K(31744K)->31569K(31744K) NonClass: 28058K(28160K)->28058K(28160K) Class: 3510K(3584K)->3510K(3584K)
[2024-11-20T22:13:44.955+0500][gc          ] GC(3) Pause Young (Normal) (G1 Evacuation Pause) 59M->13M(1024M) 4.874ms
[2024-11-20T22:13:44.956+0500][gc,cpu      ] GC(3) User=0.02s Sys=0.00s Real=0.00s
[2024-11-20T22:13:45.350+0500][gc,start    ] GC(4) Pause Young (Concurrent Start) (Metadata GC Threshold)
[2024-11-20T22:13:45.350+0500][gc,task     ] GC(4) Using 8 workers of 8 for evacuation
[2024-11-20T22:13:45.357+0500][gc,phases   ] GC(4)   Pre Evacuate Collection Set: 0.3ms
[2024-11-20T22:13:45.358+0500][gc,phases   ] GC(4)   Merge Heap Roots: 0.1ms
[2024-11-20T22:13:45.358+0500][gc,phases   ] GC(4)   Evacuate Collection Set: 6.4ms
[2024-11-20T22:13:45.358+0500][gc,phases   ] GC(4)   Post Evacuate Collection Set: 0.7ms
[2024-11-20T22:13:45.358+0500][gc,phases   ] GC(4)   Other: 0.3ms
[2024-11-20T22:13:45.358+0500][gc,heap     ] GC(4) Eden regions: 28->0(44)
[2024-11-20T22:13:45.358+0500][gc,heap     ] GC(4) Survivor regions: 4->7(7)
[2024-11-20T22:13:45.358+0500][gc,heap     ] GC(4) Old regions: 9->10
[2024-11-20T22:13:45.358+0500][gc,heap     ] GC(4) Archive regions: 2->2
[2024-11-20T22:13:45.358+0500][gc,heap     ] GC(4) Humongous regions: 0->0
[2024-11-20T22:13:45.358+0500][gc,metaspace] GC(4) Metaspace: 35724K(35968K)->35724K(35968K) NonClass: 31773K(31872K)->31773K(31872K) Class: 3950K(4096K)->3950K(4096K)
[2024-11-20T22:13:45.358+0500][gc          ] GC(4) Pause Young (Concurrent Start) (Metadata GC Threshold) 40M->17M(1024M) 7.986ms
[2024-11-20T22:13:45.358+0500][gc,cpu      ] GC(4) User=0.03s Sys=0.00s Real=0.00s
[2024-11-20T22:13:45.358+0500][gc          ] GC(5) Concurrent Mark Cycle
[2024-11-20T22:13:45.358+0500][gc,marking  ] GC(5) Concurrent Clear Claimed Marks
[2024-11-20T22:13:45.358+0500][gc,marking  ] GC(5) Concurrent Clear Claimed Marks 0.029ms
[2024-11-20T22:13:45.358+0500][gc,marking  ] GC(5) Concurrent Scan Root Regions
[2024-11-20T22:13:45.363+0500][gc,marking  ] GC(5) Concurrent Scan Root Regions 5.468ms
[2024-11-20T22:13:45.363+0500][gc,marking  ] GC(5) Concurrent Mark
[2024-11-20T22:13:45.363+0500][gc,marking  ] GC(5) Concurrent Mark From Roots
[2024-11-20T22:13:45.363+0500][gc,task     ] GC(5) Using 2 workers of 2 for marking
[2024-11-20T22:13:45.375+0500][gc,marking  ] GC(5) Concurrent Mark From Roots 11.968ms
[2024-11-20T22:13:45.375+0500][gc,marking  ] GC(5) Concurrent Preclean
[2024-11-20T22:13:45.376+0500][gc,marking  ] GC(5) Concurrent Preclean 0.286ms
[2024-11-20T22:13:45.376+0500][gc,start    ] GC(5) Pause Remark
[2024-11-20T22:13:45.378+0500][gc          ] GC(5) Pause Remark 19M->19M(1024M) 2.004ms
[2024-11-20T22:13:45.378+0500][gc,cpu      ] GC(5) User=0.00s Sys=0.00s Real=0.00s
[2024-11-20T22:13:45.378+0500][gc,marking  ] GC(5) Concurrent Mark 14.943ms
[2024-11-20T22:13:45.378+0500][gc,marking  ] GC(5) Concurrent Rebuild Remembered Sets
[2024-11-20T22:13:45.384+0500][gc,marking  ] GC(5) Concurrent Rebuild Remembered Sets 5.339ms
[2024-11-20T22:13:45.385+0500][gc,start    ] GC(5) Pause Cleanup
[2024-11-20T22:13:45.385+0500][gc          ] GC(5) Pause Cleanup 20M->20M(1024M) 0.232ms
[2024-11-20T22:13:45.385+0500][gc,cpu      ] GC(5) User=0.00s Sys=0.00s Real=0.00s
[2024-11-20T22:13:45.385+0500][gc,marking  ] GC(5) Concurrent Cleanup for Next Mark
[2024-11-20T22:13:45.392+0500][gc,marking  ] GC(5) Concurrent Cleanup for Next Mark 6.393ms
[2024-11-20T22:13:45.392+0500][gc          ] GC(5) Concurrent Mark Cycle 33.960ms
[2024-11-20T22:13:49.349+0500][gc,start    ] GC(6) Pause Young (Concurrent Start) (G1 Evacuation Pause)
[2024-11-20T22:13:49.349+0500][gc,task     ] GC(6) Using 8 workers of 8 for evacuation
[2024-11-20T22:13:49.370+0500][gc,mmu      ] GC(6) MMU target violated: 20.8ms (20.0ms/21.0ms)
[2024-11-20T22:13:49.370+0500][gc,phases   ] GC(6)   Pre Evacuate Collection Set: 0.4ms
[2024-11-20T22:13:49.370+0500][gc,phases   ] GC(6)   Merge Heap Roots: 0.2ms
[2024-11-20T22:13:49.370+0500][gc,phases   ] GC(6)   Evacuate Collection Set: 18.9ms
[2024-11-20T22:13:49.370+0500][gc,phases   ] GC(6)   Post Evacuate Collection Set: 1.2ms
[2024-11-20T22:13:49.370+0500][gc,phases   ] GC(6)   Other: 0.6ms
[2024-11-20T22:13:49.370+0500][gc,heap     ] GC(6) Eden regions: 44->0(48)
[2024-11-20T22:13:49.370+0500][gc,heap     ] GC(6) Survivor regions: 7->3(7)
[2024-11-20T22:13:49.370+0500][gc,heap     ] GC(6) Old regions: 10->17
[2024-11-20T22:13:49.371+0500][gc,heap     ] GC(6) Archive regions: 2->2
[2024-11-20T22:13:49.371+0500][gc,heap     ] GC(6) Humongous regions: 9->9
[2024-11-20T22:13:49.371+0500][gc,metaspace] GC(6) Metaspace: 39814K(40192K)->39814K(40192K) NonClass: 35414K(35648K)->35414K(35648K) Class: 4399K(4544K)->4399K(4544K)
[2024-11-20T22:13:49.371+0500][gc          ] GC(6) Pause Young (Concurrent Start) (G1 Evacuation Pause) 70M->28M(1024M) 21.364ms
[2024-11-20T22:13:49.371+0500][gc,cpu      ] GC(6) User=0.07s Sys=0.00s Real=0.03s
[2024-11-20T22:13:49.371+0500][gc          ] GC(7) Concurrent Mark Cycle
[2024-11-20T22:13:49.371+0500][gc,marking  ] GC(7) Concurrent Clear Claimed Marks
[2024-11-20T22:13:49.371+0500][gc,marking  ] GC(7) Concurrent Clear Claimed Marks 0.035ms
[2024-11-20T22:13:49.371+0500][gc,marking  ] GC(7) Concurrent Scan Root Regions
[2024-11-20T22:13:49.380+0500][gc,marking  ] GC(7) Concurrent Scan Root Regions 8.299ms
[2024-11-20T22:13:49.380+0500][gc,marking  ] GC(7) Concurrent Mark
[2024-11-20T22:13:49.380+0500][gc,marking  ] GC(7) Concurrent Mark From Roots
[2024-11-20T22:13:49.380+0500][gc,task     ] GC(7) Using 2 workers of 2 for marking
[2024-11-20T22:13:49.393+0500][gc,marking  ] GC(7) Concurrent Mark From Roots 13.305ms
[2024-11-20T22:13:49.393+0500][gc,marking  ] GC(7) Concurrent Preclean
[2024-11-20T22:13:49.393+0500][gc,marking  ] GC(7) Concurrent Preclean 0.270ms
[2024-11-20T22:13:49.394+0500][gc,start    ] GC(7) Pause Remark
[2024-11-20T22:13:49.399+0500][gc          ] GC(7) Pause Remark 29M->29M(1024M) 5.437ms
[2024-11-20T22:13:49.399+0500][gc,cpu      ] GC(7) User=0.02s Sys=0.00s Real=0.00s
[2024-11-20T22:13:49.399+0500][gc,marking  ] GC(7) Concurrent Mark 19.382ms
[2024-11-20T22:13:49.399+0500][gc,marking  ] GC(7) Concurrent Rebuild Remembered Sets
[2024-11-20T22:13:49.408+0500][gc,marking  ] GC(7) Concurrent Rebuild Remembered Sets 9.018ms
[2024-11-20T22:13:49.408+0500][gc,start    ] GC(7) Pause Cleanup
[2024-11-20T22:13:49.409+0500][gc          ] GC(7) Pause Cleanup 29M->29M(1024M) 0.360ms
[2024-11-20T22:13:49.409+0500][gc,cpu      ] GC(7) User=0.00s Sys=0.00s Real=0.00s
[2024-11-20T22:13:49.409+0500][gc,marking  ] GC(7) Concurrent Cleanup for Next Mark
[2024-11-20T22:13:49.410+0500][gc,marking  ] GC(7) Concurrent Cleanup for Next Mark 1.165ms
[2024-11-20T22:13:49.410+0500][gc          ] GC(7) Concurrent Mark Cycle 38.817ms
[2024-11-20T22:14:44.046+0500][gc,start    ] GC(8) Pause Young (Normal) (G1 Evacuation Pause)
[2024-11-20T22:14:44.046+0500][gc,task     ] GC(8) Using 8 workers of 8 for evacuation
[2024-11-20T22:14:44.057+0500][gc,phases   ] GC(8)   Pre Evacuate Collection Set: 0.5ms
[2024-11-20T22:14:44.057+0500][gc,phases   ] GC(8)   Merge Heap Roots: 0.2ms
[2024-11-20T22:14:44.057+0500][gc,phases   ] GC(8)   Evacuate Collection Set: 8.6ms
[2024-11-20T22:14:44.057+0500][gc,phases   ] GC(8)   Post Evacuate Collection Set: 1.3ms
[2024-11-20T22:14:44.057+0500][gc,phases   ] GC(8)   Other: 0.3ms
[2024-11-20T22:14:44.057+0500][gc,heap     ] GC(8) Eden regions: 48->0(45)
[2024-11-20T22:14:44.057+0500][gc,heap     ] GC(8) Survivor regions: 3->6(7)
[2024-11-20T22:14:44.057+0500][gc,heap     ] GC(8) Old regions: 17->17
[2024-11-20T22:14:44.057+0500][gc,heap     ] GC(8) Archive regions: 2->2
[2024-11-20T22:14:44.057+0500][gc,heap     ] GC(8) Humongous regions: 138->138
[2024-11-20T22:14:44.057+0500][gc,metaspace] GC(8) Metaspace: 44622K(45120K)->44622K(45120K) NonClass: 39539K(39808K)->39539K(39808K) Class: 5083K(5312K)->5083K(5312K)
[2024-11-20T22:14:44.057+0500][gc          ] GC(8) Pause Young (Normal) (G1 Evacuation Pause) 205M->160M(1024M) 11.151ms
[2024-11-20T22:14:44.057+0500][gc,cpu      ] GC(8) User=0.06s Sys=0.01s Real=0.01s
[2024-11-20T22:17:10.860+0500][gc,start    ] GC(9) Pause Young (Normal) (G1 Evacuation Pause)
[2024-11-20T22:17:10.860+0500][gc,task     ] GC(9) Using 8 workers of 8 for evacuation
[2024-11-20T22:17:10.873+0500][gc,phases   ] GC(9)   Pre Evacuate Collection Set: 0.4ms
[2024-11-20T22:17:10.873+0500][gc,phases   ] GC(9)   Merge Heap Roots: 0.2ms
[2024-11-20T22:17:10.873+0500][gc,phases   ] GC(9)   Evacuate Collection Set: 10.5ms
[2024-11-20T22:17:10.873+0500][gc,phases   ] GC(9)   Post Evacuate Collection Set: 1.1ms
[2024-11-20T22:17:10.873+0500][gc,phases   ] GC(9)   Other: 0.3ms
[2024-11-20T22:17:10.873+0500][gc,heap     ] GC(9) Eden regions: 45->0(45)
[2024-11-20T22:17:10.873+0500][gc,heap     ] GC(9) Survivor regions: 6->6(7)
[2024-11-20T22:17:10.873+0500][gc,heap     ] GC(9) Old regions: 17->18
[2024-11-20T22:17:10.873+0500][gc,heap     ] GC(9) Archive regions: 2->2
[2024-11-20T22:17:10.873+0500][gc,heap     ] GC(9) Humongous regions: 138->138
[2024-11-20T22:17:10.873+0500][gc,metaspace] GC(9) Metaspace: 45778K(46272K)->45778K(46272K) NonClass: 40681K(40960K)->40681K(40960K) Class: 5096K(5312K)->5096K(5312K)
[2024-11-20T22:17:10.873+0500][gc          ] GC(9) Pause Young (Normal) (G1 Evacuation Pause) 205M->162M(1024M) 12.846ms
[2024-11-20T22:17:10.873+0500][gc,cpu      ] GC(9) User=0.08s Sys=0.01s Real=0.01s
[2024-11-20T22:19:02.133+0500][gc,start    ] GC(10) Pause Young (Normal) (G1 Evacuation Pause)
[2024-11-20T22:19:02.133+0500][gc,task     ] GC(10) Using 8 workers of 8 for evacuation
[2024-11-20T22:19:02.141+0500][gc,phases   ] GC(10)   Pre Evacuate Collection Set: 0.3ms
[2024-11-20T22:19:02.141+0500][gc,phases   ] GC(10)   Merge Heap Roots: 0.1ms
[2024-11-20T22:19:02.141+0500][gc,phases   ] GC(10)   Evacuate Collection Set: 5.7ms
[2024-11-20T22:19:02.141+0500][gc,phases   ] GC(10)   Post Evacuate Collection Set: 1.0ms
[2024-11-20T22:19:02.141+0500][gc,phases   ] GC(10)   Other: 0.3ms
[2024-11-20T22:19:02.141+0500][gc,heap     ] GC(10) Eden regions: 45->0(50)
[2024-11-20T22:19:02.141+0500][gc,heap     ] GC(10) Survivor regions: 6->4(7)
[2024-11-20T22:19:02.141+0500][gc,heap     ] GC(10) Old regions: 18->21
[2024-11-20T22:19:02.141+0500][gc,heap     ] GC(10) Archive regions: 2->2
[2024-11-20T22:19:02.141+0500][gc,heap     ] GC(10) Humongous regions: 138->138
[2024-11-20T22:19:02.141+0500][gc,metaspace] GC(10) Metaspace: 46615K(47168K)->46615K(47168K) NonClass: 41407K(41728K)->41407K(41728K) Class: 5208K(5440K)->5208K(5440K)
[2024-11-20T22:19:02.141+0500][gc          ] GC(10) Pause Young (Normal) (G1 Evacuation Pause) 207M->162M(1024M) 7.652ms
[2024-11-20T22:19:02.141+0500][gc,cpu      ] GC(10) User=0.05s Sys=0.00s Real=0.01s
[2024-11-20T22:19:07.737+0500][gc,heap,exit] Heap
[2024-11-20T22:19:07.737+0500][gc,heap,exit]  garbage-first heap   total 1048576K, used 179480K [0x00000000c0000000, 0x0000000100000000)
[2024-11-20T22:19:07.737+0500][gc,heap,exit]   region size 1024K, 17 young (17408K), 4 survivors (4096K)
[2024-11-20T22:19:07.737+0500][gc,heap,exit]  Metaspace       used 47293K, committed 47808K, reserved 1114112K
[2024-11-20T22:19:07.737+0500][gc,heap,exit]   class space    used 5370K, committed 5568K, reserved 1048576K
