[2024-11-20T21:33:53.612+0500][gc] Using G1
[2024-11-20T21:33:53.628+0500][gc,init] Version: 17.0.13+11-Ubuntu-2ubuntu124.04 (release)
[2024-11-20T21:33:53.628+0500][gc,init] CPUs: 8 total, 8 available
[2024-11-20T21:33:53.628+0500][gc,init] Memory: 7835M
[2024-11-20T21:33:53.628+0500][gc,init] Large Page Support: Disabled
[2024-11-20T21:33:53.628+0500][gc,init] NUMA Support: Disabled
[2024-11-20T21:33:53.628+0500][gc,init] Compressed Oops: Enabled (32-bit)
[2024-11-20T21:33:53.628+0500][gc,init] Heap Region Size: 1M
[2024-11-20T21:33:53.628+0500][gc,init] Heap Min Capacity: 1G
[2024-11-20T21:33:53.628+0500][gc,init] Heap Initial Capacity: 1G
[2024-11-20T21:33:53.628+0500][gc,init] Heap Max Capacity: 1G
[2024-11-20T21:33:53.628+0500][gc,init] Pre-touch: Disabled
[2024-11-20T21:33:53.628+0500][gc,init] Parallel Workers: 8
[2024-11-20T21:33:53.628+0500][gc,init] Concurrent Workers: 2
[2024-11-20T21:33:53.628+0500][gc,init] Concurrent Refinement Workers: 8
[2024-11-20T21:33:53.628+0500][gc,init] Periodic GC: Disabled
[2024-11-20T21:33:53.638+0500][gc,metaspace] CDS archive(s) mapped at: [0x00007e0437000000-0x00007e0437bc9000-0x00007e0437bc9000), size 12357632, SharedBaseAddress: 0x00007e0437000000, ArchiveRelocationMode: 1.
[2024-11-20T21:33:53.638+0500][gc,metaspace] Compressed class space mapped at: 0x00007e0438000000-0x00007e0478000000, reserved size: 1073741824
[2024-11-20T21:33:53.638+0500][gc,metaspace] Narrow klass base: 0x00007e0437000000, Narrow klass shift: 0, Narrow klass range: 0x100000000
[2024-11-20T21:33:55.018+0500][gc,start    ] GC(0) Pause Young (Normal) (G1 Evacuation Pause)
[2024-11-20T21:33:55.020+0500][gc,task     ] GC(0) Using 8 workers of 8 for evacuation
[2024-11-20T21:33:55.025+0500][gc,phases   ] GC(0)   Pre Evacuate Collection Set: 0.2ms
[2024-11-20T21:33:55.025+0500][gc,phases   ] GC(0)   Merge Heap Roots: 0.1ms
[2024-11-20T21:33:55.025+0500][gc,phases   ] GC(0)   Evacuate Collection Set: 4.0ms
[2024-11-20T21:33:55.025+0500][gc,phases   ] GC(0)   Post Evacuate Collection Set: 0.5ms
[2024-11-20T21:33:55.025+0500][gc,phases   ] GC(0)   Other: 2.2ms
[2024-11-20T21:33:55.025+0500][gc,heap     ] GC(0) Eden regions: 51->0(44)
[2024-11-20T21:33:55.025+0500][gc,heap     ] GC(0) Survivor regions: 0->7(7)
[2024-11-20T21:33:55.025+0500][gc,heap     ] GC(0) Old regions: 0->2
[2024-11-20T21:33:55.025+0500][gc,heap     ] GC(0) Archive regions: 2->2
[2024-11-20T21:33:55.025+0500][gc,heap     ] GC(0) Humongous regions: 0->0
[2024-11-20T21:33:55.025+0500][gc,metaspace] GC(0) Metaspace: 17682K(17856K)->17682K(17856K) NonClass: 15716K(15808K)->15716K(15808K) Class: 1965K(2048K)->1965K(2048K)
[2024-11-20T21:33:55.025+0500][gc          ] GC(0) Pause Young (Normal) (G1 Evacuation Pause) 51M->9M(1024M) 7.283ms
[2024-11-20T21:33:55.025+0500][gc,cpu      ] GC(0) User=0.03s Sys=0.01s Real=0.01s
[2024-11-20T21:33:55.239+0500][gc,start    ] GC(1) Pause Young (Concurrent Start) (Metadata GC Threshold)
[2024-11-20T21:33:55.239+0500][gc,task     ] GC(1) Using 8 workers of 8 for evacuation
[2024-11-20T21:33:55.245+0500][gc,phases   ] GC(1)   Pre Evacuate Collection Set: 0.2ms
[2024-11-20T21:33:55.245+0500][gc,phases   ] GC(1)   Merge Heap Roots: 0.1ms
[2024-11-20T21:33:55.245+0500][gc,phases   ] GC(1)   Evacuate Collection Set: 4.6ms
[2024-11-20T21:33:55.245+0500][gc,phases   ] GC(1)   Post Evacuate Collection Set: 0.6ms
[2024-11-20T21:33:55.245+0500][gc,phases   ] GC(1)   Other: 0.4ms
[2024-11-20T21:33:55.245+0500][gc,heap     ] GC(1) Eden regions: 13->0(49)
[2024-11-20T21:33:55.245+0500][gc,heap     ] GC(1) Survivor regions: 7->2(7)
[2024-11-20T21:33:55.245+0500][gc,heap     ] GC(1) Old regions: 2->9
[2024-11-20T21:33:55.245+0500][gc,heap     ] GC(1) Archive regions: 2->2
[2024-11-20T21:33:55.245+0500][gc,heap     ] GC(1) Humongous regions: 0->0
[2024-11-20T21:33:55.245+0500][gc,metaspace] GC(1) Metaspace: 21362K(21504K)->21362K(21504K) NonClass: 19017K(19072K)->19017K(19072K) Class: 2345K(2432K)->2345K(2432K)
[2024-11-20T21:33:55.245+0500][gc          ] GC(1) Pause Young (Concurrent Start) (Metadata GC Threshold) 21M->10M(1024M) 6.213ms
[2024-11-20T21:33:55.245+0500][gc,cpu      ] GC(1) User=0.03s Sys=0.01s Real=0.01s
[2024-11-20T21:33:55.245+0500][gc          ] GC(2) Concurrent Mark Cycle
[2024-11-20T21:33:55.245+0500][gc,marking  ] GC(2) Concurrent Clear Claimed Marks
[2024-11-20T21:33:55.245+0500][gc,marking  ] GC(2) Concurrent Clear Claimed Marks 0.026ms
[2024-11-20T21:33:55.245+0500][gc,marking  ] GC(2) Concurrent Scan Root Regions
[2024-11-20T21:33:55.247+0500][gc,marking  ] GC(2) Concurrent Scan Root Regions 1.855ms
[2024-11-20T21:33:55.247+0500][gc,marking  ] GC(2) Concurrent Mark
[2024-11-20T21:33:55.247+0500][gc,marking  ] GC(2) Concurrent Mark From Roots
[2024-11-20T21:33:55.247+0500][gc,task     ] GC(2) Using 2 workers of 2 for marking
[2024-11-20T21:33:55.249+0500][gc,marking  ] GC(2) Concurrent Mark From Roots 2.357ms
[2024-11-20T21:33:55.249+0500][gc,marking  ] GC(2) Concurrent Preclean
[2024-11-20T21:33:55.250+0500][gc,marking  ] GC(2) Concurrent Preclean 0.123ms
[2024-11-20T21:33:55.250+0500][gc,start    ] GC(2) Pause Remark
[2024-11-20T21:33:55.252+0500][gc          ] GC(2) Pause Remark 10M->10M(1024M) 2.060ms
[2024-11-20T21:33:55.252+0500][gc,cpu      ] GC(2) User=0.01s Sys=0.00s Real=0.00s
[2024-11-20T21:33:55.252+0500][gc,marking  ] GC(2) Concurrent Mark 4.902ms
[2024-11-20T21:33:55.252+0500][gc,marking  ] GC(2) Concurrent Rebuild Remembered Sets
[2024-11-20T21:33:55.255+0500][gc,marking  ] GC(2) Concurrent Rebuild Remembered Sets 2.565ms
[2024-11-20T21:33:55.255+0500][gc,start    ] GC(2) Pause Cleanup
[2024-11-20T21:33:55.255+0500][gc          ] GC(2) Pause Cleanup 10M->10M(1024M) 0.183ms
[2024-11-20T21:33:55.255+0500][gc,cpu      ] GC(2) User=0.00s Sys=0.00s Real=0.00s
[2024-11-20T21:33:55.255+0500][gc,marking  ] GC(2) Concurrent Cleanup for Next Mark
[2024-11-20T21:33:55.261+0500][gc,marking  ] GC(2) Concurrent Cleanup for Next Mark 6.483ms
[2024-11-20T21:33:55.261+0500][gc          ] GC(2) Concurrent Mark Cycle 16.508ms
[2024-11-20T21:33:56.172+0500][gc,start    ] GC(3) Pause Young (Normal) (G1 Evacuation Pause)
[2024-11-20T21:33:56.172+0500][gc,task     ] GC(3) Using 8 workers of 8 for evacuation
[2024-11-20T21:33:56.176+0500][gc,phases   ] GC(3)   Pre Evacuate Collection Set: 0.1ms
[2024-11-20T21:33:56.176+0500][gc,phases   ] GC(3)   Merge Heap Roots: 0.0ms
[2024-11-20T21:33:56.176+0500][gc,phases   ] GC(3)   Evacuate Collection Set: 3.5ms
[2024-11-20T21:33:56.176+0500][gc,phases   ] GC(3)   Post Evacuate Collection Set: 0.6ms
[2024-11-20T21:33:56.176+0500][gc,phases   ] GC(3)   Other: 0.2ms
[2024-11-20T21:33:56.176+0500][gc,heap     ] GC(3) Eden regions: 49->0(47)
[2024-11-20T21:33:56.176+0500][gc,heap     ] GC(3) Survivor regions: 2->4(7)
[2024-11-20T21:33:56.176+0500][gc,heap     ] GC(3) Old regions: 9->9
[2024-11-20T21:33:56.176+0500][gc,heap     ] GC(3) Archive regions: 2->2
[2024-11-20T21:33:56.176+0500][gc,heap     ] GC(3) Humongous regions: 0->0
[2024-11-20T21:33:56.176+0500][gc,metaspace] GC(3) Metaspace: 31344K(31552K)->31344K(31552K) NonClass: 27826K(27968K)->27826K(27968K) Class: 3518K(3584K)->3518K(3584K)
[2024-11-20T21:33:56.177+0500][gc          ] GC(3) Pause Young (Normal) (G1 Evacuation Pause) 59M->12M(1024M) 4.625ms
[2024-11-20T21:33:56.177+0500][gc,cpu      ] GC(3) User=0.03s Sys=0.00s Real=0.00s
[2024-11-20T21:33:56.585+0500][gc,start    ] GC(4) Pause Young (Concurrent Start) (Metadata GC Threshold)
[2024-11-20T21:33:56.585+0500][gc,task     ] GC(4) Using 8 workers of 8 for evacuation
[2024-11-20T21:33:56.591+0500][gc,phases   ] GC(4)   Pre Evacuate Collection Set: 0.2ms
[2024-11-20T21:33:56.591+0500][gc,phases   ] GC(4)   Merge Heap Roots: 0.1ms
[2024-11-20T21:33:56.591+0500][gc,phases   ] GC(4)   Evacuate Collection Set: 4.3ms
[2024-11-20T21:33:56.591+0500][gc,phases   ] GC(4)   Post Evacuate Collection Set: 0.5ms
[2024-11-20T21:33:56.591+0500][gc,phases   ] GC(4)   Other: 0.2ms
[2024-11-20T21:33:56.591+0500][gc,heap     ] GC(4) Eden regions: 29->0(44)
[2024-11-20T21:33:56.591+0500][gc,heap     ] GC(4) Survivor regions: 4->7(7)
[2024-11-20T21:33:56.591+0500][gc,heap     ] GC(4) Old regions: 9->9
[2024-11-20T21:33:56.591+0500][gc,heap     ] GC(4) Archive regions: 2->2
[2024-11-20T21:33:56.591+0500][gc,heap     ] GC(4) Humongous regions: 0->0
[2024-11-20T21:33:56.591+0500][gc,metaspace] GC(4) Metaspace: 35769K(35968K)->35769K(35968K) NonClass: 31833K(31936K)->31833K(31936K) Class: 3936K(4032K)->3936K(4032K)
[2024-11-20T21:33:56.591+0500][gc          ] GC(4) Pause Young (Concurrent Start) (Metadata GC Threshold) 41M->16M(1024M) 5.323ms
[2024-11-20T21:33:56.591+0500][gc,cpu      ] GC(4) User=0.03s Sys=0.00s Real=0.01s
[2024-11-20T21:33:56.591+0500][gc          ] GC(5) Concurrent Mark Cycle
[2024-11-20T21:33:56.591+0500][gc,marking  ] GC(5) Concurrent Clear Claimed Marks
[2024-11-20T21:33:56.591+0500][gc,marking  ] GC(5) Concurrent Clear Claimed Marks 0.024ms
[2024-11-20T21:33:56.591+0500][gc,marking  ] GC(5) Concurrent Scan Root Regions
[2024-11-20T21:33:56.596+0500][gc,marking  ] GC(5) Concurrent Scan Root Regions 5.199ms
[2024-11-20T21:33:56.621+0500][gc,marking  ] GC(5) Concurrent Mark
[2024-11-20T21:33:56.621+0500][gc,marking  ] GC(5) Concurrent Mark From Roots
[2024-11-20T21:33:56.621+0500][gc,task     ] GC(5) Using 2 workers of 2 for marking
[2024-11-20T21:33:56.629+0500][gc,marking  ] GC(5) Concurrent Mark From Roots 7.387ms
[2024-11-20T21:33:56.629+0500][gc,marking  ] GC(5) Concurrent Preclean
[2024-11-20T21:33:56.629+0500][gc,marking  ] GC(5) Concurrent Preclean 0.216ms
[2024-11-20T21:33:56.629+0500][gc,start    ] GC(5) Pause Remark
[2024-11-20T21:33:56.630+0500][gc          ] GC(5) Pause Remark 18M->18M(1024M) 1.463ms
[2024-11-20T21:33:56.630+0500][gc,cpu      ] GC(5) User=0.01s Sys=0.00s Real=0.01s
[2024-11-20T21:33:56.631+0500][gc,marking  ] GC(5) Concurrent Mark 9.399ms
[2024-11-20T21:33:56.631+0500][gc,marking  ] GC(5) Concurrent Rebuild Remembered Sets
[2024-11-20T21:33:56.635+0500][gc,marking  ] GC(5) Concurrent Rebuild Remembered Sets 4.491ms
[2024-11-20T21:33:56.635+0500][gc,start    ] GC(5) Pause Cleanup
[2024-11-20T21:33:56.635+0500][gc          ] GC(5) Pause Cleanup 18M->18M(1024M) 0.241ms
[2024-11-20T21:33:56.636+0500][gc,cpu      ] GC(5) User=0.00s Sys=0.00s Real=0.00s
[2024-11-20T21:33:56.636+0500][gc,marking  ] GC(5) Concurrent Cleanup for Next Mark
[2024-11-20T21:33:56.644+0500][gc,marking  ] GC(5) Concurrent Cleanup for Next Mark 8.376ms
[2024-11-20T21:33:56.644+0500][gc          ] GC(5) Concurrent Mark Cycle 53.253ms
[2024-11-20T21:34:12.117+0500][gc,start    ] GC(6) Pause Young (Normal) (G1 Evacuation Pause)
[2024-11-20T21:34:12.117+0500][gc,task     ] GC(6) Using 8 workers of 8 for evacuation
[2024-11-20T21:34:12.131+0500][gc,phases   ] GC(6)   Pre Evacuate Collection Set: 0.3ms
[2024-11-20T21:34:12.131+0500][gc,phases   ] GC(6)   Merge Heap Roots: 0.1ms
[2024-11-20T21:34:12.131+0500][gc,phases   ] GC(6)   Evacuate Collection Set: 12.8ms
[2024-11-20T21:34:12.131+0500][gc,phases   ] GC(6)   Post Evacuate Collection Set: 1.1ms
[2024-11-20T21:34:12.131+0500][gc,phases   ] GC(6)   Other: 0.3ms
[2024-11-20T21:34:12.131+0500][gc,heap     ] GC(6) Eden regions: 44->0(48)
[2024-11-20T21:34:12.131+0500][gc,heap     ] GC(6) Survivor regions: 7->3(7)
[2024-11-20T21:34:12.131+0500][gc,heap     ] GC(6) Old regions: 9->15
[2024-11-20T21:34:12.131+0500][gc,heap     ] GC(6) Archive regions: 2->2
[2024-11-20T21:34:12.131+0500][gc,heap     ] GC(6) Humongous regions: 9->0
[2024-11-20T21:34:12.131+0500][gc,metaspace] GC(6) Metaspace: 39922K(40320K)->39922K(40320K) NonClass: 35529K(35776K)->35529K(35776K) Class: 4392K(4544K)->4392K(4544K)
[2024-11-20T21:34:12.132+0500][gc          ] GC(6) Pause Young (Normal) (G1 Evacuation Pause) 69M->17M(1024M) 14.963ms
[2024-11-20T21:34:12.132+0500][gc,cpu      ] GC(6) User=0.08s Sys=0.02s Real=0.02s
[2024-11-20T21:34:13.280+0500][gc,heap,exit] Heap
[2024-11-20T21:34:13.280+0500][gc,heap,exit]  garbage-first heap   total 1048576K, used 164897K [0x00000000c0000000, 0x0000000100000000)
[2024-11-20T21:34:13.280+0500][gc,heap,exit]   region size 1024K, 18 young (18432K), 3 survivors (3072K)
[2024-11-20T21:34:13.280+0500][gc,heap,exit]  Metaspace       used 41103K, committed 41472K, reserved 1114112K
[2024-11-20T21:34:13.280+0500][gc,heap,exit]   class space    used 4584K, committed 4736K, reserved 1048576K
