[2024-11-20T18:16:17.000+0500][gc] Using G1
[2024-11-20T18:16:17.008+0500][gc,init] Version: 17.0.13+11-Ubuntu-2ubuntu124.04 (release)
[2024-11-20T18:16:17.008+0500][gc,init] CPUs: 8 total, 8 available
[2024-11-20T18:16:17.008+0500][gc,init] Memory: 7835M
[2024-11-20T18:16:17.008+0500][gc,init] Large Page Support: Disabled
[2024-11-20T18:16:17.008+0500][gc,init] NUMA Support: Disabled
[2024-11-20T18:16:17.008+0500][gc,init] Compressed Oops: Enabled (32-bit)
[2024-11-20T18:16:17.008+0500][gc,init] Heap Region Size: 1M
[2024-11-20T18:16:17.008+0500][gc,init] Heap Min Capacity: 512M
[2024-11-20T18:16:17.008+0500][gc,init] Heap Initial Capacity: 512M
[2024-11-20T18:16:17.008+0500][gc,init] Heap Max Capacity: 512M
[2024-11-20T18:16:17.008+0500][gc,init] Pre-touch: Disabled
[2024-11-20T18:16:17.008+0500][gc,init] Parallel Workers: 8
[2024-11-20T18:16:17.008+0500][gc,init] Concurrent Workers: 2
[2024-11-20T18:16:17.008+0500][gc,init] Concurrent Refinement Workers: 8
[2024-11-20T18:16:17.008+0500][gc,init] Periodic GC: Disabled
[2024-11-20T18:16:17.018+0500][gc,metaspace] CDS archive(s) mapped at: [0x000076a5f3000000-0x000076a5f3bc9000-0x000076a5f3bc9000), size 12357632, SharedBaseAddress: 0x000076a5f3000000, ArchiveRelocationMode: 1.
[2024-11-20T18:16:17.018+0500][gc,metaspace] Compressed class space mapped at: 0x000076a5f4000000-0x000076a634000000, reserved size: 1073741824
[2024-11-20T18:16:17.018+0500][gc,metaspace] Narrow klass base: 0x000076a5f3000000, Narrow klass shift: 0, Narrow klass range: 0x100000000
[2024-11-20T18:17:17.860+0500][gc,start    ] GC(0) Pause Young (Normal) (G1 Evacuation Pause)
[2024-11-20T18:17:17.862+0500][gc,task     ] GC(0) Using 8 workers of 8 for evacuation
[2024-11-20T18:17:17.867+0500][gc,phases   ] GC(0)   Pre Evacuate Collection Set: 0.1ms
[2024-11-20T18:17:17.867+0500][gc,phases   ] GC(0)   Merge Heap Roots: 0.1ms
[2024-11-20T18:17:17.867+0500][gc,phases   ] GC(0)   Evacuate Collection Set: 4.2ms
[2024-11-20T18:17:17.867+0500][gc,phases   ] GC(0)   Post Evacuate Collection Set: 0.7ms
[2024-11-20T18:17:17.867+0500][gc,phases   ] GC(0)   Other: 2.3ms
[2024-11-20T18:17:17.867+0500][gc,heap     ] GC(0) Eden regions: 25->0(21)
[2024-11-20T18:17:17.867+0500][gc,heap     ] GC(0) Survivor regions: 0->4(4)
[2024-11-20T18:17:17.867+0500][gc,heap     ] GC(0) Old regions: 0->4
[2024-11-20T18:17:17.867+0500][gc,heap     ] GC(0) Archive regions: 2->2
[2024-11-20T18:17:17.867+0500][gc,heap     ] GC(0) Humongous regions: 0->0
[2024-11-20T18:17:17.867+0500][gc,metaspace] GC(0) Metaspace: 7700K(7872K)->7700K(7872K) NonClass: 6835K(6912K)->6835K(6912K) Class: 864K(960K)->864K(960K)
[2024-11-20T18:17:17.867+0500][gc          ] GC(0) Pause Young (Normal) (G1 Evacuation Pause) 25M->8M(512M) 7.593ms
[2024-11-20T18:17:17.867+0500][gc,cpu      ] GC(0) User=0.03s Sys=0.01s Real=0.00s
[2024-11-20T18:21:03.164+0500][gc,heap,exit] Heap
[2024-11-20T18:21:03.189+0500][gc,heap,exit]  garbage-first heap   total 524288K, used 15193K [0x00000000e0000000, 0x0000000100000000)
[2024-11-20T18:21:03.189+0500][gc,heap,exit]   region size 1024K, 11 young (11264K), 4 survivors (4096K)
[2024-11-20T18:21:03.189+0500][gc,heap,exit]  Metaspace       used 8539K, committed 8704K, reserved 1114112K
[2024-11-20T18:21:03.189+0500][gc,heap,exit]   class space    used 934K, committed 1024K, reserved 1048576K
