[2024-11-20T20:11:30.955+0500][gc] Using G1
[2024-11-20T20:11:30.964+0500][gc,init] Version: 17.0.13+11-Ubuntu-2ubuntu124.04 (release)
[2024-11-20T20:11:30.964+0500][gc,init] CPUs: 8 total, 8 available
[2024-11-20T20:11:30.964+0500][gc,init] Memory: 7835M
[2024-11-20T20:11:30.964+0500][gc,init] Large Page Support: Disabled
[2024-11-20T20:11:30.964+0500][gc,init] NUMA Support: Disabled
[2024-11-20T20:11:30.964+0500][gc,init] Compressed Oops: Enabled (32-bit)
[2024-11-20T20:11:30.964+0500][gc,init] Heap Region Size: 1M
[2024-11-20T20:11:30.964+0500][gc,init] Heap Min Capacity: 512M
[2024-11-20T20:11:30.964+0500][gc,init] Heap Initial Capacity: 512M
[2024-11-20T20:11:30.964+0500][gc,init] Heap Max Capacity: 512M
[2024-11-20T20:11:30.964+0500][gc,init] Pre-touch: Disabled
[2024-11-20T20:11:30.964+0500][gc,init] Parallel Workers: 8
[2024-11-20T20:11:30.964+0500][gc,init] Concurrent Workers: 2
[2024-11-20T20:11:30.964+0500][gc,init] Concurrent Refinement Workers: 8
[2024-11-20T20:11:30.964+0500][gc,init] Periodic GC: Disabled
[2024-11-20T20:11:30.973+0500][gc,metaspace] CDS archive(s) mapped at: [0x000073f3c3000000-0x000073f3c3bc9000-0x000073f3c3bc9000), size 12357632, SharedBaseAddress: 0x000073f3c3000000, ArchiveRelocationMode: 1.
[2024-11-20T20:11:30.973+0500][gc,metaspace] Compressed class space mapped at: 0x000073f3c4000000-0x000073f404000000, reserved size: 1073741824
[2024-11-20T20:11:30.973+0500][gc,metaspace] Narrow klass base: 0x000073f3c3000000, Narrow klass shift: 0, Narrow klass range: 0x100000000
[2024-11-20T20:11:33.029+0500][gc,start    ] GC(0) Pause Young (Normal) (G1 Evacuation Pause)
[2024-11-20T20:11:33.031+0500][gc,task     ] GC(0) Using 8 workers of 8 for evacuation
[2024-11-20T20:11:33.036+0500][gc,phases   ] GC(0)   Pre Evacuate Collection Set: 0.1ms
[2024-11-20T20:11:33.036+0500][gc,phases   ] GC(0)   Merge Heap Roots: 0.1ms
[2024-11-20T20:11:33.036+0500][gc,phases   ] GC(0)   Evacuate Collection Set: 3.9ms
[2024-11-20T20:11:33.036+0500][gc,phases   ] GC(0)   Post Evacuate Collection Set: 0.5ms
[2024-11-20T20:11:33.036+0500][gc,phases   ] GC(0)   Other: 2.7ms
[2024-11-20T20:11:33.036+0500][gc,heap     ] GC(0) Eden regions: 25->0(21)
[2024-11-20T20:11:33.036+0500][gc,heap     ] GC(0) Survivor regions: 0->4(4)
[2024-11-20T20:11:33.036+0500][gc,heap     ] GC(0) Old regions: 0->5
[2024-11-20T20:11:33.036+0500][gc,heap     ] GC(0) Archive regions: 2->2
[2024-11-20T20:11:33.036+0500][gc,heap     ] GC(0) Humongous regions: 0->0
[2024-11-20T20:11:33.036+0500][gc,metaspace] GC(0) Metaspace: 7894K(8064K)->7894K(8064K) NonClass: 7009K(7104K)->7009K(7104K) Class: 885K(960K)->885K(960K)
[2024-11-20T20:11:33.036+0500][gc          ] GC(0) Pause Young (Normal) (G1 Evacuation Pause) 25M->9M(512M) 7.481ms
[2024-11-20T20:11:33.036+0500][gc,cpu      ] GC(0) User=0.02s Sys=0.01s Real=0.01s
[2024-11-20T20:44:32.220+0500][gc,heap,exit] Heap
[2024-11-20T20:44:32.220+0500][gc,heap,exit]  garbage-first heap   total 524288K, used 24508K [0x00000000e0000000, 0x0000000100000000)
[2024-11-20T20:44:32.220+0500][gc,heap,exit]   region size 1024K, 19 young (19456K), 4 survivors (4096K)
[2024-11-20T20:44:32.220+0500][gc,heap,exit]  Metaspace       used 8981K, committed 9152K, reserved 1114112K
[2024-11-20T20:44:32.220+0500][gc,heap,exit]   class space    used 937K, committed 1024K, reserved 1048576K
