[2024-11-20T20:59:04.470+0500][gc] Using G1
[2024-11-20T20:59:04.486+0500][gc,init] Version: 17.0.13+11-Ubuntu-2ubuntu124.04 (release)
[2024-11-20T20:59:04.486+0500][gc,init] CPUs: 8 total, 8 available
[2024-11-20T20:59:04.486+0500][gc,init] Memory: 7835M
[2024-11-20T20:59:04.486+0500][gc,init] Large Page Support: Disabled
[2024-11-20T20:59:04.486+0500][gc,init] NUMA Support: Disabled
[2024-11-20T20:59:04.486+0500][gc,init] Compressed Oops: Enabled (32-bit)
[2024-11-20T20:59:04.486+0500][gc,init] Heap Region Size: 1M
[2024-11-20T20:59:04.486+0500][gc,init] Heap Min Capacity: 1G
[2024-11-20T20:59:04.486+0500][gc,init] Heap Initial Capacity: 1G
[2024-11-20T20:59:04.486+0500][gc,init] Heap Max Capacity: 1G
[2024-11-20T20:59:04.486+0500][gc,init] Pre-touch: Disabled
[2024-11-20T20:59:04.486+0500][gc,init] Parallel Workers: 8
[2024-11-20T20:59:04.486+0500][gc,init] Concurrent Workers: 2
[2024-11-20T20:59:04.486+0500][gc,init] Concurrent Refinement Workers: 8
[2024-11-20T20:59:04.486+0500][gc,init] Periodic GC: Disabled
[2024-11-20T20:59:04.494+0500][gc,metaspace] CDS archive(s) mapped at: [0x00007618ab000000-0x00007618abbc9000-0x00007618abbc9000), size 12357632, SharedBaseAddress: 0x00007618ab000000, ArchiveRelocationMode: 1.
[2024-11-20T20:59:04.494+0500][gc,metaspace] Compressed class space mapped at: 0x00007618ac000000-0x00007618ec000000, reserved size: 1073741824
[2024-11-20T20:59:04.494+0500][gc,metaspace] Narrow klass base: 0x00007618ab000000, Narrow klass shift: 0, Narrow klass range: 0x100000000
[2024-11-20T20:59:08.167+0500][gc,start    ] GC(0) Pause Young (Normal) (G1 Evacuation Pause)
[2024-11-20T20:59:08.169+0500][gc,task     ] GC(0) Using 8 workers of 8 for evacuation
[2024-11-20T20:59:08.175+0500][gc,phases   ] GC(0)   Pre Evacuate Collection Set: 0.3ms
[2024-11-20T20:59:08.175+0500][gc,phases   ] GC(0)   Merge Heap Roots: 0.2ms
[2024-11-20T20:59:08.175+0500][gc,phases   ] GC(0)   Evacuate Collection Set: 5.4ms
[2024-11-20T20:59:08.175+0500][gc,phases   ] GC(0)   Post Evacuate Collection Set: 0.8ms
[2024-11-20T20:59:08.175+0500][gc,phases   ] GC(0)   Other: 2.1ms
[2024-11-20T20:59:08.175+0500][gc,heap     ] GC(0) Eden regions: 51->0(44)
[2024-11-20T20:59:08.175+0500][gc,heap     ] GC(0) Survivor regions: 0->7(7)
[2024-11-20T20:59:08.175+0500][gc,heap     ] GC(0) Old regions: 0->1
[2024-11-20T20:59:08.176+0500][gc,heap     ] GC(0) Archive regions: 2->2
[2024-11-20T20:59:08.176+0500][gc,heap     ] GC(0) Humongous regions: 0->0
[2024-11-20T20:59:08.176+0500][gc,metaspace] GC(0) Metaspace: 17853K(18048K)->17853K(18048K) NonClass: 15692K(15744K)->15692K(15744K) Class: 2160K(2304K)->2160K(2304K)
[2024-11-20T20:59:08.176+0500][gc          ] GC(0) Pause Young (Normal) (G1 Evacuation Pause) 51M->8M(1024M) 8.916ms
[2024-11-20T20:59:08.176+0500][gc,cpu      ] GC(0) User=0.03s Sys=0.01s Real=0.01s
[2024-11-20T20:59:08.561+0500][gc,start    ] GC(1) Pause Young (Concurrent Start) (Metadata GC Threshold)
[2024-11-20T20:59:08.561+0500][gc,task     ] GC(1) Using 8 workers of 8 for evacuation
[2024-11-20T20:59:08.567+0500][gc,phases   ] GC(1)   Pre Evacuate Collection Set: 0.2ms
[2024-11-20T20:59:08.567+0500][gc,phases   ] GC(1)   Merge Heap Roots: 0.1ms
[2024-11-20T20:59:08.567+0500][gc,phases   ] GC(1)   Evacuate Collection Set: 5.1ms
[2024-11-20T20:59:08.567+0500][gc,phases   ] GC(1)   Post Evacuate Collection Set: 0.6ms
[2024-11-20T20:59:08.567+0500][gc,phases   ] GC(1)   Other: 0.4ms
[2024-11-20T20:59:08.567+0500][gc,heap     ] GC(1) Eden regions: 14->0(49)
[2024-11-20T20:59:08.567+0500][gc,heap     ] GC(1) Survivor regions: 7->2(7)
[2024-11-20T20:59:08.567+0500][gc,heap     ] GC(1) Old regions: 1->9
[2024-11-20T20:59:08.567+0500][gc,heap     ] GC(1) Archive regions: 2->2
[2024-11-20T20:59:08.567+0500][gc,heap     ] GC(1) Humongous regions: 0->0
[2024-11-20T20:59:08.567+0500][gc,metaspace] GC(1) Metaspace: 21328K(21504K)->21328K(21504K) NonClass: 18729K(18816K)->18729K(18816K) Class: 2598K(2688K)->2598K(2688K)
[2024-11-20T20:59:08.567+0500][gc          ] GC(1) Pause Young (Concurrent Start) (Metadata GC Threshold) 22M->10M(1024M) 6.474ms
[2024-11-20T20:59:08.567+0500][gc,cpu      ] GC(1) User=0.02s Sys=0.01s Real=0.00s
[2024-11-20T20:59:08.567+0500][gc          ] GC(2) Concurrent Mark Cycle
[2024-11-20T20:59:08.568+0500][gc,marking  ] GC(2) Concurrent Clear Claimed Marks
[2024-11-20T20:59:08.568+0500][gc,marking  ] GC(2) Concurrent Clear Claimed Marks 0.030ms
[2024-11-20T20:59:08.568+0500][gc,marking  ] GC(2) Concurrent Scan Root Regions
[2024-11-20T20:59:08.571+0500][gc,marking  ] GC(2) Concurrent Scan Root Regions 3.318ms
[2024-11-20T20:59:08.571+0500][gc,marking  ] GC(2) Concurrent Mark
[2024-11-20T20:59:08.571+0500][gc,marking  ] GC(2) Concurrent Mark From Roots
[2024-11-20T20:59:08.571+0500][gc,task     ] GC(2) Using 2 workers of 2 for marking
[2024-11-20T20:59:08.574+0500][gc,marking  ] GC(2) Concurrent Mark From Roots 3.022ms
[2024-11-20T20:59:08.574+0500][gc,marking  ] GC(2) Concurrent Preclean
[2024-11-20T20:59:08.574+0500][gc,marking  ] GC(2) Concurrent Preclean 0.152ms
[2024-11-20T20:59:08.575+0500][gc,start    ] GC(2) Pause Remark
[2024-11-20T20:59:08.576+0500][gc          ] GC(2) Pause Remark 10M->10M(1024M) 1.728ms
[2024-11-20T20:59:08.576+0500][gc,cpu      ] GC(2) User=0.00s Sys=0.00s Real=0.00s
[2024-11-20T20:59:08.577+0500][gc,marking  ] GC(2) Concurrent Mark 5.533ms
[2024-11-20T20:59:08.577+0500][gc,marking  ] GC(2) Concurrent Rebuild Remembered Sets
[2024-11-20T20:59:08.580+0500][gc,marking  ] GC(2) Concurrent Rebuild Remembered Sets 3.111ms
[2024-11-20T20:59:08.580+0500][gc,start    ] GC(2) Pause Cleanup
[2024-11-20T20:59:08.580+0500][gc          ] GC(2) Pause Cleanup 10M->10M(1024M) 0.196ms
[2024-11-20T20:59:08.580+0500][gc,cpu      ] GC(2) User=0.00s Sys=0.00s Real=0.00s
[2024-11-20T20:59:08.580+0500][gc,marking  ] GC(2) Concurrent Cleanup for Next Mark
[2024-11-20T20:59:08.586+0500][gc,marking  ] GC(2) Concurrent Cleanup for Next Mark 5.608ms
[2024-11-20T20:59:08.586+0500][gc          ] GC(2) Concurrent Mark Cycle 18.288ms
[2024-11-20T20:59:09.770+0500][gc,start    ] GC(3) Pause Young (Normal) (G1 Evacuation Pause)
[2024-11-20T20:59:09.770+0500][gc,task     ] GC(3) Using 8 workers of 8 for evacuation
[2024-11-20T20:59:09.779+0500][gc,phases   ] GC(3)   Pre Evacuate Collection Set: 0.2ms
[2024-11-20T20:59:09.779+0500][gc,phases   ] GC(3)   Merge Heap Roots: 0.1ms
[2024-11-20T20:59:09.779+0500][gc,phases   ] GC(3)   Evacuate Collection Set: 7.5ms
[2024-11-20T20:59:09.779+0500][gc,phases   ] GC(3)   Post Evacuate Collection Set: 0.9ms
[2024-11-20T20:59:09.779+0500][gc,phases   ] GC(3)   Other: 0.2ms
[2024-11-20T20:59:09.779+0500][gc,heap     ] GC(3) Eden regions: 49->0(45)
[2024-11-20T20:59:09.779+0500][gc,heap     ] GC(3) Survivor regions: 2->6(7)
[2024-11-20T20:59:09.779+0500][gc,heap     ] GC(3) Old regions: 9->9
[2024-11-20T20:59:09.779+0500][gc,heap     ] GC(3) Archive regions: 2->2
[2024-11-20T20:59:09.779+0500][gc,heap     ] GC(3) Humongous regions: 129->129
[2024-11-20T20:59:09.779+0500][gc,metaspace] GC(3) Metaspace: 32363K(32576K)->32363K(32576K) NonClass: 28618K(28736K)->28618K(28736K) Class: 3744K(3840K)->3744K(3840K)
[2024-11-20T20:59:09.779+0500][gc          ] GC(3) Pause Young (Normal) (G1 Evacuation Pause) 188M->144M(1024M) 9.139ms
[2024-11-20T20:59:09.779+0500][gc,cpu      ] GC(3) User=0.05s Sys=0.00s Real=0.00s
[2024-11-20T20:59:10.493+0500][gc,heap,exit] Heap
[2024-11-20T20:59:10.493+0500][gc,heap,exit]  garbage-first heap   total 1048576K, used 156333K [0x00000000c0000000, 0x0000000100000000)
[2024-11-20T20:59:10.493+0500][gc,heap,exit]   region size 1024K, 15 young (15360K), 6 survivors (6144K)
[2024-11-20T20:59:10.493+0500][gc,heap,exit]  Metaspace       used 33371K, committed 33664K, reserved 1114112K
[2024-11-20T20:59:10.493+0500][gc,heap,exit]   class space    used 3889K, committed 4032K, reserved 1048576K
