[2024-11-20T20:54:14.960+0500][gc] Using G1
[2024-11-20T20:54:14.972+0500][gc,init] Version: 17.0.13+11-Ubuntu-2ubuntu124.04 (release)
[2024-11-20T20:54:14.972+0500][gc,init] CPUs: 8 total, 8 available
[2024-11-20T20:54:14.972+0500][gc,init] Memory: 7835M
[2024-11-20T20:54:14.972+0500][gc,init] Large Page Support: Disabled
[2024-11-20T20:54:14.972+0500][gc,init] NUMA Support: Disabled
[2024-11-20T20:54:14.972+0500][gc,init] Compressed Oops: Enabled (32-bit)
[2024-11-20T20:54:14.972+0500][gc,init] Heap Region Size: 1M
[2024-11-20T20:54:14.972+0500][gc,init] Heap Min Capacity: 1G
[2024-11-20T20:54:14.972+0500][gc,init] Heap Initial Capacity: 1G
[2024-11-20T20:54:14.972+0500][gc,init] Heap Max Capacity: 1G
[2024-11-20T20:54:14.972+0500][gc,init] Pre-touch: Disabled
[2024-11-20T20:54:14.972+0500][gc,init] Parallel Workers: 8
[2024-11-20T20:54:14.972+0500][gc,init] Concurrent Workers: 2
[2024-11-20T20:54:14.972+0500][gc,init] Concurrent Refinement Workers: 8
[2024-11-20T20:54:14.972+0500][gc,init] Periodic GC: Disabled
[2024-11-20T20:54:14.980+0500][gc,metaspace] CDS archive(s) mapped at: [0x00007c529b000000-0x00007c529bbc9000-0x00007c529bbc9000), size 12357632, SharedBaseAddress: 0x00007c529b000000, ArchiveRelocationMode: 1.
[2024-11-20T20:54:14.980+0500][gc,metaspace] Compressed class space mapped at: 0x00007c529c000000-0x00007c52dc000000, reserved size: 1073741824
[2024-11-20T20:54:14.980+0500][gc,metaspace] Narrow klass base: 0x00007c529b000000, Narrow klass shift: 0, Narrow klass range: 0x100000000
[2024-11-20T20:54:17.358+0500][gc,heap,exit] Heap
[2024-11-20T20:54:17.358+0500][gc,heap,exit]  garbage-first heap   total 1048576K, used 44464K [0x00000000c0000000, 0x0000000100000000)
[2024-11-20T20:54:17.359+0500][gc,heap,exit]   region size 1024K, 43 young (44032K), 0 survivors (0K)
[2024-11-20T20:54:17.359+0500][gc,heap,exit]  Metaspace       used 14047K, committed 14272K, reserved 1114112K
[2024-11-20T20:54:17.359+0500][gc,heap,exit]   class space    used 1749K, committed 1856K, reserved 1048576K
