[2024-11-20T20:59:45.865+0500][gc] Using G1
[2024-11-20T20:59:45.881+0500][gc,init] Version: 17.0.13+11-Ubuntu-2ubuntu124.04 (release)
[2024-11-20T20:59:45.881+0500][gc,init] CPUs: 8 total, 8 available
[2024-11-20T20:59:45.881+0500][gc,init] Memory: 7835M
[2024-11-20T20:59:45.881+0500][gc,init] Large Page Support: Disabled
[2024-11-20T20:59:45.881+0500][gc,init] NUMA Support: Disabled
[2024-11-20T20:59:45.881+0500][gc,init] Compressed Oops: Enabled (32-bit)
[2024-11-20T20:59:45.881+0500][gc,init] Heap Region Size: 1M
[2024-11-20T20:59:45.881+0500][gc,init] Heap Min Capacity: 1G
[2024-11-20T20:59:45.881+0500][gc,init] Heap Initial Capacity: 1G
[2024-11-20T20:59:45.881+0500][gc,init] Heap Max Capacity: 1G
[2024-11-20T20:59:45.881+0500][gc,init] Pre-touch: Disabled
[2024-11-20T20:59:45.881+0500][gc,init] Parallel Workers: 8
[2024-11-20T20:59:45.881+0500][gc,init] Concurrent Workers: 2
[2024-11-20T20:59:45.881+0500][gc,init] Concurrent Refinement Workers: 8
[2024-11-20T20:59:45.881+0500][gc,init] Periodic GC: Disabled
[2024-11-20T20:59:45.891+0500][gc,metaspace] CDS archive(s) mapped at: [0x0000710183000000-0x0000710183bc9000-0x0000710183bc9000), size 12357632, SharedBaseAddress: 0x0000710183000000, ArchiveRelocationMode: 1.
[2024-11-20T20:59:45.891+0500][gc,metaspace] Compressed class space mapped at: 0x0000710184000000-0x00007101c4000000, reserved size: 1073741824
[2024-11-20T20:59:45.891+0500][gc,metaspace] Narrow klass base: 0x0000710183000000, Narrow klass shift: 0, Narrow klass range: 0x100000000
[2024-11-20T20:59:47.799+0500][gc,start    ] GC(0) Pause Young (Normal) (G1 Evacuation Pause)
[2024-11-20T20:59:47.800+0500][gc,task     ] GC(0) Using 8 workers of 8 for evacuation
[2024-11-20T20:59:47.805+0500][gc,phases   ] GC(0)   Pre Evacuate Collection Set: 0.2ms
[2024-11-20T20:59:47.805+0500][gc,phases   ] GC(0)   Merge Heap Roots: 0.1ms
[2024-11-20T20:59:47.805+0500][gc,phases   ] GC(0)   Evacuate Collection Set: 4.4ms
[2024-11-20T20:59:47.805+0500][gc,phases   ] GC(0)   Post Evacuate Collection Set: 0.6ms
[2024-11-20T20:59:47.805+0500][gc,phases   ] GC(0)   Other: 1.2ms
[2024-11-20T20:59:47.805+0500][gc,heap     ] GC(0) Eden regions: 51->0(44)
[2024-11-20T20:59:47.805+0500][gc,heap     ] GC(0) Survivor regions: 0->7(7)
[2024-11-20T20:59:47.805+0500][gc,heap     ] GC(0) Old regions: 0->2
[2024-11-20T20:59:47.805+0500][gc,heap     ] GC(0) Archive regions: 2->2
[2024-11-20T20:59:47.805+0500][gc,heap     ] GC(0) Humongous regions: 0->0
[2024-11-20T20:59:47.805+0500][gc,metaspace] GC(0) Metaspace: 17789K(17984K)->17789K(17984K) NonClass: 15636K(15744K)->15636K(15744K) Class: 2153K(2240K)->2153K(2240K)
[2024-11-20T20:59:47.805+0500][gc          ] GC(0) Pause Young (Normal) (G1 Evacuation Pause) 51M->9M(1024M) 6.658ms
[2024-11-20T20:59:47.805+0500][gc,cpu      ] GC(0) User=0.02s Sys=0.00s Real=0.01s
[2024-11-20T20:59:48.143+0500][gc,start    ] GC(1) Pause Young (Concurrent Start) (Metadata GC Threshold)
[2024-11-20T20:59:48.143+0500][gc,task     ] GC(1) Using 8 workers of 8 for evacuation
[2024-11-20T20:59:48.149+0500][gc,phases   ] GC(1)   Pre Evacuate Collection Set: 0.2ms
[2024-11-20T20:59:48.149+0500][gc,phases   ] GC(1)   Merge Heap Roots: 0.1ms
[2024-11-20T20:59:48.149+0500][gc,phases   ] GC(1)   Evacuate Collection Set: 5.3ms
[2024-11-20T20:59:48.149+0500][gc,phases   ] GC(1)   Post Evacuate Collection Set: 0.6ms
[2024-11-20T20:59:48.149+0500][gc,phases   ] GC(1)   Other: 0.4ms
[2024-11-20T20:59:48.149+0500][gc,heap     ] GC(1) Eden regions: 14->0(49)
[2024-11-20T20:59:48.149+0500][gc,heap     ] GC(1) Survivor regions: 7->2(7)
[2024-11-20T20:59:48.149+0500][gc,heap     ] GC(1) Old regions: 2->9
[2024-11-20T20:59:48.149+0500][gc,heap     ] GC(1) Archive regions: 2->2
[2024-11-20T20:59:48.149+0500][gc,heap     ] GC(1) Humongous regions: 0->0
[2024-11-20T20:59:48.149+0500][gc,metaspace] GC(1) Metaspace: 21304K(21504K)->21304K(21504K) NonClass: 18704K(18816K)->18704K(18816K) Class: 2600K(2688K)->2600K(2688K)
[2024-11-20T20:59:48.149+0500][gc          ] GC(1) Pause Young (Concurrent Start) (Metadata GC Threshold) 22M->10M(1024M) 6.675ms
[2024-11-20T20:59:48.149+0500][gc,cpu      ] GC(1) User=0.04s Sys=0.01s Real=0.00s
[2024-11-20T20:59:48.149+0500][gc          ] GC(2) Concurrent Mark Cycle
[2024-11-20T20:59:48.149+0500][gc,marking  ] GC(2) Concurrent Clear Claimed Marks
[2024-11-20T20:59:48.149+0500][gc,marking  ] GC(2) Concurrent Clear Claimed Marks 0.027ms
[2024-11-20T20:59:48.149+0500][gc,marking  ] GC(2) Concurrent Scan Root Regions
[2024-11-20T20:59:48.152+0500][gc,marking  ] GC(2) Concurrent Scan Root Regions 2.532ms
[2024-11-20T20:59:48.152+0500][gc,marking  ] GC(2) Concurrent Mark
[2024-11-20T20:59:48.152+0500][gc,marking  ] GC(2) Concurrent Mark From Roots
[2024-11-20T20:59:48.152+0500][gc,task     ] GC(2) Using 2 workers of 2 for marking
[2024-11-20T20:59:48.155+0500][gc,marking  ] GC(2) Concurrent Mark From Roots 3.367ms
[2024-11-20T20:59:48.155+0500][gc,marking  ] GC(2) Concurrent Preclean
[2024-11-20T20:59:48.155+0500][gc,marking  ] GC(2) Concurrent Preclean 0.093ms
[2024-11-20T20:59:48.156+0500][gc,start    ] GC(2) Pause Remark
[2024-11-20T20:59:48.157+0500][gc          ] GC(2) Pause Remark 10M->10M(1024M) 1.662ms
[2024-11-20T20:59:48.157+0500][gc,cpu      ] GC(2) User=0.00s Sys=0.00s Real=0.00s
[2024-11-20T20:59:48.157+0500][gc,marking  ] GC(2) Concurrent Mark 5.408ms
[2024-11-20T20:59:48.157+0500][gc,marking  ] GC(2) Concurrent Rebuild Remembered Sets
[2024-11-20T20:59:48.160+0500][gc,marking  ] GC(2) Concurrent Rebuild Remembered Sets 2.234ms
[2024-11-20T20:59:48.160+0500][gc,start    ] GC(2) Pause Cleanup
[2024-11-20T20:59:48.160+0500][gc          ] GC(2) Pause Cleanup 10M->10M(1024M) 0.276ms
[2024-11-20T20:59:48.160+0500][gc,cpu      ] GC(2) User=0.00s Sys=0.00s Real=0.00s
[2024-11-20T20:59:48.160+0500][gc,marking  ] GC(2) Concurrent Cleanup for Next Mark
[2024-11-20T20:59:48.169+0500][gc,marking  ] GC(2) Concurrent Cleanup for Next Mark 8.425ms
[2024-11-20T20:59:48.169+0500][gc          ] GC(2) Concurrent Mark Cycle 19.484ms
[2024-11-20T20:59:49.388+0500][gc,start    ] GC(3) Pause Young (Normal) (G1 Evacuation Pause)
[2024-11-20T20:59:49.388+0500][gc,task     ] GC(3) Using 8 workers of 8 for evacuation
[2024-11-20T20:59:49.395+0500][gc,phases   ] GC(3)   Pre Evacuate Collection Set: 0.2ms
[2024-11-20T20:59:49.395+0500][gc,phases   ] GC(3)   Merge Heap Roots: 0.1ms
[2024-11-20T20:59:49.395+0500][gc,phases   ] GC(3)   Evacuate Collection Set: 5.8ms
[2024-11-20T20:59:49.395+0500][gc,phases   ] GC(3)   Post Evacuate Collection Set: 0.5ms
[2024-11-20T20:59:49.395+0500][gc,phases   ] GC(3)   Other: 0.3ms
[2024-11-20T20:59:49.395+0500][gc,heap     ] GC(3) Eden regions: 49->0(44)
[2024-11-20T20:59:49.395+0500][gc,heap     ] GC(3) Survivor regions: 2->7(7)
[2024-11-20T20:59:49.395+0500][gc,heap     ] GC(3) Old regions: 9->9
[2024-11-20T20:59:49.395+0500][gc,heap     ] GC(3) Archive regions: 2->2
[2024-11-20T20:59:49.395+0500][gc,heap     ] GC(3) Humongous regions: 129->129
[2024-11-20T20:59:49.395+0500][gc,metaspace] GC(3) Metaspace: 32581K(32896K)->32581K(32896K) NonClass: 28891K(29056K)->28891K(29056K) Class: 3690K(3840K)->3690K(3840K)
[2024-11-20T20:59:49.395+0500][gc          ] GC(3) Pause Young (Normal) (G1 Evacuation Pause) 188M->144M(1024M) 6.952ms
[2024-11-20T20:59:49.395+0500][gc,cpu      ] GC(3) User=0.03s Sys=0.01s Real=0.01s
[2024-11-20T20:59:49.561+0500][gc,start    ] GC(4) Pause Young (Concurrent Start) (Metadata GC Threshold)
[2024-11-20T20:59:49.561+0500][gc,task     ] GC(4) Using 8 workers of 8 for evacuation
[2024-11-20T20:59:49.572+0500][gc,phases   ] GC(4)   Pre Evacuate Collection Set: 0.4ms
[2024-11-20T20:59:49.572+0500][gc,phases   ] GC(4)   Merge Heap Roots: 0.1ms
[2024-11-20T20:59:49.572+0500][gc,phases   ] GC(4)   Evacuate Collection Set: 8.8ms
[2024-11-20T20:59:49.572+0500][gc,phases   ] GC(4)   Post Evacuate Collection Set: 1.1ms
[2024-11-20T20:59:49.572+0500][gc,phases   ] GC(4)   Other: 0.2ms
[2024-11-20T20:59:49.572+0500][gc,heap     ] GC(4) Eden regions: 13->0(49)
[2024-11-20T20:59:49.572+0500][gc,heap     ] GC(4) Survivor regions: 7->2(7)
[2024-11-20T20:59:49.572+0500][gc,heap     ] GC(4) Old regions: 9->14
[2024-11-20T20:59:49.572+0500][gc,heap     ] GC(4) Archive regions: 2->2
[2024-11-20T20:59:49.572+0500][gc,heap     ] GC(4) Humongous regions: 129->129
[2024-11-20T20:59:49.572+0500][gc,metaspace] GC(4) Metaspace: 35675K(35968K)->35675K(35968K) NonClass: 31676K(31872K)->31676K(31872K) Class: 3999K(4096K)->3999K(4096K)
[2024-11-20T20:59:49.572+0500][gc          ] GC(4) Pause Young (Concurrent Start) (Metadata GC Threshold) 156M->145M(1024M) 10.769ms
[2024-11-20T20:59:49.572+0500][gc,cpu      ] GC(4) User=0.05s Sys=0.01s Real=0.01s
[2024-11-20T20:59:49.572+0500][gc          ] GC(5) Concurrent Mark Cycle
[2024-11-20T20:59:49.572+0500][gc,marking  ] GC(5) Concurrent Clear Claimed Marks
[2024-11-20T20:59:49.572+0500][gc,marking  ] GC(5) Concurrent Clear Claimed Marks 0.029ms
[2024-11-20T20:59:49.572+0500][gc,marking  ] GC(5) Concurrent Scan Root Regions
[2024-11-20T20:59:49.578+0500][gc,marking  ] GC(5) Concurrent Scan Root Regions 5.391ms
[2024-11-20T20:59:49.578+0500][gc,marking  ] GC(5) Concurrent Mark
[2024-11-20T20:59:49.578+0500][gc,marking  ] GC(5) Concurrent Mark From Roots
[2024-11-20T20:59:49.578+0500][gc,task     ] GC(5) Using 2 workers of 2 for marking
[2024-11-20T20:59:49.589+0500][gc,marking  ] GC(5) Concurrent Mark From Roots 11.417ms
[2024-11-20T20:59:49.589+0500][gc,marking  ] GC(5) Concurrent Preclean
[2024-11-20T20:59:49.589+0500][gc,marking  ] GC(5) Concurrent Preclean 0.231ms
[2024-11-20T20:59:49.590+0500][gc,start    ] GC(5) Pause Remark
[2024-11-20T20:59:49.593+0500][gc          ] GC(5) Pause Remark 147M->147M(1024M) 3.417ms
[2024-11-20T20:59:49.593+0500][gc,cpu      ] GC(5) User=0.01s Sys=0.00s Real=0.00s
[2024-11-20T20:59:49.593+0500][gc,marking  ] GC(5) Concurrent Mark 15.711ms
[2024-11-20T20:59:49.593+0500][gc,marking  ] GC(5) Concurrent Rebuild Remembered Sets
[2024-11-20T20:59:49.603+0500][gc,marking  ] GC(5) Concurrent Rebuild Remembered Sets 9.206ms
[2024-11-20T20:59:49.603+0500][gc,start    ] GC(5) Pause Cleanup
[2024-11-20T20:59:49.603+0500][gc          ] GC(5) Pause Cleanup 147M->147M(1024M) 0.266ms
[2024-11-20T20:59:49.603+0500][gc,cpu      ] GC(5) User=0.00s Sys=0.00s Real=0.00s
[2024-11-20T20:59:49.603+0500][gc,marking  ] GC(5) Concurrent Cleanup for Next Mark
[2024-11-20T20:59:49.615+0500][gc,marking  ] GC(5) Concurrent Cleanup for Next Mark 11.838ms
[2024-11-20T20:59:49.615+0500][gc          ] GC(5) Concurrent Mark Cycle 43.249ms
[2024-11-20T21:02:53.241+0500][gc,start    ] GC(6) Pause Young (Prepare Mixed) (G1 Evacuation Pause)
[2024-11-20T21:02:53.241+0500][gc,task     ] GC(6) Using 8 workers of 8 for evacuation
[2024-11-20T21:02:53.251+0500][gc,phases   ] GC(6)   Pre Evacuate Collection Set: 0.2ms
[2024-11-20T21:02:53.251+0500][gc,phases   ] GC(6)   Merge Heap Roots: 0.1ms
[2024-11-20T21:02:53.251+0500][gc,phases   ] GC(6)   Evacuate Collection Set: 7.8ms
[2024-11-20T21:02:53.251+0500][gc,phases   ] GC(6)   Post Evacuate Collection Set: 1.6ms
[2024-11-20T21:02:53.251+0500][gc,phases   ] GC(6)   Other: 0.3ms
[2024-11-20T21:02:53.251+0500][gc,heap     ] GC(6) Eden regions: 49->0(46)
[2024-11-20T21:02:53.251+0500][gc,heap     ] GC(6) Survivor regions: 2->5(7)
[2024-11-20T21:02:53.251+0500][gc,heap     ] GC(6) Old regions: 14->14
[2024-11-20T21:02:53.251+0500][gc,heap     ] GC(6) Archive regions: 2->2
[2024-11-20T21:02:53.251+0500][gc,heap     ] GC(6) Humongous regions: 129->129
[2024-11-20T21:02:53.251+0500][gc,metaspace] GC(6) Metaspace: 43397K(43904K)->43397K(43904K) NonClass: 38203K(38464K)->38203K(38464K) Class: 5193K(5440K)->5193K(5440K)
[2024-11-20T21:02:53.251+0500][gc          ] GC(6) Pause Young (Prepare Mixed) (G1 Evacuation Pause) 194M->148M(1024M) 10.307ms
[2024-11-20T21:02:53.251+0500][gc,cpu      ] GC(6) User=0.07s Sys=0.01s Real=0.01s
[2024-11-20T21:06:05.885+0500][gc,start    ] GC(7) Pause Young (Mixed) (G1 Evacuation Pause)
[2024-11-20T21:06:05.885+0500][gc,task     ] GC(7) Using 8 workers of 8 for evacuation
[2024-11-20T21:06:05.900+0500][gc,phases   ] GC(7)   Pre Evacuate Collection Set: 0.4ms
[2024-11-20T21:06:05.900+0500][gc,phases   ] GC(7)   Merge Heap Roots: 0.2ms
[2024-11-20T21:06:05.900+0500][gc,phases   ] GC(7)   Evacuate Collection Set: 12.7ms
[2024-11-20T21:06:05.900+0500][gc,phases   ] GC(7)   Post Evacuate Collection Set: 1.1ms
[2024-11-20T21:06:05.900+0500][gc,phases   ] GC(7)   Other: 0.3ms
[2024-11-20T21:06:05.900+0500][gc,heap     ] GC(7) Eden regions: 46->0(47)
[2024-11-20T21:06:05.900+0500][gc,heap     ] GC(7) Survivor regions: 5->4(7)
[2024-11-20T21:06:05.900+0500][gc,heap     ] GC(7) Old regions: 14->17
[2024-11-20T21:06:05.900+0500][gc,heap     ] GC(7) Archive regions: 2->2
[2024-11-20T21:06:05.900+0500][gc,heap     ] GC(7) Humongous regions: 129->129
[2024-11-20T21:06:05.900+0500][gc,metaspace] GC(7) Metaspace: 45530K(46144K)->45530K(46144K) NonClass: 40010K(40384K)->40010K(40384K) Class: 5520K(5760K)->5520K(5760K)
[2024-11-20T21:06:05.900+0500][gc          ] GC(7) Pause Young (Mixed) (G1 Evacuation Pause) 194M->150M(1024M) 15.057ms
[2024-11-20T21:06:05.900+0500][gc,cpu      ] GC(7) User=0.08s Sys=0.01s Real=0.02s
[2024-11-20T21:08:22.951+0500][gc,start    ] GC(8) Pause Young (Normal) (G1 Evacuation Pause)
[2024-11-20T21:08:22.951+0500][gc,task     ] GC(8) Using 8 workers of 8 for evacuation
[2024-11-20T21:08:22.958+0500][gc,phases   ] GC(8)   Pre Evacuate Collection Set: 0.5ms
[2024-11-20T21:08:22.959+0500][gc,phases   ] GC(8)   Merge Heap Roots: 0.1ms
[2024-11-20T21:08:22.959+0500][gc,phases   ] GC(8)   Evacuate Collection Set: 6.1ms
[2024-11-20T21:08:22.959+0500][gc,phases   ] GC(8)   Post Evacuate Collection Set: 0.6ms
[2024-11-20T21:08:22.959+0500][gc,phases   ] GC(8)   Other: 0.2ms
[2024-11-20T21:08:22.959+0500][gc,heap     ] GC(8) Eden regions: 47->0(45)
[2024-11-20T21:08:22.959+0500][gc,heap     ] GC(8) Survivor regions: 4->6(7)
[2024-11-20T21:08:22.959+0500][gc,heap     ] GC(8) Old regions: 17->17
[2024-11-20T21:08:22.959+0500][gc,heap     ] GC(8) Archive regions: 2->2
[2024-11-20T21:08:22.959+0500][gc,heap     ] GC(8) Humongous regions: 129->129
[2024-11-20T21:08:22.959+0500][gc,metaspace] GC(8) Metaspace: 45891K(46528K)->45891K(46528K) NonClass: 40327K(40704K)->40327K(40704K) Class: 5564K(5824K)->5564K(5824K)
[2024-11-20T21:08:22.959+0500][gc          ] GC(8) Pause Young (Normal) (G1 Evacuation Pause) 197M->151M(1024M) 7.745ms
[2024-11-20T21:08:22.959+0500][gc,cpu      ] GC(8) User=0.03s Sys=0.00s Real=0.00s
[2024-11-20T21:10:48.524+0500][gc,start    ] GC(9) Pause Young (Normal) (G1 Evacuation Pause)
[2024-11-20T21:10:48.524+0500][gc,task     ] GC(9) Using 8 workers of 8 for evacuation
[2024-11-20T21:10:48.533+0500][gc,phases   ] GC(9)   Pre Evacuate Collection Set: 0.3ms
[2024-11-20T21:10:48.533+0500][gc,phases   ] GC(9)   Merge Heap Roots: 0.1ms
[2024-11-20T21:10:48.533+0500][gc,phases   ] GC(9)   Evacuate Collection Set: 8.5ms
[2024-11-20T21:10:48.533+0500][gc,phases   ] GC(9)   Post Evacuate Collection Set: 0.5ms
[2024-11-20T21:10:48.533+0500][gc,phases   ] GC(9)   Other: 0.2ms
[2024-11-20T21:10:48.533+0500][gc,heap     ] GC(9) Eden regions: 45->0(45)
[2024-11-20T21:10:48.533+0500][gc,heap     ] GC(9) Survivor regions: 6->6(7)
[2024-11-20T21:10:48.534+0500][gc,heap     ] GC(9) Old regions: 17->20
[2024-11-20T21:10:48.534+0500][gc,heap     ] GC(9) Archive regions: 2->2
[2024-11-20T21:10:48.534+0500][gc,heap     ] GC(9) Humongous regions: 129->129
[2024-11-20T21:10:48.534+0500][gc,metaspace] GC(9) Metaspace: 46243K(46912K)->46243K(46912K) NonClass: 40613K(41024K)->40613K(41024K) Class: 5629K(5888K)->5629K(5888K)
[2024-11-20T21:10:48.534+0500][gc          ] GC(9) Pause Young (Normal) (G1 Evacuation Pause) 196M->155M(1024M) 9.790ms
[2024-11-20T21:10:48.534+0500][gc,cpu      ] GC(9) User=0.06s Sys=0.00s Real=0.01s
[2024-11-20T21:11:07.334+0500][gc,start    ] GC(10) Pause Young (Normal) (G1 Evacuation Pause)
[2024-11-20T21:11:07.334+0500][gc,task     ] GC(10) Using 8 workers of 8 for evacuation
[2024-11-20T21:11:07.346+0500][gc,phases   ] GC(10)   Pre Evacuate Collection Set: 0.3ms
[2024-11-20T21:11:07.346+0500][gc,phases   ] GC(10)   Merge Heap Roots: 0.2ms
[2024-11-20T21:11:07.346+0500][gc,phases   ] GC(10)   Evacuate Collection Set: 9.8ms
[2024-11-20T21:11:07.346+0500][gc,phases   ] GC(10)   Post Evacuate Collection Set: 0.9ms
[2024-11-20T21:11:07.346+0500][gc,phases   ] GC(10)   Other: 0.3ms
[2024-11-20T21:11:07.346+0500][gc,heap     ] GC(10) Eden regions: 45->0(74)
[2024-11-20T21:11:07.346+0500][gc,heap     ] GC(10) Survivor regions: 6->2(7)
[2024-11-20T21:11:07.346+0500][gc,heap     ] GC(10) Old regions: 20->24
[2024-11-20T21:11:07.346+0500][gc,heap     ] GC(10) Archive regions: 2->2
[2024-11-20T21:11:07.346+0500][gc,heap     ] GC(10) Humongous regions: 129->129
[2024-11-20T21:11:07.346+0500][gc,metaspace] GC(10) Metaspace: 47470K(48128K)->47470K(48128K) NonClass: 41678K(42048K)->41678K(42048K) Class: 5791K(6080K)->5791K(6080K)
[2024-11-20T21:11:07.346+0500][gc          ] GC(10) Pause Young (Normal) (G1 Evacuation Pause) 200M->154M(1024M) 11.773ms
[2024-11-20T21:11:07.346+0500][gc,cpu      ] GC(10) User=0.07s Sys=0.01s Real=0.01s
[2024-11-20T21:11:14.051+0500][gc,heap,exit] Heap
[2024-11-20T21:11:14.051+0500][gc,heap,exit]  garbage-first heap   total 1048576K, used 170486K [0x00000000c0000000, 0x0000000100000000)
[2024-11-20T21:11:14.051+0500][gc,heap,exit]   region size 1024K, 14 young (14336K), 2 survivors (2048K)
[2024-11-20T21:11:14.052+0500][gc,heap,exit]  Metaspace       used 47930K, committed 48576K, reserved 1114112K
[2024-11-20T21:11:14.052+0500][gc,heap,exit]   class space    used 5857K, committed 6144K, reserved 1048576K
