[2024-11-20T20:59:42.755+0500][gc] Using G1
[2024-11-20T20:59:42.772+0500][gc,init] Version: 17.0.13+11-Ubuntu-2ubuntu124.04 (release)
[2024-11-20T20:59:42.772+0500][gc,init] CPUs: 8 total, 8 available
[2024-11-20T20:59:42.772+0500][gc,init] Memory: 7835M
[2024-11-20T20:59:42.772+0500][gc,init] Large Page Support: Disabled
[2024-11-20T20:59:42.772+0500][gc,init] NUMA Support: Disabled
[2024-11-20T20:59:42.772+0500][gc,init] Compressed Oops: Enabled (32-bit)
[2024-11-20T20:59:42.772+0500][gc,init] Heap Region Size: 1M
[2024-11-20T20:59:42.772+0500][gc,init] Heap Min Capacity: 1G
[2024-11-20T20:59:42.772+0500][gc,init] Heap Initial Capacity: 1G
[2024-11-20T20:59:42.772+0500][gc,init] Heap Max Capacity: 1G
[2024-11-20T20:59:42.772+0500][gc,init] Pre-touch: Disabled
[2024-11-20T20:59:42.772+0500][gc,init] Parallel Workers: 8
[2024-11-20T20:59:42.772+0500][gc,init] Concurrent Workers: 2
[2024-11-20T20:59:42.772+0500][gc,init] Concurrent Refinement Workers: 8
[2024-11-20T20:59:42.772+0500][gc,init] Periodic GC: Disabled
[2024-11-20T20:59:42.781+0500][gc,metaspace] CDS archive(s) mapped at: [0x00007d93ab000000-0x00007d93abbc9000-0x00007d93abbc9000), size 12357632, SharedBaseAddress: 0x00007d93ab000000, ArchiveRelocationMode: 1.
[2024-11-20T20:59:42.781+0500][gc,metaspace] Compressed class space mapped at: 0x00007d93ac000000-0x00007d93ec000000, reserved size: 1073741824
[2024-11-20T20:59:42.781+0500][gc,metaspace] Narrow klass base: 0x00007d93ab000000, Narrow klass shift: 0, Narrow klass range: 0x100000000
[2024-11-20T20:59:44.473+0500][gc,start    ] GC(0) Pause Young (Normal) (G1 Evacuation Pause)
[2024-11-20T20:59:44.476+0500][gc,task     ] GC(0) Using 8 workers of 8 for evacuation
[2024-11-20T20:59:44.480+0500][gc,phases   ] GC(0)   Pre Evacuate Collection Set: 0.1ms
[2024-11-20T20:59:44.480+0500][gc,phases   ] GC(0)   Merge Heap Roots: 0.1ms
[2024-11-20T20:59:44.480+0500][gc,phases   ] GC(0)   Evacuate Collection Set: 3.6ms
[2024-11-20T20:59:44.480+0500][gc,phases   ] GC(0)   Post Evacuate Collection Set: 0.5ms
[2024-11-20T20:59:44.480+0500][gc,phases   ] GC(0)   Other: 2.6ms
[2024-11-20T20:59:44.480+0500][gc,heap     ] GC(0) Eden regions: 51->0(44)
[2024-11-20T20:59:44.480+0500][gc,heap     ] GC(0) Survivor regions: 0->7(7)
[2024-11-20T20:59:44.480+0500][gc,heap     ] GC(0) Old regions: 0->1
[2024-11-20T20:59:44.480+0500][gc,heap     ] GC(0) Archive regions: 2->2
[2024-11-20T20:59:44.480+0500][gc,heap     ] GC(0) Humongous regions: 0->0
[2024-11-20T20:59:44.480+0500][gc,metaspace] GC(0) Metaspace: 17783K(17984K)->17783K(17984K) NonClass: 15628K(15680K)->15628K(15680K) Class: 2155K(2304K)->2155K(2304K)
[2024-11-20T20:59:44.480+0500][gc          ] GC(0) Pause Young (Normal) (G1 Evacuation Pause) 51M->8M(1024M) 7.070ms
[2024-11-20T20:59:44.480+0500][gc,cpu      ] GC(0) User=0.02s Sys=0.01s Real=0.01s
[2024-11-20T20:59:44.825+0500][gc,heap,exit] Heap
[2024-11-20T20:59:44.825+0500][gc,heap,exit]  garbage-first heap   total 1048576K, used 19725K [0x00000000c0000000, 0x0000000100000000)
[2024-11-20T20:59:44.825+0500][gc,heap,exit]   region size 1024K, 18 young (18432K), 7 survivors (7168K)
[2024-11-20T20:59:44.825+0500][gc,heap,exit]  Metaspace       used 20287K, committed 20480K, reserved 1114112K
[2024-11-20T20:59:44.825+0500][gc,heap,exit]   class space    used 2469K, committed 2560K, reserved 1048576K
