[2024-11-20T20:26:11.767+0500][gc] Using G1
[2024-11-20T20:26:11.785+0500][gc,init] Version: 17.0.13+11-Ubuntu-2ubuntu124.04 (release)
[2024-11-20T20:26:11.785+0500][gc,init] CPUs: 8 total, 8 available
[2024-11-20T20:26:11.785+0500][gc,init] Memory: 7835M
[2024-11-20T20:26:11.785+0500][gc,init] Large Page Support: Disabled
[2024-11-20T20:26:11.785+0500][gc,init] NUMA Support: Disabled
[2024-11-20T20:26:11.785+0500][gc,init] Compressed Oops: Enabled (32-bit)
[2024-11-20T20:26:11.785+0500][gc,init] Heap Region Size: 1M
[2024-11-20T20:26:11.785+0500][gc,init] Heap Min Capacity: 1G
[2024-11-20T20:26:11.785+0500][gc,init] Heap Initial Capacity: 1G
[2024-11-20T20:26:11.785+0500][gc,init] Heap Max Capacity: 1G
[2024-11-20T20:26:11.785+0500][gc,init] Pre-touch: Disabled
[2024-11-20T20:26:11.785+0500][gc,init] Parallel Workers: 8
[2024-11-20T20:26:11.785+0500][gc,init] Concurrent Workers: 2
[2024-11-20T20:26:11.785+0500][gc,init] Concurrent Refinement Workers: 8
[2024-11-20T20:26:11.785+0500][gc,init] Periodic GC: Disabled
[2024-11-20T20:26:11.796+0500][gc,metaspace] CDS archive(s) mapped at: [0x00006ffebb000000-0x00006ffebbbc9000-0x00006ffebbbc9000), size 12357632, SharedBaseAddress: 0x00006ffebb000000, ArchiveRelocationMode: 1.
[2024-11-20T20:26:11.796+0500][gc,metaspace] Compressed class space mapped at: 0x00006ffebc000000-0x00006ffefc000000, reserved size: 1073741824
[2024-11-20T20:26:11.796+0500][gc,metaspace] Narrow klass base: 0x00006ffebb000000, Narrow klass shift: 0, Narrow klass range: 0x100000000
[2024-11-20T20:26:13.854+0500][gc,start    ] GC(0) Pause Young (Normal) (G1 Evacuation Pause)
[2024-11-20T20:26:13.856+0500][gc,task     ] GC(0) Using 8 workers of 8 for evacuation
[2024-11-20T20:26:13.861+0500][gc,phases   ] GC(0)   Pre Evacuate Collection Set: 0.2ms
[2024-11-20T20:26:13.862+0500][gc,phases   ] GC(0)   Merge Heap Roots: 0.2ms
[2024-11-20T20:26:13.862+0500][gc,phases   ] GC(0)   Evacuate Collection Set: 4.0ms
[2024-11-20T20:26:13.862+0500][gc,phases   ] GC(0)   Post Evacuate Collection Set: 0.6ms
[2024-11-20T20:26:13.862+0500][gc,phases   ] GC(0)   Other: 2.3ms
[2024-11-20T20:26:13.862+0500][gc,heap     ] GC(0) Eden regions: 51->0(44)
[2024-11-20T20:26:13.862+0500][gc,heap     ] GC(0) Survivor regions: 0->7(7)
[2024-11-20T20:26:13.862+0500][gc,heap     ] GC(0) Old regions: 0->2
[2024-11-20T20:26:13.862+0500][gc,heap     ] GC(0) Archive regions: 2->2
[2024-11-20T20:26:13.862+0500][gc,heap     ] GC(0) Humongous regions: 0->0
[2024-11-20T20:26:13.862+0500][gc,metaspace] GC(0) Metaspace: 17818K(18112K)->17818K(18112K) NonClass: 15663K(15808K)->15663K(15808K) Class: 2155K(2304K)->2155K(2304K)
[2024-11-20T20:26:13.862+0500][gc          ] GC(0) Pause Young (Normal) (G1 Evacuation Pause) 51M->8M(1024M) 7.518ms
[2024-11-20T20:26:13.862+0500][gc,cpu      ] GC(0) User=0.02s Sys=0.01s Real=0.01s
[2024-11-20T20:26:14.493+0500][gc,start    ] GC(1) Pause Young (Concurrent Start) (Metadata GC Threshold)
[2024-11-20T20:26:14.493+0500][gc,task     ] GC(1) Using 8 workers of 8 for evacuation
[2024-11-20T20:26:14.498+0500][gc,phases   ] GC(1)   Pre Evacuate Collection Set: 0.2ms
[2024-11-20T20:26:14.498+0500][gc,phases   ] GC(1)   Merge Heap Roots: 0.1ms
[2024-11-20T20:26:14.498+0500][gc,phases   ] GC(1)   Evacuate Collection Set: 3.8ms
[2024-11-20T20:26:14.498+0500][gc,phases   ] GC(1)   Post Evacuate Collection Set: 0.7ms
[2024-11-20T20:26:14.498+0500][gc,phases   ] GC(1)   Other: 0.4ms
[2024-11-20T20:26:14.498+0500][gc,heap     ] GC(1) Eden regions: 15->0(49)
[2024-11-20T20:26:14.498+0500][gc,heap     ] GC(1) Survivor regions: 7->2(7)
[2024-11-20T20:26:14.498+0500][gc,heap     ] GC(1) Old regions: 2->8
[2024-11-20T20:26:14.498+0500][gc,heap     ] GC(1) Archive regions: 2->2
[2024-11-20T20:26:14.498+0500][gc,heap     ] GC(1) Humongous regions: 129->129
[2024-11-20T20:26:14.498+0500][gc,metaspace] GC(1) Metaspace: 21334K(21504K)->21334K(21504K) NonClass: 18755K(18816K)->18755K(18816K) Class: 2579K(2688K)->2579K(2688K)
[2024-11-20T20:26:14.498+0500][gc          ] GC(1) Pause Young (Concurrent Start) (Metadata GC Threshold) 152M->139M(1024M) 5.307ms
[2024-11-20T20:26:14.498+0500][gc,cpu      ] GC(1) User=0.02s Sys=0.00s Real=0.00s
[2024-11-20T20:26:14.498+0500][gc          ] GC(2) Concurrent Mark Cycle
[2024-11-20T20:26:14.498+0500][gc,marking  ] GC(2) Concurrent Clear Claimed Marks
[2024-11-20T20:26:14.498+0500][gc,marking  ] GC(2) Concurrent Clear Claimed Marks 0.015ms
[2024-11-20T20:26:14.498+0500][gc,marking  ] GC(2) Concurrent Scan Root Regions
[2024-11-20T20:26:14.501+0500][gc,marking  ] GC(2) Concurrent Scan Root Regions 2.850ms
[2024-11-20T20:26:14.501+0500][gc,marking  ] GC(2) Concurrent Mark
[2024-11-20T20:26:14.501+0500][gc,marking  ] GC(2) Concurrent Mark From Roots
[2024-11-20T20:26:14.501+0500][gc,task     ] GC(2) Using 2 workers of 2 for marking
[2024-11-20T20:26:14.506+0500][gc,marking  ] GC(2) Concurrent Mark From Roots 5.154ms
[2024-11-20T20:26:14.506+0500][gc,marking  ] GC(2) Concurrent Preclean
[2024-11-20T20:26:14.507+0500][gc,marking  ] GC(2) Concurrent Preclean 0.165ms
[2024-11-20T20:26:14.507+0500][gc,start    ] GC(2) Pause Remark
[2024-11-20T20:26:14.509+0500][gc          ] GC(2) Pause Remark 140M->140M(1024M) 1.631ms
[2024-11-20T20:26:14.509+0500][gc,cpu      ] GC(2) User=0.00s Sys=0.00s Real=0.00s
[2024-11-20T20:26:14.509+0500][gc,marking  ] GC(2) Concurrent Mark 7.888ms
[2024-11-20T20:26:14.509+0500][gc,marking  ] GC(2) Concurrent Rebuild Remembered Sets
[2024-11-20T20:26:14.513+0500][gc,marking  ] GC(2) Concurrent Rebuild Remembered Sets 4.099ms
[2024-11-20T20:26:14.513+0500][gc,start    ] GC(2) Pause Cleanup
[2024-11-20T20:26:14.514+0500][gc          ] GC(2) Pause Cleanup 140M->140M(1024M) 0.203ms
[2024-11-20T20:26:14.514+0500][gc,cpu      ] GC(2) User=0.00s Sys=0.00s Real=0.00s
[2024-11-20T20:26:14.514+0500][gc,marking  ] GC(2) Concurrent Cleanup for Next Mark
[2024-11-20T20:26:14.522+0500][gc,marking  ] GC(2) Concurrent Cleanup for Next Mark 8.435ms
[2024-11-20T20:26:14.522+0500][gc          ] GC(2) Concurrent Mark Cycle 24.068ms
[2024-11-20T20:26:15.479+0500][gc,start    ] GC(3) Pause Young (Normal) (G1 Evacuation Pause)
[2024-11-20T20:26:15.479+0500][gc,task     ] GC(3) Using 8 workers of 8 for evacuation
[2024-11-20T20:26:15.484+0500][gc,phases   ] GC(3)   Pre Evacuate Collection Set: 0.2ms
[2024-11-20T20:26:15.484+0500][gc,phases   ] GC(3)   Merge Heap Roots: 0.1ms
[2024-11-20T20:26:15.484+0500][gc,phases   ] GC(3)   Evacuate Collection Set: 3.5ms
[2024-11-20T20:26:15.484+0500][gc,phases   ] GC(3)   Post Evacuate Collection Set: 0.5ms
[2024-11-20T20:26:15.484+0500][gc,phases   ] GC(3)   Other: 0.2ms
[2024-11-20T20:26:15.484+0500][gc,heap     ] GC(3) Eden regions: 49->0(44)
[2024-11-20T20:26:15.484+0500][gc,heap     ] GC(3) Survivor regions: 2->7(7)
[2024-11-20T20:26:15.484+0500][gc,heap     ] GC(3) Old regions: 8->8
[2024-11-20T20:26:15.484+0500][gc,heap     ] GC(3) Archive regions: 2->2
[2024-11-20T20:26:15.484+0500][gc,heap     ] GC(3) Humongous regions: 129->129
[2024-11-20T20:26:15.484+0500][gc,metaspace] GC(3) Metaspace: 32744K(32960K)->32744K(32960K) NonClass: 29066K(29184K)->29066K(29184K) Class: 3677K(3776K)->3677K(3776K)
[2024-11-20T20:26:15.484+0500][gc          ] GC(3) Pause Young (Normal) (G1 Evacuation Pause) 188M->144M(1024M) 4.551ms
[2024-11-20T20:26:15.484+0500][gc,cpu      ] GC(3) User=0.03s Sys=0.00s Real=0.01s
[2024-11-20T20:26:15.753+0500][gc,start    ] GC(4) Pause Young (Concurrent Start) (Metadata GC Threshold)
[2024-11-20T20:26:15.753+0500][gc,task     ] GC(4) Using 8 workers of 8 for evacuation
[2024-11-20T20:26:15.764+0500][gc,phases   ] GC(4)   Pre Evacuate Collection Set: 0.2ms
[2024-11-20T20:26:15.764+0500][gc,phases   ] GC(4)   Merge Heap Roots: 0.1ms
[2024-11-20T20:26:15.764+0500][gc,phases   ] GC(4)   Evacuate Collection Set: 9.9ms
[2024-11-20T20:26:15.764+0500][gc,phases   ] GC(4)   Post Evacuate Collection Set: 0.6ms
[2024-11-20T20:26:15.764+0500][gc,phases   ] GC(4)   Other: 0.3ms
[2024-11-20T20:26:15.764+0500][gc,heap     ] GC(4) Eden regions: 13->0(49)
[2024-11-20T20:26:15.764+0500][gc,heap     ] GC(4) Survivor regions: 7->2(7)
[2024-11-20T20:26:15.764+0500][gc,heap     ] GC(4) Old regions: 8->15
[2024-11-20T20:26:15.764+0500][gc,heap     ] GC(4) Archive regions: 2->2
[2024-11-20T20:26:15.764+0500][gc,heap     ] GC(4) Humongous regions: 129->129
[2024-11-20T20:26:15.764+0500][gc,metaspace] GC(4) Metaspace: 35931K(36160K)->35931K(36160K) NonClass: 31961K(32128K)->31961K(32128K) Class: 3969K(4032K)->3969K(4032K)
[2024-11-20T20:26:15.765+0500][gc          ] GC(4) Pause Young (Concurrent Start) (Metadata GC Threshold) 157M->145M(1024M) 11.329ms
[2024-11-20T20:26:15.765+0500][gc,cpu      ] GC(4) User=0.03s Sys=0.01s Real=0.01s
[2024-11-20T20:26:15.765+0500][gc          ] GC(5) Concurrent Mark Cycle
[2024-11-20T20:26:15.765+0500][gc,marking  ] GC(5) Concurrent Clear Claimed Marks
[2024-11-20T20:26:15.765+0500][gc,marking  ] GC(5) Concurrent Clear Claimed Marks 0.032ms
[2024-11-20T20:26:15.765+0500][gc,marking  ] GC(5) Concurrent Scan Root Regions
[2024-11-20T20:26:15.769+0500][gc,marking  ] GC(5) Concurrent Scan Root Regions 4.308ms
[2024-11-20T20:26:15.769+0500][gc,marking  ] GC(5) Concurrent Mark
[2024-11-20T20:26:15.769+0500][gc,marking  ] GC(5) Concurrent Mark From Roots
[2024-11-20T20:26:15.769+0500][gc,task     ] GC(5) Using 2 workers of 2 for marking
[2024-11-20T20:26:15.778+0500][gc,marking  ] GC(5) Concurrent Mark From Roots 8.701ms
[2024-11-20T20:26:15.778+0500][gc,marking  ] GC(5) Concurrent Preclean
[2024-11-20T20:26:15.778+0500][gc,marking  ] GC(5) Concurrent Preclean 0.139ms
[2024-11-20T20:26:15.778+0500][gc,start    ] GC(5) Pause Remark
[2024-11-20T20:26:15.780+0500][gc          ] GC(5) Pause Remark 146M->146M(1024M) 1.631ms
[2024-11-20T20:26:15.780+0500][gc,cpu      ] GC(5) User=0.00s Sys=0.00s Real=0.01s
[2024-11-20T20:26:15.780+0500][gc,marking  ] GC(5) Concurrent Mark 10.748ms
[2024-11-20T20:26:15.780+0500][gc,marking  ] GC(5) Concurrent Rebuild Remembered Sets
[2024-11-20T20:26:15.786+0500][gc,marking  ] GC(5) Concurrent Rebuild Remembered Sets 5.718ms
[2024-11-20T20:26:15.786+0500][gc,start    ] GC(5) Pause Cleanup
[2024-11-20T20:26:15.786+0500][gc          ] GC(5) Pause Cleanup 146M->146M(1024M) 0.251ms
[2024-11-20T20:26:15.786+0500][gc,cpu      ] GC(5) User=0.00s Sys=0.00s Real=0.00s
[2024-11-20T20:26:15.786+0500][gc,marking  ] GC(5) Concurrent Cleanup for Next Mark
[2024-11-20T20:26:15.792+0500][gc,marking  ] GC(5) Concurrent Cleanup for Next Mark 5.645ms
[2024-11-20T20:26:15.792+0500][gc          ] GC(5) Concurrent Mark Cycle 27.233ms
[2024-11-20T20:31:50.671+0500][gc,start    ] GC(6) Pause Young (Normal) (G1 Evacuation Pause)
[2024-11-20T20:31:50.671+0500][gc,task     ] GC(6) Using 8 workers of 8 for evacuation
[2024-11-20T20:31:50.676+0500][gc,phases   ] GC(6)   Pre Evacuate Collection Set: 0.2ms
[2024-11-20T20:31:50.676+0500][gc,phases   ] GC(6)   Merge Heap Roots: 0.1ms
[2024-11-20T20:31:50.676+0500][gc,phases   ] GC(6)   Evacuate Collection Set: 3.4ms
[2024-11-20T20:31:50.676+0500][gc,phases   ] GC(6)   Post Evacuate Collection Set: 1.1ms
[2024-11-20T20:31:50.676+0500][gc,phases   ] GC(6)   Other: 0.3ms
[2024-11-20T20:31:50.676+0500][gc,heap     ] GC(6) Eden regions: 49->0(46)
[2024-11-20T20:31:50.676+0500][gc,heap     ] GC(6) Survivor regions: 2->5(7)
[2024-11-20T20:31:50.676+0500][gc,heap     ] GC(6) Old regions: 15->15
[2024-11-20T20:31:50.676+0500][gc,heap     ] GC(6) Archive regions: 2->2
[2024-11-20T20:31:50.676+0500][gc,heap     ] GC(6) Humongous regions: 129->129
[2024-11-20T20:31:50.676+0500][gc,metaspace] GC(6) Metaspace: 41589K(42048K)->41589K(42048K) NonClass: 36899K(37184K)->36899K(37184K) Class: 4690K(4864K)->4690K(4864K)
[2024-11-20T20:31:50.676+0500][gc          ] GC(6) Pause Young (Normal) (G1 Evacuation Pause) 194M->148M(1024M) 5.398ms
[2024-11-20T20:31:50.677+0500][gc,cpu      ] GC(6) User=0.03s Sys=0.00s Real=0.00s
[2024-11-20T20:38:48.451+0500][gc,start    ] GC(7) Pause Young (Normal) (G1 Evacuation Pause)
[2024-11-20T20:38:48.451+0500][gc,task     ] GC(7) Using 8 workers of 8 for evacuation
[2024-11-20T20:38:48.461+0500][gc,phases   ] GC(7)   Pre Evacuate Collection Set: 0.5ms
[2024-11-20T20:38:48.462+0500][gc,phases   ] GC(7)   Merge Heap Roots: 0.2ms
[2024-11-20T20:38:48.462+0500][gc,phases   ] GC(7)   Evacuate Collection Set: 8.3ms
[2024-11-20T20:38:48.462+0500][gc,phases   ] GC(7)   Post Evacuate Collection Set: 1.0ms
[2024-11-20T20:38:48.462+0500][gc,phases   ] GC(7)   Other: 0.3ms
[2024-11-20T20:38:48.462+0500][gc,heap     ] GC(7) Eden regions: 46->0(47)
[2024-11-20T20:38:48.462+0500][gc,heap     ] GC(7) Survivor regions: 5->4(7)
[2024-11-20T20:38:48.462+0500][gc,heap     ] GC(7) Old regions: 15->16
[2024-11-20T20:38:48.462+0500][gc,heap     ] GC(7) Archive regions: 2->2
[2024-11-20T20:38:48.462+0500][gc,heap     ] GC(7) Humongous regions: 129->129
[2024-11-20T20:38:48.462+0500][gc,metaspace] GC(7) Metaspace: 41713K(42112K)->41713K(42112K) NonClass: 37013K(37248K)->37013K(37248K) Class: 4699K(4864K)->4699K(4864K)
[2024-11-20T20:38:48.462+0500][gc          ] GC(7) Pause Young (Normal) (G1 Evacuation Pause) 194M->148M(1024M) 10.682ms
[2024-11-20T20:38:48.462+0500][gc,cpu      ] GC(7) User=0.04s Sys=0.01s Real=0.01s
[2024-11-20T20:46:20.110+0500][gc,start    ] GC(8) Pause Young (Normal) (G1 Evacuation Pause)
[2024-11-20T20:46:20.110+0500][gc,task     ] GC(8) Using 8 workers of 8 for evacuation
[2024-11-20T20:46:20.115+0500][gc,phases   ] GC(8)   Pre Evacuate Collection Set: 0.3ms
[2024-11-20T20:46:20.115+0500][gc,phases   ] GC(8)   Merge Heap Roots: 0.1ms
[2024-11-20T20:46:20.115+0500][gc,phases   ] GC(8)   Evacuate Collection Set: 3.4ms
[2024-11-20T20:46:20.115+0500][gc,phases   ] GC(8)   Post Evacuate Collection Set: 0.9ms
[2024-11-20T20:46:20.116+0500][gc,phases   ] GC(8)   Other: 0.3ms
[2024-11-20T20:46:20.116+0500][gc,heap     ] GC(8) Eden regions: 47->0(47)
[2024-11-20T20:46:20.116+0500][gc,heap     ] GC(8) Survivor regions: 4->4(7)
[2024-11-20T20:46:20.116+0500][gc,heap     ] GC(8) Old regions: 16->16
[2024-11-20T20:46:20.116+0500][gc,heap     ] GC(8) Archive regions: 2->2
[2024-11-20T20:46:20.116+0500][gc,heap     ] GC(8) Humongous regions: 129->129
[2024-11-20T20:46:20.116+0500][gc,metaspace] GC(8) Metaspace: 42002K(42432K)->42002K(42432K) NonClass: 37269K(37504K)->37269K(37504K) Class: 4733K(4928K)->4733K(4928K)
[2024-11-20T20:46:20.116+0500][gc          ] GC(8) Pause Young (Normal) (G1 Evacuation Pause) 195M->148M(1024M) 5.255ms
[2024-11-20T20:46:20.116+0500][gc,cpu      ] GC(8) User=0.03s Sys=0.00s Real=0.00s
[2024-11-20T20:46:45.655+0500][gc,heap,exit] Heap
[2024-11-20T20:46:45.656+0500][gc,heap,exit]  garbage-first heap   total 1048576K, used 162485K [0x00000000c0000000, 0x0000000100000000)
[2024-11-20T20:46:45.656+0500][gc,heap,exit]   region size 1024K, 15 young (15360K), 4 survivors (4096K)
[2024-11-20T20:46:45.656+0500][gc,heap,exit]  Metaspace       used 42865K, committed 43328K, reserved 1114112K
[2024-11-20T20:46:45.656+0500][gc,heap,exit]   class space    used 4901K, committed 5120K, reserved 1048576K
