[2024-11-20T20:59:06.578+0500][gc] Using G1
[2024-11-20T20:59:06.591+0500][gc,init] Version: 17.0.13+11-Ubuntu-2ubuntu124.04 (release)
[2024-11-20T20:59:06.591+0500][gc,init] CPUs: 8 total, 8 available
[2024-11-20T20:59:06.591+0500][gc,init] Memory: 7835M
[2024-11-20T20:59:06.591+0500][gc,init] Large Page Support: Disabled
[2024-11-20T20:59:06.591+0500][gc,init] NUMA Support: Disabled
[2024-11-20T20:59:06.591+0500][gc,init] Compressed Oops: Enabled (32-bit)
[2024-11-20T20:59:06.591+0500][gc,init] Heap Region Size: 1M
[2024-11-20T20:59:06.591+0500][gc,init] Heap Min Capacity: 1G
[2024-11-20T20:59:06.591+0500][gc,init] Heap Initial Capacity: 1G
[2024-11-20T20:59:06.591+0500][gc,init] Heap Max Capacity: 1G
[2024-11-20T20:59:06.591+0500][gc,init] Pre-touch: Disabled
[2024-11-20T20:59:06.591+0500][gc,init] Parallel Workers: 8
[2024-11-20T20:59:06.591+0500][gc,init] Concurrent Workers: 2
[2024-11-20T20:59:06.591+0500][gc,init] Concurrent Refinement Workers: 8
[2024-11-20T20:59:06.591+0500][gc,init] Periodic GC: Disabled
[2024-11-20T20:59:06.604+0500][gc,metaspace] CDS archive(s) mapped at: [0x00007313cb000000-0x00007313cbbc9000-0x00007313cbbc9000), size 12357632, SharedBaseAddress: 0x00007313cb000000, ArchiveRelocationMode: 1.
[2024-11-20T20:59:06.604+0500][gc,metaspace] Compressed class space mapped at: 0x00007313cc000000-0x000073140c000000, reserved size: 1073741824
[2024-11-20T20:59:06.604+0500][gc,metaspace] Narrow klass base: 0x00007313cb000000, Narrow klass shift: 0, Narrow klass range: 0x100000000
[2024-11-20T20:59:08.327+0500][gc,start    ] GC(0) Pause Young (Normal) (G1 Evacuation Pause)
[2024-11-20T20:59:08.328+0500][gc,task     ] GC(0) Using 8 workers of 8 for evacuation
[2024-11-20T20:59:08.337+0500][gc,phases   ] GC(0)   Pre Evacuate Collection Set: 0.2ms
[2024-11-20T20:59:08.337+0500][gc,phases   ] GC(0)   Merge Heap Roots: 0.1ms
[2024-11-20T20:59:08.337+0500][gc,phases   ] GC(0)   Evacuate Collection Set: 8.1ms
[2024-11-20T20:59:08.337+0500][gc,phases   ] GC(0)   Post Evacuate Collection Set: 0.6ms
[2024-11-20T20:59:08.337+0500][gc,phases   ] GC(0)   Other: 1.3ms
[2024-11-20T20:59:08.337+0500][gc,heap     ] GC(0) Eden regions: 51->0(44)
[2024-11-20T20:59:08.337+0500][gc,heap     ] GC(0) Survivor regions: 0->7(7)
[2024-11-20T20:59:08.337+0500][gc,heap     ] GC(0) Old regions: 0->1
[2024-11-20T20:59:08.337+0500][gc,heap     ] GC(0) Archive regions: 2->2
[2024-11-20T20:59:08.337+0500][gc,heap     ] GC(0) Humongous regions: 0->0
[2024-11-20T20:59:08.337+0500][gc,metaspace] GC(0) Metaspace: 17785K(17984K)->17785K(17984K) NonClass: 15631K(15744K)->15631K(15744K) Class: 2153K(2240K)->2153K(2240K)
[2024-11-20T20:59:08.338+0500][gc          ] GC(0) Pause Young (Normal) (G1 Evacuation Pause) 51M->8M(1024M) 10.449ms
[2024-11-20T20:59:08.338+0500][gc,cpu      ] GC(0) User=0.02s Sys=0.01s Real=0.01s
[2024-11-20T20:59:08.715+0500][gc,start    ] GC(1) Pause Young (Concurrent Start) (Metadata GC Threshold)
[2024-11-20T20:59:08.715+0500][gc,task     ] GC(1) Using 8 workers of 8 for evacuation
[2024-11-20T20:59:08.721+0500][gc,phases   ] GC(1)   Pre Evacuate Collection Set: 0.3ms
[2024-11-20T20:59:08.721+0500][gc,phases   ] GC(1)   Merge Heap Roots: 0.1ms
[2024-11-20T20:59:08.721+0500][gc,phases   ] GC(1)   Evacuate Collection Set: 4.8ms
[2024-11-20T20:59:08.721+0500][gc,phases   ] GC(1)   Post Evacuate Collection Set: 0.5ms
[2024-11-20T20:59:08.721+0500][gc,phases   ] GC(1)   Other: 0.3ms
[2024-11-20T20:59:08.721+0500][gc,heap     ] GC(1) Eden regions: 14->0(49)
[2024-11-20T20:59:08.721+0500][gc,heap     ] GC(1) Survivor regions: 7->2(7)
[2024-11-20T20:59:08.721+0500][gc,heap     ] GC(1) Old regions: 1->8
[2024-11-20T20:59:08.721+0500][gc,heap     ] GC(1) Archive regions: 2->2
[2024-11-20T20:59:08.721+0500][gc,heap     ] GC(1) Humongous regions: 0->0
[2024-11-20T20:59:08.721+0500][gc,metaspace] GC(1) Metaspace: 21334K(21504K)->21334K(21504K) NonClass: 18732K(18816K)->18732K(18816K) Class: 2602K(2688K)->2602K(2688K)
[2024-11-20T20:59:08.721+0500][gc          ] GC(1) Pause Young (Concurrent Start) (Metadata GC Threshold) 22M->9M(1024M) 6.160ms
[2024-11-20T20:59:08.721+0500][gc,cpu      ] GC(1) User=0.02s Sys=0.01s Real=0.01s
[2024-11-20T20:59:08.721+0500][gc          ] GC(2) Concurrent Mark Cycle
[2024-11-20T20:59:08.721+0500][gc,marking  ] GC(2) Concurrent Clear Claimed Marks
[2024-11-20T20:59:08.721+0500][gc,marking  ] GC(2) Concurrent Clear Claimed Marks 0.017ms
[2024-11-20T20:59:08.721+0500][gc,marking  ] GC(2) Concurrent Scan Root Regions
[2024-11-20T20:59:08.724+0500][gc,marking  ] GC(2) Concurrent Scan Root Regions 2.840ms
[2024-11-20T20:59:08.724+0500][gc,marking  ] GC(2) Concurrent Mark
[2024-11-20T20:59:08.724+0500][gc,marking  ] GC(2) Concurrent Mark From Roots
[2024-11-20T20:59:08.724+0500][gc,task     ] GC(2) Using 2 workers of 2 for marking
[2024-11-20T20:59:08.728+0500][gc,marking  ] GC(2) Concurrent Mark From Roots 3.775ms
[2024-11-20T20:59:08.728+0500][gc,marking  ] GC(2) Concurrent Preclean
[2024-11-20T20:59:08.728+0500][gc,marking  ] GC(2) Concurrent Preclean 0.167ms
[2024-11-20T20:59:08.728+0500][gc,start    ] GC(2) Pause Remark
[2024-11-20T20:59:08.730+0500][gc          ] GC(2) Pause Remark 10M->10M(1024M) 1.822ms
[2024-11-20T20:59:08.730+0500][gc,cpu      ] GC(2) User=0.01s Sys=0.00s Real=0.01s
[2024-11-20T20:59:08.730+0500][gc,marking  ] GC(2) Concurrent Mark 6.103ms
[2024-11-20T20:59:08.730+0500][gc,marking  ] GC(2) Concurrent Rebuild Remembered Sets
[2024-11-20T20:59:08.730+0500][gc,marking  ] GC(2) Concurrent Rebuild Remembered Sets 0.009ms
[2024-11-20T20:59:08.731+0500][gc,start    ] GC(2) Pause Cleanup
[2024-11-20T20:59:08.731+0500][gc          ] GC(2) Pause Cleanup 10M->10M(1024M) 0.020ms
[2024-11-20T20:59:08.731+0500][gc,cpu      ] GC(2) User=0.00s Sys=0.00s Real=0.00s
[2024-11-20T20:59:08.731+0500][gc,marking  ] GC(2) Concurrent Cleanup for Next Mark
[2024-11-20T20:59:08.738+0500][gc,marking  ] GC(2) Concurrent Cleanup for Next Mark 7.487ms
[2024-11-20T20:59:08.738+0500][gc          ] GC(2) Concurrent Mark Cycle 16.803ms
[2024-11-20T20:59:10.485+0500][gc,start    ] GC(3) Pause Young (Normal) (G1 Evacuation Pause)
[2024-11-20T20:59:10.485+0500][gc,task     ] GC(3) Using 8 workers of 8 for evacuation
[2024-11-20T20:59:10.494+0500][gc,phases   ] GC(3)   Pre Evacuate Collection Set: 0.2ms
[2024-11-20T20:59:10.494+0500][gc,phases   ] GC(3)   Merge Heap Roots: 0.2ms
[2024-11-20T20:59:10.494+0500][gc,phases   ] GC(3)   Evacuate Collection Set: 7.0ms
[2024-11-20T20:59:10.494+0500][gc,phases   ] GC(3)   Post Evacuate Collection Set: 1.4ms
[2024-11-20T20:59:10.494+0500][gc,phases   ] GC(3)   Other: 0.2ms
[2024-11-20T20:59:10.494+0500][gc,heap     ] GC(3) Eden regions: 49->0(44)
[2024-11-20T20:59:10.494+0500][gc,heap     ] GC(3) Survivor regions: 2->7(7)
[2024-11-20T20:59:10.494+0500][gc,heap     ] GC(3) Old regions: 8->8
[2024-11-20T20:59:10.494+0500][gc,heap     ] GC(3) Archive regions: 2->2
[2024-11-20T20:59:10.494+0500][gc,heap     ] GC(3) Humongous regions: 129->129
[2024-11-20T20:59:10.494+0500][gc,metaspace] GC(3) Metaspace: 32396K(32640K)->32396K(32640K) NonClass: 28644K(28800K)->28644K(28800K) Class: 3752K(3840K)->3752K(3840K)
[2024-11-20T20:59:10.494+0500][gc          ] GC(3) Pause Young (Normal) (G1 Evacuation Pause) 187M->143M(1024M) 9.160ms
[2024-11-20T20:59:10.494+0500][gc,cpu      ] GC(3) User=0.04s Sys=0.00s Real=0.01s
[2024-11-20T20:59:11.156+0500][gc,heap,exit] Heap
[2024-11-20T20:59:11.156+0500][gc,heap,exit]  garbage-first heap   total 1048576K, used 155897K [0x00000000c0000000, 0x0000000100000000)
[2024-11-20T20:59:11.156+0500][gc,heap,exit]   region size 1024K, 16 young (16384K), 7 survivors (7168K)
[2024-11-20T20:59:11.156+0500][gc,heap,exit]  Metaspace       used 33359K, committed 33728K, reserved 1114112K
[2024-11-20T20:59:11.156+0500][gc,heap,exit]   class space    used 3889K, committed 4032K, reserved 1048576K
