[2024-11-20T20:59:23.478+0500][gc] Using G1
[2024-11-20T20:59:23.495+0500][gc,init] Version: 17.0.13+11-Ubuntu-2ubuntu124.04 (release)
[2024-11-20T20:59:23.495+0500][gc,init] CPUs: 8 total, 8 available
[2024-11-20T20:59:23.495+0500][gc,init] Memory: 7835M
[2024-11-20T20:59:23.495+0500][gc,init] Large Page Support: Disabled
[2024-11-20T20:59:23.495+0500][gc,init] NUMA Support: Disabled
[2024-11-20T20:59:23.495+0500][gc,init] Compressed Oops: Enabled (32-bit)
[2024-11-20T20:59:23.495+0500][gc,init] Heap Region Size: 1M
[2024-11-20T20:59:23.495+0500][gc,init] Heap Min Capacity: 1G
[2024-11-20T20:59:23.495+0500][gc,init] Heap Initial Capacity: 1G
[2024-11-20T20:59:23.495+0500][gc,init] Heap Max Capacity: 1G
[2024-11-20T20:59:23.495+0500][gc,init] Pre-touch: Disabled
[2024-11-20T20:59:23.495+0500][gc,init] Parallel Workers: 8
[2024-11-20T20:59:23.495+0500][gc,init] Concurrent Workers: 2
[2024-11-20T20:59:23.495+0500][gc,init] Concurrent Refinement Workers: 8
[2024-11-20T20:59:23.495+0500][gc,init] Periodic GC: Disabled
[2024-11-20T20:59:23.504+0500][gc,metaspace] CDS archive(s) mapped at: [0x00007a0b9f000000-0x00007a0b9fbc9000-0x00007a0b9fbc9000), size 12357632, SharedBaseAddress: 0x00007a0b9f000000, ArchiveRelocationMode: 1.
[2024-11-20T20:59:23.505+0500][gc,metaspace] Compressed class space mapped at: 0x00007a0ba0000000-0x00007a0be0000000, reserved size: 1073741824
[2024-11-20T20:59:23.505+0500][gc,metaspace] Narrow klass base: 0x00007a0b9f000000, Narrow klass shift: 0, Narrow klass range: 0x100000000
[2024-11-20T20:59:25.182+0500][gc,start    ] GC(0) Pause Young (Normal) (G1 Evacuation Pause)
[2024-11-20T20:59:25.185+0500][gc,task     ] GC(0) Using 8 workers of 8 for evacuation
[2024-11-20T20:59:25.191+0500][gc,phases   ] GC(0)   Pre Evacuate Collection Set: 0.1ms
[2024-11-20T20:59:25.191+0500][gc,phases   ] GC(0)   Merge Heap Roots: 0.1ms
[2024-11-20T20:59:25.191+0500][gc,phases   ] GC(0)   Evacuate Collection Set: 4.8ms
[2024-11-20T20:59:25.191+0500][gc,phases   ] GC(0)   Post Evacuate Collection Set: 0.9ms
[2024-11-20T20:59:25.191+0500][gc,phases   ] GC(0)   Other: 2.5ms
[2024-11-20T20:59:25.191+0500][gc,heap     ] GC(0) Eden regions: 51->0(44)
[2024-11-20T20:59:25.191+0500][gc,heap     ] GC(0) Survivor regions: 0->7(7)
[2024-11-20T20:59:25.191+0500][gc,heap     ] GC(0) Old regions: 0->1
[2024-11-20T20:59:25.191+0500][gc,heap     ] GC(0) Archive regions: 2->2
[2024-11-20T20:59:25.191+0500][gc,heap     ] GC(0) Humongous regions: 0->0
[2024-11-20T20:59:25.191+0500][gc,metaspace] GC(0) Metaspace: 17808K(18048K)->17808K(18048K) NonClass: 15652K(15744K)->15652K(15744K) Class: 2155K(2304K)->2155K(2304K)
[2024-11-20T20:59:25.191+0500][gc          ] GC(0) Pause Young (Normal) (G1 Evacuation Pause) 51M->8M(1024M) 8.653ms
[2024-11-20T20:59:25.191+0500][gc,cpu      ] GC(0) User=0.02s Sys=0.02s Real=0.01s
[2024-11-20T20:59:25.552+0500][gc,heap,exit] Heap
[2024-11-20T20:59:25.552+0500][gc,heap,exit]  garbage-first heap   total 1048576K, used 19774K [0x00000000c0000000, 0x0000000100000000)
[2024-11-20T20:59:25.552+0500][gc,heap,exit]   region size 1024K, 18 young (18432K), 7 survivors (7168K)
[2024-11-20T20:59:25.552+0500][gc,heap,exit]  Metaspace       used 20296K, committed 20480K, reserved 1114112K
[2024-11-20T20:59:25.552+0500][gc,heap,exit]   class space    used 2469K, committed 2560K, reserved 1048576K
