[2024-11-20T20:59:48.098+0500][gc] Using G1
[2024-11-20T20:59:48.115+0500][gc,init] Version: 17.0.13+11-Ubuntu-2ubuntu124.04 (release)
[2024-11-20T20:59:48.115+0500][gc,init] CPUs: 8 total, 8 available
[2024-11-20T20:59:48.115+0500][gc,init] Memory: 7835M
[2024-11-20T20:59:48.115+0500][gc,init] Large Page Support: Disabled
[2024-11-20T20:59:48.115+0500][gc,init] NUMA Support: Disabled
[2024-11-20T20:59:48.115+0500][gc,init] Compressed Oops: Enabled (32-bit)
[2024-11-20T20:59:48.115+0500][gc,init] Heap Region Size: 1M
[2024-11-20T20:59:48.115+0500][gc,init] Heap Min Capacity: 1G
[2024-11-20T20:59:48.115+0500][gc,init] Heap Initial Capacity: 1G
[2024-11-20T20:59:48.115+0500][gc,init] Heap Max Capacity: 1G
[2024-11-20T20:59:48.115+0500][gc,init] Pre-touch: Disabled
[2024-11-20T20:59:48.115+0500][gc,init] Parallel Workers: 8
[2024-11-20T20:59:48.115+0500][gc,init] Concurrent Workers: 2
[2024-11-20T20:59:48.115+0500][gc,init] Concurrent Refinement Workers: 8
[2024-11-20T20:59:48.115+0500][gc,init] Periodic GC: Disabled
[2024-11-20T20:59:48.127+0500][gc,metaspace] CDS archive(s) mapped at: [0x00007aa1af000000-0x00007aa1afbc9000-0x00007aa1afbc9000), size 12357632, SharedBaseAddress: 0x00007aa1af000000, ArchiveRelocationMode: 1.
[2024-11-20T20:59:48.127+0500][gc,metaspace] Compressed class space mapped at: 0x00007aa1b0000000-0x00007aa1f0000000, reserved size: 1073741824
[2024-11-20T20:59:48.127+0500][gc,metaspace] Narrow klass base: 0x00007aa1af000000, Narrow klass shift: 0, Narrow klass range: 0x100000000
[2024-11-20T20:59:50.218+0500][gc,start    ] GC(0) Pause Young (Normal) (G1 Evacuation Pause)
[2024-11-20T20:59:50.220+0500][gc,task     ] GC(0) Using 8 workers of 8 for evacuation
[2024-11-20T20:59:50.226+0500][gc,phases   ] GC(0)   Pre Evacuate Collection Set: 0.2ms
[2024-11-20T20:59:50.226+0500][gc,phases   ] GC(0)   Merge Heap Roots: 0.2ms
[2024-11-20T20:59:50.226+0500][gc,phases   ] GC(0)   Evacuate Collection Set: 4.8ms
[2024-11-20T20:59:50.226+0500][gc,phases   ] GC(0)   Post Evacuate Collection Set: 0.7ms
[2024-11-20T20:59:50.226+0500][gc,phases   ] GC(0)   Other: 2.5ms
[2024-11-20T20:59:50.226+0500][gc,heap     ] GC(0) Eden regions: 51->0(44)
[2024-11-20T20:59:50.226+0500][gc,heap     ] GC(0) Survivor regions: 0->7(7)
[2024-11-20T20:59:50.226+0500][gc,heap     ] GC(0) Old regions: 0->1
[2024-11-20T20:59:50.227+0500][gc,heap     ] GC(0) Archive regions: 2->2
[2024-11-20T20:59:50.227+0500][gc,heap     ] GC(0) Humongous regions: 0->0
[2024-11-20T20:59:50.227+0500][gc,metaspace] GC(0) Metaspace: 17770K(17984K)->17770K(17984K) NonClass: 15619K(15744K)->15619K(15744K) Class: 2151K(2240K)->2151K(2240K)
[2024-11-20T20:59:50.227+0500][gc          ] GC(0) Pause Young (Normal) (G1 Evacuation Pause) 51M->8M(1024M) 8.487ms
[2024-11-20T20:59:50.227+0500][gc,cpu      ] GC(0) User=0.03s Sys=0.01s Real=0.01s
[2024-11-20T20:59:50.559+0500][gc,start    ] GC(1) Pause Young (Concurrent Start) (Metadata GC Threshold)
[2024-11-20T20:59:50.559+0500][gc,task     ] GC(1) Using 8 workers of 8 for evacuation
[2024-11-20T20:59:50.566+0500][gc,phases   ] GC(1)   Pre Evacuate Collection Set: 0.2ms
[2024-11-20T20:59:50.566+0500][gc,phases   ] GC(1)   Merge Heap Roots: 0.1ms
[2024-11-20T20:59:50.566+0500][gc,phases   ] GC(1)   Evacuate Collection Set: 6.0ms
[2024-11-20T20:59:50.566+0500][gc,phases   ] GC(1)   Post Evacuate Collection Set: 0.8ms
[2024-11-20T20:59:50.566+0500][gc,phases   ] GC(1)   Other: 0.5ms
[2024-11-20T20:59:50.566+0500][gc,heap     ] GC(1) Eden regions: 14->0(49)
[2024-11-20T20:59:50.567+0500][gc,heap     ] GC(1) Survivor regions: 7->2(7)
[2024-11-20T20:59:50.567+0500][gc,heap     ] GC(1) Old regions: 1->8
[2024-11-20T20:59:50.567+0500][gc,heap     ] GC(1) Archive regions: 2->2
[2024-11-20T20:59:50.567+0500][gc,heap     ] GC(1) Humongous regions: 0->0
[2024-11-20T20:59:50.567+0500][gc,metaspace] GC(1) Metaspace: 21364K(21504K)->21364K(21504K) NonClass: 18753K(18816K)->18753K(18816K) Class: 2610K(2688K)->2610K(2688K)
[2024-11-20T20:59:50.567+0500][gc          ] GC(1) Pause Young (Concurrent Start) (Metadata GC Threshold) 22M->10M(1024M) 7.870ms
[2024-11-20T20:59:50.567+0500][gc,cpu      ] GC(1) User=0.03s Sys=0.01s Real=0.01s
[2024-11-20T20:59:50.567+0500][gc          ] GC(2) Concurrent Mark Cycle
[2024-11-20T20:59:50.567+0500][gc,marking  ] GC(2) Concurrent Clear Claimed Marks
[2024-11-20T20:59:50.567+0500][gc,marking  ] GC(2) Concurrent Clear Claimed Marks 0.027ms
[2024-11-20T20:59:50.567+0500][gc,marking  ] GC(2) Concurrent Scan Root Regions
[2024-11-20T20:59:50.570+0500][gc,marking  ] GC(2) Concurrent Scan Root Regions 3.228ms
[2024-11-20T20:59:50.570+0500][gc,marking  ] GC(2) Concurrent Mark
[2024-11-20T20:59:50.570+0500][gc,marking  ] GC(2) Concurrent Mark From Roots
[2024-11-20T20:59:50.570+0500][gc,task     ] GC(2) Using 2 workers of 2 for marking
[2024-11-20T20:59:50.573+0500][gc,marking  ] GC(2) Concurrent Mark From Roots 2.398ms
[2024-11-20T20:59:50.573+0500][gc,marking  ] GC(2) Concurrent Preclean
[2024-11-20T20:59:50.573+0500][gc,marking  ] GC(2) Concurrent Preclean 0.124ms
[2024-11-20T20:59:50.573+0500][gc,start    ] GC(2) Pause Remark
[2024-11-20T20:59:50.575+0500][gc          ] GC(2) Pause Remark 10M->10M(1024M) 1.824ms
[2024-11-20T20:59:50.575+0500][gc,cpu      ] GC(2) User=0.01s Sys=0.00s Real=0.00s
[2024-11-20T20:59:50.575+0500][gc,marking  ] GC(2) Concurrent Mark 4.717ms
[2024-11-20T20:59:50.575+0500][gc,marking  ] GC(2) Concurrent Rebuild Remembered Sets
[2024-11-20T20:59:50.575+0500][gc,marking  ] GC(2) Concurrent Rebuild Remembered Sets 0.009ms
[2024-11-20T20:59:50.575+0500][gc,start    ] GC(2) Pause Cleanup
[2024-11-20T20:59:50.575+0500][gc          ] GC(2) Pause Cleanup 10M->10M(1024M) 0.018ms
[2024-11-20T20:59:50.575+0500][gc,cpu      ] GC(2) User=0.00s Sys=0.00s Real=0.00s
[2024-11-20T20:59:50.575+0500][gc,marking  ] GC(2) Concurrent Cleanup for Next Mark
[2024-11-20T20:59:50.582+0500][gc,marking  ] GC(2) Concurrent Cleanup for Next Mark 6.912ms
[2024-11-20T20:59:50.582+0500][gc          ] GC(2) Concurrent Mark Cycle 15.269ms
[2024-11-20T20:59:51.657+0500][gc,start    ] GC(3) Pause Young (Normal) (G1 Evacuation Pause)
[2024-11-20T20:59:51.658+0500][gc,task     ] GC(3) Using 8 workers of 8 for evacuation
[2024-11-20T20:59:51.663+0500][gc,phases   ] GC(3)   Pre Evacuate Collection Set: 0.2ms
[2024-11-20T20:59:51.663+0500][gc,phases   ] GC(3)   Merge Heap Roots: 0.1ms
[2024-11-20T20:59:51.663+0500][gc,phases   ] GC(3)   Evacuate Collection Set: 4.8ms
[2024-11-20T20:59:51.663+0500][gc,phases   ] GC(3)   Post Evacuate Collection Set: 0.5ms
[2024-11-20T20:59:51.663+0500][gc,phases   ] GC(3)   Other: 0.2ms
[2024-11-20T20:59:51.663+0500][gc,heap     ] GC(3) Eden regions: 49->0(44)
[2024-11-20T20:59:51.663+0500][gc,heap     ] GC(3) Survivor regions: 2->7(7)
[2024-11-20T20:59:51.663+0500][gc,heap     ] GC(3) Old regions: 8->8
[2024-11-20T20:59:51.663+0500][gc,heap     ] GC(3) Archive regions: 2->2
[2024-11-20T20:59:51.663+0500][gc,heap     ] GC(3) Humongous regions: 129->129
[2024-11-20T20:59:51.663+0500][gc,metaspace] GC(3) Metaspace: 32669K(32960K)->32669K(32960K) NonClass: 28960K(29120K)->28960K(29120K) Class: 3709K(3840K)->3709K(3840K)
[2024-11-20T20:59:51.663+0500][gc          ] GC(3) Pause Young (Normal) (G1 Evacuation Pause) 188M->143M(1024M) 5.991ms
[2024-11-20T20:59:51.663+0500][gc,cpu      ] GC(3) User=0.03s Sys=0.00s Real=0.01s
[2024-11-20T20:59:51.873+0500][gc,start    ] GC(4) Pause Young (Concurrent Start) (Metadata GC Threshold)
[2024-11-20T20:59:51.873+0500][gc,task     ] GC(4) Using 8 workers of 8 for evacuation
[2024-11-20T20:59:51.880+0500][gc,phases   ] GC(4)   Pre Evacuate Collection Set: 0.2ms
[2024-11-20T20:59:51.880+0500][gc,phases   ] GC(4)   Merge Heap Roots: 0.1ms
[2024-11-20T20:59:51.880+0500][gc,phases   ] GC(4)   Evacuate Collection Set: 6.2ms
[2024-11-20T20:59:51.880+0500][gc,phases   ] GC(4)   Post Evacuate Collection Set: 0.5ms
[2024-11-20T20:59:51.880+0500][gc,phases   ] GC(4)   Other: 0.3ms
[2024-11-20T20:59:51.880+0500][gc,heap     ] GC(4) Eden regions: 14->0(49)
[2024-11-20T20:59:51.880+0500][gc,heap     ] GC(4) Survivor regions: 7->2(7)
[2024-11-20T20:59:51.880+0500][gc,heap     ] GC(4) Old regions: 8->15
[2024-11-20T20:59:51.880+0500][gc,heap     ] GC(4) Archive regions: 2->2
[2024-11-20T20:59:51.881+0500][gc,heap     ] GC(4) Humongous regions: 129->129
[2024-11-20T20:59:51.881+0500][gc,metaspace] GC(4) Metaspace: 35852K(36096K)->35852K(36096K) NonClass: 31887K(32000K)->31887K(32000K) Class: 3965K(4096K)->3965K(4096K)
[2024-11-20T20:59:51.881+0500][gc          ] GC(4) Pause Young (Concurrent Start) (Metadata GC Threshold) 157M->145M(1024M) 7.470ms
[2024-11-20T20:59:51.881+0500][gc,cpu      ] GC(4) User=0.04s Sys=0.01s Real=0.01s
[2024-11-20T20:59:51.881+0500][gc          ] GC(5) Concurrent Mark Cycle
[2024-11-20T20:59:51.881+0500][gc,marking  ] GC(5) Concurrent Clear Claimed Marks
[2024-11-20T20:59:51.881+0500][gc,marking  ] GC(5) Concurrent Clear Claimed Marks 0.031ms
[2024-11-20T20:59:51.881+0500][gc,marking  ] GC(5) Concurrent Scan Root Regions
[2024-11-20T20:59:51.885+0500][gc,marking  ] GC(5) Concurrent Scan Root Regions 4.041ms
[2024-11-20T20:59:51.885+0500][gc,marking  ] GC(5) Concurrent Mark
[2024-11-20T20:59:51.885+0500][gc,marking  ] GC(5) Concurrent Mark From Roots
[2024-11-20T20:59:51.885+0500][gc,task     ] GC(5) Using 2 workers of 2 for marking
[2024-11-20T20:59:51.893+0500][gc,marking  ] GC(5) Concurrent Mark From Roots 8.243ms
[2024-11-20T20:59:51.893+0500][gc,marking  ] GC(5) Concurrent Preclean
[2024-11-20T20:59:51.893+0500][gc,marking  ] GC(5) Concurrent Preclean 0.152ms
[2024-11-20T20:59:51.893+0500][gc,start    ] GC(5) Pause Remark
[2024-11-20T20:59:51.895+0500][gc          ] GC(5) Pause Remark 146M->146M(1024M) 1.359ms
[2024-11-20T20:59:51.895+0500][gc,cpu      ] GC(5) User=0.01s Sys=0.00s Real=0.00s
[2024-11-20T20:59:51.895+0500][gc,marking  ] GC(5) Concurrent Mark 10.006ms
[2024-11-20T20:59:51.895+0500][gc,marking  ] GC(5) Concurrent Rebuild Remembered Sets
[2024-11-20T20:59:51.901+0500][gc,marking  ] GC(5) Concurrent Rebuild Remembered Sets 6.414ms
[2024-11-20T20:59:51.901+0500][gc,start    ] GC(5) Pause Cleanup
[2024-11-20T20:59:51.902+0500][gc          ] GC(5) Pause Cleanup 146M->146M(1024M) 0.178ms
[2024-11-20T20:59:51.902+0500][gc,cpu      ] GC(5) User=0.01s Sys=0.00s Real=0.00s
[2024-11-20T20:59:51.902+0500][gc,marking  ] GC(5) Concurrent Cleanup for Next Mark
[2024-11-20T20:59:51.908+0500][gc,marking  ] GC(5) Concurrent Cleanup for Next Mark 5.968ms
[2024-11-20T20:59:51.908+0500][gc          ] GC(5) Concurrent Mark Cycle 27.050ms
[2024-11-20T21:04:31.029+0500][gc,start    ] GC(6) Pause Young (Normal) (G1 Evacuation Pause)
[2024-11-20T21:04:31.029+0500][gc,task     ] GC(6) Using 8 workers of 8 for evacuation
[2024-11-20T21:04:31.035+0500][gc,phases   ] GC(6)   Pre Evacuate Collection Set: 0.3ms
[2024-11-20T21:04:31.035+0500][gc,phases   ] GC(6)   Merge Heap Roots: 0.1ms
[2024-11-20T21:04:31.035+0500][gc,phases   ] GC(6)   Evacuate Collection Set: 4.6ms
[2024-11-20T21:04:31.035+0500][gc,phases   ] GC(6)   Post Evacuate Collection Set: 1.1ms
[2024-11-20T21:04:31.035+0500][gc,phases   ] GC(6)   Other: 0.3ms
[2024-11-20T21:04:31.035+0500][gc,heap     ] GC(6) Eden regions: 49->0(46)
[2024-11-20T21:04:31.035+0500][gc,heap     ] GC(6) Survivor regions: 2->5(7)
[2024-11-20T21:04:31.036+0500][gc,heap     ] GC(6) Old regions: 15->15
[2024-11-20T21:04:31.036+0500][gc,heap     ] GC(6) Archive regions: 2->2
[2024-11-20T21:04:31.036+0500][gc,heap     ] GC(6) Humongous regions: 129->129
[2024-11-20T21:04:31.036+0500][gc,metaspace] GC(6) Metaspace: 41539K(42048K)->41539K(42048K) NonClass: 36833K(37120K)->36833K(37120K) Class: 4706K(4928K)->4706K(4928K)
[2024-11-20T21:04:31.036+0500][gc          ] GC(6) Pause Young (Normal) (G1 Evacuation Pause) 194M->148M(1024M) 6.711ms
[2024-11-20T21:04:31.036+0500][gc,cpu      ] GC(6) User=0.04s Sys=0.00s Real=0.01s
[2024-11-20T21:06:59.717+0500][gc,start    ] GC(7) Pause Young (Normal) (G1 Evacuation Pause)
[2024-11-20T21:06:59.717+0500][gc,task     ] GC(7) Using 8 workers of 8 for evacuation
[2024-11-20T21:06:59.724+0500][gc,phases   ] GC(7)   Pre Evacuate Collection Set: 0.3ms
[2024-11-20T21:06:59.724+0500][gc,phases   ] GC(7)   Merge Heap Roots: 0.1ms
[2024-11-20T21:06:59.724+0500][gc,phases   ] GC(7)   Evacuate Collection Set: 5.5ms
[2024-11-20T21:06:59.724+0500][gc,phases   ] GC(7)   Post Evacuate Collection Set: 0.8ms
[2024-11-20T21:06:59.724+0500][gc,phases   ] GC(7)   Other: 0.3ms
[2024-11-20T21:06:59.724+0500][gc,heap     ] GC(7) Eden regions: 46->0(46)
[2024-11-20T21:06:59.724+0500][gc,heap     ] GC(7) Survivor regions: 5->5(7)
[2024-11-20T21:06:59.724+0500][gc,heap     ] GC(7) Old regions: 15->17
[2024-11-20T21:06:59.724+0500][gc,heap     ] GC(7) Archive regions: 2->2
[2024-11-20T21:06:59.724+0500][gc,heap     ] GC(7) Humongous regions: 129->129
[2024-11-20T21:06:59.724+0500][gc,metaspace] GC(7) Metaspace: 42652K(43200K)->42652K(43200K) NonClass: 37780K(38080K)->37780K(38080K) Class: 4872K(5120K)->4872K(5120K)
[2024-11-20T21:06:59.724+0500][gc          ] GC(7) Pause Young (Normal) (G1 Evacuation Pause) 194M->150M(1024M) 7.283ms
[2024-11-20T21:06:59.724+0500][gc,cpu      ] GC(7) User=0.04s Sys=0.00s Real=0.01s
[2024-11-20T21:09:50.753+0500][gc,start    ] GC(8) Pause Young (Normal) (G1 Evacuation Pause)
[2024-11-20T21:09:50.753+0500][gc,task     ] GC(8) Using 8 workers of 8 for evacuation
[2024-11-20T21:09:50.765+0500][gc,phases   ] GC(8)   Pre Evacuate Collection Set: 0.4ms
[2024-11-20T21:09:50.765+0500][gc,phases   ] GC(8)   Merge Heap Roots: 0.2ms
[2024-11-20T21:09:50.765+0500][gc,phases   ] GC(8)   Evacuate Collection Set: 10.3ms
[2024-11-20T21:09:50.765+0500][gc,phases   ] GC(8)   Post Evacuate Collection Set: 0.9ms
[2024-11-20T21:09:50.765+0500][gc,phases   ] GC(8)   Other: 0.3ms
[2024-11-20T21:09:50.765+0500][gc,heap     ] GC(8) Eden regions: 46->0(47)
[2024-11-20T21:09:50.765+0500][gc,heap     ] GC(8) Survivor regions: 5->4(7)
[2024-11-20T21:09:50.765+0500][gc,heap     ] GC(8) Old regions: 17->20
[2024-11-20T21:09:50.765+0500][gc,heap     ] GC(8) Archive regions: 2->2
[2024-11-20T21:09:50.765+0500][gc,heap     ] GC(8) Humongous regions: 129->129
[2024-11-20T21:09:50.765+0500][gc,metaspace] GC(8) Metaspace: 42818K(43392K)->42818K(43392K) NonClass: 37934K(38272K)->37934K(38272K) Class: 4884K(5120K)->4884K(5120K)
[2024-11-20T21:09:50.765+0500][gc          ] GC(8) Pause Young (Normal) (G1 Evacuation Pause) 196M->152M(1024M) 12.390ms
[2024-11-20T21:09:50.765+0500][gc,cpu      ] GC(8) User=0.06s Sys=0.01s Real=0.01s
[2024-11-20T21:11:02.782+0500][gc,heap,exit] Heap
[2024-11-20T21:11:02.782+0500][gc,heap,exit]  garbage-first heap   total 1048576K, used 183430K [0x00000000c0000000, 0x0000000100000000)
[2024-11-20T21:11:02.782+0500][gc,heap,exit]   region size 1024K, 31 young (31744K), 4 survivors (4096K)
[2024-11-20T21:11:02.782+0500][gc,heap,exit]  Metaspace       used 43960K, committed 44480K, reserved 1114112K
[2024-11-20T21:11:02.782+0500][gc,heap,exit]   class space    used 5101K, committed 5312K, reserved 1048576K
