[2024-11-20T21:01:04.380+0500][gc] Using G1
[2024-11-20T21:01:04.396+0500][gc,init] Version: 17.0.13+11-Ubuntu-2ubuntu124.04 (release)
[2024-11-20T21:01:04.396+0500][gc,init] CPUs: 8 total, 8 available
[2024-11-20T21:01:04.396+0500][gc,init] Memory: 7835M
[2024-11-20T21:01:04.396+0500][gc,init] Large Page Support: Disabled
[2024-11-20T21:01:04.396+0500][gc,init] NUMA Support: Disabled
[2024-11-20T21:01:04.396+0500][gc,init] Compressed Oops: Enabled (32-bit)
[2024-11-20T21:01:04.396+0500][gc,init] Heap Region Size: 1M
[2024-11-20T21:01:04.396+0500][gc,init] Heap Min Capacity: 1G
[2024-11-20T21:01:04.396+0500][gc,init] Heap Initial Capacity: 1G
[2024-11-20T21:01:04.396+0500][gc,init] Heap Max Capacity: 1G
[2024-11-20T21:01:04.396+0500][gc,init] Pre-touch: Disabled
[2024-11-20T21:01:04.396+0500][gc,init] Parallel Workers: 8
[2024-11-20T21:01:04.396+0500][gc,init] Concurrent Workers: 2
[2024-11-20T21:01:04.396+0500][gc,init] Concurrent Refinement Workers: 8
[2024-11-20T21:01:04.396+0500][gc,init] Periodic GC: Disabled
[2024-11-20T21:01:04.405+0500][gc,metaspace] CDS archive(s) mapped at: [0x000077cf07000000-0x000077cf07bc9000-0x000077cf07bc9000), size 12357632, SharedBaseAddress: 0x000077cf07000000, ArchiveRelocationMode: 1.
[2024-11-20T21:01:04.405+0500][gc,metaspace] Compressed class space mapped at: 0x000077cf08000000-0x000077cf48000000, reserved size: 1073741824
[2024-11-20T21:01:04.405+0500][gc,metaspace] Narrow klass base: 0x000077cf07000000, Narrow klass shift: 0, Narrow klass range: 0x100000000
[2024-11-20T21:01:06.011+0500][gc,start    ] GC(0) Pause Young (Normal) (G1 Evacuation Pause)
[2024-11-20T21:01:06.013+0500][gc,task     ] GC(0) Using 8 workers of 8 for evacuation
[2024-11-20T21:01:06.019+0500][gc,phases   ] GC(0)   Pre Evacuate Collection Set: 0.1ms
[2024-11-20T21:01:06.019+0500][gc,phases   ] GC(0)   Merge Heap Roots: 0.1ms
[2024-11-20T21:01:06.019+0500][gc,phases   ] GC(0)   Evacuate Collection Set: 4.9ms
[2024-11-20T21:01:06.019+0500][gc,phases   ] GC(0)   Post Evacuate Collection Set: 0.5ms
[2024-11-20T21:01:06.019+0500][gc,phases   ] GC(0)   Other: 2.6ms
[2024-11-20T21:01:06.019+0500][gc,heap     ] GC(0) Eden regions: 51->0(44)
[2024-11-20T21:01:06.019+0500][gc,heap     ] GC(0) Survivor regions: 0->7(7)
[2024-11-20T21:01:06.019+0500][gc,heap     ] GC(0) Old regions: 0->1
[2024-11-20T21:01:06.019+0500][gc,heap     ] GC(0) Archive regions: 2->2
[2024-11-20T21:01:06.019+0500][gc,heap     ] GC(0) Humongous regions: 0->0
[2024-11-20T21:01:06.019+0500][gc,metaspace] GC(0) Metaspace: 17803K(18048K)->17803K(18048K) NonClass: 15647K(15744K)->15647K(15744K) Class: 2155K(2304K)->2155K(2304K)
[2024-11-20T21:01:06.019+0500][gc          ] GC(0) Pause Young (Normal) (G1 Evacuation Pause) 51M->8M(1024M) 8.424ms
[2024-11-20T21:01:06.019+0500][gc,cpu      ] GC(0) User=0.02s Sys=0.01s Real=0.00s
[2024-11-20T21:01:06.343+0500][gc,start    ] GC(1) Pause Young (Concurrent Start) (Metadata GC Threshold)
[2024-11-20T21:01:06.344+0500][gc,task     ] GC(1) Using 8 workers of 8 for evacuation
[2024-11-20T21:01:06.350+0500][gc,phases   ] GC(1)   Pre Evacuate Collection Set: 0.2ms
[2024-11-20T21:01:06.350+0500][gc,phases   ] GC(1)   Merge Heap Roots: 0.1ms
[2024-11-20T21:01:06.350+0500][gc,phases   ] GC(1)   Evacuate Collection Set: 4.6ms
[2024-11-20T21:01:06.350+0500][gc,phases   ] GC(1)   Post Evacuate Collection Set: 0.7ms
[2024-11-20T21:01:06.350+0500][gc,phases   ] GC(1)   Other: 0.5ms
[2024-11-20T21:01:06.350+0500][gc,heap     ] GC(1) Eden regions: 14->0(50)
[2024-11-20T21:01:06.350+0500][gc,heap     ] GC(1) Survivor regions: 7->1(7)
[2024-11-20T21:01:06.350+0500][gc,heap     ] GC(1) Old regions: 1->8
[2024-11-20T21:01:06.350+0500][gc,heap     ] GC(1) Archive regions: 2->2
[2024-11-20T21:01:06.350+0500][gc,heap     ] GC(1) Humongous regions: 0->0
[2024-11-20T21:01:06.350+0500][gc,metaspace] GC(1) Metaspace: 21321K(21504K)->21321K(21504K) NonClass: 18717K(18816K)->18717K(18816K) Class: 2603K(2688K)->2603K(2688K)
[2024-11-20T21:01:06.350+0500][gc          ] GC(1) Pause Young (Concurrent Start) (Metadata GC Threshold) 22M->9M(1024M) 6.401ms
[2024-11-20T21:01:06.350+0500][gc,cpu      ] GC(1) User=0.03s Sys=0.01s Real=0.01s
[2024-11-20T21:01:06.350+0500][gc          ] GC(2) Concurrent Mark Cycle
[2024-11-20T21:01:06.350+0500][gc,marking  ] GC(2) Concurrent Clear Claimed Marks
[2024-11-20T21:01:06.350+0500][gc,marking  ] GC(2) Concurrent Clear Claimed Marks 0.021ms
[2024-11-20T21:01:06.350+0500][gc,marking  ] GC(2) Concurrent Scan Root Regions
[2024-11-20T21:01:06.353+0500][gc,marking  ] GC(2) Concurrent Scan Root Regions 2.853ms
[2024-11-20T21:01:06.353+0500][gc,marking  ] GC(2) Concurrent Mark
[2024-11-20T21:01:06.353+0500][gc,marking  ] GC(2) Concurrent Mark From Roots
[2024-11-20T21:01:06.353+0500][gc,task     ] GC(2) Using 2 workers of 2 for marking
[2024-11-20T21:01:06.356+0500][gc,marking  ] GC(2) Concurrent Mark From Roots 3.472ms
[2024-11-20T21:01:06.356+0500][gc,marking  ] GC(2) Concurrent Preclean
[2024-11-20T21:01:06.357+0500][gc,marking  ] GC(2) Concurrent Preclean 0.190ms
[2024-11-20T21:01:06.357+0500][gc,start    ] GC(2) Pause Remark
[2024-11-20T21:01:06.359+0500][gc          ] GC(2) Pause Remark 9M->9M(1024M) 2.208ms
[2024-11-20T21:01:06.359+0500][gc,cpu      ] GC(2) User=0.01s Sys=0.00s Real=0.00s
[2024-11-20T21:01:06.359+0500][gc,marking  ] GC(2) Concurrent Mark 6.288ms
[2024-11-20T21:01:06.359+0500][gc,marking  ] GC(2) Concurrent Rebuild Remembered Sets
[2024-11-20T21:01:06.363+0500][gc,marking  ] GC(2) Concurrent Rebuild Remembered Sets 4.044ms
[2024-11-20T21:01:06.364+0500][gc,start    ] GC(2) Pause Cleanup
[2024-11-20T21:01:06.364+0500][gc          ] GC(2) Pause Cleanup 9M->9M(1024M) 0.296ms
[2024-11-20T21:01:06.364+0500][gc,cpu      ] GC(2) User=0.00s Sys=0.01s Real=0.00s
[2024-11-20T21:01:06.364+0500][gc,marking  ] GC(2) Concurrent Cleanup for Next Mark
[2024-11-20T21:01:06.373+0500][gc,marking  ] GC(2) Concurrent Cleanup for Next Mark 9.090ms
[2024-11-20T21:01:06.373+0500][gc          ] GC(2) Concurrent Mark Cycle 23.141ms
[2024-11-20T21:01:07.480+0500][gc,start    ] GC(3) Pause Young (Normal) (G1 Evacuation Pause)
[2024-11-20T21:01:07.480+0500][gc,task     ] GC(3) Using 8 workers of 8 for evacuation
[2024-11-20T21:01:07.485+0500][gc,phases   ] GC(3)   Pre Evacuate Collection Set: 0.2ms
[2024-11-20T21:01:07.485+0500][gc,phases   ] GC(3)   Merge Heap Roots: 0.1ms
[2024-11-20T21:01:07.485+0500][gc,phases   ] GC(3)   Evacuate Collection Set: 3.4ms
[2024-11-20T21:01:07.485+0500][gc,phases   ] GC(3)   Post Evacuate Collection Set: 0.6ms
[2024-11-20T21:01:07.485+0500][gc,phases   ] GC(3)   Other: 0.2ms
[2024-11-20T21:01:07.485+0500][gc,heap     ] GC(3) Eden regions: 50->0(44)
[2024-11-20T21:01:07.485+0500][gc,heap     ] GC(3) Survivor regions: 1->7(7)
[2024-11-20T21:01:07.485+0500][gc,heap     ] GC(3) Old regions: 8->8
[2024-11-20T21:01:07.485+0500][gc,heap     ] GC(3) Archive regions: 2->2
[2024-11-20T21:01:07.485+0500][gc,heap     ] GC(3) Humongous regions: 129->129
[2024-11-20T21:01:07.485+0500][gc,metaspace] GC(3) Metaspace: 32757K(33024K)->32757K(33024K) NonClass: 29030K(29184K)->29030K(29184K) Class: 3726K(3840K)->3726K(3840K)
[2024-11-20T21:01:07.485+0500][gc          ] GC(3) Pause Young (Normal) (G1 Evacuation Pause) 188M->144M(1024M) 4.600ms
[2024-11-20T21:01:07.485+0500][gc,cpu      ] GC(3) User=0.02s Sys=0.00s Real=0.00s
[2024-11-20T21:01:07.645+0500][gc,start    ] GC(4) Pause Young (Concurrent Start) (Metadata GC Threshold)
[2024-11-20T21:01:07.645+0500][gc,task     ] GC(4) Using 8 workers of 8 for evacuation
[2024-11-20T21:01:07.651+0500][gc,phases   ] GC(4)   Pre Evacuate Collection Set: 0.2ms
[2024-11-20T21:01:07.651+0500][gc,phases   ] GC(4)   Merge Heap Roots: 0.1ms
[2024-11-20T21:01:07.651+0500][gc,phases   ] GC(4)   Evacuate Collection Set: 5.2ms
[2024-11-20T21:01:07.651+0500][gc,phases   ] GC(4)   Post Evacuate Collection Set: 0.4ms
[2024-11-20T21:01:07.651+0500][gc,phases   ] GC(4)   Other: 0.2ms
[2024-11-20T21:01:07.651+0500][gc,heap     ] GC(4) Eden regions: 13->0(49)
[2024-11-20T21:01:07.651+0500][gc,heap     ] GC(4) Survivor regions: 7->2(7)
[2024-11-20T21:01:07.651+0500][gc,heap     ] GC(4) Old regions: 8->14
[2024-11-20T21:01:07.651+0500][gc,heap     ] GC(4) Archive regions: 2->2
[2024-11-20T21:01:07.651+0500][gc,heap     ] GC(4) Humongous regions: 129->129
[2024-11-20T21:01:07.651+0500][gc,metaspace] GC(4) Metaspace: 35677K(35968K)->35677K(35968K) NonClass: 31727K(31872K)->31727K(31872K) Class: 3950K(4096K)->3950K(4096K)
[2024-11-20T21:01:07.651+0500][gc          ] GC(4) Pause Young (Concurrent Start) (Metadata GC Threshold) 156M->144M(1024M) 6.269ms
[2024-11-20T21:01:07.651+0500][gc,cpu      ] GC(4) User=0.04s Sys=0.01s Real=0.01s
[2024-11-20T21:01:07.651+0500][gc          ] GC(5) Concurrent Mark Cycle
[2024-11-20T21:01:07.651+0500][gc,marking  ] GC(5) Concurrent Clear Claimed Marks
[2024-11-20T21:01:07.651+0500][gc,marking  ] GC(5) Concurrent Clear Claimed Marks 0.034ms
[2024-11-20T21:01:07.651+0500][gc,marking  ] GC(5) Concurrent Scan Root Regions
[2024-11-20T21:01:07.654+0500][gc,marking  ] GC(5) Concurrent Scan Root Regions 3.077ms
[2024-11-20T21:01:07.654+0500][gc,marking  ] GC(5) Concurrent Mark
[2024-11-20T21:01:07.654+0500][gc,marking  ] GC(5) Concurrent Mark From Roots
[2024-11-20T21:01:07.654+0500][gc,task     ] GC(5) Using 2 workers of 2 for marking
[2024-11-20T21:01:07.661+0500][gc,marking  ] GC(5) Concurrent Mark From Roots 6.739ms
[2024-11-20T21:01:07.661+0500][gc,marking  ] GC(5) Concurrent Preclean
[2024-11-20T21:01:07.662+0500][gc,marking  ] GC(5) Concurrent Preclean 0.261ms
[2024-11-20T21:01:07.662+0500][gc,start    ] GC(5) Pause Remark
[2024-11-20T21:01:07.663+0500][gc          ] GC(5) Pause Remark 145M->145M(1024M) 1.484ms
[2024-11-20T21:01:07.663+0500][gc,cpu      ] GC(5) User=0.01s Sys=0.00s Real=0.00s
[2024-11-20T21:01:07.664+0500][gc,marking  ] GC(5) Concurrent Mark 9.074ms
[2024-11-20T21:01:07.664+0500][gc,marking  ] GC(5) Concurrent Rebuild Remembered Sets
[2024-11-20T21:01:07.670+0500][gc,marking  ] GC(5) Concurrent Rebuild Remembered Sets 6.307ms
[2024-11-20T21:01:07.670+0500][gc,start    ] GC(5) Pause Cleanup
[2024-11-20T21:01:07.670+0500][gc          ] GC(5) Pause Cleanup 146M->146M(1024M) 0.222ms
[2024-11-20T21:01:07.670+0500][gc,cpu      ] GC(5) User=0.00s Sys=0.00s Real=0.00s
[2024-11-20T21:01:07.670+0500][gc,marking  ] GC(5) Concurrent Cleanup for Next Mark
[2024-11-20T21:01:07.677+0500][gc,marking  ] GC(5) Concurrent Cleanup for Next Mark 6.269ms
[2024-11-20T21:01:07.677+0500][gc          ] GC(5) Concurrent Mark Cycle 25.504ms
[2024-11-20T21:05:57.886+0500][gc,start    ] GC(6) Pause Young (Normal) (G1 Evacuation Pause)
[2024-11-20T21:05:57.887+0500][gc,task     ] GC(6) Using 8 workers of 8 for evacuation
[2024-11-20T21:05:57.894+0500][gc,phases   ] GC(6)   Pre Evacuate Collection Set: 0.2ms
[2024-11-20T21:05:57.894+0500][gc,phases   ] GC(6)   Merge Heap Roots: 0.1ms
[2024-11-20T21:05:57.894+0500][gc,phases   ] GC(6)   Evacuate Collection Set: 6.1ms
[2024-11-20T21:05:57.894+0500][gc,phases   ] GC(6)   Post Evacuate Collection Set: 0.8ms
[2024-11-20T21:05:57.894+0500][gc,phases   ] GC(6)   Other: 0.3ms
[2024-11-20T21:05:57.894+0500][gc,heap     ] GC(6) Eden regions: 49->0(47)
[2024-11-20T21:05:57.894+0500][gc,heap     ] GC(6) Survivor regions: 2->4(7)
[2024-11-20T21:05:57.894+0500][gc,heap     ] GC(6) Old regions: 14->14
[2024-11-20T21:05:57.894+0500][gc,heap     ] GC(6) Archive regions: 2->2
[2024-11-20T21:05:57.894+0500][gc,heap     ] GC(6) Humongous regions: 129->129
[2024-11-20T21:05:57.894+0500][gc,metaspace] GC(6) Metaspace: 42166K(42624K)->42166K(42624K) NonClass: 37326K(37568K)->37326K(37568K) Class: 4839K(5056K)->4839K(5056K)
[2024-11-20T21:05:57.894+0500][gc          ] GC(6) Pause Young (Normal) (G1 Evacuation Pause) 193M->147M(1024M) 7.564ms
[2024-11-20T21:05:57.894+0500][gc,cpu      ] GC(6) User=0.02s Sys=0.00s Real=0.01s
[2024-11-20T21:07:38.585+0500][gc,start    ] GC(7) Pause Young (Normal) (G1 Evacuation Pause)
[2024-11-20T21:07:38.585+0500][gc,task     ] GC(7) Using 8 workers of 8 for evacuation
[2024-11-20T21:07:38.592+0500][gc,phases   ] GC(7)   Pre Evacuate Collection Set: 0.2ms
[2024-11-20T21:07:38.592+0500][gc,phases   ] GC(7)   Merge Heap Roots: 0.1ms
[2024-11-20T21:07:38.592+0500][gc,phases   ] GC(7)   Evacuate Collection Set: 5.6ms
[2024-11-20T21:07:38.592+0500][gc,phases   ] GC(7)   Post Evacuate Collection Set: 0.7ms
[2024-11-20T21:07:38.592+0500][gc,phases   ] GC(7)   Other: 0.2ms
[2024-11-20T21:07:38.592+0500][gc,heap     ] GC(7) Eden regions: 47->0(46)
[2024-11-20T21:07:38.592+0500][gc,heap     ] GC(7) Survivor regions: 4->5(7)
[2024-11-20T21:07:38.592+0500][gc,heap     ] GC(7) Old regions: 14->15
[2024-11-20T21:07:38.592+0500][gc,heap     ] GC(7) Archive regions: 2->2
[2024-11-20T21:07:38.592+0500][gc,heap     ] GC(7) Humongous regions: 129->129
[2024-11-20T21:07:38.592+0500][gc,metaspace] GC(7) Metaspace: 42855K(43328K)->42855K(43328K) NonClass: 37944K(38208K)->37944K(38208K) Class: 4911K(5120K)->4911K(5120K)
[2024-11-20T21:07:38.592+0500][gc          ] GC(7) Pause Young (Normal) (G1 Evacuation Pause) 194M->149M(1024M) 7.025ms
[2024-11-20T21:07:38.592+0500][gc,cpu      ] GC(7) User=0.02s Sys=0.00s Real=0.01s
[2024-11-20T21:10:20.825+0500][gc,start    ] GC(8) Pause Young (Normal) (G1 Evacuation Pause)
[2024-11-20T21:10:20.826+0500][gc,task     ] GC(8) Using 8 workers of 8 for evacuation
[2024-11-20T21:10:20.835+0500][gc,phases   ] GC(8)   Pre Evacuate Collection Set: 0.4ms
[2024-11-20T21:10:20.835+0500][gc,phases   ] GC(8)   Merge Heap Roots: 0.1ms
[2024-11-20T21:10:20.835+0500][gc,phases   ] GC(8)   Evacuate Collection Set: 8.2ms
[2024-11-20T21:10:20.835+0500][gc,phases   ] GC(8)   Post Evacuate Collection Set: 0.6ms
[2024-11-20T21:10:20.835+0500][gc,phases   ] GC(8)   Other: 0.2ms
[2024-11-20T21:10:20.835+0500][gc,heap     ] GC(8) Eden regions: 46->0(44)
[2024-11-20T21:10:20.835+0500][gc,heap     ] GC(8) Survivor regions: 5->7(7)
[2024-11-20T21:10:20.835+0500][gc,heap     ] GC(8) Old regions: 15->17
[2024-11-20T21:10:20.835+0500][gc,heap     ] GC(8) Archive regions: 2->2
[2024-11-20T21:10:20.835+0500][gc,heap     ] GC(8) Humongous regions: 129->129
[2024-11-20T21:10:20.835+0500][gc,metaspace] GC(8) Metaspace: 42944K(43392K)->42944K(43392K) NonClass: 38032K(38272K)->38032K(38272K) Class: 4911K(5120K)->4911K(5120K)
[2024-11-20T21:10:20.835+0500][gc          ] GC(8) Pause Young (Normal) (G1 Evacuation Pause) 195M->152M(1024M) 9.830ms
[2024-11-20T21:10:20.835+0500][gc,cpu      ] GC(8) User=0.06s Sys=0.01s Real=0.01s
[2024-11-20T21:11:14.653+0500][gc,heap,exit] Heap
[2024-11-20T21:11:14.654+0500][gc,heap,exit]  garbage-first heap   total 1048576K, used 195928K [0x00000000c0000000, 0x0000000100000000)
[2024-11-20T21:11:14.654+0500][gc,heap,exit]   region size 1024K, 40 young (40960K), 7 survivors (7168K)
[2024-11-20T21:11:14.654+0500][gc,heap,exit]  Metaspace       used 45621K, committed 46208K, reserved 1114112K
[2024-11-20T21:11:14.654+0500][gc,heap,exit]   class space    used 5436K, committed 5696K, reserved 1048576K
