[2024-11-19T00:01:45.934+0500][gc] Using G1
[2024-11-19T00:01:45.942+0500][gc,init] Version: 17.0.13+11-Debian-2deb12u1 (release)
[2024-11-19T00:01:45.942+0500][gc,init] CPUs: 2 total, 2 available
[2024-11-19T00:01:45.942+0500][gc,init] Memory: 3922M
[2024-11-19T00:01:45.942+0500][gc,init] Large Page Support: Disabled
[2024-11-19T00:01:45.942+0500][gc,init] NUMA Support: Disabled
[2024-11-19T00:01:45.942+0500][gc,init] Compressed Oops: Enabled (32-bit)
[2024-11-19T00:01:45.942+0500][gc,init] Heap Region Size: 1M
[2024-11-19T00:01:45.942+0500][gc,init] Heap Min Capacity: 1G
[2024-11-19T00:01:45.942+0500][gc,init] Heap Initial Capacity: 1G
[2024-11-19T00:01:45.942+0500][gc,init] Heap Max Capacity: 1G
[2024-11-19T00:01:45.942+0500][gc,init] Pre-touch: Disabled
[2024-11-19T00:01:45.942+0500][gc,init] Parallel Workers: 2
[2024-11-19T00:01:45.942+0500][gc,init] Concurrent Workers: 1
[2024-11-19T00:01:45.942+0500][gc,init] Concurrent Refinement Workers: 2
[2024-11-19T00:01:45.942+0500][gc,init] Periodic GC: Disabled
[2024-11-19T00:01:45.959+0500][gc,metaspace] CDS archive(s) mapped at: [0x0000007800000000-0x0000007800be0000-0x0000007800be0000), size 12451840, SharedBaseAddress: 0x0000007800000000, ArchiveRelocationMode: 1.
[2024-11-19T00:01:45.959+0500][gc,metaspace] Compressed class space mapped at: 0x0000007801000000-0x0000007841000000, reserved size: 1073741824
[2024-11-19T00:01:45.959+0500][gc,metaspace] Narrow klass base: 0x0000007800000000, Narrow klass shift: 0, Narrow klass range: 0x100000000
[2024-11-19T00:01:47.923+0500][gc,start    ] GC(0) Pause Young (Normal) (G1 Evacuation Pause)
[2024-11-19T00:01:47.923+0500][gc,task     ] GC(0) Using 2 workers of 2 for evacuation
[2024-11-19T00:01:47.939+0500][gc,phases   ] GC(0)   Pre Evacuate Collection Set: 0.8ms
[2024-11-19T00:01:47.939+0500][gc,phases   ] GC(0)   Merge Heap Roots: 0.1ms
[2024-11-19T00:01:47.939+0500][gc,phases   ] GC(0)   Evacuate Collection Set: 12.9ms
[2024-11-19T00:01:47.939+0500][gc,phases   ] GC(0)   Post Evacuate Collection Set: 2.1ms
[2024-11-19T00:01:47.939+0500][gc,phases   ] GC(0)   Other: 0.2ms
[2024-11-19T00:01:47.939+0500][gc,heap     ] GC(0) Eden regions: 51->0(44)
[2024-11-19T00:01:47.939+0500][gc,heap     ] GC(0) Survivor regions: 0->7(7)
[2024-11-19T00:01:47.939+0500][gc,heap     ] GC(0) Old regions: 0->2
[2024-11-19T00:01:47.939+0500][gc,heap     ] GC(0) Archive regions: 2->2
[2024-11-19T00:01:47.939+0500][gc,heap     ] GC(0) Humongous regions: 0->0
[2024-11-19T00:01:47.939+0500][gc,metaspace] GC(0) Metaspace: 18289K(18496K)->18289K(18496K) NonClass: 16201K(16320K)->16201K(16320K) Class: 2087K(2176K)->2087K(2176K)
[2024-11-19T00:01:47.939+0500][gc          ] GC(0) Pause Young (Normal) (G1 Evacuation Pause) 51M->9M(1024M) 16.202ms
[2024-11-19T00:01:47.939+0500][gc,cpu      ] GC(0) User=0.01s Sys=0.01s Real=0.01s
[2024-11-19T00:01:48.156+0500][gc,start    ] GC(1) Pause Young (Concurrent Start) (Metadata GC Threshold)
[2024-11-19T00:01:48.156+0500][gc,task     ] GC(1) Using 2 workers of 2 for evacuation
[2024-11-19T00:01:48.166+0500][gc,phases   ] GC(1)   Pre Evacuate Collection Set: 0.1ms
[2024-11-19T00:01:48.167+0500][gc,phases   ] GC(1)   Merge Heap Roots: 0.0ms
[2024-11-19T00:01:48.167+0500][gc,phases   ] GC(1)   Evacuate Collection Set: 10.3ms
[2024-11-19T00:01:48.167+0500][gc,phases   ] GC(1)   Post Evacuate Collection Set: 0.4ms
[2024-11-19T00:01:48.167+0500][gc,phases   ] GC(1)   Other: 0.1ms
[2024-11-19T00:01:48.167+0500][gc,heap     ] GC(1) Eden regions: 13->0(49)
[2024-11-19T00:01:48.167+0500][gc,heap     ] GC(1) Survivor regions: 7->2(7)
[2024-11-19T00:01:48.167+0500][gc,heap     ] GC(1) Old regions: 2->9
[2024-11-19T00:01:48.167+0500][gc,heap     ] GC(1) Archive regions: 2->2
[2024-11-19T00:01:48.167+0500][gc,heap     ] GC(1) Humongous regions: 0->0
[2024-11-19T00:01:48.167+0500][gc,metaspace] GC(1) Metaspace: 21370K(21504K)->21370K(21504K) NonClass: 18874K(18944K)->18874K(18944K) Class: 2495K(2560K)->2495K(2560K)
[2024-11-19T00:01:48.167+0500][gc          ] GC(1) Pause Young (Concurrent Start) (Metadata GC Threshold) 22M->10M(1024M) 11.006ms
[2024-11-19T00:01:48.167+0500][gc,cpu      ] GC(1) User=0.01s Sys=0.00s Real=0.01s
[2024-11-19T00:01:48.167+0500][gc          ] GC(2) Concurrent Mark Cycle
[2024-11-19T00:01:48.167+0500][gc,marking  ] GC(2) Concurrent Clear Claimed Marks
[2024-11-19T00:01:48.167+0500][gc,marking  ] GC(2) Concurrent Clear Claimed Marks 0.012ms
[2024-11-19T00:01:48.167+0500][gc,marking  ] GC(2) Concurrent Scan Root Regions
[2024-11-19T00:01:48.169+0500][gc,marking  ] GC(2) Concurrent Scan Root Regions 2.571ms
[2024-11-19T00:01:48.169+0500][gc,marking  ] GC(2) Concurrent Mark
[2024-11-19T00:01:48.169+0500][gc,marking  ] GC(2) Concurrent Mark From Roots
[2024-11-19T00:01:48.169+0500][gc,task     ] GC(2) Using 1 workers of 1 for marking
[2024-11-19T00:01:48.187+0500][gc,marking  ] GC(2) Concurrent Mark From Roots 17.857ms
[2024-11-19T00:01:48.187+0500][gc,marking  ] GC(2) Concurrent Preclean
[2024-11-19T00:01:48.187+0500][gc,marking  ] GC(2) Concurrent Preclean 0.029ms
[2024-11-19T00:01:48.191+0500][gc,start    ] GC(2) Pause Remark
[2024-11-19T00:01:48.194+0500][gc          ] GC(2) Pause Remark 12M->12M(1024M) 2.797ms
[2024-11-19T00:01:48.194+0500][gc,cpu      ] GC(2) User=0.00s Sys=0.00s Real=0.00s
[2024-11-19T00:01:48.194+0500][gc,marking  ] GC(2) Concurrent Mark 24.572ms
[2024-11-19T00:01:48.194+0500][gc,marking  ] GC(2) Concurrent Rebuild Remembered Sets
[2024-11-19T00:01:48.200+0500][gc,marking  ] GC(2) Concurrent Rebuild Remembered Sets 6.406ms
[2024-11-19T00:01:48.200+0500][gc,start    ] GC(2) Pause Cleanup
[2024-11-19T00:01:48.200+0500][gc          ] GC(2) Pause Cleanup 13M->13M(1024M) 0.050ms
[2024-11-19T00:01:48.200+0500][gc,cpu      ] GC(2) User=0.00s Sys=0.00s Real=0.00s
[2024-11-19T00:01:48.200+0500][gc,marking  ] GC(2) Concurrent Cleanup for Next Mark
[2024-11-19T00:01:48.208+0500][gc,marking  ] GC(2) Concurrent Cleanup for Next Mark 7.240ms
[2024-11-19T00:01:48.208+0500][gc          ] GC(2) Concurrent Mark Cycle 41.047ms
[2024-11-19T00:01:49.094+0500][gc,start    ] GC(3) Pause Young (Normal) (G1 Evacuation Pause)
[2024-11-19T00:01:49.094+0500][gc,task     ] GC(3) Using 2 workers of 2 for evacuation
[2024-11-19T00:01:49.099+0500][gc,phases   ] GC(3)   Pre Evacuate Collection Set: 0.1ms
[2024-11-19T00:01:49.099+0500][gc,phases   ] GC(3)   Merge Heap Roots: 0.0ms
[2024-11-19T00:01:49.099+0500][gc,phases   ] GC(3)   Evacuate Collection Set: 5.0ms
[2024-11-19T00:01:49.099+0500][gc,phases   ] GC(3)   Post Evacuate Collection Set: 0.2ms
[2024-11-19T00:01:49.099+0500][gc,phases   ] GC(3)   Other: 0.1ms
[2024-11-19T00:01:49.099+0500][gc,heap     ] GC(3) Eden regions: 49->0(47)
[2024-11-19T00:01:49.099+0500][gc,heap     ] GC(3) Survivor regions: 2->4(7)
[2024-11-19T00:01:49.099+0500][gc,heap     ] GC(3) Old regions: 9->9
[2024-11-19T00:01:49.099+0500][gc,heap     ] GC(3) Archive regions: 2->2
[2024-11-19T00:01:49.099+0500][gc,heap     ] GC(3) Humongous regions: 1->1
[2024-11-19T00:01:49.099+0500][gc,metaspace] GC(3) Metaspace: 31663K(31872K)->31663K(31872K) NonClass: 27888K(28032K)->27888K(28032K) Class: 3774K(3840K)->3774K(3840K)
[2024-11-19T00:01:49.099+0500][gc          ] GC(3) Pause Young (Normal) (G1 Evacuation Pause) 60M->13M(1024M) 5.480ms
[2024-11-19T00:01:49.099+0500][gc,cpu      ] GC(3) User=0.00s Sys=0.00s Real=0.01s
[2024-11-19T00:01:49.588+0500][gc,start    ] GC(4) Pause Young (Concurrent Start) (Metadata GC Threshold)
[2024-11-19T00:01:49.588+0500][gc,task     ] GC(4) Using 2 workers of 2 for evacuation
[2024-11-19T00:01:49.596+0500][gc,phases   ] GC(4)   Pre Evacuate Collection Set: 0.1ms
[2024-11-19T00:01:49.596+0500][gc,phases   ] GC(4)   Merge Heap Roots: 0.0ms
[2024-11-19T00:01:49.596+0500][gc,phases   ] GC(4)   Evacuate Collection Set: 5.1ms
[2024-11-19T00:01:49.596+0500][gc,phases   ] GC(4)   Post Evacuate Collection Set: 2.5ms
[2024-11-19T00:01:49.596+0500][gc,phases   ] GC(4)   Other: 0.1ms
[2024-11-19T00:01:49.596+0500][gc,heap     ] GC(4) Eden regions: 29->0(44)
[2024-11-19T00:01:49.596+0500][gc,heap     ] GC(4) Survivor regions: 4->7(7)
[2024-11-19T00:01:49.596+0500][gc,heap     ] GC(4) Old regions: 9->9
[2024-11-19T00:01:49.596+0500][gc,heap     ] GC(4) Archive regions: 2->2
[2024-11-19T00:01:49.596+0500][gc,heap     ] GC(4) Humongous regions: 1->1
[2024-11-19T00:01:49.596+0500][gc,metaspace] GC(4) Metaspace: 35627K(35968K)->35627K(35968K) NonClass: 31354K(31488K)->31354K(31488K) Class: 4273K(4480K)->4273K(4480K)
[2024-11-19T00:01:49.596+0500][gc          ] GC(4) Pause Young (Concurrent Start) (Metadata GC Threshold) 41M->17M(1024M) 7.848ms
[2024-11-19T00:01:49.596+0500][gc,cpu      ] GC(4) User=0.01s Sys=0.00s Real=0.00s
[2024-11-19T00:01:49.596+0500][gc          ] GC(5) Concurrent Mark Cycle
[2024-11-19T00:01:49.596+0500][gc,marking  ] GC(5) Concurrent Clear Claimed Marks
[2024-11-19T00:01:49.596+0500][gc,marking  ] GC(5) Concurrent Clear Claimed Marks 0.009ms
[2024-11-19T00:01:49.596+0500][gc,marking  ] GC(5) Concurrent Scan Root Regions
[2024-11-19T00:01:49.599+0500][gc,marking  ] GC(5) Concurrent Scan Root Regions 3.199ms
[2024-11-19T00:01:49.599+0500][gc,marking  ] GC(5) Concurrent Mark
[2024-11-19T00:01:49.599+0500][gc,marking  ] GC(5) Concurrent Mark From Roots
[2024-11-19T00:01:49.599+0500][gc,task     ] GC(5) Using 1 workers of 1 for marking
[2024-11-19T00:01:49.611+0500][gc,marking  ] GC(5) Concurrent Mark From Roots 11.663ms
[2024-11-19T00:01:49.611+0500][gc,marking  ] GC(5) Concurrent Preclean
[2024-11-19T00:01:49.611+0500][gc,marking  ] GC(5) Concurrent Preclean 0.043ms
[2024-11-19T00:01:49.612+0500][gc,start    ] GC(5) Pause Remark
[2024-11-19T00:01:49.617+0500][gc          ] GC(5) Pause Remark 18M->18M(1024M) 4.930ms
[2024-11-19T00:01:49.617+0500][gc,cpu      ] GC(5) User=0.00s Sys=0.00s Real=0.00s
[2024-11-19T00:01:49.617+0500][gc,marking  ] GC(5) Concurrent Mark 17.788ms
[2024-11-19T00:01:49.617+0500][gc,marking  ] GC(5) Concurrent Rebuild Remembered Sets
[2024-11-19T00:01:49.646+0500][gc,marking  ] GC(5) Concurrent Rebuild Remembered Sets 28.427ms
[2024-11-19T00:01:49.657+0500][gc,start    ] GC(5) Pause Cleanup
[2024-11-19T00:01:49.658+0500][gc          ] GC(5) Pause Cleanup 19M->19M(1024M) 1.290ms
[2024-11-19T00:01:49.658+0500][gc,cpu      ] GC(5) User=0.00s Sys=0.00s Real=0.00s
[2024-11-19T00:01:49.658+0500][gc,marking  ] GC(5) Concurrent Cleanup for Next Mark
[2024-11-19T00:01:49.662+0500][gc,marking  ] GC(5) Concurrent Cleanup for Next Mark 3.627ms
[2024-11-19T00:01:49.662+0500][gc          ] GC(5) Concurrent Mark Cycle 65.948ms
[2024-11-19T00:01:50.894+0500][gc,start    ] GC(6) Pause Young (Normal) (G1 Evacuation Pause)
[2024-11-19T00:01:50.894+0500][gc,task     ] GC(6) Using 2 workers of 2 for evacuation
[2024-11-19T00:01:50.909+0500][gc,phases   ] GC(6)   Pre Evacuate Collection Set: 0.1ms
[2024-11-19T00:01:50.909+0500][gc,phases   ] GC(6)   Merge Heap Roots: 0.0ms
[2024-11-19T00:01:50.909+0500][gc,phases   ] GC(6)   Evacuate Collection Set: 14.3ms
[2024-11-19T00:01:50.909+0500][gc,phases   ] GC(6)   Post Evacuate Collection Set: 0.4ms
[2024-11-19T00:01:50.909+0500][gc,phases   ] GC(6)   Other: 0.1ms
[2024-11-19T00:01:50.909+0500][gc,heap     ] GC(6) Eden regions: 44->0(48)
[2024-11-19T00:01:50.909+0500][gc,heap     ] GC(6) Survivor regions: 7->3(7)
[2024-11-19T00:01:50.909+0500][gc,heap     ] GC(6) Old regions: 9->16
[2024-11-19T00:01:50.909+0500][gc,heap     ] GC(6) Archive regions: 2->2
[2024-11-19T00:01:50.909+0500][gc,heap     ] GC(6) Humongous regions: 132->130
[2024-11-19T00:01:50.909+0500][gc,metaspace] GC(6) Metaspace: 39899K(40256K)->39899K(40256K) NonClass: 35199K(35392K)->35199K(35392K) Class: 4700K(4864K)->4700K(4864K)
[2024-11-19T00:01:50.909+0500][gc          ] GC(6) Pause Young (Normal) (G1 Evacuation Pause) 192M->149M(1024M) 14.954ms
[2024-11-19T00:01:50.909+0500][gc,cpu      ] GC(6) User=0.03s Sys=0.00s Real=0.02s
[2024-11-19T00:03:52.522+0500][gc,start    ] GC(7) Pause Young (Normal) (G1 Evacuation Pause)
[2024-11-19T00:03:52.522+0500][gc,task     ] GC(7) Using 2 workers of 2 for evacuation
[2024-11-19T00:03:52.551+0500][gc,mmu      ] GC(7) MMU target violated: 21.0ms (20.0ms/21.0ms)
[2024-11-19T00:03:52.551+0500][gc,phases   ] GC(7)   Pre Evacuate Collection Set: 3.5ms
[2024-11-19T00:03:52.551+0500][gc,phases   ] GC(7)   Merge Heap Roots: 0.3ms
[2024-11-19T00:03:52.551+0500][gc,phases   ] GC(7)   Evacuate Collection Set: 20.0ms
[2024-11-19T00:03:52.551+0500][gc,phases   ] GC(7)   Post Evacuate Collection Set: 3.9ms
[2024-11-19T00:03:52.551+0500][gc,phases   ] GC(7)   Other: 1.7ms
[2024-11-19T00:03:52.551+0500][gc,heap     ] GC(7) Eden regions: 48->0(47)
[2024-11-19T00:03:52.551+0500][gc,heap     ] GC(7) Survivor regions: 3->4(7)
[2024-11-19T00:03:52.551+0500][gc,heap     ] GC(7) Old regions: 16->16
[2024-11-19T00:03:52.551+0500][gc,heap     ] GC(7) Archive regions: 2->2
[2024-11-19T00:03:52.551+0500][gc,heap     ] GC(7) Humongous regions: 136->130
[2024-11-19T00:03:52.551+0500][gc,metaspace] GC(7) Metaspace: 43076K(43520K)->43076K(43520K) NonClass: 37927K(38208K)->37927K(38208K) Class: 5148K(5312K)->5148K(5312K)
[2024-11-19T00:03:52.551+0500][gc          ] GC(7) Pause Young (Normal) (G1 Evacuation Pause) 203M->150M(1024M) 29.438ms
[2024-11-19T00:03:52.551+0500][gc,cpu      ] GC(7) User=0.05s Sys=0.00s Real=0.03s
[2024-11-19T00:07:16.950+0500][gc,start    ] GC(8) Pause Young (Normal) (G1 Evacuation Pause)
[2024-11-19T00:07:16.950+0500][gc,task     ] GC(8) Using 2 workers of 2 for evacuation
[2024-11-19T00:07:16.979+0500][gc,mmu      ] GC(8) MMU target violated: 21.0ms (20.0ms/21.0ms)
[2024-11-19T00:07:16.979+0500][gc,phases   ] GC(8)   Pre Evacuate Collection Set: 3.8ms
[2024-11-19T00:07:16.979+0500][gc,phases   ] GC(8)   Merge Heap Roots: 0.4ms
[2024-11-19T00:07:16.979+0500][gc,phases   ] GC(8)   Evacuate Collection Set: 22.2ms
[2024-11-19T00:07:16.979+0500][gc,phases   ] GC(8)   Post Evacuate Collection Set: 2.6ms
[2024-11-19T00:07:16.979+0500][gc,phases   ] GC(8)   Other: 1.0ms
[2024-11-19T00:07:16.979+0500][gc,heap     ] GC(8) Eden regions: 47->0(46)
[2024-11-19T00:07:16.979+0500][gc,heap     ] GC(8) Survivor regions: 4->5(7)
[2024-11-19T00:07:16.979+0500][gc,heap     ] GC(8) Old regions: 16->16
[2024-11-19T00:07:16.979+0500][gc,heap     ] GC(8) Archive regions: 2->2
[2024-11-19T00:07:16.979+0500][gc,heap     ] GC(8) Humongous regions: 136->130
[2024-11-19T00:07:16.979+0500][gc,metaspace] GC(8) Metaspace: 44428K(44928K)->44428K(44928K) NonClass: 39163K(39424K)->39163K(39424K) Class: 5264K(5504K)->5264K(5504K)
[2024-11-19T00:07:16.979+0500][gc          ] GC(8) Pause Young (Normal) (G1 Evacuation Pause) 203M->151M(1024M) 29.874ms
[2024-11-19T00:07:16.979+0500][gc,cpu      ] GC(8) User=0.05s Sys=0.00s Real=0.03s
[2024-11-19T00:09:07.756+0500][gc,start    ] GC(9) Pause Young (Normal) (G1 Evacuation Pause)
[2024-11-19T00:09:07.756+0500][gc,task     ] GC(9) Using 2 workers of 2 for evacuation
[2024-11-19T00:09:07.786+0500][gc,mmu      ] GC(9) MMU target violated: 21.0ms (20.0ms/21.0ms)
[2024-11-19T00:09:07.786+0500][gc,phases   ] GC(9)   Pre Evacuate Collection Set: 2.8ms
[2024-11-19T00:09:07.786+0500][gc,phases   ] GC(9)   Merge Heap Roots: 0.3ms
[2024-11-19T00:09:07.786+0500][gc,phases   ] GC(9)   Evacuate Collection Set: 24.3ms
[2024-11-19T00:09:07.786+0500][gc,phases   ] GC(9)   Post Evacuate Collection Set: 2.1ms
[2024-11-19T00:09:07.786+0500][gc,phases   ] GC(9)   Other: 0.5ms
[2024-11-19T00:09:07.786+0500][gc,heap     ] GC(9) Eden regions: 46->0(46)
[2024-11-19T00:09:07.786+0500][gc,heap     ] GC(9) Survivor regions: 5->5(7)
[2024-11-19T00:09:07.786+0500][gc,heap     ] GC(9) Old regions: 16->18
[2024-11-19T00:09:07.786+0500][gc,heap     ] GC(9) Archive regions: 2->2
[2024-11-19T00:09:07.786+0500][gc,heap     ] GC(9) Humongous regions: 130->130
[2024-11-19T00:09:07.786+0500][gc,metaspace] GC(9) Metaspace: 44722K(45184K)->44722K(45184K) NonClass: 39455K(39680K)->39455K(39680K) Class: 5267K(5504K)->5267K(5504K)
[2024-11-19T00:09:07.787+0500][gc          ] GC(9) Pause Young (Normal) (G1 Evacuation Pause) 197M->153M(1024M) 30.379ms
[2024-11-19T00:09:07.787+0500][gc,cpu      ] GC(9) User=0.06s Sys=0.00s Real=0.03s
[2024-11-19T00:11:06.691+0500][gc,start    ] GC(10) Pause Young (Normal) (G1 Evacuation Pause)
[2024-11-19T00:11:06.691+0500][gc,task     ] GC(10) Using 2 workers of 2 for evacuation
[2024-11-19T00:11:06.728+0500][gc,mmu      ] GC(10) MMU target violated: 21.0ms (20.0ms/21.0ms)
[2024-11-19T00:11:06.728+0500][gc,phases   ] GC(10)   Pre Evacuate Collection Set: 0.9ms
[2024-11-19T00:11:06.728+0500][gc,phases   ] GC(10)   Merge Heap Roots: 0.1ms
[2024-11-19T00:11:06.728+0500][gc,phases   ] GC(10)   Evacuate Collection Set: 35.0ms
[2024-11-19T00:11:06.728+0500][gc,phases   ] GC(10)   Post Evacuate Collection Set: 1.1ms
[2024-11-19T00:11:06.728+0500][gc,phases   ] GC(10)   Other: 0.3ms
[2024-11-19T00:11:06.728+0500][gc,heap     ] GC(10) Eden regions: 46->0(45)
[2024-11-19T00:11:06.728+0500][gc,heap     ] GC(10) Survivor regions: 5->6(7)
[2024-11-19T00:11:06.728+0500][gc,heap     ] GC(10) Old regions: 18->19
[2024-11-19T00:11:06.728+0500][gc,heap     ] GC(10) Archive regions: 2->2
[2024-11-19T00:11:06.728+0500][gc,heap     ] GC(10) Humongous regions: 130->130
[2024-11-19T00:11:06.728+0500][gc,metaspace] GC(10) Metaspace: 45042K(45504K)->45042K(45504K) NonClass: 39773K(40000K)->39773K(40000K) Class: 5268K(5504K)->5268K(5504K)
[2024-11-19T00:11:06.728+0500][gc          ] GC(10) Pause Young (Normal) (G1 Evacuation Pause) 199M->155M(1024M) 37.429ms
[2024-11-19T00:11:06.728+0500][gc,cpu      ] GC(10) User=0.03s Sys=0.00s Real=0.04s
[2024-11-19T00:13:03.593+0500][gc,start    ] GC(11) Pause Young (Normal) (G1 Evacuation Pause)
[2024-11-19T00:13:03.593+0500][gc,task     ] GC(11) Using 2 workers of 2 for evacuation
[2024-11-19T00:13:03.610+0500][gc,phases   ] GC(11)   Pre Evacuate Collection Set: 0.9ms
[2024-11-19T00:13:03.610+0500][gc,phases   ] GC(11)   Merge Heap Roots: 0.1ms
[2024-11-19T00:13:03.610+0500][gc,phases   ] GC(11)   Evacuate Collection Set: 14.1ms
[2024-11-19T00:13:03.610+0500][gc,phases   ] GC(11)   Post Evacuate Collection Set: 1.3ms
[2024-11-19T00:13:03.610+0500][gc,phases   ] GC(11)   Other: 0.3ms
[2024-11-19T00:13:03.610+0500][gc,heap     ] GC(11) Eden regions: 45->0(47)
[2024-11-19T00:13:03.610+0500][gc,heap     ] GC(11) Survivor regions: 6->4(7)
[2024-11-19T00:13:03.610+0500][gc,heap     ] GC(11) Old regions: 19->21
[2024-11-19T00:13:03.610+0500][gc,heap     ] GC(11) Archive regions: 2->2
[2024-11-19T00:13:03.610+0500][gc,heap     ] GC(11) Humongous regions: 130->130
[2024-11-19T00:13:03.610+0500][gc,metaspace] GC(11) Metaspace: 45159K(45632K)->45159K(45632K) NonClass: 39867K(40128K)->39867K(40128K) Class: 5292K(5504K)->5292K(5504K)
[2024-11-19T00:13:03.610+0500][gc          ] GC(11) Pause Young (Normal) (G1 Evacuation Pause) 200M->155M(1024M) 16.773ms
[2024-11-19T00:13:03.610+0500][gc,cpu      ] GC(11) User=0.03s Sys=0.00s Real=0.02s
[2024-11-19T00:15:08.465+0500][gc,start    ] GC(12) Pause Young (Normal) (G1 Evacuation Pause)
[2024-11-19T00:15:08.465+0500][gc,task     ] GC(12) Using 2 workers of 2 for evacuation
[2024-11-19T00:15:08.493+0500][gc,mmu      ] GC(12) MMU target violated: 21.0ms (20.0ms/21.0ms)
[2024-11-19T00:15:08.493+0500][gc,phases   ] GC(12)   Pre Evacuate Collection Set: 0.9ms
[2024-11-19T00:15:08.493+0500][gc,phases   ] GC(12)   Merge Heap Roots: 0.1ms
[2024-11-19T00:15:08.493+0500][gc,phases   ] GC(12)   Evacuate Collection Set: 24.4ms
[2024-11-19T00:15:08.493+0500][gc,phases   ] GC(12)   Post Evacuate Collection Set: 1.7ms
[2024-11-19T00:15:08.493+0500][gc,phases   ] GC(12)   Other: 1.5ms
[2024-11-19T00:15:08.493+0500][gc,heap     ] GC(12) Eden regions: 47->0(44)
[2024-11-19T00:15:08.493+0500][gc,heap     ] GC(12) Survivor regions: 4->7(7)
[2024-11-19T00:15:08.493+0500][gc,heap     ] GC(12) Old regions: 21->21
[2024-11-19T00:15:08.493+0500][gc,heap     ] GC(12) Archive regions: 2->2
[2024-11-19T00:15:08.493+0500][gc,heap     ] GC(12) Humongous regions: 130->130
[2024-11-19T00:15:08.493+0500][gc,metaspace] GC(12) Metaspace: 45206K(45696K)->45206K(45696K) NonClass: 39914K(40192K)->39914K(40192K) Class: 5292K(5504K)->5292K(5504K)
[2024-11-19T00:15:08.493+0500][gc          ] GC(12) Pause Young (Normal) (G1 Evacuation Pause) 202M->157M(1024M) 28.599ms
[2024-11-19T00:15:08.493+0500][gc,cpu      ] GC(12) User=0.03s Sys=0.00s Real=0.03s
[2024-11-19T00:17:07.293+0500][gc,start    ] GC(13) Pause Young (Normal) (G1 Evacuation Pause)
[2024-11-19T00:17:07.294+0500][gc,task     ] GC(13) Using 2 workers of 2 for evacuation
[2024-11-19T00:17:07.315+0500][gc,mmu      ] GC(13) MMU target violated: 20.6ms (20.0ms/21.0ms)
[2024-11-19T00:17:07.315+0500][gc,phases   ] GC(13)   Pre Evacuate Collection Set: 1.0ms
[2024-11-19T00:17:07.315+0500][gc,phases   ] GC(13)   Merge Heap Roots: 0.1ms
[2024-11-19T00:17:07.315+0500][gc,phases   ] GC(13)   Evacuate Collection Set: 18.3ms
[2024-11-19T00:17:07.315+0500][gc,phases   ] GC(13)   Post Evacuate Collection Set: 1.3ms
[2024-11-19T00:17:07.315+0500][gc,phases   ] GC(13)   Other: 1.2ms
[2024-11-19T00:17:07.315+0500][gc,heap     ] GC(13) Eden regions: 44->0(47)
[2024-11-19T00:17:07.315+0500][gc,heap     ] GC(13) Survivor regions: 7->4(7)
[2024-11-19T00:17:07.315+0500][gc,heap     ] GC(13) Old regions: 21->22
[2024-11-19T00:17:07.315+0500][gc,heap     ] GC(13) Archive regions: 2->2
[2024-11-19T00:17:07.315+0500][gc,heap     ] GC(13) Humongous regions: 130->130
[2024-11-19T00:17:07.315+0500][gc,metaspace] GC(13) Metaspace: 45207K(45696K)->45207K(45696K) NonClass: 39915K(40192K)->39915K(40192K) Class: 5292K(5504K)->5292K(5504K)
[2024-11-19T00:17:07.315+0500][gc          ] GC(13) Pause Young (Normal) (G1 Evacuation Pause) 201M->156M(1024M) 21.863ms
[2024-11-19T00:17:07.315+0500][gc,cpu      ] GC(13) User=0.03s Sys=0.00s Real=0.02s
