[2024-11-19T00:01:46.037+0500][gc] Using G1
[2024-11-19T00:01:46.041+0500][gc,init] Version: 17.0.13+11-Debian-2deb12u1 (release)
[2024-11-19T00:01:46.041+0500][gc,init] CPUs: 2 total, 2 available
[2024-11-19T00:01:46.041+0500][gc,init] Memory: 3922M
[2024-11-19T00:01:46.041+0500][gc,init] Large Page Support: Disabled
[2024-11-19T00:01:46.041+0500][gc,init] NUMA Support: Disabled
[2024-11-19T00:01:46.041+0500][gc,init] Compressed Oops: Enabled (32-bit)
[2024-11-19T00:01:46.041+0500][gc,init] Heap Region Size: 1M
[2024-11-19T00:01:46.041+0500][gc,init] Heap Min Capacity: 1G
[2024-11-19T00:01:46.041+0500][gc,init] Heap Initial Capacity: 1G
[2024-11-19T00:01:46.041+0500][gc,init] Heap Max Capacity: 1G
[2024-11-19T00:01:46.041+0500][gc,init] Pre-touch: Disabled
[2024-11-19T00:01:46.041+0500][gc,init] Parallel Workers: 2
[2024-11-19T00:01:46.041+0500][gc,init] Concurrent Workers: 1
[2024-11-19T00:01:46.041+0500][gc,init] Concurrent Refinement Workers: 2
[2024-11-19T00:01:46.041+0500][gc,init] Periodic GC: Disabled
[2024-11-19T00:01:46.045+0500][gc,metaspace] CDS archive(s) mapped at: [0x000000b000000000-0x000000b000be0000-0x000000b000be0000), size 12451840, SharedBaseAddress: 0x000000b000000000, ArchiveRelocationMode: 1.
[2024-11-19T00:01:46.045+0500][gc,metaspace] Compressed class space mapped at: 0x000000b001000000-0x000000b041000000, reserved size: 1073741824
[2024-11-19T00:01:46.045+0500][gc,metaspace] Narrow klass base: 0x000000b000000000, Narrow klass shift: 0, Narrow klass range: 0x100000000
[2024-11-19T00:01:47.957+0500][gc,start    ] GC(0) Pause Young (Normal) (G1 Evacuation Pause)
[2024-11-19T00:01:47.958+0500][gc,task     ] GC(0) Using 2 workers of 2 for evacuation
[2024-11-19T00:01:47.980+0500][gc,mmu      ] GC(0) MMU target violated: 21.0ms (20.0ms/21.0ms)
[2024-11-19T00:01:47.980+0500][gc,phases   ] GC(0)   Pre Evacuate Collection Set: 0.7ms
[2024-11-19T00:01:47.980+0500][gc,phases   ] GC(0)   Merge Heap Roots: 0.9ms
[2024-11-19T00:01:47.980+0500][gc,phases   ] GC(0)   Evacuate Collection Set: 19.8ms
[2024-11-19T00:01:47.980+0500][gc,phases   ] GC(0)   Post Evacuate Collection Set: 0.8ms
[2024-11-19T00:01:47.980+0500][gc,phases   ] GC(0)   Other: 0.2ms
[2024-11-19T00:01:47.980+0500][gc,heap     ] GC(0) Eden regions: 51->0(44)
[2024-11-19T00:01:47.980+0500][gc,heap     ] GC(0) Survivor regions: 0->7(7)
[2024-11-19T00:01:47.980+0500][gc,heap     ] GC(0) Old regions: 0->2
[2024-11-19T00:01:47.980+0500][gc,heap     ] GC(0) Archive regions: 2->2
[2024-11-19T00:01:47.980+0500][gc,heap     ] GC(0) Humongous regions: 0->0
[2024-11-19T00:01:47.980+0500][gc,metaspace] GC(0) Metaspace: 18300K(18496K)->18300K(18496K) NonClass: 16215K(16320K)->16215K(16320K) Class: 2085K(2176K)->2085K(2176K)
[2024-11-19T00:01:47.980+0500][gc          ] GC(0) Pause Young (Normal) (G1 Evacuation Pause) 51M->9M(1024M) 22.488ms
[2024-11-19T00:01:47.980+0500][gc,cpu      ] GC(0) User=0.01s Sys=0.00s Real=0.03s
[2024-11-19T00:01:48.184+0500][gc,start    ] GC(1) Pause Young (Concurrent Start) (Metadata GC Threshold)
[2024-11-19T00:01:48.184+0500][gc,task     ] GC(1) Using 2 workers of 2 for evacuation
[2024-11-19T00:01:48.201+0500][gc,phases   ] GC(1)   Pre Evacuate Collection Set: 0.1ms
[2024-11-19T00:01:48.201+0500][gc,phases   ] GC(1)   Merge Heap Roots: 0.0ms
[2024-11-19T00:01:48.201+0500][gc,phases   ] GC(1)   Evacuate Collection Set: 7.2ms
[2024-11-19T00:01:48.201+0500][gc,phases   ] GC(1)   Post Evacuate Collection Set: 9.6ms
[2024-11-19T00:01:48.201+0500][gc,phases   ] GC(1)   Other: 0.1ms
[2024-11-19T00:01:48.201+0500][gc,heap     ] GC(1) Eden regions: 14->0(49)
[2024-11-19T00:01:48.201+0500][gc,heap     ] GC(1) Survivor regions: 7->2(7)
[2024-11-19T00:01:48.201+0500][gc,heap     ] GC(1) Old regions: 2->9
[2024-11-19T00:01:48.201+0500][gc,heap     ] GC(1) Archive regions: 2->2
[2024-11-19T00:01:48.201+0500][gc,heap     ] GC(1) Humongous regions: 0->0
[2024-11-19T00:01:48.201+0500][gc,metaspace] GC(1) Metaspace: 21375K(21504K)->21375K(21504K) NonClass: 18879K(18944K)->18879K(18944K) Class: 2495K(2560K)->2495K(2560K)
[2024-11-19T00:01:48.201+0500][gc          ] GC(1) Pause Young (Concurrent Start) (Metadata GC Threshold) 23M->11M(1024M) 17.083ms
[2024-11-19T00:01:48.201+0500][gc,cpu      ] GC(1) User=0.01s Sys=0.00s Real=0.02s
[2024-11-19T00:01:48.201+0500][gc          ] GC(2) Concurrent Mark Cycle
[2024-11-19T00:01:48.201+0500][gc,marking  ] GC(2) Concurrent Clear Claimed Marks
[2024-11-19T00:01:48.201+0500][gc,marking  ] GC(2) Concurrent Clear Claimed Marks 0.011ms
[2024-11-19T00:01:48.201+0500][gc,marking  ] GC(2) Concurrent Scan Root Regions
[2024-11-19T00:01:48.203+0500][gc,marking  ] GC(2) Concurrent Scan Root Regions 1.821ms
[2024-11-19T00:01:48.203+0500][gc,marking  ] GC(2) Concurrent Mark
[2024-11-19T00:01:48.203+0500][gc,marking  ] GC(2) Concurrent Mark From Roots
[2024-11-19T00:01:48.203+0500][gc,task     ] GC(2) Using 1 workers of 1 for marking
[2024-11-19T00:01:48.205+0500][gc,marking  ] GC(2) Concurrent Mark From Roots 2.026ms
[2024-11-19T00:01:48.205+0500][gc,marking  ] GC(2) Concurrent Preclean
[2024-11-19T00:01:48.205+0500][gc,marking  ] GC(2) Concurrent Preclean 0.010ms
[2024-11-19T00:01:48.205+0500][gc,start    ] GC(2) Pause Remark
[2024-11-19T00:01:48.213+0500][gc          ] GC(2) Pause Remark 12M->12M(1024M) 7.794ms
[2024-11-19T00:01:48.213+0500][gc,cpu      ] GC(2) User=0.00s Sys=0.00s Real=0.01s
[2024-11-19T00:01:48.213+0500][gc,marking  ] GC(2) Concurrent Mark 10.279ms
[2024-11-19T00:01:48.213+0500][gc,marking  ] GC(2) Concurrent Rebuild Remembered Sets
[2024-11-19T00:01:48.213+0500][gc,marking  ] GC(2) Concurrent Rebuild Remembered Sets 0.002ms
[2024-11-19T00:01:48.213+0500][gc,start    ] GC(2) Pause Cleanup
[2024-11-19T00:01:48.213+0500][gc          ] GC(2) Pause Cleanup 12M->12M(1024M) 0.004ms
[2024-11-19T00:01:48.213+0500][gc,cpu      ] GC(2) User=0.00s Sys=0.00s Real=0.00s
[2024-11-19T00:01:48.213+0500][gc,marking  ] GC(2) Concurrent Cleanup for Next Mark
[2024-11-19T00:01:48.224+0500][gc,marking  ] GC(2) Concurrent Cleanup for Next Mark 10.916ms
[2024-11-19T00:01:48.224+0500][gc          ] GC(2) Concurrent Mark Cycle 23.181ms
[2024-11-19T00:01:49.063+0500][gc,start    ] GC(3) Pause Young (Normal) (G1 Evacuation Pause)
[2024-11-19T00:01:49.063+0500][gc,task     ] GC(3) Using 2 workers of 2 for evacuation
[2024-11-19T00:01:49.069+0500][gc,phases   ] GC(3)   Pre Evacuate Collection Set: 0.1ms
[2024-11-19T00:01:49.069+0500][gc,phases   ] GC(3)   Merge Heap Roots: 0.0ms
[2024-11-19T00:01:49.069+0500][gc,phases   ] GC(3)   Evacuate Collection Set: 5.6ms
[2024-11-19T00:01:49.069+0500][gc,phases   ] GC(3)   Post Evacuate Collection Set: 0.2ms
[2024-11-19T00:01:49.069+0500][gc,phases   ] GC(3)   Other: 0.1ms
[2024-11-19T00:01:49.069+0500][gc,heap     ] GC(3) Eden regions: 49->0(47)
[2024-11-19T00:01:49.069+0500][gc,heap     ] GC(3) Survivor regions: 2->4(7)
[2024-11-19T00:01:49.069+0500][gc,heap     ] GC(3) Old regions: 9->9
[2024-11-19T00:01:49.069+0500][gc,heap     ] GC(3) Archive regions: 2->2
[2024-11-19T00:01:49.069+0500][gc,heap     ] GC(3) Humongous regions: 1->1
[2024-11-19T00:01:49.069+0500][gc,metaspace] GC(3) Metaspace: 31561K(31744K)->31561K(31744K) NonClass: 27797K(27904K)->27797K(27904K) Class: 3763K(3840K)->3763K(3840K)
[2024-11-19T00:01:49.069+0500][gc          ] GC(3) Pause Young (Normal) (G1 Evacuation Pause) 61M->14M(1024M) 6.077ms
[2024-11-19T00:01:49.069+0500][gc,cpu      ] GC(3) User=0.00s Sys=0.00s Real=0.01s
[2024-11-19T00:01:49.568+0500][gc,start    ] GC(4) Pause Young (Concurrent Start) (Metadata GC Threshold)
[2024-11-19T00:01:49.568+0500][gc,task     ] GC(4) Using 2 workers of 2 for evacuation
[2024-11-19T00:01:49.576+0500][gc,phases   ] GC(4)   Pre Evacuate Collection Set: 0.1ms
[2024-11-19T00:01:49.576+0500][gc,phases   ] GC(4)   Merge Heap Roots: 0.0ms
[2024-11-19T00:01:49.576+0500][gc,phases   ] GC(4)   Evacuate Collection Set: 7.3ms
[2024-11-19T00:01:49.576+0500][gc,phases   ] GC(4)   Post Evacuate Collection Set: 0.3ms
[2024-11-19T00:01:49.576+0500][gc,phases   ] GC(4)   Other: 0.1ms
[2024-11-19T00:01:49.576+0500][gc,heap     ] GC(4) Eden regions: 36->0(44)
[2024-11-19T00:01:49.576+0500][gc,heap     ] GC(4) Survivor regions: 4->7(7)
[2024-11-19T00:01:49.576+0500][gc,heap     ] GC(4) Old regions: 9->9
[2024-11-19T00:01:49.576+0500][gc,heap     ] GC(4) Archive regions: 2->2
[2024-11-19T00:01:49.576+0500][gc,heap     ] GC(4) Humongous regions: 12->11
[2024-11-19T00:01:49.576+0500][gc,metaspace] GC(4) Metaspace: 35628K(35968K)->35628K(35968K) NonClass: 31319K(31488K)->31319K(31488K) Class: 4309K(4480K)->4309K(4480K)
[2024-11-19T00:01:49.576+0500][gc          ] GC(4) Pause Young (Concurrent Start) (Metadata GC Threshold) 61M->27M(1024M) 7.837ms
[2024-11-19T00:01:49.576+0500][gc,cpu      ] GC(4) User=0.00s Sys=0.00s Real=0.00s
[2024-11-19T00:01:49.576+0500][gc          ] GC(5) Concurrent Mark Cycle
[2024-11-19T00:01:49.576+0500][gc,marking  ] GC(5) Concurrent Clear Claimed Marks
[2024-11-19T00:01:49.576+0500][gc,marking  ] GC(5) Concurrent Clear Claimed Marks 0.010ms
[2024-11-19T00:01:49.576+0500][gc,marking  ] GC(5) Concurrent Scan Root Regions
[2024-11-19T00:01:49.579+0500][gc,marking  ] GC(5) Concurrent Scan Root Regions 3.174ms
[2024-11-19T00:01:49.579+0500][gc,marking  ] GC(5) Concurrent Mark
[2024-11-19T00:01:49.579+0500][gc,marking  ] GC(5) Concurrent Mark From Roots
[2024-11-19T00:01:49.579+0500][gc,task     ] GC(5) Using 1 workers of 1 for marking
[2024-11-19T00:01:49.588+0500][gc,marking  ] GC(5) Concurrent Mark From Roots 9.157ms
[2024-11-19T00:01:49.588+0500][gc,marking  ] GC(5) Concurrent Preclean
[2024-11-19T00:01:49.588+0500][gc,marking  ] GC(5) Concurrent Preclean 0.030ms
[2024-11-19T00:01:49.591+0500][gc,start    ] GC(5) Pause Remark
[2024-11-19T00:01:49.596+0500][gc          ] GC(5) Pause Remark 29M->29M(1024M) 4.600ms
[2024-11-19T00:01:49.596+0500][gc,cpu      ] GC(5) User=0.00s Sys=0.00s Real=0.00s
[2024-11-19T00:01:49.596+0500][gc,marking  ] GC(5) Concurrent Mark 16.967ms
[2024-11-19T00:01:49.596+0500][gc,marking  ] GC(5) Concurrent Rebuild Remembered Sets
[2024-11-19T00:01:49.621+0500][gc,marking  ] GC(5) Concurrent Rebuild Remembered Sets 25.212ms
[2024-11-19T00:01:49.642+0500][gc,start    ] GC(5) Pause Cleanup
[2024-11-19T00:01:49.642+0500][gc          ] GC(5) Pause Cleanup 32M->32M(1024M) 0.102ms
[2024-11-19T00:01:49.642+0500][gc,cpu      ] GC(5) User=0.00s Sys=0.00s Real=0.00s
[2024-11-19T00:01:49.642+0500][gc,marking  ] GC(5) Concurrent Cleanup for Next Mark
[2024-11-19T00:01:49.647+0500][gc,marking  ] GC(5) Concurrent Cleanup for Next Mark 5.408ms
[2024-11-19T00:01:49.647+0500][gc          ] GC(5) Concurrent Mark Cycle 71.753ms
[2024-11-19T00:01:52.981+0500][gc,start    ] GC(6) Pause Young (Normal) (G1 Evacuation Pause)
[2024-11-19T00:01:52.981+0500][gc,task     ] GC(6) Using 2 workers of 2 for evacuation
[2024-11-19T00:01:53.022+0500][gc,mmu      ] GC(6) MMU target violated: 21.0ms (20.0ms/21.0ms)
[2024-11-19T00:01:53.022+0500][gc,phases   ] GC(6)   Pre Evacuate Collection Set: 0.9ms
[2024-11-19T00:01:53.022+0500][gc,phases   ] GC(6)   Merge Heap Roots: 0.1ms
[2024-11-19T00:01:53.022+0500][gc,phases   ] GC(6)   Evacuate Collection Set: 38.8ms
[2024-11-19T00:01:53.022+0500][gc,phases   ] GC(6)   Post Evacuate Collection Set: 0.9ms
[2024-11-19T00:01:53.022+0500][gc,phases   ] GC(6)   Other: 0.3ms
[2024-11-19T00:01:53.022+0500][gc,heap     ] GC(6) Eden regions: 44->0(44)
[2024-11-19T00:01:53.022+0500][gc,heap     ] GC(6) Survivor regions: 7->7(7)
[2024-11-19T00:01:53.022+0500][gc,heap     ] GC(6) Old regions: 9->13
[2024-11-19T00:01:53.022+0500][gc,heap     ] GC(6) Archive regions: 2->2
[2024-11-19T00:01:53.022+0500][gc,heap     ] GC(6) Humongous regions: 140->139
[2024-11-19T00:01:53.022+0500][gc,metaspace] GC(6) Metaspace: 41283K(41728K)->41283K(41728K) NonClass: 36303K(36544K)->36303K(36544K) Class: 4980K(5184K)->4980K(5184K)
[2024-11-19T00:01:53.022+0500][gc          ] GC(6) Pause Young (Normal) (G1 Evacuation Pause) 200M->159M(1024M) 40.950ms
[2024-11-19T00:01:53.022+0500][gc,cpu      ] GC(6) User=0.04s Sys=0.00s Real=0.04s
[2024-11-19T00:03:41.964+0500][gc,start    ] GC(7) Pause Young (Normal) (G1 Evacuation Pause)
[2024-11-19T00:03:41.965+0500][gc,task     ] GC(7) Using 2 workers of 2 for evacuation
[2024-11-19T00:03:41.992+0500][gc,mmu      ] GC(7) MMU target violated: 21.0ms (20.0ms/21.0ms)
[2024-11-19T00:03:41.992+0500][gc,phases   ] GC(7)   Pre Evacuate Collection Set: 0.9ms
[2024-11-19T00:03:41.992+0500][gc,phases   ] GC(7)   Merge Heap Roots: 0.1ms
[2024-11-19T00:03:41.992+0500][gc,phases   ] GC(7)   Evacuate Collection Set: 24.2ms
[2024-11-19T00:03:41.992+0500][gc,phases   ] GC(7)   Post Evacuate Collection Set: 1.7ms
[2024-11-19T00:03:41.992+0500][gc,phases   ] GC(7)   Other: 1.0ms
[2024-11-19T00:03:41.992+0500][gc,heap     ] GC(7) Eden regions: 44->0(46)
[2024-11-19T00:03:41.992+0500][gc,heap     ] GC(7) Survivor regions: 7->5(7)
[2024-11-19T00:03:41.992+0500][gc,heap     ] GC(7) Old regions: 13->16
[2024-11-19T00:03:41.992+0500][gc,heap     ] GC(7) Archive regions: 2->2
[2024-11-19T00:03:41.992+0500][gc,heap     ] GC(7) Humongous regions: 139->139
[2024-11-19T00:03:41.992+0500][gc,metaspace] GC(7) Metaspace: 43577K(44032K)->43577K(44032K) NonClass: 38400K(38656K)->38400K(38656K) Class: 5176K(5376K)->5176K(5376K)
[2024-11-19T00:03:41.992+0500][gc          ] GC(7) Pause Young (Normal) (G1 Evacuation Pause) 203M->160M(1024M) 27.877ms
[2024-11-19T00:03:41.992+0500][gc,cpu      ] GC(7) User=0.05s Sys=0.00s Real=0.03s
[2024-11-19T00:06:58.858+0500][gc,start    ] GC(8) Pause Young (Normal) (G1 Evacuation Pause)
[2024-11-19T00:06:58.858+0500][gc,task     ] GC(8) Using 2 workers of 2 for evacuation
[2024-11-19T00:06:58.922+0500][gc,mmu      ] GC(8) MMU target violated: 21.0ms (20.0ms/21.0ms)
[2024-11-19T00:06:58.922+0500][gc,phases   ] GC(8)   Pre Evacuate Collection Set: 4.1ms
[2024-11-19T00:06:58.922+0500][gc,phases   ] GC(8)   Merge Heap Roots: 1.0ms
[2024-11-19T00:06:58.922+0500][gc,phases   ] GC(8)   Evacuate Collection Set: 46.5ms
[2024-11-19T00:06:58.922+0500][gc,phases   ] GC(8)   Post Evacuate Collection Set: 11.9ms
[2024-11-19T00:06:58.922+0500][gc,phases   ] GC(8)   Other: 1.0ms
[2024-11-19T00:06:58.922+0500][gc,heap     ] GC(8) Eden regions: 46->0(48)
[2024-11-19T00:06:58.922+0500][gc,heap     ] GC(8) Survivor regions: 5->3(7)
[2024-11-19T00:06:58.922+0500][gc,heap     ] GC(8) Old regions: 16->20
[2024-11-19T00:06:58.922+0500][gc,heap     ] GC(8) Archive regions: 2->2
[2024-11-19T00:06:58.922+0500][gc,heap     ] GC(8) Humongous regions: 139->139
[2024-11-19T00:06:58.922+0500][gc,metaspace] GC(8) Metaspace: 44183K(44672K)->44183K(44672K) NonClass: 39006K(39296K)->39006K(39296K) Class: 5177K(5376K)->5177K(5376K)
[2024-11-19T00:06:58.922+0500][gc          ] GC(8) Pause Young (Normal) (G1 Evacuation Pause) 206M->162M(1024M) 64.409ms
[2024-11-19T00:06:58.922+0500][gc,cpu      ] GC(8) User=0.08s Sys=0.02s Real=0.07s
[2024-11-19T00:08:29.093+0500][gc,start    ] GC(9) Pause Young (Normal) (G1 Evacuation Pause)
[2024-11-19T00:08:29.093+0500][gc,task     ] GC(9) Using 2 workers of 2 for evacuation
[2024-11-19T00:08:29.119+0500][gc,mmu      ] GC(9) MMU target violated: 21.0ms (20.0ms/21.0ms)
[2024-11-19T00:08:29.119+0500][gc,phases   ] GC(9)   Pre Evacuate Collection Set: 1.6ms
[2024-11-19T00:08:29.119+0500][gc,phases   ] GC(9)   Merge Heap Roots: 0.3ms
[2024-11-19T00:08:29.119+0500][gc,phases   ] GC(9)   Evacuate Collection Set: 22.3ms
[2024-11-19T00:08:29.119+0500][gc,phases   ] GC(9)   Post Evacuate Collection Set: 1.3ms
[2024-11-19T00:08:29.119+0500][gc,phases   ] GC(9)   Other: 0.5ms
[2024-11-19T00:08:29.119+0500][gc,heap     ] GC(9) Eden regions: 48->0(45)
[2024-11-19T00:08:29.119+0500][gc,heap     ] GC(9) Survivor regions: 3->6(7)
[2024-11-19T00:08:29.119+0500][gc,heap     ] GC(9) Old regions: 20->20
[2024-11-19T00:08:29.119+0500][gc,heap     ] GC(9) Archive regions: 2->2
[2024-11-19T00:08:29.119+0500][gc,heap     ] GC(9) Humongous regions: 139->139
[2024-11-19T00:08:29.119+0500][gc,metaspace] GC(9) Metaspace: 45237K(45760K)->45237K(45760K) NonClass: 39949K(40256K)->39949K(40256K) Class: 5287K(5504K)->5287K(5504K)
[2024-11-19T00:08:29.120+0500][gc          ] GC(9) Pause Young (Normal) (G1 Evacuation Pause) 210M->164M(1024M) 26.638ms
[2024-11-19T00:08:29.120+0500][gc,cpu      ] GC(9) User=0.05s Sys=0.00s Real=0.03s
[2024-11-19T00:10:15.599+0500][gc,start    ] GC(10) Pause Young (Normal) (G1 Evacuation Pause)
[2024-11-19T00:10:15.599+0500][gc,task     ] GC(10) Using 2 workers of 2 for evacuation
[2024-11-19T00:10:15.625+0500][gc,mmu      ] GC(10) MMU target violated: 21.0ms (20.0ms/21.0ms)
[2024-11-19T00:10:15.625+0500][gc,phases   ] GC(10)   Pre Evacuate Collection Set: 1.8ms
[2024-11-19T00:10:15.625+0500][gc,phases   ] GC(10)   Merge Heap Roots: 0.3ms
[2024-11-19T00:10:15.625+0500][gc,phases   ] GC(10)   Evacuate Collection Set: 21.2ms
[2024-11-19T00:10:15.625+0500][gc,phases   ] GC(10)   Post Evacuate Collection Set: 2.8ms
[2024-11-19T00:10:15.625+0500][gc,phases   ] GC(10)   Other: 0.7ms
[2024-11-19T00:10:15.625+0500][gc,heap     ] GC(10) Eden regions: 45->0(44)
[2024-11-19T00:10:15.625+0500][gc,heap     ] GC(10) Survivor regions: 6->7(7)
[2024-11-19T00:10:15.625+0500][gc,heap     ] GC(10) Old regions: 20->22
[2024-11-19T00:10:15.625+0500][gc,heap     ] GC(10) Archive regions: 2->2
[2024-11-19T00:10:15.625+0500][gc,heap     ] GC(10) Humongous regions: 139->139
[2024-11-19T00:10:15.625+0500][gc,metaspace] GC(10) Metaspace: 45394K(45888K)->45394K(45888K) NonClass: 40102K(40384K)->40102K(40384K) Class: 5292K(5504K)->5292K(5504K)
[2024-11-19T00:10:15.625+0500][gc          ] GC(10) Pause Young (Normal) (G1 Evacuation Pause) 209M->168M(1024M) 26.708ms
[2024-11-19T00:10:15.625+0500][gc,cpu      ] GC(10) User=0.04s Sys=0.00s Real=0.03s
[2024-11-19T00:12:00.368+0500][gc,start    ] GC(11) Pause Young (Normal) (G1 Evacuation Pause)
[2024-11-19T00:12:00.369+0500][gc,task     ] GC(11) Using 2 workers of 2 for evacuation
[2024-11-19T00:12:00.402+0500][gc,mmu      ] GC(11) MMU target violated: 21.0ms (20.0ms/21.0ms)
[2024-11-19T00:12:00.402+0500][gc,phases   ] GC(11)   Pre Evacuate Collection Set: 1.2ms
[2024-11-19T00:12:00.402+0500][gc,phases   ] GC(11)   Merge Heap Roots: 0.1ms
[2024-11-19T00:12:00.402+0500][gc,phases   ] GC(11)   Evacuate Collection Set: 27.2ms
[2024-11-19T00:12:00.402+0500][gc,phases   ] GC(11)   Post Evacuate Collection Set: 4.6ms
[2024-11-19T00:12:00.402+0500][gc,phases   ] GC(11)   Other: 0.4ms
[2024-11-19T00:12:00.402+0500][gc,heap     ] GC(11) Eden regions: 44->0(46)
[2024-11-19T00:12:00.402+0500][gc,heap     ] GC(11) Survivor regions: 7->5(7)
[2024-11-19T00:12:00.402+0500][gc,heap     ] GC(11) Old regions: 22->24
[2024-11-19T00:12:00.402+0500][gc,heap     ] GC(11) Archive regions: 2->2
[2024-11-19T00:12:00.402+0500][gc,heap     ] GC(11) Humongous regions: 139->139
[2024-11-19T00:12:00.402+0500][gc,metaspace] GC(11) Metaspace: 45512K(45952K)->45512K(45952K) NonClass: 40203K(40448K)->40203K(40448K) Class: 5309K(5504K)->5309K(5504K)
[2024-11-19T00:12:00.402+0500][gc          ] GC(11) Pause Young (Normal) (G1 Evacuation Pause) 212M->167M(1024M) 33.517ms
[2024-11-19T00:12:00.402+0500][gc,cpu      ] GC(11) User=0.02s Sys=0.00s Real=0.03s
[2024-11-19T00:13:50.981+0500][gc,start    ] GC(12) Pause Young (Normal) (G1 Evacuation Pause)
[2024-11-19T00:13:50.981+0500][gc,task     ] GC(12) Using 2 workers of 2 for evacuation
[2024-11-19T00:13:51.012+0500][gc,mmu      ] GC(12) MMU target violated: 21.0ms (20.0ms/21.0ms)
[2024-11-19T00:13:51.012+0500][gc,phases   ] GC(12)   Pre Evacuate Collection Set: 1.4ms
[2024-11-19T00:13:51.012+0500][gc,phases   ] GC(12)   Merge Heap Roots: 0.4ms
[2024-11-19T00:13:51.012+0500][gc,phases   ] GC(12)   Evacuate Collection Set: 25.6ms
[2024-11-19T00:13:51.012+0500][gc,phases   ] GC(12)   Post Evacuate Collection Set: 1.6ms
[2024-11-19T00:13:51.012+0500][gc,phases   ] GC(12)   Other: 2.7ms
[2024-11-19T00:13:51.012+0500][gc,heap     ] GC(12) Eden regions: 46->0(45)
[2024-11-19T00:13:51.012+0500][gc,heap     ] GC(12) Survivor regions: 5->6(7)
[2024-11-19T00:13:51.012+0500][gc,heap     ] GC(12) Old regions: 24->25
[2024-11-19T00:13:51.012+0500][gc,heap     ] GC(12) Archive regions: 2->2
[2024-11-19T00:13:51.012+0500][gc,heap     ] GC(12) Humongous regions: 139->139
[2024-11-19T00:13:51.012+0500][gc,metaspace] GC(12) Metaspace: 45534K(45952K)->45534K(45952K) NonClass: 40225K(40448K)->40225K(40448K) Class: 5309K(5504K)->5309K(5504K)
[2024-11-19T00:13:51.012+0500][gc          ] GC(12) Pause Young (Normal) (G1 Evacuation Pause) 213M->170M(1024M) 31.605ms
[2024-11-19T00:13:51.012+0500][gc,cpu      ] GC(12) User=0.06s Sys=0.00s Real=0.03s
[2024-11-19T00:15:40.535+0500][gc,start    ] GC(13) Pause Young (Normal) (G1 Evacuation Pause)
[2024-11-19T00:15:40.535+0500][gc,task     ] GC(13) Using 2 workers of 2 for evacuation
[2024-11-19T00:15:40.584+0500][gc,mmu      ] GC(13) MMU target violated: 21.0ms (20.0ms/21.0ms)
[2024-11-19T00:15:40.584+0500][gc,phases   ] GC(13)   Pre Evacuate Collection Set: 1.4ms
[2024-11-19T00:15:40.584+0500][gc,phases   ] GC(13)   Merge Heap Roots: 0.2ms
[2024-11-19T00:15:40.584+0500][gc,phases   ] GC(13)   Evacuate Collection Set: 42.4ms
[2024-11-19T00:15:40.584+0500][gc,phases   ] GC(13)   Post Evacuate Collection Set: 4.7ms
[2024-11-19T00:15:40.584+0500][gc,phases   ] GC(13)   Other: 0.5ms
[2024-11-19T00:15:40.584+0500][gc,heap     ] GC(13) Eden regions: 45->0(47)
[2024-11-19T00:15:40.584+0500][gc,heap     ] GC(13) Survivor regions: 6->4(7)
[2024-11-19T00:15:40.584+0500][gc,heap     ] GC(13) Old regions: 25->27
[2024-11-19T00:15:40.584+0500][gc,heap     ] GC(13) Archive regions: 2->2
[2024-11-19T00:15:40.584+0500][gc,heap     ] GC(13) Humongous regions: 139->139
[2024-11-19T00:15:40.584+0500][gc,metaspace] GC(13) Metaspace: 45567K(46016K)->45567K(46016K) NonClass: 40258K(40512K)->40258K(40512K) Class: 5309K(5504K)->5309K(5504K)
[2024-11-19T00:15:40.584+0500][gc          ] GC(13) Pause Young (Normal) (G1 Evacuation Pause) 215M->170M(1024M) 49.080ms
[2024-11-19T00:15:40.584+0500][gc,cpu      ] GC(13) User=0.03s Sys=0.00s Real=0.05s
[2024-11-19T00:17:36.072+0500][gc,start    ] GC(14) Pause Young (Normal) (G1 Evacuation Pause)
[2024-11-19T00:17:36.072+0500][gc,task     ] GC(14) Using 2 workers of 2 for evacuation
[2024-11-19T00:17:36.100+0500][gc,mmu      ] GC(14) MMU target violated: 21.0ms (20.0ms/21.0ms)
[2024-11-19T00:17:36.100+0500][gc,phases   ] GC(14)   Pre Evacuate Collection Set: 0.8ms
[2024-11-19T00:17:36.100+0500][gc,phases   ] GC(14)   Merge Heap Roots: 0.1ms
[2024-11-19T00:17:36.100+0500][gc,phases   ] GC(14)   Evacuate Collection Set: 19.9ms
[2024-11-19T00:17:36.100+0500][gc,phases   ] GC(14)   Post Evacuate Collection Set: 5.2ms
[2024-11-19T00:17:36.100+0500][gc,phases   ] GC(14)   Other: 2.0ms
[2024-11-19T00:17:36.100+0500][gc,heap     ] GC(14) Eden regions: 47->0(44)
[2024-11-19T00:17:36.100+0500][gc,heap     ] GC(14) Survivor regions: 4->7(7)
[2024-11-19T00:17:36.100+0500][gc,heap     ] GC(14) Old regions: 27->27
[2024-11-19T00:17:36.100+0500][gc,heap     ] GC(14) Archive regions: 2->2
[2024-11-19T00:17:36.100+0500][gc,heap     ] GC(14) Humongous regions: 139->139
[2024-11-19T00:17:36.100+0500][gc,metaspace] GC(14) Metaspace: 45592K(46080K)->45592K(46080K) NonClass: 40283K(40576K)->40283K(40576K) Class: 5309K(5504K)->5309K(5504K)
[2024-11-19T00:17:36.100+0500][gc          ] GC(14) Pause Young (Normal) (G1 Evacuation Pause) 217M->173M(1024M) 28.063ms
[2024-11-19T00:17:36.100+0500][gc,cpu      ] GC(14) User=0.02s Sys=0.01s Real=0.03s
