[2024-11-18T23:08:57.361+0500][gc] Using G1
[2024-11-18T23:08:57.367+0500][gc,init] Version: 17.0.13+11-Debian-2deb12u1 (release)
[2024-11-18T23:08:57.367+0500][gc,init] CPUs: 2 total, 2 available
[2024-11-18T23:08:57.367+0500][gc,init] Memory: 3922M
[2024-11-18T23:08:57.367+0500][gc,init] Large Page Support: Disabled
[2024-11-18T23:08:57.367+0500][gc,init] NUMA Support: Disabled
[2024-11-18T23:08:57.367+0500][gc,init] Compressed Oops: Enabled (32-bit)
[2024-11-18T23:08:57.367+0500][gc,init] Heap Region Size: 1M
[2024-11-18T23:08:57.367+0500][gc,init] Heap Min Capacity: 1G
[2024-11-18T23:08:57.367+0500][gc,init] Heap Initial Capacity: 1G
[2024-11-18T23:08:57.367+0500][gc,init] Heap Max Capacity: 1G
[2024-11-18T23:08:57.367+0500][gc,init] Pre-touch: Disabled
[2024-11-18T23:08:57.367+0500][gc,init] Parallel Workers: 2
[2024-11-18T23:08:57.367+0500][gc,init] Concurrent Workers: 1
[2024-11-18T23:08:57.367+0500][gc,init] Concurrent Refinement Workers: 2
[2024-11-18T23:08:57.367+0500][gc,init] Periodic GC: Disabled
[2024-11-18T23:08:57.375+0500][gc,metaspace] CDS archive(s) mapped at: [0x000000b800000000-0x000000b800be0000-0x000000b800be0000), size 12451840, SharedBaseAddress: 0x000000b800000000, ArchiveRelocationMode: 1.
[2024-11-18T23:08:57.375+0500][gc,metaspace] Compressed class space mapped at: 0x000000b801000000-0x000000b841000000, reserved size: 1073741824
[2024-11-18T23:08:57.375+0500][gc,metaspace] Narrow klass base: 0x000000b800000000, Narrow klass shift: 0, Narrow klass range: 0x100000000
[2024-11-18T23:09:01.034+0500][gc,start    ] GC(0) Pause Young (Normal) (G1 Evacuation Pause)
[2024-11-18T23:09:01.044+0500][gc,task     ] GC(0) Using 2 workers of 2 for evacuation
[2024-11-18T23:09:01.066+0500][gc,mmu      ] GC(0) MMU target violated: 21.0ms (20.0ms/21.0ms)
[2024-11-18T23:09:01.066+0500][gc,phases   ] GC(0)   Pre Evacuate Collection Set: 1.8ms
[2024-11-18T23:09:01.066+0500][gc,phases   ] GC(0)   Merge Heap Roots: 0.0ms
[2024-11-18T23:09:01.066+0500][gc,phases   ] GC(0)   Evacuate Collection Set: 18.1ms
[2024-11-18T23:09:01.066+0500][gc,phases   ] GC(0)   Post Evacuate Collection Set: 1.5ms
[2024-11-18T23:09:01.066+0500][gc,phases   ] GC(0)   Other: 10.1ms
[2024-11-18T23:09:01.066+0500][gc,heap     ] GC(0) Eden regions: 51->0(44)
[2024-11-18T23:09:01.066+0500][gc,heap     ] GC(0) Survivor regions: 0->7(7)
[2024-11-18T23:09:01.066+0500][gc,heap     ] GC(0) Old regions: 0->2
[2024-11-18T23:09:01.066+0500][gc,heap     ] GC(0) Archive regions: 2->2
[2024-11-18T23:09:01.066+0500][gc,heap     ] GC(0) Humongous regions: 0->0
[2024-11-18T23:09:01.066+0500][gc,metaspace] GC(0) Metaspace: 18239K(18432K)->18239K(18432K) NonClass: 16152K(16256K)->16152K(16256K) Class: 2086K(2176K)->2086K(2176K)
[2024-11-18T23:09:01.066+0500][gc          ] GC(0) Pause Young (Normal) (G1 Evacuation Pause) 51M->9M(1024M) 31.624ms
[2024-11-18T23:09:01.066+0500][gc,cpu      ] GC(0) User=0.02s Sys=0.00s Real=0.03s
[2024-11-18T23:09:01.501+0500][gc,start    ] GC(1) Pause Young (Concurrent Start) (Metadata GC Threshold)
[2024-11-18T23:09:01.501+0500][gc,task     ] GC(1) Using 2 workers of 2 for evacuation
[2024-11-18T23:09:01.564+0500][gc,mmu      ] GC(1) MMU target violated: 21.0ms (20.0ms/21.0ms)
[2024-11-18T23:09:01.564+0500][gc,phases   ] GC(1)   Pre Evacuate Collection Set: 0.1ms
[2024-11-18T23:09:01.564+0500][gc,phases   ] GC(1)   Merge Heap Roots: 0.1ms
[2024-11-18T23:09:01.564+0500][gc,phases   ] GC(1)   Evacuate Collection Set: 62.4ms
[2024-11-18T23:09:01.564+0500][gc,phases   ] GC(1)   Post Evacuate Collection Set: 0.6ms
[2024-11-18T23:09:01.564+0500][gc,phases   ] GC(1)   Other: 0.2ms
[2024-11-18T23:09:01.564+0500][gc,heap     ] GC(1) Eden regions: 15->0(49)
[2024-11-18T23:09:01.564+0500][gc,heap     ] GC(1) Survivor regions: 7->2(7)
[2024-11-18T23:09:01.564+0500][gc,heap     ] GC(1) Old regions: 2->9
[2024-11-18T23:09:01.564+0500][gc,heap     ] GC(1) Archive regions: 2->2
[2024-11-18T23:09:01.564+0500][gc,heap     ] GC(1) Humongous regions: 0->0
[2024-11-18T23:09:01.564+0500][gc,metaspace] GC(1) Metaspace: 21311K(21504K)->21311K(21504K) NonClass: 18811K(18880K)->18811K(18880K) Class: 2499K(2624K)->2499K(2624K)
[2024-11-18T23:09:01.564+0500][gc          ] GC(1) Pause Young (Concurrent Start) (Metadata GC Threshold) 23M->11M(1024M) 63.422ms
[2024-11-18T23:09:01.564+0500][gc,cpu      ] GC(1) User=0.01s Sys=0.01s Real=0.07s
[2024-11-18T23:09:01.565+0500][gc          ] GC(2) Concurrent Mark Cycle
[2024-11-18T23:09:01.565+0500][gc,marking  ] GC(2) Concurrent Clear Claimed Marks
[2024-11-18T23:09:01.565+0500][gc,marking  ] GC(2) Concurrent Clear Claimed Marks 0.021ms
[2024-11-18T23:09:01.565+0500][gc,marking  ] GC(2) Concurrent Scan Root Regions
[2024-11-18T23:09:01.568+0500][gc,marking  ] GC(2) Concurrent Scan Root Regions 3.565ms
[2024-11-18T23:09:01.568+0500][gc,marking  ] GC(2) Concurrent Mark
[2024-11-18T23:09:01.568+0500][gc,marking  ] GC(2) Concurrent Mark From Roots
[2024-11-18T23:09:01.568+0500][gc,task     ] GC(2) Using 1 workers of 1 for marking
[2024-11-18T23:09:01.571+0500][gc,marking  ] GC(2) Concurrent Mark From Roots 3.116ms
[2024-11-18T23:09:01.571+0500][gc,marking  ] GC(2) Concurrent Preclean
[2024-11-18T23:09:01.571+0500][gc,marking  ] GC(2) Concurrent Preclean 0.029ms
[2024-11-18T23:09:01.573+0500][gc,start    ] GC(2) Pause Remark
[2024-11-18T23:09:01.580+0500][gc          ] GC(2) Pause Remark 11M->11M(1024M) 6.865ms
[2024-11-18T23:09:01.580+0500][gc,cpu      ] GC(2) User=0.00s Sys=0.00s Real=0.01s
[2024-11-18T23:09:01.580+0500][gc,marking  ] GC(2) Concurrent Mark 12.195ms
[2024-11-18T23:09:01.580+0500][gc,marking  ] GC(2) Concurrent Rebuild Remembered Sets
[2024-11-18T23:09:01.584+0500][gc,marking  ] GC(2) Concurrent Rebuild Remembered Sets 3.991ms
[2024-11-18T23:09:01.589+0500][gc,start    ] GC(2) Pause Cleanup
[2024-11-18T23:09:01.589+0500][gc          ] GC(2) Pause Cleanup 11M->11M(1024M) 0.076ms
[2024-11-18T23:09:01.589+0500][gc,cpu      ] GC(2) User=0.00s Sys=0.00s Real=0.00s
[2024-11-18T23:09:01.589+0500][gc,marking  ] GC(2) Concurrent Cleanup for Next Mark
[2024-11-18T23:09:01.593+0500][gc,marking  ] GC(2) Concurrent Cleanup for Next Mark 4.423ms
[2024-11-18T23:09:01.593+0500][gc          ] GC(2) Concurrent Mark Cycle 28.616ms
[2024-11-18T23:09:03.210+0500][gc,start    ] GC(3) Pause Young (Normal) (G1 Evacuation Pause)
[2024-11-18T23:09:03.210+0500][gc,task     ] GC(3) Using 2 workers of 2 for evacuation
[2024-11-18T23:09:03.218+0500][gc,phases   ] GC(3)   Pre Evacuate Collection Set: 0.1ms
[2024-11-18T23:09:03.218+0500][gc,phases   ] GC(3)   Merge Heap Roots: 0.0ms
[2024-11-18T23:09:03.218+0500][gc,phases   ] GC(3)   Evacuate Collection Set: 7.5ms
[2024-11-18T23:09:03.218+0500][gc,phases   ] GC(3)   Post Evacuate Collection Set: 0.4ms
[2024-11-18T23:09:03.218+0500][gc,phases   ] GC(3)   Other: 0.2ms
[2024-11-18T23:09:03.218+0500][gc,heap     ] GC(3) Eden regions: 49->0(47)
[2024-11-18T23:09:03.218+0500][gc,heap     ] GC(3) Survivor regions: 2->4(7)
[2024-11-18T23:09:03.218+0500][gc,heap     ] GC(3) Old regions: 9->9
[2024-11-18T23:09:03.218+0500][gc,heap     ] GC(3) Archive regions: 2->2
[2024-11-18T23:09:03.218+0500][gc,heap     ] GC(3) Humongous regions: 0->0
[2024-11-18T23:09:03.218+0500][gc,metaspace] GC(3) Metaspace: 31887K(32128K)->31887K(32128K) NonClass: 28080K(28224K)->28080K(28224K) Class: 3807K(3904K)->3807K(3904K)
[2024-11-18T23:09:03.218+0500][gc          ] GC(3) Pause Young (Normal) (G1 Evacuation Pause) 60M->13M(1024M) 8.292ms
[2024-11-18T23:09:03.218+0500][gc,cpu      ] GC(3) User=0.01s Sys=0.00s Real=0.01s
[2024-11-18T23:09:03.941+0500][gc,start    ] GC(4) Pause Young (Concurrent Start) (Metadata GC Threshold)
[2024-11-18T23:09:03.941+0500][gc,task     ] GC(4) Using 2 workers of 2 for evacuation
[2024-11-18T23:09:03.981+0500][gc,mmu      ] GC(4) MMU target violated: 21.0ms (20.0ms/21.0ms)
[2024-11-18T23:09:03.981+0500][gc,phases   ] GC(4)   Pre Evacuate Collection Set: 0.1ms
[2024-11-18T23:09:03.981+0500][gc,phases   ] GC(4)   Merge Heap Roots: 0.0ms
[2024-11-18T23:09:03.981+0500][gc,phases   ] GC(4)   Evacuate Collection Set: 38.6ms
[2024-11-18T23:09:03.981+0500][gc,phases   ] GC(4)   Post Evacuate Collection Set: 1.0ms
[2024-11-18T23:09:03.981+0500][gc,phases   ] GC(4)   Other: 0.2ms
[2024-11-18T23:09:03.981+0500][gc,heap     ] GC(4) Eden regions: 27->0(44)
[2024-11-18T23:09:03.981+0500][gc,heap     ] GC(4) Survivor regions: 4->7(7)
[2024-11-18T23:09:03.981+0500][gc,heap     ] GC(4) Old regions: 9->11
[2024-11-18T23:09:03.981+0500][gc,heap     ] GC(4) Archive regions: 2->2
[2024-11-18T23:09:03.981+0500][gc,heap     ] GC(4) Humongous regions: 9->9
[2024-11-18T23:09:03.981+0500][gc,metaspace] GC(4) Metaspace: 35602K(35968K)->35602K(35968K) NonClass: 31307K(31488K)->31307K(31488K) Class: 4294K(4480K)->4294K(4480K)
[2024-11-18T23:09:03.981+0500][gc          ] GC(4) Pause Young (Concurrent Start) (Metadata GC Threshold) 49M->26M(1024M) 40.012ms
[2024-11-18T23:09:03.981+0500][gc,cpu      ] GC(4) User=0.02s Sys=0.00s Real=0.04s
[2024-11-18T23:09:03.981+0500][gc          ] GC(5) Concurrent Mark Cycle
[2024-11-18T23:09:03.981+0500][gc,marking  ] GC(5) Concurrent Clear Claimed Marks
[2024-11-18T23:09:03.981+0500][gc,marking  ] GC(5) Concurrent Clear Claimed Marks 0.043ms
[2024-11-18T23:09:03.981+0500][gc,marking  ] GC(5) Concurrent Scan Root Regions
[2024-11-18T23:09:03.991+0500][gc,marking  ] GC(5) Concurrent Scan Root Regions 10.292ms
[2024-11-18T23:09:03.991+0500][gc,marking  ] GC(5) Concurrent Mark
[2024-11-18T23:09:03.991+0500][gc,marking  ] GC(5) Concurrent Mark From Roots
[2024-11-18T23:09:03.991+0500][gc,task     ] GC(5) Using 1 workers of 1 for marking
[2024-11-18T23:09:04.044+0500][gc,marking  ] GC(5) Concurrent Mark From Roots 52.819ms
[2024-11-18T23:09:04.044+0500][gc,marking  ] GC(5) Concurrent Preclean
[2024-11-18T23:09:04.044+0500][gc,marking  ] GC(5) Concurrent Preclean 0.079ms
[2024-11-18T23:09:04.058+0500][gc,start    ] GC(5) Pause Remark
[2024-11-18T23:09:04.063+0500][gc          ] GC(5) Pause Remark 30M->30M(1024M) 5.189ms
[2024-11-18T23:09:04.063+0500][gc,cpu      ] GC(5) User=0.01s Sys=0.00s Real=0.01s
[2024-11-18T23:09:04.066+0500][gc,marking  ] GC(5) Concurrent Mark 74.387ms
[2024-11-18T23:09:04.066+0500][gc,marking  ] GC(5) Concurrent Rebuild Remembered Sets
[2024-11-18T23:09:04.105+0500][gc,marking  ] GC(5) Concurrent Rebuild Remembered Sets 39.580ms
[2024-11-18T23:09:04.109+0500][gc,start    ] GC(5) Pause Cleanup
[2024-11-18T23:09:04.109+0500][gc          ] GC(5) Pause Cleanup 33M->33M(1024M) 0.145ms
[2024-11-18T23:09:04.109+0500][gc,cpu      ] GC(5) User=0.00s Sys=0.00s Real=0.00s
[2024-11-18T23:09:04.110+0500][gc,marking  ] GC(5) Concurrent Cleanup for Next Mark
[2024-11-18T23:09:04.139+0500][gc,marking  ] GC(5) Concurrent Cleanup for Next Mark 28.906ms
[2024-11-18T23:09:04.139+0500][gc          ] GC(5) Concurrent Mark Cycle 157.775ms
[2024-11-18T23:09:08.679+0500][gc,start    ] GC(6) Pause Young (Normal) (G1 Evacuation Pause)
[2024-11-18T23:09:08.680+0500][gc,task     ] GC(6) Using 2 workers of 2 for evacuation
[2024-11-18T23:09:08.954+0500][gc,mmu      ] GC(6) MMU target violated: 21.0ms (20.0ms/21.0ms)
[2024-11-18T23:09:08.954+0500][gc,phases   ] GC(6)   Pre Evacuate Collection Set: 3.1ms
[2024-11-18T23:09:08.954+0500][gc,phases   ] GC(6)   Merge Heap Roots: 0.1ms
[2024-11-18T23:09:08.954+0500][gc,phases   ] GC(6)   Evacuate Collection Set: 234.5ms
[2024-11-18T23:09:08.954+0500][gc,phases   ] GC(6)   Post Evacuate Collection Set: 24.2ms
[2024-11-18T23:09:08.954+0500][gc,phases   ] GC(6)   Other: 13.2ms
[2024-11-18T23:09:08.954+0500][gc,heap     ] GC(6) Eden regions: 44->0(46)
[2024-11-18T23:09:08.954+0500][gc,heap     ] GC(6) Survivor regions: 7->5(7)
[2024-11-18T23:09:08.954+0500][gc,heap     ] GC(6) Old regions: 11->16
[2024-11-18T23:09:08.954+0500][gc,heap     ] GC(6) Archive regions: 2->2
[2024-11-18T23:09:08.954+0500][gc,heap     ] GC(6) Humongous regions: 138->138
[2024-11-18T23:09:08.954+0500][gc,metaspace] GC(6) Metaspace: 41241K(41664K)->41241K(41664K) NonClass: 36282K(36544K)->36282K(36544K) Class: 4958K(5120K)->4958K(5120K)
[2024-11-18T23:09:08.954+0500][gc          ] GC(6) Pause Young (Normal) (G1 Evacuation Pause) 199M->158M(1024M) 275.466ms
[2024-11-18T23:09:08.955+0500][gc,cpu      ] GC(6) User=0.10s Sys=0.00s Real=0.28s
[2024-11-18T23:09:53.588+0500][gc,start    ] GC(7) Pause Young (Normal) (G1 Evacuation Pause)
[2024-11-18T23:09:53.588+0500][gc,task     ] GC(7) Using 2 workers of 2 for evacuation
[2024-11-18T23:09:53.627+0500][gc,mmu      ] GC(7) MMU target violated: 21.0ms (20.0ms/21.0ms)
[2024-11-18T23:09:53.627+0500][gc,phases   ] GC(7)   Pre Evacuate Collection Set: 2.6ms
[2024-11-18T23:09:53.627+0500][gc,phases   ] GC(7)   Merge Heap Roots: 0.1ms
[2024-11-18T23:09:53.627+0500][gc,phases   ] GC(7)   Evacuate Collection Set: 31.3ms
[2024-11-18T23:09:53.627+0500][gc,phases   ] GC(7)   Post Evacuate Collection Set: 5.0ms
[2024-11-18T23:09:53.627+0500][gc,phases   ] GC(7)   Other: 0.5ms
[2024-11-18T23:09:53.627+0500][gc,heap     ] GC(7) Eden regions: 46->0(48)
[2024-11-18T23:09:53.627+0500][gc,heap     ] GC(7) Survivor regions: 5->3(7)
[2024-11-18T23:09:53.627+0500][gc,heap     ] GC(7) Old regions: 16->20
[2024-11-18T23:09:53.627+0500][gc,heap     ] GC(7) Archive regions: 2->2
[2024-11-18T23:09:53.627+0500][gc,heap     ] GC(7) Humongous regions: 144->138
[2024-11-18T23:09:53.627+0500][gc,metaspace] GC(7) Metaspace: 44311K(44800K)->44311K(44800K) NonClass: 38938K(39232K)->38938K(39232K) Class: 5372K(5568K)->5372K(5568K)
[2024-11-18T23:09:53.627+0500][gc          ] GC(7) Pause Young (Normal) (G1 Evacuation Pause) 210M->161M(1024M) 39.492ms
[2024-11-18T23:09:53.627+0500][gc,cpu      ] GC(7) User=0.05s Sys=0.01s Real=0.04s
[2024-11-18T23:11:06.747+0500][gc,start    ] GC(8) Pause Young (Normal) (G1 Evacuation Pause)
[2024-11-18T23:11:06.747+0500][gc,task     ] GC(8) Using 2 workers of 2 for evacuation
[2024-11-18T23:11:06.784+0500][gc,mmu      ] GC(8) MMU target violated: 21.0ms (20.0ms/21.0ms)
[2024-11-18T23:11:06.784+0500][gc,phases   ] GC(8)   Pre Evacuate Collection Set: 6.5ms
[2024-11-18T23:11:06.784+0500][gc,phases   ] GC(8)   Merge Heap Roots: 0.2ms
[2024-11-18T23:11:06.784+0500][gc,phases   ] GC(8)   Evacuate Collection Set: 25.3ms
[2024-11-18T23:11:06.784+0500][gc,phases   ] GC(8)   Post Evacuate Collection Set: 2.6ms
[2024-11-18T23:11:06.784+0500][gc,phases   ] GC(8)   Other: 2.2ms
[2024-11-18T23:11:06.784+0500][gc,heap     ] GC(8) Eden regions: 48->0(44)
[2024-11-18T23:11:06.784+0500][gc,heap     ] GC(8) Survivor regions: 3->7(7)
[2024-11-18T23:11:06.784+0500][gc,heap     ] GC(8) Old regions: 20->20
[2024-11-18T23:11:06.784+0500][gc,heap     ] GC(8) Archive regions: 2->2
[2024-11-18T23:11:06.784+0500][gc,heap     ] GC(8) Humongous regions: 138->138
[2024-11-18T23:11:06.784+0500][gc,metaspace] GC(8) Metaspace: 44966K(45440K)->44966K(45440K) NonClass: 39590K(39872K)->39590K(39872K) Class: 5375K(5568K)->5375K(5568K)
[2024-11-18T23:11:06.784+0500][gc          ] GC(8) Pause Young (Normal) (G1 Evacuation Pause) 209M->164M(1024M) 36.838ms
[2024-11-18T23:11:06.784+0500][gc,cpu      ] GC(8) User=0.06s Sys=0.00s Real=0.04s
[2024-11-18T23:12:14.883+0500][gc,start    ] GC(9) Pause Young (Normal) (G1 Evacuation Pause)
[2024-11-18T23:12:14.884+0500][gc,task     ] GC(9) Using 2 workers of 2 for evacuation
[2024-11-18T23:12:14.917+0500][gc,mmu      ] GC(9) MMU target violated: 21.0ms (20.0ms/21.0ms)
[2024-11-18T23:12:14.917+0500][gc,phases   ] GC(9)   Pre Evacuate Collection Set: 2.6ms
[2024-11-18T23:12:14.917+0500][gc,phases   ] GC(9)   Merge Heap Roots: 0.5ms
[2024-11-18T23:12:14.917+0500][gc,phases   ] GC(9)   Evacuate Collection Set: 27.5ms
[2024-11-18T23:12:14.917+0500][gc,phases   ] GC(9)   Post Evacuate Collection Set: 1.7ms
[2024-11-18T23:12:14.917+0500][gc,phases   ] GC(9)   Other: 2.0ms
[2024-11-18T23:12:14.917+0500][gc,heap     ] GC(9) Eden regions: 44->0(47)
[2024-11-18T23:12:14.917+0500][gc,heap     ] GC(9) Survivor regions: 7->4(7)
[2024-11-18T23:12:14.917+0500][gc,heap     ] GC(9) Old regions: 20->26
[2024-11-18T23:12:14.917+0500][gc,heap     ] GC(9) Archive regions: 2->2
[2024-11-18T23:12:14.917+0500][gc,heap     ] GC(9) Humongous regions: 138->138
[2024-11-18T23:12:14.917+0500][gc,metaspace] GC(9) Metaspace: 45301K(45760K)->45301K(45760K) NonClass: 39922K(40192K)->39922K(40192K) Class: 5379K(5568K)->5379K(5568K)
[2024-11-18T23:12:14.917+0500][gc          ] GC(9) Pause Young (Normal) (G1 Evacuation Pause) 208M->168M(1024M) 34.190ms
[2024-11-18T23:12:14.917+0500][gc,cpu      ] GC(9) User=0.06s Sys=0.00s Real=0.03s
[2024-11-18T23:13:31.618+0500][gc,start    ] GC(10) Pause Young (Normal) (G1 Evacuation Pause)
[2024-11-18T23:13:31.618+0500][gc,task     ] GC(10) Using 2 workers of 2 for evacuation
[2024-11-18T23:13:31.625+0500][gc,phases   ] GC(10)   Pre Evacuate Collection Set: 0.8ms
[2024-11-18T23:13:31.625+0500][gc,phases   ] GC(10)   Merge Heap Roots: 0.2ms
[2024-11-18T23:13:31.625+0500][gc,phases   ] GC(10)   Evacuate Collection Set: 5.1ms
[2024-11-18T23:13:31.625+0500][gc,phases   ] GC(10)   Post Evacuate Collection Set: 0.7ms
[2024-11-18T23:13:31.625+0500][gc,phases   ] GC(10)   Other: 0.1ms
[2024-11-18T23:13:31.625+0500][gc,heap     ] GC(10) Eden regions: 47->0(49)
[2024-11-18T23:13:31.625+0500][gc,heap     ] GC(10) Survivor regions: 4->2(7)
[2024-11-18T23:13:31.625+0500][gc,heap     ] GC(10) Old regions: 26->28
[2024-11-18T23:13:31.625+0500][gc,heap     ] GC(10) Archive regions: 2->2
[2024-11-18T23:13:31.625+0500][gc,heap     ] GC(10) Humongous regions: 138->138
[2024-11-18T23:13:31.625+0500][gc,metaspace] GC(10) Metaspace: 45786K(46336K)->45786K(46336K) NonClass: 40341K(40640K)->40341K(40640K) Class: 5445K(5696K)->5445K(5696K)
[2024-11-18T23:13:31.625+0500][gc          ] GC(10) Pause Young (Normal) (G1 Evacuation Pause) 215M->168M(1024M) 6.930ms
[2024-11-18T23:13:31.625+0500][gc,cpu      ] GC(10) User=0.02s Sys=0.00s Real=0.01s
[2024-11-18T23:14:50.189+0500][gc,start    ] GC(11) Pause Young (Normal) (G1 Evacuation Pause)
[2024-11-18T23:14:50.190+0500][gc,task     ] GC(11) Using 2 workers of 2 for evacuation
[2024-11-18T23:14:50.205+0500][gc,phases   ] GC(11)   Pre Evacuate Collection Set: 1.1ms
[2024-11-18T23:14:50.205+0500][gc,phases   ] GC(11)   Merge Heap Roots: 0.3ms
[2024-11-18T23:14:50.205+0500][gc,phases   ] GC(11)   Evacuate Collection Set: 12.7ms
[2024-11-18T23:14:50.205+0500][gc,phases   ] GC(11)   Post Evacuate Collection Set: 1.0ms
[2024-11-18T23:14:50.205+0500][gc,phases   ] GC(11)   Other: 0.6ms
[2024-11-18T23:14:50.205+0500][gc,heap     ] GC(11) Eden regions: 49->0(45)
[2024-11-18T23:14:50.205+0500][gc,heap     ] GC(11) Survivor regions: 2->6(7)
[2024-11-18T23:14:50.205+0500][gc,heap     ] GC(11) Old regions: 28->28
[2024-11-18T23:14:50.205+0500][gc,heap     ] GC(11) Archive regions: 2->2
[2024-11-18T23:14:50.205+0500][gc,heap     ] GC(11) Humongous regions: 138->138
[2024-11-18T23:14:50.205+0500][gc,metaspace] GC(11) Metaspace: 47017K(47552K)->47017K(47552K) NonClass: 41348K(41664K)->41348K(41664K) Class: 5668K(5888K)->5668K(5888K)
[2024-11-18T23:14:50.205+0500][gc          ] GC(11) Pause Young (Normal) (G1 Evacuation Pause) 217M->172M(1024M) 15.702ms
[2024-11-18T23:14:50.205+0500][gc,cpu      ] GC(11) User=0.02s Sys=0.00s Real=0.02s
[2024-11-18T23:16:36.558+0500][gc,start    ] GC(12) Pause Young (Normal) (G1 Evacuation Pause)
[2024-11-18T23:16:36.559+0500][gc,task     ] GC(12) Using 2 workers of 2 for evacuation
[2024-11-18T23:16:36.621+0500][gc,mmu      ] GC(12) MMU target violated: 21.0ms (20.0ms/21.0ms)
[2024-11-18T23:16:36.621+0500][gc,phases   ] GC(12)   Pre Evacuate Collection Set: 6.9ms
[2024-11-18T23:16:36.621+0500][gc,phases   ] GC(12)   Merge Heap Roots: 0.7ms
[2024-11-18T23:16:36.621+0500][gc,phases   ] GC(12)   Evacuate Collection Set: 48.3ms
[2024-11-18T23:16:36.621+0500][gc,phases   ] GC(12)   Post Evacuate Collection Set: 3.0ms
[2024-11-18T23:16:36.621+0500][gc,phases   ] GC(12)   Other: 4.0ms
[2024-11-18T23:16:36.621+0500][gc,heap     ] GC(12) Eden regions: 45->0(47)
[2024-11-18T23:16:36.621+0500][gc,heap     ] GC(12) Survivor regions: 6->4(7)
[2024-11-18T23:16:36.621+0500][gc,heap     ] GC(12) Old regions: 28->33
[2024-11-18T23:16:36.621+0500][gc,heap     ] GC(12) Archive regions: 2->2
[2024-11-18T23:16:36.621+0500][gc,heap     ] GC(12) Humongous regions: 138->138
[2024-11-18T23:16:36.621+0500][gc,metaspace] GC(12) Metaspace: 47170K(47744K)->47170K(47744K) NonClass: 41501K(41856K)->41501K(41856K) Class: 5668K(5888K)->5668K(5888K)
[2024-11-18T23:16:36.621+0500][gc          ] GC(12) Pause Young (Normal) (G1 Evacuation Pause) 217M->175M(1024M) 62.701ms
[2024-11-18T23:16:36.621+0500][gc,cpu      ] GC(12) User=0.10s Sys=0.01s Real=0.06s
[2024-11-18T23:18:34.764+0500][gc,start    ] GC(13) Pause Young (Normal) (G1 Evacuation Pause)
[2024-11-18T23:18:34.764+0500][gc,task     ] GC(13) Using 2 workers of 2 for evacuation
[2024-11-18T23:18:34.791+0500][gc,mmu      ] GC(13) MMU target violated: 21.0ms (20.0ms/21.0ms)
[2024-11-18T23:18:34.791+0500][gc,phases   ] GC(13)   Pre Evacuate Collection Set: 3.0ms
[2024-11-18T23:18:34.791+0500][gc,phases   ] GC(13)   Merge Heap Roots: 0.3ms
[2024-11-18T23:18:34.791+0500][gc,phases   ] GC(13)   Evacuate Collection Set: 20.7ms
[2024-11-18T23:18:34.791+0500][gc,phases   ] GC(13)   Post Evacuate Collection Set: 2.3ms
[2024-11-18T23:18:34.791+0500][gc,phases   ] GC(13)   Other: 0.7ms
[2024-11-18T23:18:34.791+0500][gc,heap     ] GC(13) Eden regions: 47->0(46)
[2024-11-18T23:18:34.791+0500][gc,heap     ] GC(13) Survivor regions: 4->5(7)
[2024-11-18T23:18:34.791+0500][gc,heap     ] GC(13) Old regions: 33->33
[2024-11-18T23:18:34.791+0500][gc,heap     ] GC(13) Archive regions: 2->2
[2024-11-18T23:18:34.791+0500][gc,heap     ] GC(13) Humongous regions: 138->138
[2024-11-18T23:18:34.791+0500][gc,metaspace] GC(13) Metaspace: 47211K(47744K)->47211K(47744K) NonClass: 41541K(41856K)->41541K(41856K) Class: 5669K(5888K)->5669K(5888K)
[2024-11-18T23:18:34.791+0500][gc          ] GC(13) Pause Young (Normal) (G1 Evacuation Pause) 222M->176M(1024M) 26.913ms
[2024-11-18T23:18:34.791+0500][gc,cpu      ] GC(13) User=0.05s Sys=0.00s Real=0.02s
[2024-11-18T23:20:31.701+0500][gc,start    ] GC(14) Pause Young (Normal) (G1 Evacuation Pause)
[2024-11-18T23:20:31.702+0500][gc,task     ] GC(14) Using 2 workers of 2 for evacuation
[2024-11-18T23:20:31.743+0500][gc,mmu      ] GC(14) MMU target violated: 21.0ms (20.0ms/21.0ms)
[2024-11-18T23:20:31.743+0500][gc,phases   ] GC(14)   Pre Evacuate Collection Set: 2.1ms
[2024-11-18T23:20:31.743+0500][gc,phases   ] GC(14)   Merge Heap Roots: 0.8ms
[2024-11-18T23:20:31.743+0500][gc,phases   ] GC(14)   Evacuate Collection Set: 33.9ms
[2024-11-18T23:20:31.743+0500][gc,phases   ] GC(14)   Post Evacuate Collection Set: 3.3ms
[2024-11-18T23:20:31.743+0500][gc,phases   ] GC(14)   Other: 1.7ms
[2024-11-18T23:20:31.743+0500][gc,heap     ] GC(14) Eden regions: 46->0(44)
[2024-11-18T23:20:31.743+0500][gc,heap     ] GC(14) Survivor regions: 5->7(7)
[2024-11-18T23:20:31.743+0500][gc,heap     ] GC(14) Old regions: 33->35
[2024-11-18T23:20:31.743+0500][gc,heap     ] GC(14) Archive regions: 2->2
[2024-11-18T23:20:31.743+0500][gc,heap     ] GC(14) Humongous regions: 138->138
[2024-11-18T23:20:31.743+0500][gc,metaspace] GC(14) Metaspace: 47289K(47808K)->47289K(47808K) NonClass: 41603K(41920K)->41603K(41920K) Class: 5686K(5888K)->5686K(5888K)
[2024-11-18T23:20:31.743+0500][gc          ] GC(14) Pause Young (Normal) (G1 Evacuation Pause) 222M->180M(1024M) 41.913ms
[2024-11-18T23:20:31.743+0500][gc,cpu      ] GC(14) User=0.06s Sys=0.01s Real=0.05s
[2024-11-18T23:22:24.884+0500][gc,start    ] GC(15) Pause Young (Normal) (G1 Evacuation Pause)
[2024-11-18T23:22:24.884+0500][gc,task     ] GC(15) Using 2 workers of 2 for evacuation
[2024-11-18T23:22:24.916+0500][gc,mmu      ] GC(15) MMU target violated: 21.0ms (20.0ms/21.0ms)
[2024-11-18T23:22:24.916+0500][gc,phases   ] GC(15)   Pre Evacuate Collection Set: 1.7ms
[2024-11-18T23:22:24.916+0500][gc,phases   ] GC(15)   Merge Heap Roots: 0.3ms
[2024-11-18T23:22:24.916+0500][gc,phases   ] GC(15)   Evacuate Collection Set: 26.8ms
[2024-11-18T23:22:24.916+0500][gc,phases   ] GC(15)   Post Evacuate Collection Set: 2.8ms
[2024-11-18T23:22:24.916+0500][gc,phases   ] GC(15)   Other: 0.7ms
[2024-11-18T23:22:24.916+0500][gc,heap     ] GC(15) Eden regions: 44->0(48)
[2024-11-18T23:22:24.916+0500][gc,heap     ] GC(15) Survivor regions: 7->3(7)
[2024-11-18T23:22:24.916+0500][gc,heap     ] GC(15) Old regions: 35->39
[2024-11-18T23:22:24.916+0500][gc,heap     ] GC(15) Archive regions: 2->2
[2024-11-18T23:22:24.916+0500][gc,heap     ] GC(15) Humongous regions: 138->138
[2024-11-18T23:22:24.916+0500][gc,metaspace] GC(15) Metaspace: 47358K(47872K)->47358K(47872K) NonClass: 41672K(41984K)->41672K(41984K) Class: 5686K(5888K)->5686K(5888K)
[2024-11-18T23:22:24.916+0500][gc          ] GC(15) Pause Young (Normal) (G1 Evacuation Pause) 224M->179M(1024M) 32.195ms
[2024-11-18T23:22:24.916+0500][gc,cpu      ] GC(15) User=0.06s Sys=0.00s Real=0.03s
[2024-11-18T23:24:30.574+0500][gc,start    ] GC(16) Pause Young (Normal) (G1 Evacuation Pause)
[2024-11-18T23:24:30.574+0500][gc,task     ] GC(16) Using 2 workers of 2 for evacuation
[2024-11-18T23:24:30.607+0500][gc,mmu      ] GC(16) MMU target violated: 21.0ms (20.0ms/21.0ms)
[2024-11-18T23:24:30.607+0500][gc,phases   ] GC(16)   Pre Evacuate Collection Set: 3.6ms
[2024-11-18T23:24:30.607+0500][gc,phases   ] GC(16)   Merge Heap Roots: 0.4ms
[2024-11-18T23:24:30.607+0500][gc,phases   ] GC(16)   Evacuate Collection Set: 24.4ms
[2024-11-18T23:24:30.607+0500][gc,phases   ] GC(16)   Post Evacuate Collection Set: 2.9ms
[2024-11-18T23:24:30.607+0500][gc,phases   ] GC(16)   Other: 1.7ms
[2024-11-18T23:24:30.607+0500][gc,heap     ] GC(16) Eden regions: 48->0(44)
[2024-11-18T23:24:30.607+0500][gc,heap     ] GC(16) Survivor regions: 3->7(7)
[2024-11-18T23:24:30.607+0500][gc,heap     ] GC(16) Old regions: 39->39
[2024-11-18T23:24:30.607+0500][gc,heap     ] GC(16) Archive regions: 2->2
[2024-11-18T23:24:30.607+0500][gc,heap     ] GC(16) Humongous regions: 138->138
[2024-11-18T23:24:30.607+0500][gc,metaspace] GC(16) Metaspace: 47363K(47872K)->47363K(47872K) NonClass: 41676K(41984K)->41676K(41984K) Class: 5686K(5888K)->5686K(5888K)
[2024-11-18T23:24:30.607+0500][gc          ] GC(16) Pause Young (Normal) (G1 Evacuation Pause) 227M->183M(1024M) 32.795ms
[2024-11-18T23:24:30.607+0500][gc,cpu      ] GC(16) User=0.05s Sys=0.00s Real=0.03s
[2024-11-18T23:26:24.744+0500][gc,start    ] GC(17) Pause Young (Normal) (G1 Evacuation Pause)
[2024-11-18T23:26:24.744+0500][gc,task     ] GC(17) Using 2 workers of 2 for evacuation
[2024-11-18T23:26:24.767+0500][gc,mmu      ] GC(17) MMU target violated: 21.0ms (20.0ms/21.0ms)
[2024-11-18T23:26:24.767+0500][gc,phases   ] GC(17)   Pre Evacuate Collection Set: 2.5ms
[2024-11-18T23:26:24.767+0500][gc,phases   ] GC(17)   Merge Heap Roots: 0.3ms
[2024-11-18T23:26:24.767+0500][gc,phases   ] GC(17)   Evacuate Collection Set: 18.7ms
[2024-11-18T23:26:24.767+0500][gc,phases   ] GC(17)   Post Evacuate Collection Set: 1.4ms
[2024-11-18T23:26:24.767+0500][gc,phases   ] GC(17)   Other: 0.5ms
[2024-11-18T23:26:24.767+0500][gc,heap     ] GC(17) Eden regions: 44->0(48)
[2024-11-18T23:26:24.767+0500][gc,heap     ] GC(17) Survivor regions: 7->3(7)
[2024-11-18T23:26:24.767+0500][gc,heap     ] GC(17) Old regions: 39->42
[2024-11-18T23:26:24.767+0500][gc,heap     ] GC(17) Archive regions: 2->2
[2024-11-18T23:26:24.767+0500][gc,heap     ] GC(17) Humongous regions: 138->138
[2024-11-18T23:26:24.767+0500][gc,metaspace] GC(17) Metaspace: 47368K(47872K)->47368K(47872K) NonClass: 41680K(41984K)->41680K(41984K) Class: 5687K(5888K)->5687K(5888K)
[2024-11-18T23:26:24.767+0500][gc          ] GC(17) Pause Young (Normal) (G1 Evacuation Pause) 227M->183M(1024M) 23.291ms
[2024-11-18T23:26:24.767+0500][gc,cpu      ] GC(17) User=0.03s Sys=0.01s Real=0.02s
[2024-11-18T23:28:29.882+0500][gc,start    ] GC(18) Pause Young (Normal) (G1 Evacuation Pause)
[2024-11-18T23:28:29.882+0500][gc,task     ] GC(18) Using 2 workers of 2 for evacuation
[2024-11-18T23:28:29.933+0500][gc,mmu      ] GC(18) MMU target violated: 21.0ms (20.0ms/21.0ms)
[2024-11-18T23:28:29.933+0500][gc,phases   ] GC(18)   Pre Evacuate Collection Set: 5.2ms
[2024-11-18T23:28:29.933+0500][gc,phases   ] GC(18)   Merge Heap Roots: 0.9ms
[2024-11-18T23:28:29.933+0500][gc,phases   ] GC(18)   Evacuate Collection Set: 41.5ms
[2024-11-18T23:28:29.933+0500][gc,phases   ] GC(18)   Post Evacuate Collection Set: 2.7ms
[2024-11-18T23:28:29.933+0500][gc,phases   ] GC(18)   Other: 1.4ms
[2024-11-18T23:28:29.933+0500][gc,heap     ] GC(18) Eden regions: 48->0(45)
[2024-11-18T23:28:29.933+0500][gc,heap     ] GC(18) Survivor regions: 3->6(7)
[2024-11-18T23:28:29.933+0500][gc,heap     ] GC(18) Old regions: 42->42
[2024-11-18T23:28:29.933+0500][gc,heap     ] GC(18) Archive regions: 2->2
[2024-11-18T23:28:29.933+0500][gc,heap     ] GC(18) Humongous regions: 138->138
[2024-11-18T23:28:29.933+0500][gc,metaspace] GC(18) Metaspace: 47379K(47936K)->47379K(47936K) NonClass: 41692K(42048K)->41692K(42048K) Class: 5687K(5888K)->5687K(5888K)
[2024-11-18T23:28:29.933+0500][gc          ] GC(18) Pause Young (Normal) (G1 Evacuation Pause) 231M->186M(1024M) 51.517ms
[2024-11-18T23:28:29.933+0500][gc,cpu      ] GC(18) User=0.09s Sys=0.00s Real=0.04s
[2024-11-18T23:30:26.515+0500][gc,start    ] GC(19) Pause Young (Normal) (G1 Evacuation Pause)
[2024-11-18T23:30:26.515+0500][gc,task     ] GC(19) Using 2 workers of 2 for evacuation
[2024-11-18T23:30:26.553+0500][gc,mmu      ] GC(19) MMU target violated: 21.0ms (20.0ms/21.0ms)
[2024-11-18T23:30:26.553+0500][gc,phases   ] GC(19)   Pre Evacuate Collection Set: 4.5ms
[2024-11-18T23:30:26.553+0500][gc,phases   ] GC(19)   Merge Heap Roots: 0.3ms
[2024-11-18T23:30:26.553+0500][gc,phases   ] GC(19)   Evacuate Collection Set: 29.4ms
[2024-11-18T23:30:26.553+0500][gc,phases   ] GC(19)   Post Evacuate Collection Set: 3.2ms
[2024-11-18T23:30:26.553+0500][gc,phases   ] GC(19)   Other: 1.1ms
[2024-11-18T23:30:26.553+0500][gc,heap     ] GC(19) Eden regions: 45->0(48)
[2024-11-18T23:30:26.553+0500][gc,heap     ] GC(19) Survivor regions: 6->3(7)
[2024-11-18T23:30:26.553+0500][gc,heap     ] GC(19) Old regions: 42->45
[2024-11-18T23:30:26.553+0500][gc,heap     ] GC(19) Archive regions: 2->2
[2024-11-18T23:30:26.553+0500][gc,heap     ] GC(19) Humongous regions: 138->138
[2024-11-18T23:30:26.553+0500][gc,metaspace] GC(19) Metaspace: 47388K(47936K)->47388K(47936K) NonClass: 41700K(42048K)->41700K(42048K) Class: 5687K(5888K)->5687K(5888K)
[2024-11-18T23:30:26.553+0500][gc          ] GC(19) Pause Young (Normal) (G1 Evacuation Pause) 231M->186M(1024M) 38.304ms
[2024-11-18T23:30:26.553+0500][gc,cpu      ] GC(19) User=0.07s Sys=0.00s Real=0.03s
