[2024-11-18T18:26:38.902+0500][gc] Using G1
[2024-11-18T18:26:38.907+0500][gc,init] Version: 17.0.13+11-Debian-2deb12u1 (release)
[2024-11-18T18:26:38.907+0500][gc,init] CPUs: 2 total, 2 available
[2024-11-18T18:26:38.907+0500][gc,init] Memory: 3922M
[2024-11-18T18:26:38.907+0500][gc,init] Large Page Support: Disabled
[2024-11-18T18:26:38.907+0500][gc,init] NUMA Support: Disabled
[2024-11-18T18:26:38.907+0500][gc,init] Compressed Oops: Enabled (32-bit)
[2024-11-18T18:26:38.907+0500][gc,init] Heap Region Size: 1M
[2024-11-18T18:26:38.907+0500][gc,init] Heap Min Capacity: 1G
[2024-11-18T18:26:38.907+0500][gc,init] Heap Initial Capacity: 1G
[2024-11-18T18:26:38.907+0500][gc,init] Heap Max Capacity: 1G
[2024-11-18T18:26:38.907+0500][gc,init] Pre-touch: Disabled
[2024-11-18T18:26:38.907+0500][gc,init] Parallel Workers: 2
[2024-11-18T18:26:38.907+0500][gc,init] Concurrent Workers: 1
[2024-11-18T18:26:38.907+0500][gc,init] Concurrent Refinement Workers: 2
[2024-11-18T18:26:38.907+0500][gc,init] Periodic GC: Disabled
[2024-11-18T18:26:38.911+0500][gc,metaspace] CDS archive(s) mapped at: [0x0000004800000000-0x0000004800be0000-0x0000004800be0000), size 12451840, SharedBaseAddress: 0x0000004800000000, ArchiveRelocationMode: 1.
[2024-11-18T18:26:38.911+0500][gc,metaspace] Compressed class space mapped at: 0x0000004801000000-0x0000004841000000, reserved size: 1073741824
[2024-11-18T18:26:38.911+0500][gc,metaspace] Narrow klass base: 0x0000004800000000, Narrow klass shift: 0, Narrow klass range: 0x100000000
[2024-11-18T18:26:39.789+0500][gc,start    ] GC(0) Pause Young (Normal) (G1 Evacuation Pause)
[2024-11-18T18:26:39.793+0500][gc,task     ] GC(0) Using 2 workers of 2 for evacuation
[2024-11-18T18:26:39.799+0500][gc,phases   ] GC(0)   Pre Evacuate Collection Set: 0.1ms
[2024-11-18T18:26:39.799+0500][gc,phases   ] GC(0)   Merge Heap Roots: 0.1ms
[2024-11-18T18:26:39.799+0500][gc,phases   ] GC(0)   Evacuate Collection Set: 5.4ms
[2024-11-18T18:26:39.799+0500][gc,phases   ] GC(0)   Post Evacuate Collection Set: 0.2ms
[2024-11-18T18:26:39.799+0500][gc,phases   ] GC(0)   Other: 4.1ms
[2024-11-18T18:26:39.799+0500][gc,heap     ] GC(0) Eden regions: 51->0(44)
[2024-11-18T18:26:39.799+0500][gc,heap     ] GC(0) Survivor regions: 0->7(7)
[2024-11-18T18:26:39.799+0500][gc,heap     ] GC(0) Old regions: 0->2
[2024-11-18T18:26:39.799+0500][gc,heap     ] GC(0) Archive regions: 2->2
[2024-11-18T18:26:39.799+0500][gc,heap     ] GC(0) Humongous regions: 0->0
[2024-11-18T18:26:39.799+0500][gc,metaspace] GC(0) Metaspace: 18068K(18240K)->18068K(18240K) NonClass: 15994K(16064K)->15994K(16064K) Class: 2073K(2176K)->2073K(2176K)
[2024-11-18T18:26:39.799+0500][gc          ] GC(0) Pause Young (Normal) (G1 Evacuation Pause) 51M->9M(1024M) 9.968ms
[2024-11-18T18:26:39.799+0500][gc,cpu      ] GC(0) User=0.01s Sys=0.01s Real=0.01s
[2024-11-18T18:26:39.972+0500][gc,start    ] GC(1) Pause Young (Concurrent Start) (Metadata GC Threshold)
[2024-11-18T18:26:39.972+0500][gc,task     ] GC(1) Using 2 workers of 2 for evacuation
[2024-11-18T18:26:39.979+0500][gc,phases   ] GC(1)   Pre Evacuate Collection Set: 0.1ms
[2024-11-18T18:26:39.979+0500][gc,phases   ] GC(1)   Merge Heap Roots: 0.0ms
[2024-11-18T18:26:39.979+0500][gc,phases   ] GC(1)   Evacuate Collection Set: 6.0ms
[2024-11-18T18:26:39.979+0500][gc,phases   ] GC(1)   Post Evacuate Collection Set: 0.2ms
[2024-11-18T18:26:39.979+0500][gc,phases   ] GC(1)   Other: 0.1ms
[2024-11-18T18:26:39.979+0500][gc,heap     ] GC(1) Eden regions: 14->0(49)
[2024-11-18T18:26:39.979+0500][gc,heap     ] GC(1) Survivor regions: 7->2(7)
[2024-11-18T18:26:39.979+0500][gc,heap     ] GC(1) Old regions: 2->9
[2024-11-18T18:26:39.979+0500][gc,heap     ] GC(1) Archive regions: 2->2
[2024-11-18T18:26:39.979+0500][gc,heap     ] GC(1) Humongous regions: 0->0
[2024-11-18T18:26:39.979+0500][gc,metaspace] GC(1) Metaspace: 21362K(21504K)->21362K(21504K) NonClass: 18866K(18944K)->18866K(18944K) Class: 2495K(2560K)->2495K(2560K)
[2024-11-18T18:26:39.979+0500][gc          ] GC(1) Pause Young (Concurrent Start) (Metadata GC Threshold) 23M->11M(1024M) 6.490ms
[2024-11-18T18:26:39.979+0500][gc,cpu      ] GC(1) User=0.01s Sys=0.01s Real=0.00s
[2024-11-18T18:26:39.979+0500][gc          ] GC(2) Concurrent Mark Cycle
[2024-11-18T18:26:39.979+0500][gc,marking  ] GC(2) Concurrent Clear Claimed Marks
[2024-11-18T18:26:39.979+0500][gc,marking  ] GC(2) Concurrent Clear Claimed Marks 0.005ms
[2024-11-18T18:26:39.979+0500][gc,marking  ] GC(2) Concurrent Scan Root Regions
[2024-11-18T18:26:39.980+0500][gc,marking  ] GC(2) Concurrent Scan Root Regions 1.711ms
[2024-11-18T18:26:39.980+0500][gc,marking  ] GC(2) Concurrent Mark
[2024-11-18T18:26:39.980+0500][gc,marking  ] GC(2) Concurrent Mark From Roots
[2024-11-18T18:26:39.980+0500][gc,task     ] GC(2) Using 1 workers of 1 for marking
[2024-11-18T18:26:39.982+0500][gc,marking  ] GC(2) Concurrent Mark From Roots 1.725ms
[2024-11-18T18:26:39.982+0500][gc,marking  ] GC(2) Concurrent Preclean
[2024-11-18T18:26:39.982+0500][gc,marking  ] GC(2) Concurrent Preclean 0.016ms
[2024-11-18T18:26:39.982+0500][gc,start    ] GC(2) Pause Remark
[2024-11-18T18:26:39.983+0500][gc          ] GC(2) Pause Remark 11M->11M(1024M) 1.050ms
[2024-11-18T18:26:39.983+0500][gc,cpu      ] GC(2) User=0.00s Sys=0.00s Real=0.00s
[2024-11-18T18:26:39.983+0500][gc,marking  ] GC(2) Concurrent Mark 2.910ms
[2024-11-18T18:26:39.983+0500][gc,marking  ] GC(2) Concurrent Rebuild Remembered Sets
[2024-11-18T18:26:39.986+0500][gc,marking  ] GC(2) Concurrent Rebuild Remembered Sets 2.292ms
[2024-11-18T18:26:39.986+0500][gc,start    ] GC(2) Pause Cleanup
[2024-11-18T18:26:39.986+0500][gc          ] GC(2) Pause Cleanup 11M->11M(1024M) 0.061ms
[2024-11-18T18:26:39.986+0500][gc,cpu      ] GC(2) User=0.00s Sys=0.00s Real=0.00s
[2024-11-18T18:26:39.986+0500][gc,marking  ] GC(2) Concurrent Cleanup for Next Mark
[2024-11-18T18:26:40.017+0500][gc,marking  ] GC(2) Concurrent Cleanup for Next Mark 31.553ms
[2024-11-18T18:26:40.017+0500][gc          ] GC(2) Concurrent Mark Cycle 38.694ms
[2024-11-18T18:26:40.684+0500][gc,start    ] GC(3) Pause Young (Normal) (G1 Evacuation Pause)
[2024-11-18T18:26:40.684+0500][gc,task     ] GC(3) Using 2 workers of 2 for evacuation
[2024-11-18T18:26:40.690+0500][gc,phases   ] GC(3)   Pre Evacuate Collection Set: 0.1ms
[2024-11-18T18:26:40.690+0500][gc,phases   ] GC(3)   Merge Heap Roots: 0.0ms
[2024-11-18T18:26:40.690+0500][gc,phases   ] GC(3)   Evacuate Collection Set: 5.1ms
[2024-11-18T18:26:40.690+0500][gc,phases   ] GC(3)   Post Evacuate Collection Set: 0.2ms
[2024-11-18T18:26:40.690+0500][gc,phases   ] GC(3)   Other: 0.1ms
[2024-11-18T18:26:40.690+0500][gc,heap     ] GC(3) Eden regions: 49->0(47)
[2024-11-18T18:26:40.690+0500][gc,heap     ] GC(3) Survivor regions: 2->4(7)
[2024-11-18T18:26:40.690+0500][gc,heap     ] GC(3) Old regions: 9->9
[2024-11-18T18:26:40.690+0500][gc,heap     ] GC(3) Archive regions: 2->2
[2024-11-18T18:26:40.690+0500][gc,heap     ] GC(3) Humongous regions: 0->0
[2024-11-18T18:26:40.690+0500][gc,metaspace] GC(3) Metaspace: 32451K(32768K)->32451K(32768K) NonClass: 28595K(28736K)->28595K(28736K) Class: 3856K(4032K)->3856K(4032K)
[2024-11-18T18:26:40.690+0500][gc          ] GC(3) Pause Young (Normal) (G1 Evacuation Pause) 60M->13M(1024M) 5.669ms
[2024-11-18T18:26:40.690+0500][gc,cpu      ] GC(3) User=0.00s Sys=0.01s Real=0.00s
[2024-11-18T18:26:40.997+0500][gc,start    ] GC(4) Pause Young (Concurrent Start) (Metadata GC Threshold)
[2024-11-18T18:26:40.997+0500][gc,task     ] GC(4) Using 2 workers of 2 for evacuation
[2024-11-18T18:26:41.003+0500][gc,phases   ] GC(4)   Pre Evacuate Collection Set: 0.1ms
[2024-11-18T18:26:41.003+0500][gc,phases   ] GC(4)   Merge Heap Roots: 0.0ms
[2024-11-18T18:26:41.003+0500][gc,phases   ] GC(4)   Evacuate Collection Set: 6.4ms
[2024-11-18T18:26:41.003+0500][gc,phases   ] GC(4)   Post Evacuate Collection Set: 0.3ms
[2024-11-18T18:26:41.003+0500][gc,phases   ] GC(4)   Other: 0.1ms
[2024-11-18T18:26:41.003+0500][gc,heap     ] GC(4) Eden regions: 24->0(44)
[2024-11-18T18:26:41.003+0500][gc,heap     ] GC(4) Survivor regions: 4->7(7)
[2024-11-18T18:26:41.003+0500][gc,heap     ] GC(4) Old regions: 9->9
[2024-11-18T18:26:41.003+0500][gc,heap     ] GC(4) Archive regions: 2->2
[2024-11-18T18:26:41.003+0500][gc,heap     ] GC(4) Humongous regions: 9->9
[2024-11-18T18:26:41.003+0500][gc,metaspace] GC(4) Metaspace: 35644K(35968K)->35644K(35968K) NonClass: 31315K(31488K)->31315K(31488K) Class: 4328K(4480K)->4328K(4480K)
[2024-11-18T18:26:41.003+0500][gc          ] GC(4) Pause Young (Concurrent Start) (Metadata GC Threshold) 45M->25M(1024M) 6.848ms
[2024-11-18T18:26:41.003+0500][gc,cpu      ] GC(4) User=0.01s Sys=0.00s Real=0.01s
[2024-11-18T18:26:41.003+0500][gc          ] GC(5) Concurrent Mark Cycle
[2024-11-18T18:26:41.003+0500][gc,marking  ] GC(5) Concurrent Clear Claimed Marks
[2024-11-18T18:26:41.003+0500][gc,marking  ] GC(5) Concurrent Clear Claimed Marks 0.011ms
[2024-11-18T18:26:41.003+0500][gc,marking  ] GC(5) Concurrent Scan Root Regions
[2024-11-18T18:26:41.006+0500][gc,marking  ] GC(5) Concurrent Scan Root Regions 2.441ms
[2024-11-18T18:26:41.006+0500][gc,marking  ] GC(5) Concurrent Mark
[2024-11-18T18:26:41.006+0500][gc,marking  ] GC(5) Concurrent Mark From Roots
[2024-11-18T18:26:41.006+0500][gc,task     ] GC(5) Using 1 workers of 1 for marking
[2024-11-18T18:26:41.010+0500][gc,marking  ] GC(5) Concurrent Mark From Roots 4.564ms
[2024-11-18T18:26:41.010+0500][gc,marking  ] GC(5) Concurrent Preclean
[2024-11-18T18:26:41.011+0500][gc,marking  ] GC(5) Concurrent Preclean 0.027ms
[2024-11-18T18:26:41.018+0500][gc,start    ] GC(5) Pause Remark
[2024-11-18T18:26:41.020+0500][gc          ] GC(5) Pause Remark 26M->26M(1024M) 2.462ms
[2024-11-18T18:26:41.020+0500][gc,cpu      ] GC(5) User=0.00s Sys=0.00s Real=0.01s
[2024-11-18T18:26:41.020+0500][gc,marking  ] GC(5) Concurrent Mark 14.453ms
[2024-11-18T18:26:41.020+0500][gc,marking  ] GC(5) Concurrent Rebuild Remembered Sets
[2024-11-18T18:26:41.023+0500][gc,marking  ] GC(5) Concurrent Rebuild Remembered Sets 2.453ms
[2024-11-18T18:26:41.033+0500][gc,start    ] GC(5) Pause Cleanup
[2024-11-18T18:26:41.033+0500][gc          ] GC(5) Pause Cleanup 26M->26M(1024M) 0.073ms
[2024-11-18T18:26:41.033+0500][gc,cpu      ] GC(5) User=0.00s Sys=0.00s Real=0.00s
[2024-11-18T18:26:41.033+0500][gc,marking  ] GC(5) Concurrent Cleanup for Next Mark
[2024-11-18T18:26:41.052+0500][gc,marking  ] GC(5) Concurrent Cleanup for Next Mark 19.250ms
[2024-11-18T18:26:41.052+0500][gc          ] GC(5) Concurrent Mark Cycle 48.753ms
[2024-11-18T18:27:07.565+0500][gc,heap,exit] Heap
[2024-11-18T18:27:07.565+0500][gc,heap,exit]  garbage-first heap   total 1048576K, used 199946K [0x00000000c0000000, 0x0000000100000000)
[2024-11-18T18:27:07.565+0500][gc,heap,exit]   region size 1024K, 49 young (50176K), 7 survivors (7168K)
[2024-11-18T18:27:07.565+0500][gc,heap,exit]  Metaspace       used 41237K, committed 41600K, reserved 1114112K
[2024-11-18T18:27:07.565+0500][gc,heap,exit]   class space    used 4986K, committed 5184K, reserved 1048576K
