[2024-11-18T18:27:28.707+0500][gc] Using G1
[2024-11-18T18:27:28.718+0500][gc,init] Version: 17.0.13+11-Debian-2deb12u1 (release)
[2024-11-18T18:27:28.718+0500][gc,init] CPUs: 2 total, 2 available
[2024-11-18T18:27:28.718+0500][gc,init] Memory: 3922M
[2024-11-18T18:27:28.718+0500][gc,init] Large Page Support: Disabled
[2024-11-18T18:27:28.718+0500][gc,init] NUMA Support: Disabled
[2024-11-18T18:27:28.718+0500][gc,init] Compressed Oops: Enabled (32-bit)
[2024-11-18T18:27:28.718+0500][gc,init] Heap Region Size: 1M
[2024-11-18T18:27:28.718+0500][gc,init] Heap Min Capacity: 1G
[2024-11-18T18:27:28.718+0500][gc,init] Heap Initial Capacity: 1G
[2024-11-18T18:27:28.718+0500][gc,init] Heap Max Capacity: 1G
[2024-11-18T18:27:28.718+0500][gc,init] Pre-touch: Disabled
[2024-11-18T18:27:28.718+0500][gc,init] Parallel Workers: 2
[2024-11-18T18:27:28.718+0500][gc,init] Concurrent Workers: 1
[2024-11-18T18:27:28.718+0500][gc,init] Concurrent Refinement Workers: 2
[2024-11-18T18:27:28.718+0500][gc,init] Periodic GC: Disabled
[2024-11-18T18:27:28.721+0500][gc,metaspace] CDS archive(s) mapped at: [0x0000004800000000-0x0000004800be0000-0x0000004800be0000), size 12451840, SharedBaseAddress: 0x0000004800000000, ArchiveRelocationMode: 1.
[2024-11-18T18:27:28.721+0500][gc,metaspace] Compressed class space mapped at: 0x0000004801000000-0x0000004841000000, reserved size: 1073741824
[2024-11-18T18:27:28.721+0500][gc,metaspace] Narrow klass base: 0x0000004800000000, Narrow klass shift: 0, Narrow klass range: 0x100000000
[2024-11-18T18:27:30.607+0500][gc,start    ] GC(0) Pause Young (Normal) (G1 Evacuation Pause)
[2024-11-18T18:27:30.613+0500][gc,task     ] GC(0) Using 2 workers of 2 for evacuation
[2024-11-18T18:27:30.632+0500][gc,phases   ] GC(0)   Pre Evacuate Collection Set: 1.7ms
[2024-11-18T18:27:30.632+0500][gc,phases   ] GC(0)   Merge Heap Roots: 0.1ms
[2024-11-18T18:27:30.632+0500][gc,phases   ] GC(0)   Evacuate Collection Set: 16.8ms
[2024-11-18T18:27:30.632+0500][gc,phases   ] GC(0)   Post Evacuate Collection Set: 0.4ms
[2024-11-18T18:27:30.632+0500][gc,phases   ] GC(0)   Other: 6.2ms
[2024-11-18T18:27:30.632+0500][gc,heap     ] GC(0) Eden regions: 51->0(44)
[2024-11-18T18:27:30.632+0500][gc,heap     ] GC(0) Survivor regions: 0->7(7)
[2024-11-18T18:27:30.632+0500][gc,heap     ] GC(0) Old regions: 0->2
[2024-11-18T18:27:30.632+0500][gc,heap     ] GC(0) Archive regions: 2->2
[2024-11-18T18:27:30.632+0500][gc,heap     ] GC(0) Humongous regions: 0->0
[2024-11-18T18:27:30.632+0500][gc,metaspace] GC(0) Metaspace: 18234K(18432K)->18234K(18432K) NonClass: 16151K(16256K)->16151K(16256K) Class: 2082K(2176K)->2082K(2176K)
[2024-11-18T18:27:30.632+0500][gc          ] GC(0) Pause Young (Normal) (G1 Evacuation Pause) 51M->9M(1024M) 25.224ms
[2024-11-18T18:27:30.632+0500][gc,cpu      ] GC(0) User=0.02s Sys=0.00s Real=0.02s
[2024-11-18T18:27:30.834+0500][gc,start    ] GC(1) Pause Young (Concurrent Start) (Metadata GC Threshold)
[2024-11-18T18:27:30.834+0500][gc,task     ] GC(1) Using 2 workers of 2 for evacuation
[2024-11-18T18:27:30.847+0500][gc,phases   ] GC(1)   Pre Evacuate Collection Set: 0.1ms
[2024-11-18T18:27:30.847+0500][gc,phases   ] GC(1)   Merge Heap Roots: 0.0ms
[2024-11-18T18:27:30.847+0500][gc,phases   ] GC(1)   Evacuate Collection Set: 13.2ms
[2024-11-18T18:27:30.847+0500][gc,phases   ] GC(1)   Post Evacuate Collection Set: 0.3ms
[2024-11-18T18:27:30.847+0500][gc,phases   ] GC(1)   Other: 0.1ms
[2024-11-18T18:27:30.847+0500][gc,heap     ] GC(1) Eden regions: 15->0(49)
[2024-11-18T18:27:30.847+0500][gc,heap     ] GC(1) Survivor regions: 7->2(7)
[2024-11-18T18:27:30.847+0500][gc,heap     ] GC(1) Old regions: 2->9
[2024-11-18T18:27:30.847+0500][gc,heap     ] GC(1) Archive regions: 2->2
[2024-11-18T18:27:30.847+0500][gc,heap     ] GC(1) Humongous regions: 0->0
[2024-11-18T18:27:30.847+0500][gc,metaspace] GC(1) Metaspace: 21332K(21504K)->21332K(21504K) NonClass: 18833K(18944K)->18833K(18944K) Class: 2498K(2560K)->2498K(2560K)
[2024-11-18T18:27:30.847+0500][gc          ] GC(1) Pause Young (Concurrent Start) (Metadata GC Threshold) 24M->11M(1024M) 13.703ms
[2024-11-18T18:27:30.847+0500][gc,cpu      ] GC(1) User=0.02s Sys=0.00s Real=0.02s
[2024-11-18T18:27:30.848+0500][gc          ] GC(2) Concurrent Mark Cycle
[2024-11-18T18:27:30.848+0500][gc,marking  ] GC(2) Concurrent Clear Claimed Marks
[2024-11-18T18:27:30.848+0500][gc,marking  ] GC(2) Concurrent Clear Claimed Marks 0.004ms
[2024-11-18T18:27:30.848+0500][gc,marking  ] GC(2) Concurrent Scan Root Regions
[2024-11-18T18:27:30.849+0500][gc,marking  ] GC(2) Concurrent Scan Root Regions 1.896ms
[2024-11-18T18:27:30.849+0500][gc,marking  ] GC(2) Concurrent Mark
[2024-11-18T18:27:30.849+0500][gc,marking  ] GC(2) Concurrent Mark From Roots
[2024-11-18T18:27:30.849+0500][gc,task     ] GC(2) Using 1 workers of 1 for marking
[2024-11-18T18:27:30.851+0500][gc,marking  ] GC(2) Concurrent Mark From Roots 1.901ms
[2024-11-18T18:27:30.851+0500][gc,marking  ] GC(2) Concurrent Preclean
[2024-11-18T18:27:30.851+0500][gc,marking  ] GC(2) Concurrent Preclean 0.018ms
[2024-11-18T18:27:30.851+0500][gc,start    ] GC(2) Pause Remark
[2024-11-18T18:27:30.864+0500][gc          ] GC(2) Pause Remark 11M->11M(1024M) 12.203ms
[2024-11-18T18:27:30.864+0500][gc,cpu      ] GC(2) User=0.01s Sys=0.00s Real=0.01s
[2024-11-18T18:27:30.864+0500][gc,marking  ] GC(2) Concurrent Mark 14.276ms
[2024-11-18T18:27:30.864+0500][gc,marking  ] GC(2) Concurrent Rebuild Remembered Sets
[2024-11-18T18:27:30.870+0500][gc,marking  ] GC(2) Concurrent Rebuild Remembered Sets 6.266ms
[2024-11-18T18:27:30.873+0500][gc,start    ] GC(2) Pause Cleanup
[2024-11-18T18:27:30.875+0500][gc          ] GC(2) Pause Cleanup 12M->12M(1024M) 1.798ms
[2024-11-18T18:27:30.875+0500][gc,cpu      ] GC(2) User=0.00s Sys=0.00s Real=0.00s
[2024-11-18T18:27:30.875+0500][gc,marking  ] GC(2) Concurrent Cleanup for Next Mark
[2024-11-18T18:27:30.893+0500][gc,marking  ] GC(2) Concurrent Cleanup for Next Mark 18.192ms
[2024-11-18T18:27:30.893+0500][gc          ] GC(2) Concurrent Mark Cycle 45.492ms
[2024-11-18T18:27:31.617+0500][gc,start    ] GC(3) Pause Young (Normal) (G1 Evacuation Pause)
[2024-11-18T18:27:31.617+0500][gc,task     ] GC(3) Using 2 workers of 2 for evacuation
[2024-11-18T18:27:31.622+0500][gc,phases   ] GC(3)   Pre Evacuate Collection Set: 0.1ms
[2024-11-18T18:27:31.622+0500][gc,phases   ] GC(3)   Merge Heap Roots: 0.0ms
[2024-11-18T18:27:31.622+0500][gc,phases   ] GC(3)   Evacuate Collection Set: 5.0ms
[2024-11-18T18:27:31.622+0500][gc,phases   ] GC(3)   Post Evacuate Collection Set: 0.2ms
[2024-11-18T18:27:31.622+0500][gc,phases   ] GC(3)   Other: 0.1ms
[2024-11-18T18:27:31.622+0500][gc,heap     ] GC(3) Eden regions: 49->0(47)
[2024-11-18T18:27:31.622+0500][gc,heap     ] GC(3) Survivor regions: 2->4(7)
[2024-11-18T18:27:31.622+0500][gc,heap     ] GC(3) Old regions: 9->9
[2024-11-18T18:27:31.622+0500][gc,heap     ] GC(3) Archive regions: 2->2
[2024-11-18T18:27:31.622+0500][gc,heap     ] GC(3) Humongous regions: 0->0
[2024-11-18T18:27:31.622+0500][gc,metaspace] GC(3) Metaspace: 32826K(33152K)->32826K(33152K) NonClass: 28841K(28992K)->28841K(28992K) Class: 3985K(4160K)->3985K(4160K)
[2024-11-18T18:27:31.622+0500][gc          ] GC(3) Pause Young (Normal) (G1 Evacuation Pause) 60M->13M(1024M) 5.422ms
[2024-11-18T18:27:31.622+0500][gc,cpu      ] GC(3) User=0.01s Sys=0.00s Real=0.00s
[2024-11-18T18:27:31.929+0500][gc,start    ] GC(4) Pause Young (Concurrent Start) (Metadata GC Threshold)
[2024-11-18T18:27:31.929+0500][gc,task     ] GC(4) Using 2 workers of 2 for evacuation
[2024-11-18T18:27:31.937+0500][gc,phases   ] GC(4)   Pre Evacuate Collection Set: 0.1ms
[2024-11-18T18:27:31.937+0500][gc,phases   ] GC(4)   Merge Heap Roots: 0.0ms
[2024-11-18T18:27:31.937+0500][gc,phases   ] GC(4)   Evacuate Collection Set: 7.8ms
[2024-11-18T18:27:31.937+0500][gc,phases   ] GC(4)   Post Evacuate Collection Set: 0.3ms
[2024-11-18T18:27:31.937+0500][gc,phases   ] GC(4)   Other: 0.1ms
[2024-11-18T18:27:31.937+0500][gc,heap     ] GC(4) Eden regions: 23->0(45)
[2024-11-18T18:27:31.937+0500][gc,heap     ] GC(4) Survivor regions: 4->6(7)
[2024-11-18T18:27:31.937+0500][gc,heap     ] GC(4) Old regions: 9->11
[2024-11-18T18:27:31.937+0500][gc,heap     ] GC(4) Archive regions: 2->2
[2024-11-18T18:27:31.937+0500][gc,heap     ] GC(4) Humongous regions: 0->0
[2024-11-18T18:27:31.937+0500][gc,metaspace] GC(4) Metaspace: 35664K(35968K)->35664K(35968K) NonClass: 31355K(31488K)->31355K(31488K) Class: 4309K(4480K)->4309K(4480K)
[2024-11-18T18:27:31.937+0500][gc          ] GC(4) Pause Young (Concurrent Start) (Metadata GC Threshold) 36M->16M(1024M) 8.223ms
[2024-11-18T18:27:31.937+0500][gc,cpu      ] GC(4) User=0.00s Sys=0.00s Real=0.01s
[2024-11-18T18:27:31.937+0500][gc          ] GC(5) Concurrent Mark Cycle
[2024-11-18T18:27:31.937+0500][gc,marking  ] GC(5) Concurrent Clear Claimed Marks
[2024-11-18T18:27:31.937+0500][gc,marking  ] GC(5) Concurrent Clear Claimed Marks 0.011ms
[2024-11-18T18:27:31.937+0500][gc,marking  ] GC(5) Concurrent Scan Root Regions
[2024-11-18T18:27:31.940+0500][gc,marking  ] GC(5) Concurrent Scan Root Regions 2.515ms
[2024-11-18T18:27:31.940+0500][gc,marking  ] GC(5) Concurrent Mark
[2024-11-18T18:27:31.940+0500][gc,marking  ] GC(5) Concurrent Mark From Roots
[2024-11-18T18:27:31.940+0500][gc,task     ] GC(5) Using 1 workers of 1 for marking
[2024-11-18T18:27:31.947+0500][gc,marking  ] GC(5) Concurrent Mark From Roots 6.525ms
[2024-11-18T18:27:31.947+0500][gc,marking  ] GC(5) Concurrent Preclean
[2024-11-18T18:27:31.947+0500][gc,marking  ] GC(5) Concurrent Preclean 0.027ms
[2024-11-18T18:27:31.947+0500][gc,start    ] GC(5) Pause Remark
[2024-11-18T18:27:31.948+0500][gc          ] GC(5) Pause Remark 17M->17M(1024M) 1.721ms
[2024-11-18T18:27:31.948+0500][gc,cpu      ] GC(5) User=0.00s Sys=0.00s Real=0.00s
[2024-11-18T18:27:31.948+0500][gc,marking  ] GC(5) Concurrent Mark 8.392ms
[2024-11-18T18:27:31.948+0500][gc,marking  ] GC(5) Concurrent Rebuild Remembered Sets
[2024-11-18T18:27:31.967+0500][gc,marking  ] GC(5) Concurrent Rebuild Remembered Sets 18.271ms
[2024-11-18T18:27:31.967+0500][gc,start    ] GC(5) Pause Cleanup
[2024-11-18T18:27:31.967+0500][gc          ] GC(5) Pause Cleanup 18M->18M(1024M) 0.051ms
[2024-11-18T18:27:31.967+0500][gc,cpu      ] GC(5) User=0.00s Sys=0.00s Real=0.00s
[2024-11-18T18:27:31.967+0500][gc,marking  ] GC(5) Concurrent Cleanup for Next Mark
[2024-11-18T18:27:31.976+0500][gc,marking  ] GC(5) Concurrent Cleanup for Next Mark 9.330ms
[2024-11-18T18:27:31.976+0500][gc          ] GC(5) Concurrent Mark Cycle 38.663ms
[2024-11-18T18:30:38.249+0500][gc,start    ] GC(6) Pause Young (Normal) (G1 Evacuation Pause)
[2024-11-18T18:30:38.250+0500][gc,task     ] GC(6) Using 2 workers of 2 for evacuation
[2024-11-18T18:30:38.344+0500][gc,mmu      ] GC(6) MMU target violated: 21.0ms (20.0ms/21.0ms)
[2024-11-18T18:30:38.344+0500][gc,phases   ] GC(6)   Pre Evacuate Collection Set: 15.1ms
[2024-11-18T18:30:38.344+0500][gc,phases   ] GC(6)   Merge Heap Roots: 0.6ms
[2024-11-18T18:30:38.344+0500][gc,phases   ] GC(6)   Evacuate Collection Set: 76.4ms
[2024-11-18T18:30:38.344+0500][gc,phases   ] GC(6)   Post Evacuate Collection Set: 2.2ms
[2024-11-18T18:30:38.344+0500][gc,phases   ] GC(6)   Other: 1.4ms
[2024-11-18T18:30:38.344+0500][gc,heap     ] GC(6) Eden regions: 45->0(45)
[2024-11-18T18:30:38.344+0500][gc,heap     ] GC(6) Survivor regions: 6->6(7)
[2024-11-18T18:30:38.344+0500][gc,heap     ] GC(6) Old regions: 11->13
[2024-11-18T18:30:38.344+0500][gc,heap     ] GC(6) Archive regions: 2->2
[2024-11-18T18:30:38.344+0500][gc,heap     ] GC(6) Humongous regions: 129->129
[2024-11-18T18:30:38.344+0500][gc,metaspace] GC(6) Metaspace: 40603K(40960K)->40603K(40960K) NonClass: 35853K(36032K)->35853K(36032K) Class: 4749K(4928K)->4749K(4928K)
[2024-11-18T18:30:38.344+0500][gc          ] GC(6) Pause Young (Normal) (G1 Evacuation Pause) 190M->147M(1024M) 95.377ms
[2024-11-18T18:30:38.345+0500][gc,cpu      ] GC(6) User=0.07s Sys=0.00s Real=0.09s
[2024-11-18T18:32:30.079+0500][gc,start    ] GC(7) Pause Young (Normal) (G1 Evacuation Pause)
[2024-11-18T18:32:30.079+0500][gc,task     ] GC(7) Using 2 workers of 2 for evacuation
[2024-11-18T18:32:30.118+0500][gc,mmu      ] GC(7) MMU target violated: 21.0ms (20.0ms/21.0ms)
[2024-11-18T18:32:30.118+0500][gc,phases   ] GC(7)   Pre Evacuate Collection Set: 1.1ms
[2024-11-18T18:32:30.118+0500][gc,phases   ] GC(7)   Merge Heap Roots: 0.1ms
[2024-11-18T18:32:30.118+0500][gc,phases   ] GC(7)   Evacuate Collection Set: 31.2ms
[2024-11-18T18:32:30.118+0500][gc,phases   ] GC(7)   Post Evacuate Collection Set: 6.2ms
[2024-11-18T18:32:30.118+0500][gc,phases   ] GC(7)   Other: 0.5ms
[2024-11-18T18:32:30.118+0500][gc,heap     ] GC(7) Eden regions: 45->0(46)
[2024-11-18T18:32:30.118+0500][gc,heap     ] GC(7) Survivor regions: 6->5(7)
[2024-11-18T18:32:30.118+0500][gc,heap     ] GC(7) Old regions: 13->16
[2024-11-18T18:32:30.118+0500][gc,heap     ] GC(7) Archive regions: 2->2
[2024-11-18T18:32:30.118+0500][gc,heap     ] GC(7) Humongous regions: 129->129
[2024-11-18T18:32:30.118+0500][gc,metaspace] GC(7) Metaspace: 44139K(44608K)->44139K(44608K) NonClass: 38816K(39104K)->38816K(39104K) Class: 5322K(5504K)->5322K(5504K)
[2024-11-18T18:32:30.118+0500][gc          ] GC(7) Pause Young (Normal) (G1 Evacuation Pause) 192M->150M(1024M) 39.102ms
[2024-11-18T18:32:30.118+0500][gc,cpu      ] GC(7) User=0.05s Sys=0.01s Real=0.04s
[2024-11-18T18:34:03.440+0500][gc,start    ] GC(8) Pause Young (Normal) (G1 Evacuation Pause)
[2024-11-18T18:34:03.440+0500][gc,task     ] GC(8) Using 2 workers of 2 for evacuation
[2024-11-18T18:34:03.469+0500][gc,mmu      ] GC(8) MMU target violated: 21.0ms (20.0ms/21.0ms)
[2024-11-18T18:34:03.469+0500][gc,phases   ] GC(8)   Pre Evacuate Collection Set: 1.9ms
[2024-11-18T18:34:03.469+0500][gc,phases   ] GC(8)   Merge Heap Roots: 0.4ms
[2024-11-18T18:34:03.469+0500][gc,phases   ] GC(8)   Evacuate Collection Set: 25.2ms
[2024-11-18T18:34:03.469+0500][gc,phases   ] GC(8)   Post Evacuate Collection Set: 1.6ms
[2024-11-18T18:34:03.469+0500][gc,phases   ] GC(8)   Other: 0.8ms
[2024-11-18T18:34:03.469+0500][gc,heap     ] GC(8) Eden regions: 46->0(46)
[2024-11-18T18:34:03.469+0500][gc,heap     ] GC(8) Survivor regions: 5->5(7)
[2024-11-18T18:34:03.469+0500][gc,heap     ] GC(8) Old regions: 16->18
[2024-11-18T18:34:03.469+0500][gc,heap     ] GC(8) Archive regions: 2->2
[2024-11-18T18:34:03.469+0500][gc,heap     ] GC(8) Humongous regions: 129->129
[2024-11-18T18:34:03.469+0500][gc,metaspace] GC(8) Metaspace: 45967K(46528K)->45967K(46528K) NonClass: 40392K(40704K)->40392K(40704K) Class: 5575K(5824K)->5575K(5824K)
[2024-11-18T18:34:03.469+0500][gc          ] GC(8) Pause Young (Normal) (G1 Evacuation Pause) 196M->152M(1024M) 29.833ms
[2024-11-18T18:34:03.469+0500][gc,cpu      ] GC(8) User=0.05s Sys=0.00s Real=0.03s
[2024-11-18T18:36:06.423+0500][gc,start    ] GC(9) Pause Young (Normal) (G1 Evacuation Pause)
[2024-11-18T18:36:06.423+0500][gc,task     ] GC(9) Using 2 workers of 2 for evacuation
[2024-11-18T18:36:06.471+0500][gc,mmu      ] GC(9) MMU target violated: 21.0ms (20.0ms/21.0ms)
[2024-11-18T18:36:06.471+0500][gc,phases   ] GC(9)   Pre Evacuate Collection Set: 5.1ms
[2024-11-18T18:36:06.471+0500][gc,phases   ] GC(9)   Merge Heap Roots: 0.6ms
[2024-11-18T18:36:06.471+0500][gc,phases   ] GC(9)   Evacuate Collection Set: 39.3ms
[2024-11-18T18:36:06.471+0500][gc,phases   ] GC(9)   Post Evacuate Collection Set: 2.5ms
[2024-11-18T18:36:06.471+0500][gc,phases   ] GC(9)   Other: 1.1ms
[2024-11-18T18:36:06.471+0500][gc,heap     ] GC(9) Eden regions: 46->0(45)
[2024-11-18T18:36:06.471+0500][gc,heap     ] GC(9) Survivor regions: 5->6(7)
[2024-11-18T18:36:06.471+0500][gc,heap     ] GC(9) Old regions: 18->21
[2024-11-18T18:36:06.471+0500][gc,heap     ] GC(9) Archive regions: 2->2
[2024-11-18T18:36:06.471+0500][gc,heap     ] GC(9) Humongous regions: 129->129
[2024-11-18T18:36:06.471+0500][gc,metaspace] GC(9) Metaspace: 46180K(46720K)->46180K(46720K) NonClass: 40602K(40896K)->40602K(40896K) Class: 5577K(5824K)->5577K(5824K)
[2024-11-18T18:36:06.471+0500][gc          ] GC(9) Pause Young (Normal) (G1 Evacuation Pause) 198M->155M(1024M) 48.425ms
[2024-11-18T18:36:06.471+0500][gc,cpu      ] GC(9) User=0.08s Sys=0.00s Real=0.05s
[2024-11-18T18:38:10.017+0500][gc,start    ] GC(10) Pause Young (Normal) (G1 Evacuation Pause)
[2024-11-18T18:38:10.017+0500][gc,task     ] GC(10) Using 2 workers of 2 for evacuation
[2024-11-18T18:38:10.042+0500][gc,mmu      ] GC(10) MMU target violated: 21.0ms (20.0ms/21.0ms)
[2024-11-18T18:38:10.042+0500][gc,phases   ] GC(10)   Pre Evacuate Collection Set: 2.3ms
[2024-11-18T18:38:10.042+0500][gc,phases   ] GC(10)   Merge Heap Roots: 0.3ms
[2024-11-18T18:38:10.042+0500][gc,phases   ] GC(10)   Evacuate Collection Set: 20.9ms
[2024-11-18T18:38:10.042+0500][gc,phases   ] GC(10)   Post Evacuate Collection Set: 1.0ms
[2024-11-18T18:38:10.042+0500][gc,phases   ] GC(10)   Other: 0.4ms
[2024-11-18T18:38:10.042+0500][gc,heap     ] GC(10) Eden regions: 45->0(47)
[2024-11-18T18:38:10.042+0500][gc,heap     ] GC(10) Survivor regions: 6->4(7)
[2024-11-18T18:38:10.042+0500][gc,heap     ] GC(10) Old regions: 21->22
[2024-11-18T18:38:10.042+0500][gc,heap     ] GC(10) Archive regions: 2->2
[2024-11-18T18:38:10.042+0500][gc,heap     ] GC(10) Humongous regions: 129->129
[2024-11-18T18:38:10.042+0500][gc,metaspace] GC(10) Metaspace: 46308K(46848K)->46308K(46848K) NonClass: 40710K(41024K)->40710K(41024K) Class: 5598K(5824K)->5598K(5824K)
[2024-11-18T18:38:10.042+0500][gc          ] GC(10) Pause Young (Normal) (G1 Evacuation Pause) 200M->155M(1024M) 24.905ms
[2024-11-18T18:38:10.042+0500][gc,cpu      ] GC(10) User=0.03s Sys=0.01s Real=0.02s
[2024-11-18T18:40:26.292+0500][gc,start    ] GC(11) Pause Young (Normal) (G1 Evacuation Pause)
[2024-11-18T18:40:26.292+0500][gc,task     ] GC(11) Using 2 workers of 2 for evacuation
[2024-11-18T18:40:26.317+0500][gc,mmu      ] GC(11) MMU target violated: 21.0ms (20.0ms/21.0ms)
[2024-11-18T18:40:26.318+0500][gc,phases   ] GC(11)   Pre Evacuate Collection Set: 3.2ms
[2024-11-18T18:40:26.318+0500][gc,phases   ] GC(11)   Merge Heap Roots: 0.2ms
[2024-11-18T18:40:26.318+0500][gc,phases   ] GC(11)   Evacuate Collection Set: 19.8ms
[2024-11-18T18:40:26.318+0500][gc,phases   ] GC(11)   Post Evacuate Collection Set: 1.7ms
[2024-11-18T18:40:26.318+0500][gc,phases   ] GC(11)   Other: 1.0ms
[2024-11-18T18:40:26.318+0500][gc,heap     ] GC(11) Eden regions: 47->0(44)
[2024-11-18T18:40:26.318+0500][gc,heap     ] GC(11) Survivor regions: 4->7(7)
[2024-11-18T18:40:26.318+0500][gc,heap     ] GC(11) Old regions: 22->22
[2024-11-18T18:40:26.318+0500][gc,heap     ] GC(11) Archive regions: 2->2
[2024-11-18T18:40:26.318+0500][gc,heap     ] GC(11) Humongous regions: 129->129
[2024-11-18T18:40:26.318+0500][gc,metaspace] GC(11) Metaspace: 46334K(46848K)->46334K(46848K) NonClass: 40735K(41024K)->40735K(41024K) Class: 5598K(5824K)->5598K(5824K)
[2024-11-18T18:40:26.318+0500][gc          ] GC(11) Pause Young (Normal) (G1 Evacuation Pause) 202M->158M(1024M) 25.614ms
[2024-11-18T18:40:26.318+0500][gc,cpu      ] GC(11) User=0.04s Sys=0.01s Real=0.03s
[2024-11-18T18:42:34.150+0500][gc,start    ] GC(12) Pause Young (Normal) (G1 Evacuation Pause)
[2024-11-18T18:42:34.150+0500][gc,task     ] GC(12) Using 2 workers of 2 for evacuation
[2024-11-18T18:42:34.188+0500][gc,mmu      ] GC(12) MMU target violated: 21.0ms (20.0ms/21.0ms)
[2024-11-18T18:42:34.188+0500][gc,phases   ] GC(12)   Pre Evacuate Collection Set: 4.0ms
[2024-11-18T18:42:34.188+0500][gc,phases   ] GC(12)   Merge Heap Roots: 0.7ms
[2024-11-18T18:42:34.188+0500][gc,phases   ] GC(12)   Evacuate Collection Set: 28.2ms
[2024-11-18T18:42:34.188+0500][gc,phases   ] GC(12)   Post Evacuate Collection Set: 3.3ms
[2024-11-18T18:42:34.188+0500][gc,phases   ] GC(12)   Other: 2.2ms
[2024-11-18T18:42:34.188+0500][gc,heap     ] GC(12) Eden regions: 44->0(47)
[2024-11-18T18:42:34.188+0500][gc,heap     ] GC(12) Survivor regions: 7->4(7)
[2024-11-18T18:42:34.188+0500][gc,heap     ] GC(12) Old regions: 22->24
[2024-11-18T18:42:34.188+0500][gc,heap     ] GC(12) Archive regions: 2->2
[2024-11-18T18:42:34.188+0500][gc,heap     ] GC(12) Humongous regions: 129->129
[2024-11-18T18:42:34.188+0500][gc,metaspace] GC(12) Metaspace: 46344K(46848K)->46344K(46848K) NonClass: 40744K(41024K)->40744K(41024K) Class: 5600K(5824K)->5600K(5824K)
[2024-11-18T18:42:34.188+0500][gc          ] GC(12) Pause Young (Normal) (G1 Evacuation Pause) 202M->157M(1024M) 38.332ms
[2024-11-18T18:42:34.188+0500][gc,cpu      ] GC(12) User=0.05s Sys=0.01s Real=0.04s
[2024-11-18T20:29:41.733+0500][gc,start    ] GC(13) Pause Young (Normal) (G1 Evacuation Pause)
[2024-11-18T20:29:41.733+0500][gc,task     ] GC(13) Using 2 workers of 2 for evacuation
[2024-11-18T20:29:41.771+0500][gc,mmu      ] GC(13) MMU target violated: 21.0ms (20.0ms/21.0ms)
[2024-11-18T20:29:41.771+0500][gc,phases   ] GC(13)   Pre Evacuate Collection Set: 1.6ms
[2024-11-18T20:29:41.771+0500][gc,phases   ] GC(13)   Merge Heap Roots: 0.1ms
[2024-11-18T20:29:41.771+0500][gc,phases   ] GC(13)   Evacuate Collection Set: 33.7ms
[2024-11-18T20:29:41.771+0500][gc,phases   ] GC(13)   Post Evacuate Collection Set: 2.6ms
[2024-11-18T20:29:41.771+0500][gc,phases   ] GC(13)   Other: 0.5ms
[2024-11-18T20:29:41.771+0500][gc,heap     ] GC(13) Eden regions: 47->0(45)
[2024-11-18T20:29:41.771+0500][gc,heap     ] GC(13) Survivor regions: 4->6(7)
[2024-11-18T20:29:41.771+0500][gc,heap     ] GC(13) Old regions: 24->25
[2024-11-18T20:29:41.772+0500][gc,heap     ] GC(13) Archive regions: 2->2
[2024-11-18T20:29:41.772+0500][gc,heap     ] GC(13) Humongous regions: 129->129
[2024-11-18T20:29:41.772+0500][gc,metaspace] GC(13) Metaspace: 46429K(46976K)->46429K(46976K) NonClass: 40819K(41152K)->40819K(41152K) Class: 5609K(5824K)->5609K(5824K)
[2024-11-18T20:29:41.772+0500][gc          ] GC(13) Pause Young (Normal) (G1 Evacuation Pause) 204M->160M(1024M) 38.433ms
[2024-11-18T20:29:41.772+0500][gc,cpu      ] GC(13) User=0.05s Sys=0.00s Real=0.04s
[2024-11-18T20:31:53.979+0500][gc,start    ] GC(14) Pause Young (Normal) (G1 Evacuation Pause)
[2024-11-18T20:31:53.980+0500][gc,task     ] GC(14) Using 2 workers of 2 for evacuation
[2024-11-18T20:31:54.070+0500][gc,mmu      ] GC(14) MMU target violated: 21.0ms (20.0ms/21.0ms)
[2024-11-18T20:31:54.070+0500][gc,phases   ] GC(14)   Pre Evacuate Collection Set: 8.7ms
[2024-11-18T20:31:54.070+0500][gc,phases   ] GC(14)   Merge Heap Roots: 3.3ms
[2024-11-18T20:31:54.070+0500][gc,phases   ] GC(14)   Evacuate Collection Set: 74.5ms
[2024-11-18T20:31:54.070+0500][gc,phases   ] GC(14)   Post Evacuate Collection Set: 3.5ms
[2024-11-18T20:31:54.070+0500][gc,phases   ] GC(14)   Other: 1.5ms
[2024-11-18T20:31:54.070+0500][gc,heap     ] GC(14) Eden regions: 45->0(46)
[2024-11-18T20:31:54.070+0500][gc,heap     ] GC(14) Survivor regions: 6->5(7)
[2024-11-18T20:31:54.070+0500][gc,heap     ] GC(14) Old regions: 25->26
[2024-11-18T20:31:54.070+0500][gc,heap     ] GC(14) Archive regions: 2->2
[2024-11-18T20:31:54.070+0500][gc,heap     ] GC(14) Humongous regions: 129->129
[2024-11-18T20:31:54.070+0500][gc,metaspace] GC(14) Metaspace: 46440K(46976K)->46440K(46976K) NonClass: 40831K(41152K)->40831K(41152K) Class: 5609K(5824K)->5609K(5824K)
[2024-11-18T20:31:54.070+0500][gc          ] GC(14) Pause Young (Normal) (G1 Evacuation Pause) 205M->159M(1024M) 91.175ms
[2024-11-18T20:31:54.071+0500][gc,cpu      ] GC(14) User=0.09s Sys=0.00s Real=0.09s
[2024-11-18T20:34:08.000+0500][gc,start    ] GC(15) Pause Young (Normal) (G1 Evacuation Pause)
[2024-11-18T20:34:08.000+0500][gc,task     ] GC(15) Using 2 workers of 2 for evacuation
[2024-11-18T20:34:08.021+0500][gc,mmu      ] GC(15) MMU target violated: 20.9ms (20.0ms/21.0ms)
[2024-11-18T20:34:08.022+0500][gc,phases   ] GC(15)   Pre Evacuate Collection Set: 2.5ms
[2024-11-18T20:34:08.022+0500][gc,phases   ] GC(15)   Merge Heap Roots: 0.1ms
[2024-11-18T20:34:08.022+0500][gc,phases   ] GC(15)   Evacuate Collection Set: 14.5ms
[2024-11-18T20:34:08.022+0500][gc,phases   ] GC(15)   Post Evacuate Collection Set: 3.8ms
[2024-11-18T20:34:08.022+0500][gc,phases   ] GC(15)   Other: 1.2ms
[2024-11-18T20:34:08.022+0500][gc,heap     ] GC(15) Eden regions: 46->0(48)
[2024-11-18T20:34:08.022+0500][gc,heap     ] GC(15) Survivor regions: 5->3(7)
[2024-11-18T20:34:08.022+0500][gc,heap     ] GC(15) Old regions: 26->27
[2024-11-18T20:34:08.022+0500][gc,heap     ] GC(15) Archive regions: 2->2
[2024-11-18T20:34:08.022+0500][gc,heap     ] GC(15) Humongous regions: 129->129
[2024-11-18T20:34:08.022+0500][gc,metaspace] GC(15) Metaspace: 46463K(46976K)->46463K(46976K) NonClass: 40853K(41152K)->40853K(41152K) Class: 5609K(5824K)->5609K(5824K)
[2024-11-18T20:34:08.022+0500][gc          ] GC(15) Pause Young (Normal) (G1 Evacuation Pause) 205M->158M(1024M) 22.356ms
[2024-11-18T20:34:08.023+0500][gc,cpu      ] GC(15) User=0.03s Sys=0.00s Real=0.02s
[2024-11-18T20:36:28.695+0500][gc,start    ] GC(16) Pause Young (Normal) (G1 Evacuation Pause)
[2024-11-18T20:36:28.695+0500][gc,task     ] GC(16) Using 2 workers of 2 for evacuation
[2024-11-18T20:36:28.728+0500][gc,mmu      ] GC(16) MMU target violated: 21.0ms (20.0ms/21.0ms)
[2024-11-18T20:36:28.728+0500][gc,phases   ] GC(16)   Pre Evacuate Collection Set: 1.2ms
[2024-11-18T20:36:28.728+0500][gc,phases   ] GC(16)   Merge Heap Roots: 0.1ms
[2024-11-18T20:36:28.728+0500][gc,phases   ] GC(16)   Evacuate Collection Set: 27.7ms
[2024-11-18T20:36:28.728+0500][gc,phases   ] GC(16)   Post Evacuate Collection Set: 3.7ms
[2024-11-18T20:36:28.728+0500][gc,phases   ] GC(16)   Other: 0.4ms
[2024-11-18T20:36:28.728+0500][gc,heap     ] GC(16) Eden regions: 48->0(45)
[2024-11-18T20:36:28.728+0500][gc,heap     ] GC(16) Survivor regions: 3->6(7)
[2024-11-18T20:36:28.728+0500][gc,heap     ] GC(16) Old regions: 27->27
[2024-11-18T20:36:28.728+0500][gc,heap     ] GC(16) Archive regions: 2->2
[2024-11-18T20:36:28.728+0500][gc,heap     ] GC(16) Humongous regions: 129->129
[2024-11-18T20:36:28.728+0500][gc,metaspace] GC(16) Metaspace: 46467K(46976K)->46467K(46976K) NonClass: 40857K(41152K)->40857K(41152K) Class: 5609K(5824K)->5609K(5824K)
[2024-11-18T20:36:28.728+0500][gc          ] GC(16) Pause Young (Normal) (G1 Evacuation Pause) 206M->162M(1024M) 33.116ms
[2024-11-18T20:36:28.728+0500][gc,cpu      ] GC(16) User=0.06s Sys=0.00s Real=0.04s
[2024-11-18T20:38:39.683+0500][gc,start    ] GC(17) Pause Young (Normal) (G1 Evacuation Pause)
[2024-11-18T20:38:39.683+0500][gc,task     ] GC(17) Using 2 workers of 2 for evacuation
[2024-11-18T20:38:39.695+0500][gc,phases   ] GC(17)   Pre Evacuate Collection Set: 2.1ms
[2024-11-18T20:38:39.695+0500][gc,phases   ] GC(17)   Merge Heap Roots: 0.2ms
[2024-11-18T20:38:39.695+0500][gc,phases   ] GC(17)   Evacuate Collection Set: 7.1ms
[2024-11-18T20:38:39.695+0500][gc,phases   ] GC(17)   Post Evacuate Collection Set: 1.6ms
[2024-11-18T20:38:39.695+0500][gc,phases   ] GC(17)   Other: 0.3ms
[2024-11-18T20:38:39.695+0500][gc,heap     ] GC(17) Eden regions: 45->0(48)
[2024-11-18T20:38:39.695+0500][gc,heap     ] GC(17) Survivor regions: 6->3(7)
[2024-11-18T20:38:39.695+0500][gc,heap     ] GC(17) Old regions: 27->29
[2024-11-18T20:38:39.695+0500][gc,heap     ] GC(17) Archive regions: 2->2
[2024-11-18T20:38:39.695+0500][gc,heap     ] GC(17) Humongous regions: 129->129
[2024-11-18T20:38:39.695+0500][gc,metaspace] GC(17) Metaspace: 46496K(46976K)->46496K(46976K) NonClass: 40886K(41152K)->40886K(41152K) Class: 5609K(5824K)->5609K(5824K)
[2024-11-18T20:38:39.695+0500][gc          ] GC(17) Pause Young (Normal) (G1 Evacuation Pause) 207M->161M(1024M) 11.241ms
[2024-11-18T20:38:39.695+0500][gc,cpu      ] GC(17) User=0.02s Sys=0.00s Real=0.00s
[2024-11-18T20:41:01.323+0500][gc,start    ] GC(18) Pause Young (Normal) (G1 Evacuation Pause)
[2024-11-18T20:41:01.323+0500][gc,task     ] GC(18) Using 2 workers of 2 for evacuation
[2024-11-18T20:41:01.339+0500][gc,phases   ] GC(18)   Pre Evacuate Collection Set: 1.0ms
[2024-11-18T20:41:01.339+0500][gc,phases   ] GC(18)   Merge Heap Roots: 0.1ms
[2024-11-18T20:41:01.339+0500][gc,phases   ] GC(18)   Evacuate Collection Set: 14.1ms
[2024-11-18T20:41:01.339+0500][gc,phases   ] GC(18)   Post Evacuate Collection Set: 1.2ms
[2024-11-18T20:41:01.339+0500][gc,phases   ] GC(18)   Other: 0.3ms
[2024-11-18T20:41:01.339+0500][gc,heap     ] GC(18) Eden regions: 48->0(44)
[2024-11-18T20:41:01.339+0500][gc,heap     ] GC(18) Survivor regions: 3->7(7)
[2024-11-18T20:41:01.339+0500][gc,heap     ] GC(18) Old regions: 29->29
[2024-11-18T20:41:01.339+0500][gc,heap     ] GC(18) Archive regions: 2->2
[2024-11-18T20:41:01.339+0500][gc,heap     ] GC(18) Humongous regions: 129->129
[2024-11-18T20:41:01.340+0500][gc,metaspace] GC(18) Metaspace: 46497K(46976K)->46497K(46976K) NonClass: 40886K(41152K)->40886K(41152K) Class: 5610K(5824K)->5610K(5824K)
[2024-11-18T20:41:01.340+0500][gc          ] GC(18) Pause Young (Normal) (G1 Evacuation Pause) 209M->164M(1024M) 16.902ms
[2024-11-18T20:41:01.340+0500][gc,cpu      ] GC(18) User=0.03s Sys=0.00s Real=0.02s
[2024-11-18T20:43:11.986+0500][gc,start    ] GC(19) Pause Young (Normal) (G1 Evacuation Pause)
[2024-11-18T20:43:11.986+0500][gc,task     ] GC(19) Using 2 workers of 2 for evacuation
[2024-11-18T20:43:12.011+0500][gc,mmu      ] GC(19) MMU target violated: 21.0ms (20.0ms/21.0ms)
[2024-11-18T20:43:12.011+0500][gc,phases   ] GC(19)   Pre Evacuate Collection Set: 3.3ms
[2024-11-18T20:43:12.011+0500][gc,phases   ] GC(19)   Merge Heap Roots: 0.5ms
[2024-11-18T20:43:12.011+0500][gc,phases   ] GC(19)   Evacuate Collection Set: 17.9ms
[2024-11-18T20:43:12.011+0500][gc,phases   ] GC(19)   Post Evacuate Collection Set: 2.4ms
[2024-11-18T20:43:12.011+0500][gc,phases   ] GC(19)   Other: 0.7ms
[2024-11-18T20:43:12.011+0500][gc,heap     ] GC(19) Eden regions: 44->0(48)
[2024-11-18T20:43:12.011+0500][gc,heap     ] GC(19) Survivor regions: 7->3(7)
[2024-11-18T20:43:12.011+0500][gc,heap     ] GC(19) Old regions: 29->31
[2024-11-18T20:43:12.011+0500][gc,heap     ] GC(19) Archive regions: 2->2
[2024-11-18T20:43:12.011+0500][gc,heap     ] GC(19) Humongous regions: 129->129
[2024-11-18T20:43:12.011+0500][gc,metaspace] GC(19) Metaspace: 46502K(46976K)->46502K(46976K) NonClass: 40892K(41152K)->40892K(41152K) Class: 5610K(5824K)->5610K(5824K)
[2024-11-18T20:43:12.011+0500][gc          ] GC(19) Pause Young (Normal) (G1 Evacuation Pause) 208M->163M(1024M) 24.560ms
[2024-11-18T20:43:12.011+0500][gc,cpu      ] GC(19) User=0.04s Sys=0.00s Real=0.02s
[2024-11-18T20:45:35.243+0500][gc,start    ] GC(20) Pause Young (Normal) (G1 Evacuation Pause)
[2024-11-18T20:45:35.243+0500][gc,task     ] GC(20) Using 2 workers of 2 for evacuation
[2024-11-18T20:45:35.299+0500][gc,mmu      ] GC(20) MMU target violated: 21.0ms (20.0ms/21.0ms)
[2024-11-18T20:45:35.299+0500][gc,phases   ] GC(20)   Pre Evacuate Collection Set: 7.2ms
[2024-11-18T20:45:35.299+0500][gc,phases   ] GC(20)   Merge Heap Roots: 0.2ms
[2024-11-18T20:45:35.299+0500][gc,phases   ] GC(20)   Evacuate Collection Set: 46.5ms
[2024-11-18T20:45:35.299+0500][gc,phases   ] GC(20)   Post Evacuate Collection Set: 2.1ms
[2024-11-18T20:45:35.299+0500][gc,phases   ] GC(20)   Other: 0.5ms
[2024-11-18T20:45:35.299+0500][gc,heap     ] GC(20) Eden regions: 48->0(44)
[2024-11-18T20:45:35.299+0500][gc,heap     ] GC(20) Survivor regions: 3->7(7)
[2024-11-18T20:45:35.299+0500][gc,heap     ] GC(20) Old regions: 31->31
[2024-11-18T20:45:35.299+0500][gc,heap     ] GC(20) Archive regions: 2->2
[2024-11-18T20:45:35.299+0500][gc,heap     ] GC(20) Humongous regions: 129->129
[2024-11-18T20:45:35.299+0500][gc,metaspace] GC(20) Metaspace: 46505K(46976K)->46505K(46976K) NonClass: 40894K(41152K)->40894K(41152K) Class: 5610K(5824K)->5610K(5824K)
[2024-11-18T20:45:35.299+0500][gc          ] GC(20) Pause Young (Normal) (G1 Evacuation Pause) 211M->166M(1024M) 56.565ms
[2024-11-18T20:45:35.299+0500][gc,cpu      ] GC(20) User=0.09s Sys=0.00s Real=0.06s
[2024-11-18T20:47:44.604+0500][gc,start    ] GC(21) Pause Young (Normal) (G1 Evacuation Pause)
[2024-11-18T20:47:44.605+0500][gc,task     ] GC(21) Using 2 workers of 2 for evacuation
[2024-11-18T20:47:44.630+0500][gc,mmu      ] GC(21) MMU target violated: 21.0ms (20.0ms/21.0ms)
[2024-11-18T20:47:44.630+0500][gc,phases   ] GC(21)   Pre Evacuate Collection Set: 1.9ms
[2024-11-18T20:47:44.630+0500][gc,phases   ] GC(21)   Merge Heap Roots: 0.1ms
[2024-11-18T20:47:44.630+0500][gc,phases   ] GC(21)   Evacuate Collection Set: 20.0ms
[2024-11-18T20:47:44.630+0500][gc,phases   ] GC(21)   Post Evacuate Collection Set: 3.3ms
[2024-11-18T20:47:44.630+0500][gc,phases   ] GC(21)   Other: 0.5ms
[2024-11-18T20:47:44.630+0500][gc,heap     ] GC(21) Eden regions: 44->0(47)
[2024-11-18T20:47:44.630+0500][gc,heap     ] GC(21) Survivor regions: 7->4(7)
[2024-11-18T20:47:44.630+0500][gc,heap     ] GC(21) Old regions: 31->33
[2024-11-18T20:47:44.630+0500][gc,heap     ] GC(21) Archive regions: 2->2
[2024-11-18T20:47:44.630+0500][gc,heap     ] GC(21) Humongous regions: 129->129
[2024-11-18T20:47:44.630+0500][gc,metaspace] GC(21) Metaspace: 46507K(46976K)->46507K(46976K) NonClass: 40896K(41152K)->40896K(41152K) Class: 5610K(5824K)->5610K(5824K)
[2024-11-18T20:47:44.630+0500][gc          ] GC(21) Pause Young (Normal) (G1 Evacuation Pause) 210M->165M(1024M) 25.880ms
[2024-11-18T20:47:44.630+0500][gc,cpu      ] GC(21) User=0.03s Sys=0.00s Real=0.02s
[2024-11-18T20:49:42.515+0500][gc,start    ] GC(22) Pause Young (Normal) (G1 Evacuation Pause)
[2024-11-18T20:49:42.515+0500][gc,task     ] GC(22) Using 2 workers of 2 for evacuation
[2024-11-18T20:49:42.539+0500][gc,mmu      ] GC(22) MMU target violated: 21.0ms (20.0ms/21.0ms)
[2024-11-18T20:49:42.539+0500][gc,phases   ] GC(22)   Pre Evacuate Collection Set: 1.1ms
[2024-11-18T20:49:42.539+0500][gc,phases   ] GC(22)   Merge Heap Roots: 0.2ms
[2024-11-18T20:49:42.539+0500][gc,phases   ] GC(22)   Evacuate Collection Set: 21.3ms
[2024-11-18T20:49:42.539+0500][gc,phases   ] GC(22)   Post Evacuate Collection Set: 2.2ms
[2024-11-18T20:49:42.540+0500][gc,phases   ] GC(22)   Other: 0.2ms
[2024-11-18T20:49:42.540+0500][gc,heap     ] GC(22) Eden regions: 47->0(47)
[2024-11-18T20:49:42.540+0500][gc,heap     ] GC(22) Survivor regions: 4->4(7)
[2024-11-18T20:49:42.540+0500][gc,heap     ] GC(22) Old regions: 33->33
[2024-11-18T20:49:42.540+0500][gc,heap     ] GC(22) Archive regions: 2->2
[2024-11-18T20:49:42.540+0500][gc,heap     ] GC(22) Humongous regions: 129->129
[2024-11-18T20:49:42.540+0500][gc,metaspace] GC(22) Metaspace: 46928K(47424K)->46928K(47424K) NonClass: 41232K(41536K)->41232K(41536K) Class: 5695K(5888K)->5695K(5888K)
[2024-11-18T20:49:42.540+0500][gc          ] GC(22) Pause Young (Normal) (G1 Evacuation Pause) 212M->165M(1024M) 24.878ms
[2024-11-18T20:49:42.540+0500][gc,cpu      ] GC(22) User=0.02s Sys=0.00s Real=0.03s
[2024-11-18T20:49:42.845+0500][gc,heap,exit] Heap
[2024-11-18T20:49:42.845+0500][gc,heap,exit]  garbage-first heap   total 1048576K, used 179037K [0x00000000c0000000, 0x0000000100000000)
[2024-11-18T20:49:42.845+0500][gc,heap,exit]   region size 1024K, 14 young (14336K), 4 survivors (4096K)
[2024-11-18T20:49:42.845+0500][gc,heap,exit]  Metaspace       used 47445K, committed 48000K, reserved 1114112K
[2024-11-18T20:49:42.845+0500][gc,heap,exit]   class space    used 5813K, committed 6016K, reserved 1048576K
