[2024-11-19T00:01:45.870+0500][gc] Using G1
[2024-11-19T00:01:45.882+0500][gc,init] Version: 17.0.13+11-Debian-2deb12u1 (release)
[2024-11-19T00:01:45.882+0500][gc,init] CPUs: 2 total, 2 available
[2024-11-19T00:01:45.882+0500][gc,init] Memory: 3922M
[2024-11-19T00:01:45.882+0500][gc,init] Large Page Support: Disabled
[2024-11-19T00:01:45.882+0500][gc,init] NUMA Support: Disabled
[2024-11-19T00:01:45.882+0500][gc,init] Compressed Oops: Enabled (32-bit)
[2024-11-19T00:01:45.882+0500][gc,init] Heap Region Size: 1M
[2024-11-19T00:01:45.882+0500][gc,init] Heap Min Capacity: 1G
[2024-11-19T00:01:45.882+0500][gc,init] Heap Initial Capacity: 1G
[2024-11-19T00:01:45.882+0500][gc,init] Heap Max Capacity: 1G
[2024-11-19T00:01:45.882+0500][gc,init] Pre-touch: Disabled
[2024-11-19T00:01:45.882+0500][gc,init] Parallel Workers: 2
[2024-11-19T00:01:45.882+0500][gc,init] Concurrent Workers: 1
[2024-11-19T00:01:45.882+0500][gc,init] Concurrent Refinement Workers: 2
[2024-11-19T00:01:45.882+0500][gc,init] Periodic GC: Disabled
[2024-11-19T00:01:45.886+0500][gc,metaspace] CDS archive(s) mapped at: [0x0000000300000000-0x0000000300be0000-0x0000000300be0000), size 12451840, SharedBaseAddress: 0x0000000300000000, ArchiveRelocationMode: 1.
[2024-11-19T00:01:45.886+0500][gc,metaspace] Compressed class space mapped at: 0x0000000301000000-0x0000000341000000, reserved size: 1073741824
[2024-11-19T00:01:45.886+0500][gc,metaspace] Narrow klass base: 0x0000000300000000, Narrow klass shift: 0, Narrow klass range: 0x100000000
[2024-11-19T00:01:47.958+0500][gc,start    ] GC(0) Pause Young (Normal) (G1 Evacuation Pause)
[2024-11-19T00:01:47.958+0500][gc,task     ] GC(0) Using 2 workers of 2 for evacuation
[2024-11-19T00:01:47.980+0500][gc,mmu      ] GC(0) MMU target violated: 21.0ms (20.0ms/21.0ms)
[2024-11-19T00:01:47.980+0500][gc,phases   ] GC(0)   Pre Evacuate Collection Set: 0.6ms
[2024-11-19T00:01:47.980+0500][gc,phases   ] GC(0)   Merge Heap Roots: 0.0ms
[2024-11-19T00:01:47.980+0500][gc,phases   ] GC(0)   Evacuate Collection Set: 20.0ms
[2024-11-19T00:01:47.980+0500][gc,phases   ] GC(0)   Post Evacuate Collection Set: 0.7ms
[2024-11-19T00:01:47.980+0500][gc,phases   ] GC(0)   Other: 0.8ms
[2024-11-19T00:01:47.980+0500][gc,heap     ] GC(0) Eden regions: 51->0(44)
[2024-11-19T00:01:47.980+0500][gc,heap     ] GC(0) Survivor regions: 0->7(7)
[2024-11-19T00:01:47.980+0500][gc,heap     ] GC(0) Old regions: 0->2
[2024-11-19T00:01:47.980+0500][gc,heap     ] GC(0) Archive regions: 2->2
[2024-11-19T00:01:47.980+0500][gc,heap     ] GC(0) Humongous regions: 0->0
[2024-11-19T00:01:47.980+0500][gc,metaspace] GC(0) Metaspace: 18092K(18304K)->18092K(18304K) NonClass: 16011K(16128K)->16011K(16128K) Class: 2081K(2176K)->2081K(2176K)
[2024-11-19T00:01:47.980+0500][gc          ] GC(0) Pause Young (Normal) (G1 Evacuation Pause) 51M->9M(1024M) 22.242ms
[2024-11-19T00:01:47.980+0500][gc,cpu      ] GC(0) User=0.01s Sys=0.00s Real=0.03s
[2024-11-19T00:01:48.286+0500][gc,start    ] GC(1) Pause Young (Concurrent Start) (Metadata GC Threshold)
[2024-11-19T00:01:48.286+0500][gc,task     ] GC(1) Using 2 workers of 2 for evacuation
[2024-11-19T00:01:48.293+0500][gc,phases   ] GC(1)   Pre Evacuate Collection Set: 0.1ms
[2024-11-19T00:01:48.293+0500][gc,phases   ] GC(1)   Merge Heap Roots: 0.0ms
[2024-11-19T00:01:48.293+0500][gc,phases   ] GC(1)   Evacuate Collection Set: 6.9ms
[2024-11-19T00:01:48.293+0500][gc,phases   ] GC(1)   Post Evacuate Collection Set: 0.2ms
[2024-11-19T00:01:48.293+0500][gc,phases   ] GC(1)   Other: 0.1ms
[2024-11-19T00:01:48.293+0500][gc,heap     ] GC(1) Eden regions: 15->0(49)
[2024-11-19T00:01:48.293+0500][gc,heap     ] GC(1) Survivor regions: 7->2(7)
[2024-11-19T00:01:48.293+0500][gc,heap     ] GC(1) Old regions: 2->9
[2024-11-19T00:01:48.293+0500][gc,heap     ] GC(1) Archive regions: 2->2
[2024-11-19T00:01:48.293+0500][gc,heap     ] GC(1) Humongous regions: 0->0
[2024-11-19T00:01:48.293+0500][gc,metaspace] GC(1) Metaspace: 21349K(21504K)->21349K(21504K) NonClass: 18850K(18944K)->18850K(18944K) Class: 2499K(2560K)->2499K(2560K)
[2024-11-19T00:01:48.293+0500][gc          ] GC(1) Pause Young (Concurrent Start) (Metadata GC Threshold) 24M->11M(1024M) 7.396ms
[2024-11-19T00:01:48.293+0500][gc,cpu      ] GC(1) User=0.01s Sys=0.00s Real=0.01s
[2024-11-19T00:01:48.293+0500][gc          ] GC(2) Concurrent Mark Cycle
[2024-11-19T00:01:48.293+0500][gc,marking  ] GC(2) Concurrent Clear Claimed Marks
[2024-11-19T00:01:48.293+0500][gc,marking  ] GC(2) Concurrent Clear Claimed Marks 0.005ms
[2024-11-19T00:01:48.293+0500][gc,marking  ] GC(2) Concurrent Scan Root Regions
[2024-11-19T00:01:48.295+0500][gc,marking  ] GC(2) Concurrent Scan Root Regions 1.797ms
[2024-11-19T00:01:48.295+0500][gc,marking  ] GC(2) Concurrent Mark
[2024-11-19T00:01:48.295+0500][gc,marking  ] GC(2) Concurrent Mark From Roots
[2024-11-19T00:01:48.295+0500][gc,task     ] GC(2) Using 1 workers of 1 for marking
[2024-11-19T00:01:48.297+0500][gc,marking  ] GC(2) Concurrent Mark From Roots 1.919ms
[2024-11-19T00:01:48.297+0500][gc,marking  ] GC(2) Concurrent Preclean
[2024-11-19T00:01:48.297+0500][gc,marking  ] GC(2) Concurrent Preclean 0.010ms
[2024-11-19T00:01:48.299+0500][gc,start    ] GC(2) Pause Remark
[2024-11-19T00:01:48.301+0500][gc          ] GC(2) Pause Remark 12M->12M(1024M) 1.456ms
[2024-11-19T00:01:48.301+0500][gc,cpu      ] GC(2) User=0.01s Sys=0.00s Real=0.00s
[2024-11-19T00:01:48.301+0500][gc,marking  ] GC(2) Concurrent Mark 5.884ms
[2024-11-19T00:01:48.301+0500][gc,marking  ] GC(2) Concurrent Rebuild Remembered Sets
[2024-11-19T00:01:48.306+0500][gc,marking  ] GC(2) Concurrent Rebuild Remembered Sets 5.171ms
[2024-11-19T00:01:48.306+0500][gc,start    ] GC(2) Pause Cleanup
[2024-11-19T00:01:48.306+0500][gc          ] GC(2) Pause Cleanup 12M->12M(1024M) 0.049ms
[2024-11-19T00:01:48.306+0500][gc,cpu      ] GC(2) User=0.00s Sys=0.00s Real=0.00s
[2024-11-19T00:01:48.306+0500][gc,marking  ] GC(2) Concurrent Cleanup for Next Mark
[2024-11-19T00:01:48.310+0500][gc,marking  ] GC(2) Concurrent Cleanup for Next Mark 3.372ms
[2024-11-19T00:01:48.310+0500][gc          ] GC(2) Concurrent Mark Cycle 16.423ms
[2024-11-19T00:01:49.061+0500][gc,start    ] GC(3) Pause Young (Normal) (G1 Evacuation Pause)
[2024-11-19T00:01:49.061+0500][gc,task     ] GC(3) Using 2 workers of 2 for evacuation
[2024-11-19T00:01:49.070+0500][gc,phases   ] GC(3)   Pre Evacuate Collection Set: 0.1ms
[2024-11-19T00:01:49.070+0500][gc,phases   ] GC(3)   Merge Heap Roots: 0.0ms
[2024-11-19T00:01:49.070+0500][gc,phases   ] GC(3)   Evacuate Collection Set: 8.3ms
[2024-11-19T00:01:49.070+0500][gc,phases   ] GC(3)   Post Evacuate Collection Set: 0.2ms
[2024-11-19T00:01:49.070+0500][gc,phases   ] GC(3)   Other: 0.1ms
[2024-11-19T00:01:49.070+0500][gc,heap     ] GC(3) Eden regions: 49->0(47)
[2024-11-19T00:01:49.070+0500][gc,heap     ] GC(3) Survivor regions: 2->4(7)
[2024-11-19T00:01:49.070+0500][gc,heap     ] GC(3) Old regions: 9->9
[2024-11-19T00:01:49.070+0500][gc,heap     ] GC(3) Archive regions: 2->2
[2024-11-19T00:01:49.070+0500][gc,heap     ] GC(3) Humongous regions: 1->1
[2024-11-19T00:01:49.070+0500][gc,metaspace] GC(3) Metaspace: 31730K(32000K)->31730K(32000K) NonClass: 27943K(28096K)->27943K(28096K) Class: 3787K(3904K)->3787K(3904K)
[2024-11-19T00:01:49.070+0500][gc          ] GC(3) Pause Young (Normal) (G1 Evacuation Pause) 61M->13M(1024M) 8.753ms
[2024-11-19T00:01:49.070+0500][gc,cpu      ] GC(3) User=0.00s Sys=0.00s Real=0.01s
[2024-11-19T00:01:49.594+0500][gc,start    ] GC(4) Pause Young (Concurrent Start) (Metadata GC Threshold)
[2024-11-19T00:01:49.594+0500][gc,task     ] GC(4) Using 2 workers of 2 for evacuation
[2024-11-19T00:01:49.605+0500][gc,phases   ] GC(4)   Pre Evacuate Collection Set: 0.1ms
[2024-11-19T00:01:49.605+0500][gc,phases   ] GC(4)   Merge Heap Roots: 0.0ms
[2024-11-19T00:01:49.605+0500][gc,phases   ] GC(4)   Evacuate Collection Set: 10.8ms
[2024-11-19T00:01:49.605+0500][gc,phases   ] GC(4)   Post Evacuate Collection Set: 0.3ms
[2024-11-19T00:01:49.605+0500][gc,phases   ] GC(4)   Other: 0.1ms
[2024-11-19T00:01:49.605+0500][gc,heap     ] GC(4) Eden regions: 26->0(44)
[2024-11-19T00:01:49.605+0500][gc,heap     ] GC(4) Survivor regions: 4->7(7)
[2024-11-19T00:01:49.605+0500][gc,heap     ] GC(4) Old regions: 9->9
[2024-11-19T00:01:49.605+0500][gc,heap     ] GC(4) Archive regions: 2->2
[2024-11-19T00:01:49.605+0500][gc,heap     ] GC(4) Humongous regions: 1->1
[2024-11-19T00:01:49.605+0500][gc,metaspace] GC(4) Metaspace: 35649K(35968K)->35649K(35968K) NonClass: 31384K(31552K)->31384K(31552K) Class: 4264K(4416K)->4264K(4416K)
[2024-11-19T00:01:49.605+0500][gc          ] GC(4) Pause Young (Concurrent Start) (Metadata GC Threshold) 39M->17M(1024M) 11.266ms
[2024-11-19T00:01:49.605+0500][gc,cpu      ] GC(4) User=0.01s Sys=0.00s Real=0.01s
[2024-11-19T00:01:49.605+0500][gc          ] GC(5) Concurrent Mark Cycle
[2024-11-19T00:01:49.605+0500][gc,marking  ] GC(5) Concurrent Clear Claimed Marks
[2024-11-19T00:01:49.605+0500][gc,marking  ] GC(5) Concurrent Clear Claimed Marks 0.012ms
[2024-11-19T00:01:49.605+0500][gc,marking  ] GC(5) Concurrent Scan Root Regions
[2024-11-19T00:01:49.608+0500][gc,marking  ] GC(5) Concurrent Scan Root Regions 2.771ms
[2024-11-19T00:01:49.608+0500][gc,marking  ] GC(5) Concurrent Mark
[2024-11-19T00:01:49.608+0500][gc,marking  ] GC(5) Concurrent Mark From Roots
[2024-11-19T00:01:49.608+0500][gc,task     ] GC(5) Using 1 workers of 1 for marking
[2024-11-19T00:01:49.615+0500][gc,marking  ] GC(5) Concurrent Mark From Roots 7.565ms
[2024-11-19T00:01:49.615+0500][gc,marking  ] GC(5) Concurrent Preclean
[2024-11-19T00:01:49.615+0500][gc,marking  ] GC(5) Concurrent Preclean 0.038ms
[2024-11-19T00:01:49.615+0500][gc,start    ] GC(5) Pause Remark
[2024-11-19T00:01:49.633+0500][gc          ] GC(5) Pause Remark 18M->18M(1024M) 17.346ms
[2024-11-19T00:01:49.633+0500][gc,cpu      ] GC(5) User=0.01s Sys=0.00s Real=0.02s
[2024-11-19T00:01:49.633+0500][gc,marking  ] GC(5) Concurrent Mark 25.064ms
[2024-11-19T00:01:49.633+0500][gc,marking  ] GC(5) Concurrent Rebuild Remembered Sets
[2024-11-19T00:01:49.636+0500][gc,marking  ] GC(5) Concurrent Rebuild Remembered Sets 3.226ms
[2024-11-19T00:01:49.636+0500][gc,start    ] GC(5) Pause Cleanup
[2024-11-19T00:01:49.636+0500][gc          ] GC(5) Pause Cleanup 18M->18M(1024M) 0.046ms
[2024-11-19T00:01:49.636+0500][gc,cpu      ] GC(5) User=0.00s Sys=0.00s Real=0.00s
[2024-11-19T00:01:49.636+0500][gc,marking  ] GC(5) Concurrent Cleanup for Next Mark
[2024-11-19T00:01:49.649+0500][gc,marking  ] GC(5) Concurrent Cleanup for Next Mark 13.077ms
[2024-11-19T00:01:49.649+0500][gc          ] GC(5) Concurrent Mark Cycle 44.260ms
[2024-11-19T00:01:50.749+0500][gc,start    ] GC(6) Pause Young (Prepare Mixed) (G1 Evacuation Pause)
[2024-11-19T00:01:50.749+0500][gc,task     ] GC(6) Using 2 workers of 2 for evacuation
[2024-11-19T00:01:50.815+0500][gc,mmu      ] GC(6) MMU target violated: 21.0ms (20.0ms/21.0ms)
[2024-11-19T00:01:50.815+0500][gc,phases   ] GC(6)   Pre Evacuate Collection Set: 0.5ms
[2024-11-19T00:01:50.815+0500][gc,phases   ] GC(6)   Merge Heap Roots: 0.0ms
[2024-11-19T00:01:50.815+0500][gc,phases   ] GC(6)   Evacuate Collection Set: 64.0ms
[2024-11-19T00:01:50.815+0500][gc,phases   ] GC(6)   Post Evacuate Collection Set: 0.8ms
[2024-11-19T00:01:50.815+0500][gc,phases   ] GC(6)   Other: 0.1ms
[2024-11-19T00:01:50.815+0500][gc,heap     ] GC(6) Eden regions: 44->0(48)
[2024-11-19T00:01:50.815+0500][gc,heap     ] GC(6) Survivor regions: 7->3(7)
[2024-11-19T00:01:50.815+0500][gc,heap     ] GC(6) Old regions: 9->16
[2024-11-19T00:01:50.815+0500][gc,heap     ] GC(6) Archive regions: 2->2
[2024-11-19T00:01:50.815+0500][gc,heap     ] GC(6) Humongous regions: 132->130
[2024-11-19T00:01:50.815+0500][gc,metaspace] GC(6) Metaspace: 39848K(40256K)->39848K(40256K) NonClass: 35138K(35328K)->35138K(35328K) Class: 4709K(4928K)->4709K(4928K)
[2024-11-19T00:01:50.815+0500][gc          ] GC(6) Pause Young (Prepare Mixed) (G1 Evacuation Pause) 192M->149M(1024M) 65.570ms
[2024-11-19T00:01:50.815+0500][gc,cpu      ] GC(6) User=0.02s Sys=0.00s Real=0.06s
[2024-11-19T00:02:27.102+0500][gc,start    ] GC(7) Pause Young (Mixed) (G1 Evacuation Pause)
[2024-11-19T00:02:27.102+0500][gc,task     ] GC(7) Using 2 workers of 2 for evacuation
[2024-11-19T00:02:27.128+0500][gc,mmu      ] GC(7) MMU target violated: 21.0ms (20.0ms/21.0ms)
[2024-11-19T00:02:27.128+0500][gc,phases   ] GC(7)   Pre Evacuate Collection Set: 0.9ms
[2024-11-19T00:02:27.128+0500][gc,phases   ] GC(7)   Merge Heap Roots: 0.1ms
[2024-11-19T00:02:27.128+0500][gc,phases   ] GC(7)   Evacuate Collection Set: 16.3ms
[2024-11-19T00:02:27.128+0500][gc,phases   ] GC(7)   Post Evacuate Collection Set: 9.0ms
[2024-11-19T00:02:27.128+0500][gc,phases   ] GC(7)   Other: 0.3ms
[2024-11-19T00:02:27.128+0500][gc,heap     ] GC(7) Eden regions: 48->0(46)
[2024-11-19T00:02:27.128+0500][gc,heap     ] GC(7) Survivor regions: 3->5(7)
[2024-11-19T00:02:27.128+0500][gc,heap     ] GC(7) Old regions: 16->16
[2024-11-19T00:02:27.128+0500][gc,heap     ] GC(7) Archive regions: 2->2
[2024-11-19T00:02:27.128+0500][gc,heap     ] GC(7) Humongous regions: 136->130
[2024-11-19T00:02:27.128+0500][gc,metaspace] GC(7) Metaspace: 43361K(43840K)->43361K(43840K) NonClass: 38103K(38400K)->38103K(38400K) Class: 5257K(5440K)->5257K(5440K)
[2024-11-19T00:02:27.128+0500][gc          ] GC(7) Pause Young (Mixed) (G1 Evacuation Pause) 203M->150M(1024M) 26.604ms
[2024-11-19T00:02:27.128+0500][gc,cpu      ] GC(7) User=0.03s Sys=0.00s Real=0.03s
[2024-11-19T00:03:41.947+0500][gc,start    ] GC(8) Pause Young (Normal) (G1 Evacuation Pause)
[2024-11-19T00:03:41.947+0500][gc,task     ] GC(8) Using 2 workers of 2 for evacuation
[2024-11-19T00:03:41.963+0500][gc,phases   ] GC(8)   Pre Evacuate Collection Set: 0.7ms
[2024-11-19T00:03:41.963+0500][gc,phases   ] GC(8)   Merge Heap Roots: 0.1ms
[2024-11-19T00:03:41.963+0500][gc,phases   ] GC(8)   Evacuate Collection Set: 14.6ms
[2024-11-19T00:03:41.963+0500][gc,phases   ] GC(8)   Post Evacuate Collection Set: 1.1ms
[2024-11-19T00:03:41.963+0500][gc,phases   ] GC(8)   Other: 0.4ms
[2024-11-19T00:03:41.964+0500][gc,heap     ] GC(8) Eden regions: 46->0(45)
[2024-11-19T00:03:41.964+0500][gc,heap     ] GC(8) Survivor regions: 5->6(7)
[2024-11-19T00:03:41.964+0500][gc,heap     ] GC(8) Old regions: 16->19
[2024-11-19T00:03:41.964+0500][gc,heap     ] GC(8) Archive regions: 2->2
[2024-11-19T00:03:41.964+0500][gc,heap     ] GC(8) Humongous regions: 130->130
[2024-11-19T00:03:41.964+0500][gc,metaspace] GC(8) Metaspace: 43904K(44416K)->43904K(44416K) NonClass: 38643K(38976K)->38643K(38976K) Class: 5260K(5440K)->5260K(5440K)
[2024-11-19T00:03:41.964+0500][gc          ] GC(8) Pause Young (Normal) (G1 Evacuation Pause) 196M->154M(1024M) 16.984ms
[2024-11-19T00:03:41.964+0500][gc,cpu      ] GC(8) User=0.03s Sys=0.00s Real=0.02s
[2024-11-19T00:04:53.979+0500][gc,start    ] GC(9) Pause Young (Normal) (G1 Evacuation Pause)
[2024-11-19T00:04:53.979+0500][gc,task     ] GC(9) Using 2 workers of 2 for evacuation
[2024-11-19T00:04:54.026+0500][gc,mmu      ] GC(9) MMU target violated: 21.0ms (20.0ms/21.0ms)
[2024-11-19T00:04:54.026+0500][gc,phases   ] GC(9)   Pre Evacuate Collection Set: 1.2ms
[2024-11-19T00:04:54.026+0500][gc,phases   ] GC(9)   Merge Heap Roots: 0.1ms
[2024-11-19T00:04:54.026+0500][gc,phases   ] GC(9)   Evacuate Collection Set: 40.9ms
[2024-11-19T00:04:54.026+0500][gc,phases   ] GC(9)   Post Evacuate Collection Set: 4.4ms
[2024-11-19T00:04:54.026+0500][gc,phases   ] GC(9)   Other: 0.7ms
[2024-11-19T00:04:54.026+0500][gc,heap     ] GC(9) Eden regions: 45->0(44)
[2024-11-19T00:04:54.026+0500][gc,heap     ] GC(9) Survivor regions: 6->7(7)
[2024-11-19T00:04:54.026+0500][gc,heap     ] GC(9) Old regions: 19->21
[2024-11-19T00:04:54.026+0500][gc,heap     ] GC(9) Archive regions: 2->2
[2024-11-19T00:04:54.026+0500][gc,heap     ] GC(9) Humongous regions: 130->130
[2024-11-19T00:04:54.026+0500][gc,metaspace] GC(9) Metaspace: 44446K(44928K)->44446K(44928K) NonClass: 39183K(39488K)->39183K(39488K) Class: 5263K(5440K)->5263K(5440K)
[2024-11-19T00:04:54.026+0500][gc          ] GC(9) Pause Young (Normal) (G1 Evacuation Pause) 199M->158M(1024M) 47.379ms
[2024-11-19T00:04:54.026+0500][gc,cpu      ] GC(9) User=0.04s Sys=0.00s Real=0.05s
[2024-11-19T00:06:06.391+0500][gc,start    ] GC(10) Pause Young (Normal) (G1 Evacuation Pause)
[2024-11-19T00:06:06.391+0500][gc,task     ] GC(10) Using 2 workers of 2 for evacuation
[2024-11-19T00:06:06.427+0500][gc,mmu      ] GC(10) MMU target violated: 21.0ms (20.0ms/21.0ms)
[2024-11-19T00:06:06.427+0500][gc,phases   ] GC(10)   Pre Evacuate Collection Set: 1.8ms
[2024-11-19T00:06:06.427+0500][gc,phases   ] GC(10)   Merge Heap Roots: 0.1ms
[2024-11-19T00:06:06.427+0500][gc,phases   ] GC(10)   Evacuate Collection Set: 30.1ms
[2024-11-19T00:06:06.427+0500][gc,phases   ] GC(10)   Post Evacuate Collection Set: 3.6ms
[2024-11-19T00:06:06.427+0500][gc,phases   ] GC(10)   Other: 0.5ms
[2024-11-19T00:06:06.427+0500][gc,heap     ] GC(10) Eden regions: 44->0(44)
[2024-11-19T00:06:06.427+0500][gc,heap     ] GC(10) Survivor regions: 7->7(7)
[2024-11-19T00:06:06.427+0500][gc,heap     ] GC(10) Old regions: 21->24
[2024-11-19T00:06:06.427+0500][gc,heap     ] GC(10) Archive regions: 2->2
[2024-11-19T00:06:06.427+0500][gc,heap     ] GC(10) Humongous regions: 130->130
[2024-11-19T00:06:06.427+0500][gc,metaspace] GC(10) Metaspace: 44686K(45120K)->44686K(45120K) NonClass: 39422K(39680K)->39422K(39680K) Class: 5264K(5440K)->5264K(5440K)
[2024-11-19T00:06:06.427+0500][gc          ] GC(10) Pause Young (Normal) (G1 Evacuation Pause) 202M->161M(1024M) 36.080ms
[2024-11-19T00:06:06.427+0500][gc,cpu      ] GC(10) User=0.03s Sys=0.00s Real=0.03s
[2024-11-19T00:07:23.914+0500][gc,start    ] GC(11) Pause Young (Normal) (G1 Evacuation Pause)
[2024-11-19T00:07:23.914+0500][gc,task     ] GC(11) Using 2 workers of 2 for evacuation
[2024-11-19T00:07:23.961+0500][gc,mmu      ] GC(11) MMU target violated: 21.0ms (20.0ms/21.0ms)
[2024-11-19T00:07:23.961+0500][gc,phases   ] GC(11)   Pre Evacuate Collection Set: 1.6ms
[2024-11-19T00:07:23.961+0500][gc,phases   ] GC(11)   Merge Heap Roots: 0.2ms
[2024-11-19T00:07:23.961+0500][gc,phases   ] GC(11)   Evacuate Collection Set: 37.8ms
[2024-11-19T00:07:23.961+0500][gc,phases   ] GC(11)   Post Evacuate Collection Set: 7.4ms
[2024-11-19T00:07:23.961+0500][gc,phases   ] GC(11)   Other: 0.5ms
[2024-11-19T00:07:23.961+0500][gc,heap     ] GC(11) Eden regions: 44->0(46)
[2024-11-19T00:07:23.961+0500][gc,heap     ] GC(11) Survivor regions: 7->5(7)
[2024-11-19T00:07:23.961+0500][gc,heap     ] GC(11) Old regions: 24->25
[2024-11-19T00:07:23.961+0500][gc,heap     ] GC(11) Archive regions: 2->2
[2024-11-19T00:07:23.961+0500][gc,heap     ] GC(11) Humongous regions: 130->130
[2024-11-19T00:07:23.961+0500][gc,metaspace] GC(11) Metaspace: 44916K(45376K)->44916K(45376K) NonClass: 39618K(39872K)->39618K(39872K) Class: 5298K(5504K)->5298K(5504K)
[2024-11-19T00:07:23.961+0500][gc          ] GC(11) Pause Young (Normal) (G1 Evacuation Pause) 205M->160M(1024M) 47.331ms
[2024-11-19T00:07:23.961+0500][gc,cpu      ] GC(11) User=0.07s Sys=0.00s Real=0.05s
[2024-11-19T00:09:35.882+0500][gc,start    ] GC(12) Pause Young (Normal) (G1 Evacuation Pause)
[2024-11-19T00:09:35.882+0500][gc,task     ] GC(12) Using 2 workers of 2 for evacuation
[2024-11-19T00:09:35.930+0500][gc,mmu      ] GC(12) MMU target violated: 21.0ms (20.0ms/21.0ms)
[2024-11-19T00:09:35.930+0500][gc,phases   ] GC(12)   Pre Evacuate Collection Set: 1.5ms
[2024-11-19T00:09:35.930+0500][gc,phases   ] GC(12)   Merge Heap Roots: 0.3ms
[2024-11-19T00:09:35.930+0500][gc,phases   ] GC(12)   Evacuate Collection Set: 43.3ms
[2024-11-19T00:09:35.930+0500][gc,phases   ] GC(12)   Post Evacuate Collection Set: 1.5ms
[2024-11-19T00:09:35.930+0500][gc,phases   ] GC(12)   Other: 1.3ms
[2024-11-19T00:09:35.930+0500][gc,heap     ] GC(12) Eden regions: 46->0(45)
[2024-11-19T00:09:35.930+0500][gc,heap     ] GC(12) Survivor regions: 5->6(7)
[2024-11-19T00:09:35.930+0500][gc,heap     ] GC(12) Old regions: 25->26
[2024-11-19T00:09:35.930+0500][gc,heap     ] GC(12) Archive regions: 2->2
[2024-11-19T00:09:35.930+0500][gc,heap     ] GC(12) Humongous regions: 130->130
[2024-11-19T00:09:35.930+0500][gc,metaspace] GC(12) Metaspace: 45058K(45568K)->45058K(45568K) NonClass: 39759K(40064K)->39759K(40064K) Class: 5298K(5504K)->5298K(5504K)
[2024-11-19T00:09:35.930+0500][gc          ] GC(12) Pause Young (Normal) (G1 Evacuation Pause) 206M->162M(1024M) 47.773ms
[2024-11-19T00:09:35.930+0500][gc,cpu      ] GC(12) User=0.07s Sys=0.00s Real=0.05s
[2024-11-19T00:11:47.980+0500][gc,start    ] GC(13) Pause Young (Normal) (G1 Evacuation Pause)
[2024-11-19T00:11:47.980+0500][gc,task     ] GC(13) Using 2 workers of 2 for evacuation
[2024-11-19T00:11:47.997+0500][gc,phases   ] GC(13)   Pre Evacuate Collection Set: 0.9ms
[2024-11-19T00:11:47.997+0500][gc,phases   ] GC(13)   Merge Heap Roots: 0.2ms
[2024-11-19T00:11:47.997+0500][gc,phases   ] GC(13)   Evacuate Collection Set: 14.2ms
[2024-11-19T00:11:47.997+0500][gc,phases   ] GC(13)   Post Evacuate Collection Set: 1.1ms
[2024-11-19T00:11:47.997+0500][gc,phases   ] GC(13)   Other: 1.0ms
[2024-11-19T00:11:47.997+0500][gc,heap     ] GC(13) Eden regions: 45->0(47)
[2024-11-19T00:11:47.997+0500][gc,heap     ] GC(13) Survivor regions: 6->4(7)
[2024-11-19T00:11:47.997+0500][gc,heap     ] GC(13) Old regions: 26->27
[2024-11-19T00:11:47.997+0500][gc,heap     ] GC(13) Archive regions: 2->2
[2024-11-19T00:11:47.997+0500][gc,heap     ] GC(13) Humongous regions: 130->130
[2024-11-19T00:11:47.997+0500][gc,metaspace] GC(13) Metaspace: 45107K(45568K)->45107K(45568K) NonClass: 39808K(40064K)->39808K(40064K) Class: 5298K(5504K)->5298K(5504K)
[2024-11-19T00:11:47.997+0500][gc          ] GC(13) Pause Young (Normal) (G1 Evacuation Pause) 207M->161M(1024M) 17.438ms
[2024-11-19T00:11:47.997+0500][gc,cpu      ] GC(13) User=0.02s Sys=0.00s Real=0.01s
[2024-11-19T00:14:09.805+0500][gc,start    ] GC(14) Pause Young (Normal) (G1 Evacuation Pause)
[2024-11-19T00:14:09.806+0500][gc,task     ] GC(14) Using 2 workers of 2 for evacuation
[2024-11-19T00:14:09.829+0500][gc,mmu      ] GC(14) MMU target violated: 21.0ms (20.0ms/21.0ms)
[2024-11-19T00:14:09.829+0500][gc,phases   ] GC(14)   Pre Evacuate Collection Set: 1.4ms
[2024-11-19T00:14:09.829+0500][gc,phases   ] GC(14)   Merge Heap Roots: 0.2ms
[2024-11-19T00:14:09.829+0500][gc,phases   ] GC(14)   Evacuate Collection Set: 18.9ms
[2024-11-19T00:14:09.829+0500][gc,phases   ] GC(14)   Post Evacuate Collection Set: 1.1ms
[2024-11-19T00:14:09.829+0500][gc,phases   ] GC(14)   Other: 2.8ms
[2024-11-19T00:14:09.829+0500][gc,heap     ] GC(14) Eden regions: 47->0(44)
[2024-11-19T00:14:09.829+0500][gc,heap     ] GC(14) Survivor regions: 4->7(7)
[2024-11-19T00:14:09.829+0500][gc,heap     ] GC(14) Old regions: 27->27
[2024-11-19T00:14:09.829+0500][gc,heap     ] GC(14) Archive regions: 2->2
[2024-11-19T00:14:09.829+0500][gc,heap     ] GC(14) Humongous regions: 130->130
[2024-11-19T00:14:09.829+0500][gc,metaspace] GC(14) Metaspace: 45225K(45696K)->45225K(45696K) NonClass: 39917K(40192K)->39917K(40192K) Class: 5307K(5504K)->5307K(5504K)
[2024-11-19T00:14:09.829+0500][gc          ] GC(14) Pause Young (Normal) (G1 Evacuation Pause) 208M->164M(1024M) 24.394ms
[2024-11-19T00:14:09.829+0500][gc,cpu      ] GC(14) User=0.04s Sys=0.00s Real=0.03s
[2024-11-19T00:16:24.777+0500][gc,start    ] GC(15) Pause Young (Normal) (G1 Evacuation Pause)
[2024-11-19T00:16:24.777+0500][gc,task     ] GC(15) Using 2 workers of 2 for evacuation
[2024-11-19T00:16:24.804+0500][gc,mmu      ] GC(15) MMU target violated: 21.0ms (20.0ms/21.0ms)
[2024-11-19T00:16:24.804+0500][gc,phases   ] GC(15)   Pre Evacuate Collection Set: 0.7ms
[2024-11-19T00:16:24.804+0500][gc,phases   ] GC(15)   Merge Heap Roots: 0.4ms
[2024-11-19T00:16:24.804+0500][gc,phases   ] GC(15)   Evacuate Collection Set: 18.5ms
[2024-11-19T00:16:24.804+0500][gc,phases   ] GC(15)   Post Evacuate Collection Set: 6.5ms
[2024-11-19T00:16:24.804+0500][gc,phases   ] GC(15)   Other: 0.5ms
[2024-11-19T00:16:24.804+0500][gc,heap     ] GC(15) Eden regions: 44->0(47)
[2024-11-19T00:16:24.804+0500][gc,heap     ] GC(15) Survivor regions: 7->4(7)
[2024-11-19T00:16:24.804+0500][gc,heap     ] GC(15) Old regions: 27->29
[2024-11-19T00:16:24.804+0500][gc,heap     ] GC(15) Archive regions: 2->2
[2024-11-19T00:16:24.804+0500][gc,heap     ] GC(15) Humongous regions: 130->130
[2024-11-19T00:16:24.804+0500][gc,metaspace] GC(15) Metaspace: 45231K(45696K)->45231K(45696K) NonClass: 39924K(40192K)->39924K(40192K) Class: 5307K(5504K)->5307K(5504K)
[2024-11-19T00:16:24.804+0500][gc          ] GC(15) Pause Young (Normal) (G1 Evacuation Pause) 208M->163M(1024M) 26.709ms
[2024-11-19T00:16:24.804+0500][gc,cpu      ] GC(15) User=0.03s Sys=0.00s Real=0.03s
[2024-11-19T00:18:49.091+0500][gc,start    ] GC(16) Pause Young (Normal) (G1 Evacuation Pause)
[2024-11-19T00:18:49.092+0500][gc,task     ] GC(16) Using 2 workers of 2 for evacuation
[2024-11-19T00:18:49.122+0500][gc,mmu      ] GC(16) MMU target violated: 21.0ms (20.0ms/21.0ms)
[2024-11-19T00:18:49.122+0500][gc,phases   ] GC(16)   Pre Evacuate Collection Set: 1.7ms
[2024-11-19T00:18:49.122+0500][gc,phases   ] GC(16)   Merge Heap Roots: 0.4ms
[2024-11-19T00:18:49.122+0500][gc,phases   ] GC(16)   Evacuate Collection Set: 26.2ms
[2024-11-19T00:18:49.122+0500][gc,phases   ] GC(16)   Post Evacuate Collection Set: 1.5ms
[2024-11-19T00:18:49.122+0500][gc,phases   ] GC(16)   Other: 1.0ms
[2024-11-19T00:18:49.122+0500][gc,heap     ] GC(16) Eden regions: 47->0(45)
[2024-11-19T00:18:49.122+0500][gc,heap     ] GC(16) Survivor regions: 4->6(7)
[2024-11-19T00:18:49.122+0500][gc,heap     ] GC(16) Old regions: 29->30
[2024-11-19T00:18:49.122+0500][gc,heap     ] GC(16) Archive regions: 2->2
[2024-11-19T00:18:49.122+0500][gc,heap     ] GC(16) Humongous regions: 130->130
[2024-11-19T00:18:49.122+0500][gc,metaspace] GC(16) Metaspace: 45250K(45760K)->45250K(45760K) NonClass: 39942K(40256K)->39942K(40256K) Class: 5307K(5504K)->5307K(5504K)
[2024-11-19T00:18:49.122+0500][gc          ] GC(16) Pause Young (Normal) (G1 Evacuation Pause) 210M->166M(1024M) 30.627ms
[2024-11-19T00:18:49.122+0500][gc,cpu      ] GC(16) User=0.04s Sys=0.01s Real=0.03s
