[2024-11-18T23:08:57.362+0500][gc] Using G1
[2024-11-18T23:08:57.387+0500][gc,init] Version: 17.0.13+11-Debian-2deb12u1 (release)
[2024-11-18T23:08:57.387+0500][gc,init] CPUs: 2 total, 2 available
[2024-11-18T23:08:57.387+0500][gc,init] Memory: 3922M
[2024-11-18T23:08:57.387+0500][gc,init] Large Page Support: Disabled
[2024-11-18T23:08:57.387+0500][gc,init] NUMA Support: Disabled
[2024-11-18T23:08:57.387+0500][gc,init] Compressed Oops: Enabled (32-bit)
[2024-11-18T23:08:57.387+0500][gc,init] Heap Region Size: 1M
[2024-11-18T23:08:57.387+0500][gc,init] Heap Min Capacity: 1G
[2024-11-18T23:08:57.387+0500][gc,init] Heap Initial Capacity: 1G
[2024-11-18T23:08:57.387+0500][gc,init] Heap Max Capacity: 1G
[2024-11-18T23:08:57.387+0500][gc,init] Pre-touch: Disabled
[2024-11-18T23:08:57.387+0500][gc,init] Parallel Workers: 2
[2024-11-18T23:08:57.387+0500][gc,init] Concurrent Workers: 1
[2024-11-18T23:08:57.387+0500][gc,init] Concurrent Refinement Workers: 2
[2024-11-18T23:08:57.387+0500][gc,init] Periodic GC: Disabled
[2024-11-18T23:08:57.396+0500][gc,metaspace] CDS archive(s) mapped at: [0x0000009800000000-0x0000009800be0000-0x0000009800be0000), size 12451840, SharedBaseAddress: 0x0000009800000000, ArchiveRelocationMode: 1.
[2024-11-18T23:08:57.396+0500][gc,metaspace] Compressed class space mapped at: 0x0000009801000000-0x0000009841000000, reserved size: 1073741824
[2024-11-18T23:08:57.396+0500][gc,metaspace] Narrow klass base: 0x0000009800000000, Narrow klass shift: 0, Narrow klass range: 0x100000000
[2024-11-18T23:09:01.016+0500][gc,start    ] GC(0) Pause Young (Normal) (G1 Evacuation Pause)
[2024-11-18T23:09:01.017+0500][gc,task     ] GC(0) Using 2 workers of 2 for evacuation
[2024-11-18T23:09:01.050+0500][gc,mmu      ] GC(0) MMU target violated: 21.0ms (20.0ms/21.0ms)
[2024-11-18T23:09:01.050+0500][gc,phases   ] GC(0)   Pre Evacuate Collection Set: 1.3ms
[2024-11-18T23:09:01.050+0500][gc,phases   ] GC(0)   Merge Heap Roots: 0.1ms
[2024-11-18T23:09:01.050+0500][gc,phases   ] GC(0)   Evacuate Collection Set: 25.9ms
[2024-11-18T23:09:01.050+0500][gc,phases   ] GC(0)   Post Evacuate Collection Set: 5.8ms
[2024-11-18T23:09:01.050+0500][gc,phases   ] GC(0)   Other: 0.6ms
[2024-11-18T23:09:01.050+0500][gc,heap     ] GC(0) Eden regions: 51->0(44)
[2024-11-18T23:09:01.050+0500][gc,heap     ] GC(0) Survivor regions: 0->7(7)
[2024-11-18T23:09:01.050+0500][gc,heap     ] GC(0) Old regions: 0->2
[2024-11-18T23:09:01.050+0500][gc,heap     ] GC(0) Archive regions: 2->2
[2024-11-18T23:09:01.050+0500][gc,heap     ] GC(0) Humongous regions: 0->0
[2024-11-18T23:09:01.050+0500][gc,metaspace] GC(0) Metaspace: 18281K(18432K)->18281K(18432K) NonClass: 16196K(16256K)->16196K(16256K) Class: 2084K(2176K)->2084K(2176K)
[2024-11-18T23:09:01.050+0500][gc          ] GC(0) Pause Young (Normal) (G1 Evacuation Pause) 51M->9M(1024M) 33.671ms
[2024-11-18T23:09:01.050+0500][gc,cpu      ] GC(0) User=0.02s Sys=0.01s Real=0.03s
[2024-11-18T23:09:01.502+0500][gc,start    ] GC(1) Pause Young (Concurrent Start) (Metadata GC Threshold)
[2024-11-18T23:09:01.502+0500][gc,task     ] GC(1) Using 2 workers of 2 for evacuation
[2024-11-18T23:09:01.573+0500][gc,mmu      ] GC(1) MMU target violated: 21.0ms (20.0ms/21.0ms)
[2024-11-18T23:09:01.573+0500][gc,phases   ] GC(1)   Pre Evacuate Collection Set: 0.1ms
[2024-11-18T23:09:01.573+0500][gc,phases   ] GC(1)   Merge Heap Roots: 0.1ms
[2024-11-18T23:09:01.573+0500][gc,phases   ] GC(1)   Evacuate Collection Set: 69.3ms
[2024-11-18T23:09:01.573+0500][gc,phases   ] GC(1)   Post Evacuate Collection Set: 1.8ms
[2024-11-18T23:09:01.573+0500][gc,phases   ] GC(1)   Other: 0.2ms
[2024-11-18T23:09:01.574+0500][gc,heap     ] GC(1) Eden regions: 15->0(49)
[2024-11-18T23:09:01.574+0500][gc,heap     ] GC(1) Survivor regions: 7->2(7)
[2024-11-18T23:09:01.574+0500][gc,heap     ] GC(1) Old regions: 2->9
[2024-11-18T23:09:01.574+0500][gc,heap     ] GC(1) Archive regions: 2->2
[2024-11-18T23:09:01.574+0500][gc,heap     ] GC(1) Humongous regions: 0->0
[2024-11-18T23:09:01.574+0500][gc,metaspace] GC(1) Metaspace: 21381K(21504K)->21381K(21504K) NonClass: 18885K(18944K)->18885K(18944K) Class: 2495K(2560K)->2495K(2560K)
[2024-11-18T23:09:01.574+0500][gc          ] GC(1) Pause Young (Concurrent Start) (Metadata GC Threshold) 24M->11M(1024M) 71.494ms
[2024-11-18T23:09:01.574+0500][gc,cpu      ] GC(1) User=0.02s Sys=0.00s Real=0.06s
[2024-11-18T23:09:01.574+0500][gc          ] GC(2) Concurrent Mark Cycle
[2024-11-18T23:09:01.574+0500][gc,marking  ] GC(2) Concurrent Clear Claimed Marks
[2024-11-18T23:09:01.574+0500][gc,marking  ] GC(2) Concurrent Clear Claimed Marks 0.021ms
[2024-11-18T23:09:01.574+0500][gc,marking  ] GC(2) Concurrent Scan Root Regions
[2024-11-18T23:09:01.595+0500][gc,marking  ] GC(2) Concurrent Scan Root Regions 21.208ms
[2024-11-18T23:09:01.595+0500][gc,marking  ] GC(2) Concurrent Mark
[2024-11-18T23:09:01.595+0500][gc,marking  ] GC(2) Concurrent Mark From Roots
[2024-11-18T23:09:01.595+0500][gc,task     ] GC(2) Using 1 workers of 1 for marking
[2024-11-18T23:09:01.601+0500][gc,marking  ] GC(2) Concurrent Mark From Roots 5.922ms
[2024-11-18T23:09:01.601+0500][gc,marking  ] GC(2) Concurrent Preclean
[2024-11-18T23:09:01.601+0500][gc,marking  ] GC(2) Concurrent Preclean 0.022ms
[2024-11-18T23:09:01.606+0500][gc,start    ] GC(2) Pause Remark
[2024-11-18T23:09:01.609+0500][gc          ] GC(2) Pause Remark 12M->12M(1024M) 3.580ms
[2024-11-18T23:09:01.609+0500][gc,cpu      ] GC(2) User=0.00s Sys=0.00s Real=0.00s
[2024-11-18T23:09:01.609+0500][gc,marking  ] GC(2) Concurrent Mark 14.490ms
[2024-11-18T23:09:01.609+0500][gc,marking  ] GC(2) Concurrent Rebuild Remembered Sets
[2024-11-18T23:09:01.621+0500][gc,marking  ] GC(2) Concurrent Rebuild Remembered Sets 11.518ms
[2024-11-18T23:09:01.626+0500][gc,start    ] GC(2) Pause Cleanup
[2024-11-18T23:09:01.626+0500][gc          ] GC(2) Pause Cleanup 12M->12M(1024M) 0.125ms
[2024-11-18T23:09:01.626+0500][gc,cpu      ] GC(2) User=0.00s Sys=0.00s Real=0.00s
[2024-11-18T23:09:01.626+0500][gc,marking  ] GC(2) Concurrent Cleanup for Next Mark
[2024-11-18T23:09:01.645+0500][gc,marking  ] GC(2) Concurrent Cleanup for Next Mark 18.367ms
[2024-11-18T23:09:01.645+0500][gc          ] GC(2) Concurrent Mark Cycle 71.192ms
[2024-11-18T23:09:03.305+0500][gc,start    ] GC(3) Pause Young (Normal) (G1 Evacuation Pause)
[2024-11-18T23:09:03.305+0500][gc,task     ] GC(3) Using 2 workers of 2 for evacuation
[2024-11-18T23:09:03.314+0500][gc,phases   ] GC(3)   Pre Evacuate Collection Set: 0.1ms
[2024-11-18T23:09:03.314+0500][gc,phases   ] GC(3)   Merge Heap Roots: 0.0ms
[2024-11-18T23:09:03.314+0500][gc,phases   ] GC(3)   Evacuate Collection Set: 7.9ms
[2024-11-18T23:09:03.314+0500][gc,phases   ] GC(3)   Post Evacuate Collection Set: 0.3ms
[2024-11-18T23:09:03.314+0500][gc,phases   ] GC(3)   Other: 0.1ms
[2024-11-18T23:09:03.314+0500][gc,heap     ] GC(3) Eden regions: 49->0(47)
[2024-11-18T23:09:03.314+0500][gc,heap     ] GC(3) Survivor regions: 2->4(7)
[2024-11-18T23:09:03.314+0500][gc,heap     ] GC(3) Old regions: 9->9
[2024-11-18T23:09:03.314+0500][gc,heap     ] GC(3) Archive regions: 2->2
[2024-11-18T23:09:03.314+0500][gc,heap     ] GC(3) Humongous regions: 0->0
[2024-11-18T23:09:03.314+0500][gc,metaspace] GC(3) Metaspace: 32057K(32256K)->32057K(32256K) NonClass: 28221K(28352K)->28221K(28352K) Class: 3835K(3904K)->3835K(3904K)
[2024-11-18T23:09:03.314+0500][gc          ] GC(3) Pause Young (Normal) (G1 Evacuation Pause) 60M->13M(1024M) 8.538ms
[2024-11-18T23:09:03.314+0500][gc,cpu      ] GC(3) User=0.01s Sys=0.00s Real=0.01s
[2024-11-18T23:09:04.568+0500][gc,start    ] GC(4) Pause Young (Concurrent Start) (GCLocker Initiated GC)
[2024-11-18T23:09:04.568+0500][gc,task     ] GC(4) Using 2 workers of 2 for evacuation
[2024-11-18T23:09:04.730+0500][gc,mmu      ] GC(4) MMU target violated: 21.0ms (20.0ms/21.0ms)
[2024-11-18T23:09:04.730+0500][gc,phases   ] GC(4)   Pre Evacuate Collection Set: 3.9ms
[2024-11-18T23:09:04.730+0500][gc,phases   ] GC(4)   Merge Heap Roots: 0.2ms
[2024-11-18T23:09:04.730+0500][gc,phases   ] GC(4)   Evacuate Collection Set: 156.4ms
[2024-11-18T23:09:04.730+0500][gc,phases   ] GC(4)   Post Evacuate Collection Set: 0.7ms
[2024-11-18T23:09:04.730+0500][gc,phases   ] GC(4)   Other: 1.1ms
[2024-11-18T23:09:04.730+0500][gc,heap     ] GC(4) Eden regions: 28->0(44)
[2024-11-18T23:09:04.730+0500][gc,heap     ] GC(4) Survivor regions: 4->7(7)
[2024-11-18T23:09:04.730+0500][gc,heap     ] GC(4) Old regions: 9->11
[2024-11-18T23:09:04.730+0500][gc,heap     ] GC(4) Archive regions: 2->2
[2024-11-18T23:09:04.730+0500][gc,heap     ] GC(4) Humongous regions: 0->0
[2024-11-18T23:09:04.730+0500][gc,metaspace] GC(4) Metaspace: 35801K(36224K)->35801K(36224K) NonClass: 31524K(31744K)->31524K(31744K) Class: 4276K(4480K)->4276K(4480K)
[2024-11-18T23:09:04.730+0500][gc          ] GC(4) Pause Young (Concurrent Start) (GCLocker Initiated GC) 41M->17M(1024M) 162.277ms
[2024-11-18T23:09:04.730+0500][gc,cpu      ] GC(4) User=0.04s Sys=0.00s Real=0.16s
[2024-11-18T23:09:04.730+0500][gc          ] GC(5) Concurrent Mark Cycle
[2024-11-18T23:09:04.730+0500][gc,marking  ] GC(5) Concurrent Clear Claimed Marks
[2024-11-18T23:09:04.730+0500][gc,marking  ] GC(5) Concurrent Clear Claimed Marks 0.076ms
[2024-11-18T23:09:04.730+0500][gc,marking  ] GC(5) Concurrent Scan Root Regions
[2024-11-18T23:09:04.745+0500][gc,marking  ] GC(5) Concurrent Scan Root Regions 15.052ms
[2024-11-18T23:09:04.745+0500][gc,marking  ] GC(5) Concurrent Mark
[2024-11-18T23:09:04.745+0500][gc,marking  ] GC(5) Concurrent Mark From Roots
[2024-11-18T23:09:04.745+0500][gc,task     ] GC(5) Using 1 workers of 1 for marking
[2024-11-18T23:09:04.923+0500][gc,marking  ] GC(5) Concurrent Mark From Roots 177.467ms
[2024-11-18T23:09:04.923+0500][gc,marking  ] GC(5) Concurrent Preclean
[2024-11-18T23:09:04.923+0500][gc,marking  ] GC(5) Concurrent Preclean 0.078ms
[2024-11-18T23:09:04.939+0500][gc,start    ] GC(5) Pause Remark
[2024-11-18T23:09:05.002+0500][gc,mmu      ] GC(5) MMU target violated: 21.0ms (20.0ms/21.0ms)
[2024-11-18T23:09:05.002+0500][gc          ] GC(5) Pause Remark 26M->26M(1024M) 63.445ms
[2024-11-18T23:09:05.002+0500][gc,cpu      ] GC(5) User=0.02s Sys=0.00s Real=0.07s
[2024-11-18T23:09:05.010+0500][gc,marking  ] GC(5) Concurrent Mark 264.561ms
[2024-11-18T23:09:05.010+0500][gc,marking  ] GC(5) Concurrent Rebuild Remembered Sets
[2024-11-18T23:09:05.034+0500][gc,marking  ] GC(5) Concurrent Rebuild Remembered Sets 23.936ms
[2024-11-18T23:09:05.103+0500][gc,start    ] GC(5) Pause Cleanup
[2024-11-18T23:09:05.103+0500][gc          ] GC(5) Pause Cleanup 27M->27M(1024M) 0.145ms
[2024-11-18T23:09:05.103+0500][gc,cpu      ] GC(5) User=0.00s Sys=0.00s Real=0.00s
[2024-11-18T23:09:05.114+0500][gc,marking  ] GC(5) Concurrent Cleanup for Next Mark
[2024-11-18T23:09:05.147+0500][gc,marking  ] GC(5) Concurrent Cleanup for Next Mark 33.191ms
[2024-11-18T23:09:05.147+0500][gc          ] GC(5) Concurrent Mark Cycle 417.221ms
[2024-11-18T23:09:10.952+0500][gc,start    ] GC(6) Pause Young (Normal) (G1 Evacuation Pause)
[2024-11-18T23:09:10.953+0500][gc,task     ] GC(6) Using 2 workers of 2 for evacuation
[2024-11-18T23:09:11.281+0500][gc,mmu      ] GC(6) MMU target violated: 21.0ms (20.0ms/21.0ms)
[2024-11-18T23:09:11.281+0500][gc,phases   ] GC(6)   Pre Evacuate Collection Set: 6.4ms
[2024-11-18T23:09:11.281+0500][gc,phases   ] GC(6)   Merge Heap Roots: 0.2ms
[2024-11-18T23:09:11.281+0500][gc,phases   ] GC(6)   Evacuate Collection Set: 317.4ms
[2024-11-18T23:09:11.281+0500][gc,phases   ] GC(6)   Post Evacuate Collection Set: 3.4ms
[2024-11-18T23:09:11.281+0500][gc,phases   ] GC(6)   Other: 2.0ms
[2024-11-18T23:09:11.281+0500][gc,heap     ] GC(6) Eden regions: 44->0(47)
[2024-11-18T23:09:11.281+0500][gc,heap     ] GC(6) Survivor regions: 7->4(7)
[2024-11-18T23:09:11.281+0500][gc,heap     ] GC(6) Old regions: 11->16
[2024-11-18T23:09:11.281+0500][gc,heap     ] GC(6) Archive regions: 2->2
[2024-11-18T23:09:11.281+0500][gc,heap     ] GC(6) Humongous regions: 129->129
[2024-11-18T23:09:11.281+0500][gc,metaspace] GC(6) Metaspace: 41081K(41536K)->41081K(41536K) NonClass: 36159K(36416K)->36159K(36416K) Class: 4921K(5120K)->4921K(5120K)
[2024-11-18T23:09:11.281+0500][gc          ] GC(6) Pause Young (Normal) (G1 Evacuation Pause) 190M->149M(1024M) 328.738ms
[2024-11-18T23:09:11.281+0500][gc,cpu      ] GC(6) User=0.11s Sys=0.01s Real=0.33s
[2024-11-18T23:12:47.590+0500][gc,start    ] GC(7) Pause Young (Normal) (G1 Evacuation Pause)
[2024-11-18T23:12:47.591+0500][gc,task     ] GC(7) Using 2 workers of 2 for evacuation
[2024-11-18T23:12:47.643+0500][gc,mmu      ] GC(7) MMU target violated: 21.0ms (20.0ms/21.0ms)
[2024-11-18T23:12:47.643+0500][gc,phases   ] GC(7)   Pre Evacuate Collection Set: 23.3ms
[2024-11-18T23:12:47.643+0500][gc,phases   ] GC(7)   Merge Heap Roots: 0.3ms
[2024-11-18T23:12:47.643+0500][gc,phases   ] GC(7)   Evacuate Collection Set: 22.3ms
[2024-11-18T23:12:47.643+0500][gc,phases   ] GC(7)   Post Evacuate Collection Set: 5.9ms
[2024-11-18T23:12:47.643+0500][gc,phases   ] GC(7)   Other: 2.6ms
[2024-11-18T23:12:47.643+0500][gc,heap     ] GC(7) Eden regions: 47->0(47)
[2024-11-18T23:12:47.643+0500][gc,heap     ] GC(7) Survivor regions: 4->4(7)
[2024-11-18T23:12:47.643+0500][gc,heap     ] GC(7) Old regions: 16->16
[2024-11-18T23:12:47.643+0500][gc,heap     ] GC(7) Archive regions: 2->2
[2024-11-18T23:12:47.643+0500][gc,heap     ] GC(7) Humongous regions: 129->129
[2024-11-18T23:12:47.643+0500][gc,metaspace] GC(7) Metaspace: 43192K(43648K)->43192K(43648K) NonClass: 38073K(38336K)->38073K(38336K) Class: 5118K(5312K)->5118K(5312K)
[2024-11-18T23:12:47.644+0500][gc          ] GC(7) Pause Young (Normal) (G1 Evacuation Pause) 196M->149M(1024M) 54.005ms
[2024-11-18T23:12:47.644+0500][gc,cpu      ] GC(7) User=0.02s Sys=0.01s Real=0.06s
[2024-11-18T23:14:49.525+0500][gc,start    ] GC(8) Pause Young (Normal) (G1 Evacuation Pause)
[2024-11-18T23:14:49.525+0500][gc,task     ] GC(8) Using 2 workers of 2 for evacuation
[2024-11-18T23:14:49.544+0500][gc,phases   ] GC(8)   Pre Evacuate Collection Set: 1.1ms
[2024-11-18T23:14:49.544+0500][gc,phases   ] GC(8)   Merge Heap Roots: 0.1ms
[2024-11-18T23:14:49.544+0500][gc,phases   ] GC(8)   Evacuate Collection Set: 15.6ms
[2024-11-18T23:14:49.544+0500][gc,phases   ] GC(8)   Post Evacuate Collection Set: 1.5ms
[2024-11-18T23:14:49.544+0500][gc,phases   ] GC(8)   Other: 0.6ms
[2024-11-18T23:14:49.544+0500][gc,heap     ] GC(8) Eden regions: 47->0(45)
[2024-11-18T23:14:49.544+0500][gc,heap     ] GC(8) Survivor regions: 4->6(7)
[2024-11-18T23:14:49.544+0500][gc,heap     ] GC(8) Old regions: 16->16
[2024-11-18T23:14:49.544+0500][gc,heap     ] GC(8) Archive regions: 2->2
[2024-11-18T23:14:49.544+0500][gc,heap     ] GC(8) Humongous regions: 129->129
[2024-11-18T23:14:49.544+0500][gc,metaspace] GC(8) Metaspace: 45214K(45696K)->45214K(45696K) NonClass: 39778K(40064K)->39778K(40064K) Class: 5436K(5632K)->5436K(5632K)
[2024-11-18T23:14:49.544+0500][gc          ] GC(8) Pause Young (Normal) (G1 Evacuation Pause) 196M->151M(1024M) 18.986ms
[2024-11-18T23:14:49.544+0500][gc,cpu      ] GC(8) User=0.02s Sys=0.01s Real=0.02s
[2024-11-18T23:16:38.566+0500][gc,start    ] GC(9) Pause Young (Normal) (G1 Evacuation Pause)
[2024-11-18T23:16:38.567+0500][gc,task     ] GC(9) Using 2 workers of 2 for evacuation
[2024-11-18T23:16:38.611+0500][gc,mmu      ] GC(9) MMU target violated: 21.0ms (20.0ms/21.0ms)
[2024-11-18T23:16:38.611+0500][gc,phases   ] GC(9)   Pre Evacuate Collection Set: 8.4ms
[2024-11-18T23:16:38.611+0500][gc,phases   ] GC(9)   Merge Heap Roots: 0.2ms
[2024-11-18T23:16:38.611+0500][gc,phases   ] GC(9)   Evacuate Collection Set: 26.4ms
[2024-11-18T23:16:38.611+0500][gc,phases   ] GC(9)   Post Evacuate Collection Set: 8.8ms
[2024-11-18T23:16:38.611+0500][gc,phases   ] GC(9)   Other: 1.5ms
[2024-11-18T23:16:38.611+0500][gc,heap     ] GC(9) Eden regions: 45->0(45)
[2024-11-18T23:16:38.611+0500][gc,heap     ] GC(9) Survivor regions: 6->6(7)
[2024-11-18T23:16:38.611+0500][gc,heap     ] GC(9) Old regions: 16->19
[2024-11-18T23:16:38.611+0500][gc,heap     ] GC(9) Archive regions: 2->2
[2024-11-18T23:16:38.611+0500][gc,heap     ] GC(9) Humongous regions: 129->129
[2024-11-18T23:16:38.611+0500][gc,metaspace] GC(9) Metaspace: 45666K(46080K)->45666K(46080K) NonClass: 40226K(40448K)->40226K(40448K) Class: 5439K(5632K)->5439K(5632K)
[2024-11-18T23:16:38.612+0500][gc          ] GC(9) Pause Young (Normal) (G1 Evacuation Pause) 196M->153M(1024M) 45.390ms
[2024-11-18T23:16:38.612+0500][gc,cpu      ] GC(9) User=0.06s Sys=0.00s Real=0.04s
[2024-11-18T23:18:36.270+0500][gc,start    ] GC(10) Pause Young (Normal) (G1 Evacuation Pause)
[2024-11-18T23:18:36.270+0500][gc,task     ] GC(10) Using 2 workers of 2 for evacuation
[2024-11-18T23:18:36.301+0500][gc,mmu      ] GC(10) MMU target violated: 21.0ms (20.0ms/21.0ms)
[2024-11-18T23:18:36.301+0500][gc,phases   ] GC(10)   Pre Evacuate Collection Set: 2.4ms
[2024-11-18T23:18:36.301+0500][gc,phases   ] GC(10)   Merge Heap Roots: 0.6ms
[2024-11-18T23:18:36.301+0500][gc,phases   ] GC(10)   Evacuate Collection Set: 25.0ms
[2024-11-18T23:18:36.301+0500][gc,phases   ] GC(10)   Post Evacuate Collection Set: 2.7ms
[2024-11-18T23:18:36.301+0500][gc,phases   ] GC(10)   Other: 0.7ms
[2024-11-18T23:18:36.301+0500][gc,heap     ] GC(10) Eden regions: 45->0(48)
[2024-11-18T23:18:36.301+0500][gc,heap     ] GC(10) Survivor regions: 6->3(7)
[2024-11-18T23:18:36.301+0500][gc,heap     ] GC(10) Old regions: 19->21
[2024-11-18T23:18:36.301+0500][gc,heap     ] GC(10) Archive regions: 2->2
[2024-11-18T23:18:36.301+0500][gc,heap     ] GC(10) Humongous regions: 129->129
[2024-11-18T23:18:36.301+0500][gc,metaspace] GC(10) Metaspace: 45778K(46272K)->45778K(46272K) NonClass: 40333K(40640K)->40333K(40640K) Class: 5445K(5632K)->5445K(5632K)
[2024-11-18T23:18:36.301+0500][gc          ] GC(10) Pause Young (Normal) (G1 Evacuation Pause) 198M->153M(1024M) 31.224ms
[2024-11-18T23:18:36.301+0500][gc,cpu      ] GC(10) User=0.06s Sys=0.00s Real=0.03s
[2024-11-18T23:20:44.236+0500][gc,start    ] GC(11) Pause Young (Normal) (G1 Evacuation Pause)
[2024-11-18T23:20:44.236+0500][gc,task     ] GC(11) Using 2 workers of 2 for evacuation
[2024-11-18T23:20:44.285+0500][gc,mmu      ] GC(11) MMU target violated: 21.0ms (20.0ms/21.0ms)
[2024-11-18T23:20:44.285+0500][gc,phases   ] GC(11)   Pre Evacuate Collection Set: 1.5ms
[2024-11-18T23:20:44.285+0500][gc,phases   ] GC(11)   Merge Heap Roots: 0.3ms
[2024-11-18T23:20:44.285+0500][gc,phases   ] GC(11)   Evacuate Collection Set: 43.2ms
[2024-11-18T23:20:44.285+0500][gc,phases   ] GC(11)   Post Evacuate Collection Set: 3.1ms
[2024-11-18T23:20:44.285+0500][gc,phases   ] GC(11)   Other: 0.6ms
[2024-11-18T23:20:44.285+0500][gc,heap     ] GC(11) Eden regions: 48->0(45)
[2024-11-18T23:20:44.285+0500][gc,heap     ] GC(11) Survivor regions: 3->6(7)
[2024-11-18T23:20:44.285+0500][gc,heap     ] GC(11) Old regions: 21->21
[2024-11-18T23:20:44.285+0500][gc,heap     ] GC(11) Archive regions: 2->2
[2024-11-18T23:20:44.285+0500][gc,heap     ] GC(11) Humongous regions: 129->129
[2024-11-18T23:20:44.285+0500][gc,metaspace] GC(11) Metaspace: 45810K(46272K)->45810K(46272K) NonClass: 40363K(40640K)->40363K(40640K) Class: 5446K(5632K)->5446K(5632K)
[2024-11-18T23:20:44.285+0500][gc          ] GC(11) Pause Young (Normal) (G1 Evacuation Pause) 201M->156M(1024M) 48.779ms
[2024-11-18T23:20:44.285+0500][gc,cpu      ] GC(11) User=0.08s Sys=0.01s Real=0.05s
[2024-11-18T23:22:45.483+0500][gc,start    ] GC(12) Pause Young (Normal) (G1 Evacuation Pause)
[2024-11-18T23:22:45.483+0500][gc,task     ] GC(12) Using 2 workers of 2 for evacuation
[2024-11-18T23:22:45.499+0500][gc,phases   ] GC(12)   Pre Evacuate Collection Set: 1.6ms
[2024-11-18T23:22:45.499+0500][gc,phases   ] GC(12)   Merge Heap Roots: 0.1ms
[2024-11-18T23:22:45.499+0500][gc,phases   ] GC(12)   Evacuate Collection Set: 11.8ms
[2024-11-18T23:22:45.499+0500][gc,phases   ] GC(12)   Post Evacuate Collection Set: 1.3ms
[2024-11-18T23:22:45.499+0500][gc,phases   ] GC(12)   Other: 1.7ms
[2024-11-18T23:22:45.499+0500][gc,heap     ] GC(12) Eden regions: 45->0(47)
[2024-11-18T23:22:45.499+0500][gc,heap     ] GC(12) Survivor regions: 6->4(7)
[2024-11-18T23:22:45.499+0500][gc,heap     ] GC(12) Old regions: 21->22
[2024-11-18T23:22:45.499+0500][gc,heap     ] GC(12) Archive regions: 2->2
[2024-11-18T23:22:45.499+0500][gc,heap     ] GC(12) Humongous regions: 129->129
[2024-11-18T23:22:45.499+0500][gc,metaspace] GC(12) Metaspace: 45824K(46272K)->45824K(46272K) NonClass: 40377K(40640K)->40377K(40640K) Class: 5446K(5632K)->5446K(5632K)
[2024-11-18T23:22:45.499+0500][gc          ] GC(12) Pause Young (Normal) (G1 Evacuation Pause) 201M->155M(1024M) 16.635ms
[2024-11-18T23:22:45.499+0500][gc,cpu      ] GC(12) User=0.03s Sys=0.00s Real=0.01s
[2024-11-18T23:24:54.162+0500][gc,start    ] GC(13) Pause Young (Normal) (G1 Evacuation Pause)
[2024-11-18T23:24:54.162+0500][gc,task     ] GC(13) Using 2 workers of 2 for evacuation
[2024-11-18T23:24:54.195+0500][gc,mmu      ] GC(13) MMU target violated: 21.0ms (20.0ms/21.0ms)
[2024-11-18T23:24:54.195+0500][gc,phases   ] GC(13)   Pre Evacuate Collection Set: 2.7ms
[2024-11-18T23:24:54.195+0500][gc,phases   ] GC(13)   Merge Heap Roots: 0.5ms
[2024-11-18T23:24:54.195+0500][gc,phases   ] GC(13)   Evacuate Collection Set: 26.3ms
[2024-11-18T23:24:54.195+0500][gc,phases   ] GC(13)   Post Evacuate Collection Set: 3.0ms
[2024-11-18T23:24:54.195+0500][gc,phases   ] GC(13)   Other: 0.9ms
[2024-11-18T23:24:54.195+0500][gc,heap     ] GC(13) Eden regions: 47->0(44)
[2024-11-18T23:24:54.195+0500][gc,heap     ] GC(13) Survivor regions: 4->7(7)
[2024-11-18T23:24:54.195+0500][gc,heap     ] GC(13) Old regions: 22->22
[2024-11-18T23:24:54.195+0500][gc,heap     ] GC(13) Archive regions: 2->2
[2024-11-18T23:24:54.195+0500][gc,heap     ] GC(13) Humongous regions: 129->129
[2024-11-18T23:24:54.195+0500][gc,metaspace] GC(13) Metaspace: 45874K(46336K)->45874K(46336K) NonClass: 40427K(40704K)->40427K(40704K) Class: 5446K(5632K)->5446K(5632K)
[2024-11-18T23:24:54.195+0500][gc          ] GC(13) Pause Young (Normal) (G1 Evacuation Pause) 202M->158M(1024M) 33.423ms
[2024-11-18T23:24:54.195+0500][gc,cpu      ] GC(13) User=0.04s Sys=0.02s Real=0.03s
[2024-11-18T23:26:54.403+0500][gc,start    ] GC(14) Pause Young (Normal) (G1 Evacuation Pause)
[2024-11-18T23:26:54.403+0500][gc,task     ] GC(14) Using 2 workers of 2 for evacuation
[2024-11-18T23:26:54.427+0500][gc,mmu      ] GC(14) MMU target violated: 21.0ms (20.0ms/21.0ms)
[2024-11-18T23:26:54.427+0500][gc,phases   ] GC(14)   Pre Evacuate Collection Set: 2.2ms
[2024-11-18T23:26:54.427+0500][gc,phases   ] GC(14)   Merge Heap Roots: 0.3ms
[2024-11-18T23:26:54.427+0500][gc,phases   ] GC(14)   Evacuate Collection Set: 19.1ms
[2024-11-18T23:26:54.427+0500][gc,phases   ] GC(14)   Post Evacuate Collection Set: 1.5ms
[2024-11-18T23:26:54.427+0500][gc,phases   ] GC(14)   Other: 1.5ms
[2024-11-18T23:26:54.427+0500][gc,heap     ] GC(14) Eden regions: 44->0(47)
[2024-11-18T23:26:54.427+0500][gc,heap     ] GC(14) Survivor regions: 7->4(7)
[2024-11-18T23:26:54.427+0500][gc,heap     ] GC(14) Old regions: 22->24
[2024-11-18T23:26:54.427+0500][gc,heap     ] GC(14) Archive regions: 2->2
[2024-11-18T23:26:54.427+0500][gc,heap     ] GC(14) Humongous regions: 129->129
[2024-11-18T23:26:54.427+0500][gc,metaspace] GC(14) Metaspace: 45895K(46400K)->45895K(46400K) NonClass: 40448K(40768K)->40448K(40768K) Class: 5446K(5632K)->5446K(5632K)
[2024-11-18T23:26:54.427+0500][gc          ] GC(14) Pause Young (Normal) (G1 Evacuation Pause) 202M->156M(1024M) 24.455ms
[2024-11-18T23:26:54.427+0500][gc,cpu      ] GC(14) User=0.03s Sys=0.00s Real=0.02s
[2024-11-18T23:29:03.719+0500][gc,start    ] GC(15) Pause Young (Normal) (G1 Evacuation Pause)
[2024-11-18T23:29:03.720+0500][gc,task     ] GC(15) Using 2 workers of 2 for evacuation
[2024-11-18T23:29:03.756+0500][gc,mmu      ] GC(15) MMU target violated: 21.0ms (20.0ms/21.0ms)
[2024-11-18T23:29:03.756+0500][gc,phases   ] GC(15)   Pre Evacuate Collection Set: 2.3ms
[2024-11-18T23:29:03.756+0500][gc,phases   ] GC(15)   Merge Heap Roots: 0.4ms
[2024-11-18T23:29:03.756+0500][gc,phases   ] GC(15)   Evacuate Collection Set: 28.5ms
[2024-11-18T23:29:03.756+0500][gc,phases   ] GC(15)   Post Evacuate Collection Set: 4.6ms
[2024-11-18T23:29:03.756+0500][gc,phases   ] GC(15)   Other: 1.0ms
[2024-11-18T23:29:03.756+0500][gc,heap     ] GC(15) Eden regions: 47->0(44)
[2024-11-18T23:29:03.756+0500][gc,heap     ] GC(15) Survivor regions: 4->7(7)
[2024-11-18T23:29:03.756+0500][gc,heap     ] GC(15) Old regions: 24->24
[2024-11-18T23:29:03.757+0500][gc,heap     ] GC(15) Archive regions: 2->2
[2024-11-18T23:29:03.757+0500][gc,heap     ] GC(15) Humongous regions: 129->129
[2024-11-18T23:29:03.757+0500][gc,metaspace] GC(15) Metaspace: 45909K(46400K)->45909K(46400K) NonClass: 40462K(40768K)->40462K(40768K) Class: 5446K(5632K)->5446K(5632K)
[2024-11-18T23:29:03.757+0500][gc          ] GC(15) Pause Young (Normal) (G1 Evacuation Pause) 203M->159M(1024M) 37.215ms
[2024-11-18T23:29:03.757+0500][gc,cpu      ] GC(15) User=0.07s Sys=0.00s Real=0.04s
[2024-11-18T23:31:04.382+0500][gc,start    ] GC(16) Pause Young (Normal) (G1 Evacuation Pause)
[2024-11-18T23:31:04.382+0500][gc,task     ] GC(16) Using 2 workers of 2 for evacuation
[2024-11-18T23:31:04.405+0500][gc,mmu      ] GC(16) MMU target violated: 21.0ms (20.0ms/21.0ms)
[2024-11-18T23:31:04.405+0500][gc,phases   ] GC(16)   Pre Evacuate Collection Set: 2.5ms
[2024-11-18T23:31:04.405+0500][gc,phases   ] GC(16)   Merge Heap Roots: 0.4ms
[2024-11-18T23:31:04.405+0500][gc,phases   ] GC(16)   Evacuate Collection Set: 17.8ms
[2024-11-18T23:31:04.405+0500][gc,phases   ] GC(16)   Post Evacuate Collection Set: 1.3ms
[2024-11-18T23:31:04.405+0500][gc,phases   ] GC(16)   Other: 0.5ms
[2024-11-18T23:31:04.405+0500][gc,heap     ] GC(16) Eden regions: 44->0(47)
[2024-11-18T23:31:04.405+0500][gc,heap     ] GC(16) Survivor regions: 7->4(7)
[2024-11-18T23:31:04.405+0500][gc,heap     ] GC(16) Old regions: 24->26
[2024-11-18T23:31:04.405+0500][gc,heap     ] GC(16) Archive regions: 2->2
[2024-11-18T23:31:04.405+0500][gc,heap     ] GC(16) Humongous regions: 129->129
[2024-11-18T23:31:04.405+0500][gc,metaspace] GC(16) Metaspace: 45921K(46400K)->45921K(46400K) NonClass: 40475K(40768K)->40475K(40768K) Class: 5446K(5632K)->5446K(5632K)
[2024-11-18T23:31:04.405+0500][gc          ] GC(16) Pause Young (Normal) (G1 Evacuation Pause) 203M->158M(1024M) 22.370ms
[2024-11-18T23:31:04.405+0500][gc,cpu      ] GC(16) User=0.03s Sys=0.00s Real=0.02s
