[2024-11-18T18:27:28.708+0500][gc] Using G1
[2024-11-18T18:27:28.728+0500][gc,init] Version: 17.0.13+11-Debian-2deb12u1 (release)
[2024-11-18T18:27:28.728+0500][gc,init] CPUs: 2 total, 2 available
[2024-11-18T18:27:28.728+0500][gc,init] Memory: 3922M
[2024-11-18T18:27:28.728+0500][gc,init] Large Page Support: Disabled
[2024-11-18T18:27:28.728+0500][gc,init] NUMA Support: Disabled
[2024-11-18T18:27:28.728+0500][gc,init] Compressed Oops: Enabled (32-bit)
[2024-11-18T18:27:28.728+0500][gc,init] Heap Region Size: 1M
[2024-11-18T18:27:28.728+0500][gc,init] Heap Min Capacity: 1G
[2024-11-18T18:27:28.728+0500][gc,init] Heap Initial Capacity: 1G
[2024-11-18T18:27:28.728+0500][gc,init] Heap Max Capacity: 1G
[2024-11-18T18:27:28.728+0500][gc,init] Pre-touch: Disabled
[2024-11-18T18:27:28.728+0500][gc,init] Parallel Workers: 2
[2024-11-18T18:27:28.728+0500][gc,init] Concurrent Workers: 1
[2024-11-18T18:27:28.728+0500][gc,init] Concurrent Refinement Workers: 2
[2024-11-18T18:27:28.728+0500][gc,init] Periodic GC: Disabled
[2024-11-18T18:27:28.728+0500][gc,metaspace] CDS archive(s) mapped at: [0x0000000800000000-0x0000000800be0000-0x0000000800be0000), size 12451840, SharedBaseAddress: 0x0000000800000000, ArchiveRelocationMode: 1.
[2024-11-18T18:27:28.728+0500][gc,metaspace] Compressed class space mapped at: 0x0000000801000000-0x0000000841000000, reserved size: 1073741824
[2024-11-18T18:27:28.728+0500][gc,metaspace] Narrow klass base: 0x0000000800000000, Narrow klass shift: 0, Narrow klass range: 0x100000000
[2024-11-18T18:27:30.631+0500][gc,start    ] GC(0) Pause Young (Normal) (G1 Evacuation Pause)
[2024-11-18T18:27:30.632+0500][gc,task     ] GC(0) Using 2 workers of 2 for evacuation
[2024-11-18T18:27:30.643+0500][gc,phases   ] GC(0)   Pre Evacuate Collection Set: 0.2ms
[2024-11-18T18:27:30.643+0500][gc,phases   ] GC(0)   Merge Heap Roots: 0.0ms
[2024-11-18T18:27:30.643+0500][gc,phases   ] GC(0)   Evacuate Collection Set: 10.2ms
[2024-11-18T18:27:30.643+0500][gc,phases   ] GC(0)   Post Evacuate Collection Set: 0.3ms
[2024-11-18T18:27:30.643+0500][gc,phases   ] GC(0)   Other: 1.1ms
[2024-11-18T18:27:30.643+0500][gc,heap     ] GC(0) Eden regions: 51->0(44)
[2024-11-18T18:27:30.643+0500][gc,heap     ] GC(0) Survivor regions: 0->7(7)
[2024-11-18T18:27:30.643+0500][gc,heap     ] GC(0) Old regions: 0->2
[2024-11-18T18:27:30.643+0500][gc,heap     ] GC(0) Archive regions: 2->2
[2024-11-18T18:27:30.643+0500][gc,heap     ] GC(0) Humongous regions: 0->0
[2024-11-18T18:27:30.643+0500][gc,metaspace] GC(0) Metaspace: 18319K(18496K)->18319K(18496K) NonClass: 16232K(16320K)->16232K(16320K) Class: 2087K(2176K)->2087K(2176K)
[2024-11-18T18:27:30.643+0500][gc          ] GC(0) Pause Young (Normal) (G1 Evacuation Pause) 51M->9M(1024M) 11.914ms
[2024-11-18T18:27:30.643+0500][gc,cpu      ] GC(0) User=0.01s Sys=0.00s Real=0.01s
[2024-11-18T18:27:30.851+0500][gc,start    ] GC(1) Pause Young (Concurrent Start) (Metadata GC Threshold)
[2024-11-18T18:27:30.851+0500][gc,task     ] GC(1) Using 2 workers of 2 for evacuation
[2024-11-18T18:27:30.871+0500][gc,phases   ] GC(1)   Pre Evacuate Collection Set: 0.1ms
[2024-11-18T18:27:30.871+0500][gc,phases   ] GC(1)   Merge Heap Roots: 0.0ms
[2024-11-18T18:27:30.871+0500][gc,phases   ] GC(1)   Evacuate Collection Set: 18.7ms
[2024-11-18T18:27:30.871+0500][gc,phases   ] GC(1)   Post Evacuate Collection Set: 0.3ms
[2024-11-18T18:27:30.871+0500][gc,phases   ] GC(1)   Other: 0.1ms
[2024-11-18T18:27:30.871+0500][gc,heap     ] GC(1) Eden regions: 15->0(49)
[2024-11-18T18:27:30.871+0500][gc,heap     ] GC(1) Survivor regions: 7->2(7)
[2024-11-18T18:27:30.871+0500][gc,heap     ] GC(1) Old regions: 2->9
[2024-11-18T18:27:30.871+0500][gc,heap     ] GC(1) Archive regions: 2->2
[2024-11-18T18:27:30.871+0500][gc,heap     ] GC(1) Humongous regions: 0->0
[2024-11-18T18:27:30.871+0500][gc,metaspace] GC(1) Metaspace: 21365K(21504K)->21365K(21504K) NonClass: 18866K(18944K)->18866K(18944K) Class: 2498K(2560K)->2498K(2560K)
[2024-11-18T18:27:30.871+0500][gc          ] GC(1) Pause Young (Concurrent Start) (Metadata GC Threshold) 23M->11M(1024M) 19.160ms
[2024-11-18T18:27:30.871+0500][gc,cpu      ] GC(1) User=0.01s Sys=0.00s Real=0.02s
[2024-11-18T18:27:30.871+0500][gc          ] GC(2) Concurrent Mark Cycle
[2024-11-18T18:27:30.871+0500][gc,marking  ] GC(2) Concurrent Clear Claimed Marks
[2024-11-18T18:27:30.871+0500][gc,marking  ] GC(2) Concurrent Clear Claimed Marks 0.007ms
[2024-11-18T18:27:30.871+0500][gc,marking  ] GC(2) Concurrent Scan Root Regions
[2024-11-18T18:27:30.873+0500][gc,marking  ] GC(2) Concurrent Scan Root Regions 2.307ms
[2024-11-18T18:27:30.873+0500][gc,marking  ] GC(2) Concurrent Mark
[2024-11-18T18:27:30.873+0500][gc,marking  ] GC(2) Concurrent Mark From Roots
[2024-11-18T18:27:30.873+0500][gc,task     ] GC(2) Using 1 workers of 1 for marking
[2024-11-18T18:27:30.875+0500][gc,marking  ] GC(2) Concurrent Mark From Roots 1.768ms
[2024-11-18T18:27:30.875+0500][gc,marking  ] GC(2) Concurrent Preclean
[2024-11-18T18:27:30.875+0500][gc,marking  ] GC(2) Concurrent Preclean 0.015ms
[2024-11-18T18:27:30.878+0500][gc,start    ] GC(2) Pause Remark
[2024-11-18T18:27:30.880+0500][gc          ] GC(2) Pause Remark 11M->11M(1024M) 1.791ms
[2024-11-18T18:27:30.880+0500][gc,cpu      ] GC(2) User=0.01s Sys=0.00s Real=0.00s
[2024-11-18T18:27:30.880+0500][gc,marking  ] GC(2) Concurrent Mark 7.152ms
[2024-11-18T18:27:30.880+0500][gc,marking  ] GC(2) Concurrent Rebuild Remembered Sets
[2024-11-18T18:27:30.882+0500][gc,marking  ] GC(2) Concurrent Rebuild Remembered Sets 2.328ms
[2024-11-18T18:27:30.882+0500][gc,start    ] GC(2) Pause Cleanup
[2024-11-18T18:27:30.882+0500][gc          ] GC(2) Pause Cleanup 11M->11M(1024M) 0.035ms
[2024-11-18T18:27:30.882+0500][gc,cpu      ] GC(2) User=0.00s Sys=0.00s Real=0.00s
[2024-11-18T18:27:30.882+0500][gc,marking  ] GC(2) Concurrent Cleanup for Next Mark
[2024-11-18T18:27:30.893+0500][gc,marking  ] GC(2) Concurrent Cleanup for Next Mark 10.197ms
[2024-11-18T18:27:30.893+0500][gc          ] GC(2) Concurrent Mark Cycle 22.083ms
[2024-11-18T18:27:31.566+0500][gc,start    ] GC(3) Pause Young (Normal) (G1 Evacuation Pause)
[2024-11-18T18:27:31.566+0500][gc,task     ] GC(3) Using 2 workers of 2 for evacuation
[2024-11-18T18:27:31.574+0500][gc,phases   ] GC(3)   Pre Evacuate Collection Set: 0.1ms
[2024-11-18T18:27:31.574+0500][gc,phases   ] GC(3)   Merge Heap Roots: 0.0ms
[2024-11-18T18:27:31.574+0500][gc,phases   ] GC(3)   Evacuate Collection Set: 7.7ms
[2024-11-18T18:27:31.574+0500][gc,phases   ] GC(3)   Post Evacuate Collection Set: 0.2ms
[2024-11-18T18:27:31.574+0500][gc,phases   ] GC(3)   Other: 0.1ms
[2024-11-18T18:27:31.574+0500][gc,heap     ] GC(3) Eden regions: 49->0(47)
[2024-11-18T18:27:31.574+0500][gc,heap     ] GC(3) Survivor regions: 2->4(7)
[2024-11-18T18:27:31.574+0500][gc,heap     ] GC(3) Old regions: 9->9
[2024-11-18T18:27:31.574+0500][gc,heap     ] GC(3) Archive regions: 2->2
[2024-11-18T18:27:31.574+0500][gc,heap     ] GC(3) Humongous regions: 0->0
[2024-11-18T18:27:31.574+0500][gc,metaspace] GC(3) Metaspace: 32501K(32768K)->32501K(32768K) NonClass: 28568K(28672K)->28568K(28672K) Class: 3933K(4096K)->3933K(4096K)
[2024-11-18T18:27:31.574+0500][gc          ] GC(3) Pause Young (Normal) (G1 Evacuation Pause) 60M->13M(1024M) 8.074ms
[2024-11-18T18:27:31.574+0500][gc,cpu      ] GC(3) User=0.00s Sys=0.00s Real=0.00s
[2024-11-18T18:27:31.906+0500][gc,start    ] GC(4) Pause Young (Concurrent Start) (Metadata GC Threshold)
[2024-11-18T18:27:31.906+0500][gc,task     ] GC(4) Using 2 workers of 2 for evacuation
[2024-11-18T18:27:31.917+0500][gc,phases   ] GC(4)   Pre Evacuate Collection Set: 0.2ms
[2024-11-18T18:27:31.917+0500][gc,phases   ] GC(4)   Merge Heap Roots: 0.0ms
[2024-11-18T18:27:31.917+0500][gc,phases   ] GC(4)   Evacuate Collection Set: 7.9ms
[2024-11-18T18:27:31.917+0500][gc,phases   ] GC(4)   Post Evacuate Collection Set: 3.5ms
[2024-11-18T18:27:31.917+0500][gc,phases   ] GC(4)   Other: 0.1ms
[2024-11-18T18:27:31.917+0500][gc,heap     ] GC(4) Eden regions: 23->0(45)
[2024-11-18T18:27:31.917+0500][gc,heap     ] GC(4) Survivor regions: 4->6(7)
[2024-11-18T18:27:31.917+0500][gc,heap     ] GC(4) Old regions: 9->11
[2024-11-18T18:27:31.917+0500][gc,heap     ] GC(4) Archive regions: 2->2
[2024-11-18T18:27:31.917+0500][gc,heap     ] GC(4) Humongous regions: 9->9
[2024-11-18T18:27:31.917+0500][gc,metaspace] GC(4) Metaspace: 35630K(35968K)->35630K(35968K) NonClass: 31296K(31488K)->31296K(31488K) Class: 4333K(4480K)->4333K(4480K)
[2024-11-18T18:27:31.917+0500][gc          ] GC(4) Pause Young (Concurrent Start) (Metadata GC Threshold) 44M->26M(1024M) 11.642ms
[2024-11-18T18:27:31.917+0500][gc,cpu      ] GC(4) User=0.00s Sys=0.00s Real=0.01s
[2024-11-18T18:27:31.918+0500][gc          ] GC(5) Concurrent Mark Cycle
[2024-11-18T18:27:31.918+0500][gc,marking  ] GC(5) Concurrent Clear Claimed Marks
[2024-11-18T18:27:31.918+0500][gc,marking  ] GC(5) Concurrent Clear Claimed Marks 0.028ms
[2024-11-18T18:27:31.918+0500][gc,marking  ] GC(5) Concurrent Scan Root Regions
[2024-11-18T18:27:31.920+0500][gc,marking  ] GC(5) Concurrent Scan Root Regions 2.500ms
[2024-11-18T18:27:31.920+0500][gc,marking  ] GC(5) Concurrent Mark
[2024-11-18T18:27:31.920+0500][gc,marking  ] GC(5) Concurrent Mark From Roots
[2024-11-18T18:27:31.920+0500][gc,task     ] GC(5) Using 1 workers of 1 for marking
[2024-11-18T18:27:31.929+0500][gc,marking  ] GC(5) Concurrent Mark From Roots 8.469ms
[2024-11-18T18:27:31.929+0500][gc,marking  ] GC(5) Concurrent Preclean
[2024-11-18T18:27:31.929+0500][gc,marking  ] GC(5) Concurrent Preclean 0.031ms
[2024-11-18T18:27:31.953+0500][gc,start    ] GC(5) Pause Remark
[2024-11-18T18:27:31.955+0500][gc          ] GC(5) Pause Remark 26M->26M(1024M) 1.924ms
[2024-11-18T18:27:31.955+0500][gc,cpu      ] GC(5) User=0.00s Sys=0.00s Real=0.00s
[2024-11-18T18:27:31.955+0500][gc,marking  ] GC(5) Concurrent Mark 34.361ms
[2024-11-18T18:27:31.955+0500][gc,marking  ] GC(5) Concurrent Rebuild Remembered Sets
[2024-11-18T18:27:31.964+0500][gc,marking  ] GC(5) Concurrent Rebuild Remembered Sets 9.113ms
[2024-11-18T18:27:31.989+0500][gc,start    ] GC(5) Pause Cleanup
[2024-11-18T18:27:31.989+0500][gc          ] GC(5) Pause Cleanup 27M->27M(1024M) 0.108ms
[2024-11-18T18:27:31.989+0500][gc,cpu      ] GC(5) User=0.00s Sys=0.00s Real=0.00s
[2024-11-18T18:27:31.989+0500][gc,marking  ] GC(5) Concurrent Cleanup for Next Mark
[2024-11-18T18:27:31.993+0500][gc,marking  ] GC(5) Concurrent Cleanup for Next Mark 3.811ms
[2024-11-18T18:27:32.000+0500][gc          ] GC(5) Concurrent Mark Cycle 82.186ms
[2024-11-18T18:29:36.743+0500][gc,start    ] GC(6) Pause Young (Normal) (G1 Evacuation Pause)
[2024-11-18T18:29:36.743+0500][gc,task     ] GC(6) Using 2 workers of 2 for evacuation
[2024-11-18T18:29:36.786+0500][gc,mmu      ] GC(6) MMU target violated: 21.0ms (20.0ms/21.0ms)
[2024-11-18T18:29:36.786+0500][gc,phases   ] GC(6)   Pre Evacuate Collection Set: 3.3ms
[2024-11-18T18:29:36.786+0500][gc,phases   ] GC(6)   Merge Heap Roots: 0.6ms
[2024-11-18T18:29:36.786+0500][gc,phases   ] GC(6)   Evacuate Collection Set: 36.9ms
[2024-11-18T18:29:36.786+0500][gc,phases   ] GC(6)   Post Evacuate Collection Set: 2.0ms
[2024-11-18T18:29:36.786+0500][gc,phases   ] GC(6)   Other: 0.7ms
[2024-11-18T18:29:36.786+0500][gc,heap     ] GC(6) Eden regions: 45->0(44)
[2024-11-18T18:29:36.786+0500][gc,heap     ] GC(6) Survivor regions: 6->7(7)
[2024-11-18T18:29:36.786+0500][gc,heap     ] GC(6) Old regions: 11->13
[2024-11-18T18:29:36.786+0500][gc,heap     ] GC(6) Archive regions: 2->2
[2024-11-18T18:29:36.786+0500][gc,heap     ] GC(6) Humongous regions: 138->138
[2024-11-18T18:29:36.786+0500][gc,metaspace] GC(6) Metaspace: 41422K(41792K)->41422K(41792K) NonClass: 36606K(36800K)->36606K(36800K) Class: 4816K(4992K)->4816K(4992K)
[2024-11-18T18:29:36.786+0500][gc          ] GC(6) Pause Young (Normal) (G1 Evacuation Pause) 200M->157M(1024M) 43.549ms
[2024-11-18T18:29:36.786+0500][gc,cpu      ] GC(6) User=0.08s Sys=0.00s Real=0.05s
[2024-11-18T18:32:25.928+0500][gc,start    ] GC(7) Pause Young (Normal) (G1 Evacuation Pause)
[2024-11-18T18:32:25.928+0500][gc,task     ] GC(7) Using 2 workers of 2 for evacuation
[2024-11-18T18:32:25.997+0500][gc,mmu      ] GC(7) MMU target violated: 21.0ms (20.0ms/21.0ms)
[2024-11-18T18:32:25.997+0500][gc,phases   ] GC(7)   Pre Evacuate Collection Set: 0.9ms
[2024-11-18T18:32:25.997+0500][gc,phases   ] GC(7)   Merge Heap Roots: 0.1ms
[2024-11-18T18:32:25.997+0500][gc,phases   ] GC(7)   Evacuate Collection Set: 66.2ms
[2024-11-18T18:32:25.997+0500][gc,phases   ] GC(7)   Post Evacuate Collection Set: 1.4ms
[2024-11-18T18:32:25.997+0500][gc,phases   ] GC(7)   Other: 0.6ms
[2024-11-18T18:32:25.997+0500][gc,heap     ] GC(7) Eden regions: 44->0(45)
[2024-11-18T18:32:25.997+0500][gc,heap     ] GC(7) Survivor regions: 7->6(7)
[2024-11-18T18:32:25.997+0500][gc,heap     ] GC(7) Old regions: 13->16
[2024-11-18T18:32:25.997+0500][gc,heap     ] GC(7) Archive regions: 2->2
[2024-11-18T18:32:25.997+0500][gc,heap     ] GC(7) Humongous regions: 138->138
[2024-11-18T18:32:25.997+0500][gc,metaspace] GC(7) Metaspace: 42813K(43200K)->42813K(43200K) NonClass: 37835K(38016K)->37835K(38016K) Class: 4978K(5184K)->4978K(5184K)
[2024-11-18T18:32:25.997+0500][gc          ] GC(7) Pause Young (Normal) (G1 Evacuation Pause) 201M->160M(1024M) 69.398ms
[2024-11-18T18:32:25.997+0500][gc,cpu      ] GC(7) User=0.03s Sys=0.00s Real=0.07s
[2024-11-18T18:33:32.397+0500][gc,start    ] GC(8) Pause Young (Normal) (G1 Evacuation Pause)
[2024-11-18T18:33:32.397+0500][gc,task     ] GC(8) Using 2 workers of 2 for evacuation
[2024-11-18T18:33:32.420+0500][gc,mmu      ] GC(8) MMU target violated: 21.0ms (20.0ms/21.0ms)
[2024-11-18T18:33:32.420+0500][gc,phases   ] GC(8)   Pre Evacuate Collection Set: 0.8ms
[2024-11-18T18:33:32.420+0500][gc,phases   ] GC(8)   Merge Heap Roots: 0.1ms
[2024-11-18T18:33:32.420+0500][gc,phases   ] GC(8)   Evacuate Collection Set: 20.9ms
[2024-11-18T18:33:32.420+0500][gc,phases   ] GC(8)   Post Evacuate Collection Set: 1.2ms
[2024-11-18T18:33:32.420+0500][gc,phases   ] GC(8)   Other: 0.2ms
[2024-11-18T18:33:32.420+0500][gc,heap     ] GC(8) Eden regions: 45->0(46)
[2024-11-18T18:33:32.420+0500][gc,heap     ] GC(8) Survivor regions: 6->5(7)
[2024-11-18T18:33:32.420+0500][gc,heap     ] GC(8) Old regions: 16->19
[2024-11-18T18:33:32.420+0500][gc,heap     ] GC(8) Archive regions: 2->2
[2024-11-18T18:33:32.420+0500][gc,heap     ] GC(8) Humongous regions: 138->138
[2024-11-18T18:33:32.420+0500][gc,metaspace] GC(8) Metaspace: 45272K(45696K)->45272K(45696K) NonClass: 39896K(40128K)->39896K(40128K) Class: 5375K(5568K)->5375K(5568K)
[2024-11-18T18:33:32.420+0500][gc          ] GC(8) Pause Young (Normal) (G1 Evacuation Pause) 205M->162M(1024M) 23.136ms
[2024-11-18T18:33:32.420+0500][gc,cpu      ] GC(8) User=0.03s Sys=0.01s Real=0.02s
[2024-11-18T18:35:22.625+0500][gc,start    ] GC(9) Pause Young (Normal) (G1 Evacuation Pause)
[2024-11-18T18:35:22.625+0500][gc,task     ] GC(9) Using 2 workers of 2 for evacuation
[2024-11-18T18:35:22.686+0500][gc,mmu      ] GC(9) MMU target violated: 21.0ms (20.0ms/21.0ms)
[2024-11-18T18:35:22.687+0500][gc,phases   ] GC(9)   Pre Evacuate Collection Set: 3.9ms
[2024-11-18T18:35:22.687+0500][gc,phases   ] GC(9)   Merge Heap Roots: 0.5ms
[2024-11-18T18:35:22.687+0500][gc,phases   ] GC(9)   Evacuate Collection Set: 52.7ms
[2024-11-18T18:35:22.687+0500][gc,phases   ] GC(9)   Post Evacuate Collection Set: 3.5ms
[2024-11-18T18:35:22.687+0500][gc,phases   ] GC(9)   Other: 1.1ms
[2024-11-18T18:35:22.687+0500][gc,heap     ] GC(9) Eden regions: 46->0(44)
[2024-11-18T18:35:22.687+0500][gc,heap     ] GC(9) Survivor regions: 5->7(7)
[2024-11-18T18:35:22.687+0500][gc,heap     ] GC(9) Old regions: 19->21
[2024-11-18T18:35:22.687+0500][gc,heap     ] GC(9) Archive regions: 2->2
[2024-11-18T18:35:22.687+0500][gc,heap     ] GC(9) Humongous regions: 138->138
[2024-11-18T18:35:22.687+0500][gc,metaspace] GC(9) Metaspace: 45518K(46016K)->45518K(46016K) NonClass: 40140K(40448K)->40140K(40448K) Class: 5378K(5568K)->5378K(5568K)
[2024-11-18T18:35:22.687+0500][gc          ] GC(9) Pause Young (Normal) (G1 Evacuation Pause) 208M->165M(1024M) 61.714ms
[2024-11-18T18:35:22.687+0500][gc,cpu      ] GC(9) User=0.11s Sys=0.00s Real=0.06s
[2024-11-18T18:37:11.391+0500][gc,start    ] GC(10) Pause Young (Normal) (G1 Evacuation Pause)
[2024-11-18T18:37:11.391+0500][gc,task     ] GC(10) Using 2 workers of 2 for evacuation
[2024-11-18T18:37:11.420+0500][gc,mmu      ] GC(10) MMU target violated: 21.0ms (20.0ms/21.0ms)
[2024-11-18T18:37:11.420+0500][gc,phases   ] GC(10)   Pre Evacuate Collection Set: 1.8ms
[2024-11-18T18:37:11.420+0500][gc,phases   ] GC(10)   Merge Heap Roots: 0.3ms
[2024-11-18T18:37:11.420+0500][gc,phases   ] GC(10)   Evacuate Collection Set: 25.0ms
[2024-11-18T18:37:11.420+0500][gc,phases   ] GC(10)   Post Evacuate Collection Set: 2.0ms
[2024-11-18T18:37:11.420+0500][gc,phases   ] GC(10)   Other: 0.7ms
[2024-11-18T18:37:11.420+0500][gc,heap     ] GC(10) Eden regions: 44->0(46)
[2024-11-18T18:37:11.420+0500][gc,heap     ] GC(10) Survivor regions: 7->5(7)
[2024-11-18T18:37:11.420+0500][gc,heap     ] GC(10) Old regions: 21->23
[2024-11-18T18:37:11.421+0500][gc,heap     ] GC(10) Archive regions: 2->2
[2024-11-18T18:37:11.421+0500][gc,heap     ] GC(10) Humongous regions: 138->138
[2024-11-18T18:37:11.421+0500][gc,metaspace] GC(10) Metaspace: 45615K(46080K)->45615K(46080K) NonClass: 40231K(40512K)->40231K(40512K) Class: 5384K(5568K)->5384K(5568K)
[2024-11-18T18:37:11.421+0500][gc          ] GC(10) Pause Young (Normal) (G1 Evacuation Pause) 209M->165M(1024M) 29.674ms
[2024-11-18T18:37:11.421+0500][gc,cpu      ] GC(10) User=0.05s Sys=0.00s Real=0.03s
[2024-11-18T18:39:07.776+0500][gc,start    ] GC(11) Pause Young (Normal) (G1 Evacuation Pause)
[2024-11-18T18:39:07.777+0500][gc,task     ] GC(11) Using 2 workers of 2 for evacuation
[2024-11-18T18:39:07.814+0500][gc,mmu      ] GC(11) MMU target violated: 21.0ms (20.0ms/21.0ms)
[2024-11-18T18:39:07.814+0500][gc,phases   ] GC(11)   Pre Evacuate Collection Set: 5.3ms
[2024-11-18T18:39:07.814+0500][gc,phases   ] GC(11)   Merge Heap Roots: 0.7ms
[2024-11-18T18:39:07.814+0500][gc,phases   ] GC(11)   Evacuate Collection Set: 29.0ms
[2024-11-18T18:39:07.814+0500][gc,phases   ] GC(11)   Post Evacuate Collection Set: 1.6ms
[2024-11-18T18:39:07.814+0500][gc,phases   ] GC(11)   Other: 0.9ms
[2024-11-18T18:39:07.814+0500][gc,heap     ] GC(11) Eden regions: 46->0(45)
[2024-11-18T18:39:07.814+0500][gc,heap     ] GC(11) Survivor regions: 5->6(7)
[2024-11-18T18:39:07.814+0500][gc,heap     ] GC(11) Old regions: 23->24
[2024-11-18T18:39:07.814+0500][gc,heap     ] GC(11) Archive regions: 2->2
[2024-11-18T18:39:07.814+0500][gc,heap     ] GC(11) Humongous regions: 138->138
[2024-11-18T18:39:07.814+0500][gc,metaspace] GC(11) Metaspace: 45642K(46080K)->45642K(46080K) NonClass: 40257K(40512K)->40257K(40512K) Class: 5384K(5568K)->5384K(5568K)
[2024-11-18T18:39:07.814+0500][gc          ] GC(11) Pause Young (Normal) (G1 Evacuation Pause) 211M->168M(1024M) 37.331ms
[2024-11-18T18:39:07.814+0500][gc,cpu      ] GC(11) User=0.06s Sys=0.00s Real=0.04s
[2024-11-18T18:41:03.518+0500][gc,start    ] GC(12) Pause Young (Normal) (G1 Evacuation Pause)
[2024-11-18T18:41:03.518+0500][gc,task     ] GC(12) Using 2 workers of 2 for evacuation
[2024-11-18T18:41:03.557+0500][gc,mmu      ] GC(12) MMU target violated: 21.0ms (20.0ms/21.0ms)
[2024-11-18T18:41:03.557+0500][gc,phases   ] GC(12)   Pre Evacuate Collection Set: 4.3ms
[2024-11-18T18:41:03.557+0500][gc,phases   ] GC(12)   Merge Heap Roots: 0.4ms
[2024-11-18T18:41:03.557+0500][gc,phases   ] GC(12)   Evacuate Collection Set: 31.2ms
[2024-11-18T18:41:03.557+0500][gc,phases   ] GC(12)   Post Evacuate Collection Set: 2.3ms
[2024-11-18T18:41:03.557+0500][gc,phases   ] GC(12)   Other: 0.8ms
[2024-11-18T18:41:03.557+0500][gc,heap     ] GC(12) Eden regions: 45->0(47)
[2024-11-18T18:41:03.557+0500][gc,heap     ] GC(12) Survivor regions: 6->4(7)
[2024-11-18T18:41:03.557+0500][gc,heap     ] GC(12) Old regions: 24->26
[2024-11-18T18:41:03.557+0500][gc,heap     ] GC(12) Archive regions: 2->2
[2024-11-18T18:41:03.557+0500][gc,heap     ] GC(12) Humongous regions: 138->138
[2024-11-18T18:41:03.557+0500][gc,metaspace] GC(12) Metaspace: 45661K(46080K)->45661K(46080K) NonClass: 40276K(40512K)->40276K(40512K) Class: 5384K(5568K)->5384K(5568K)
[2024-11-18T18:41:03.557+0500][gc          ] GC(12) Pause Young (Normal) (G1 Evacuation Pause) 213M->168M(1024M) 38.986ms
[2024-11-18T18:41:03.557+0500][gc,cpu      ] GC(12) User=0.07s Sys=0.00s Real=0.04s
[2024-11-18T18:43:05.182+0500][gc,start    ] GC(13) Pause Young (Normal) (G1 Evacuation Pause)
[2024-11-18T18:43:05.182+0500][gc,task     ] GC(13) Using 2 workers of 2 for evacuation
[2024-11-18T18:43:05.218+0500][gc,mmu      ] GC(13) MMU target violated: 21.0ms (20.0ms/21.0ms)
[2024-11-18T18:43:05.218+0500][gc,phases   ] GC(13)   Pre Evacuate Collection Set: 2.4ms
[2024-11-18T18:43:05.218+0500][gc,phases   ] GC(13)   Merge Heap Roots: 0.6ms
[2024-11-18T18:43:05.218+0500][gc,phases   ] GC(13)   Evacuate Collection Set: 29.2ms
[2024-11-18T18:43:05.218+0500][gc,phases   ] GC(13)   Post Evacuate Collection Set: 3.2ms
[2024-11-18T18:43:05.218+0500][gc,phases   ] GC(13)   Other: 0.8ms
[2024-11-18T18:43:05.218+0500][gc,heap     ] GC(13) Eden regions: 47->0(45)
[2024-11-18T18:43:05.218+0500][gc,heap     ] GC(13) Survivor regions: 4->6(7)
[2024-11-18T18:43:05.218+0500][gc,heap     ] GC(13) Old regions: 26->28
[2024-11-18T18:43:05.218+0500][gc,heap     ] GC(13) Archive regions: 2->2
[2024-11-18T18:43:05.218+0500][gc,heap     ] GC(13) Humongous regions: 138->138
[2024-11-18T18:43:05.218+0500][gc,metaspace] GC(13) Metaspace: 45670K(46080K)->45670K(46080K) NonClass: 40284K(40512K)->40284K(40512K) Class: 5386K(5568K)->5386K(5568K)
[2024-11-18T18:43:05.218+0500][gc          ] GC(13) Pause Young (Normal) (G1 Evacuation Pause) 215M->172M(1024M) 36.057ms
[2024-11-18T18:43:05.218+0500][gc,cpu      ] GC(13) User=0.06s Sys=0.00s Real=0.04s
[2024-11-18T20:29:59.081+0500][gc,start    ] GC(14) Pause Young (Normal) (G1 Evacuation Pause)
[2024-11-18T20:29:59.081+0500][gc,task     ] GC(14) Using 2 workers of 2 for evacuation
[2024-11-18T20:29:59.121+0500][gc,mmu      ] GC(14) MMU target violated: 21.0ms (20.0ms/21.0ms)
[2024-11-18T20:29:59.121+0500][gc,phases   ] GC(14)   Pre Evacuate Collection Set: 2.7ms
[2024-11-18T20:29:59.121+0500][gc,phases   ] GC(14)   Merge Heap Roots: 0.4ms
[2024-11-18T20:29:59.121+0500][gc,phases   ] GC(14)   Evacuate Collection Set: 34.6ms
[2024-11-18T20:29:59.121+0500][gc,phases   ] GC(14)   Post Evacuate Collection Set: 2.1ms
[2024-11-18T20:29:59.121+0500][gc,phases   ] GC(14)   Other: 1.0ms
[2024-11-18T20:29:59.121+0500][gc,heap     ] GC(14) Eden regions: 45->0(49)
[2024-11-18T20:29:59.121+0500][gc,heap     ] GC(14) Survivor regions: 6->2(7)
[2024-11-18T20:29:59.121+0500][gc,heap     ] GC(14) Old regions: 28->31
[2024-11-18T20:29:59.121+0500][gc,heap     ] GC(14) Archive regions: 2->2
[2024-11-18T20:29:59.121+0500][gc,heap     ] GC(14) Humongous regions: 138->138
[2024-11-18T20:29:59.121+0500][gc,metaspace] GC(14) Metaspace: 45803K(46208K)->45803K(46208K) NonClass: 40403K(40640K)->40403K(40640K) Class: 5399K(5568K)->5399K(5568K)
[2024-11-18T20:29:59.121+0500][gc          ] GC(14) Pause Young (Normal) (G1 Evacuation Pause) 217M->171M(1024M) 40.589ms
[2024-11-18T20:29:59.121+0500][gc,cpu      ] GC(14) User=0.07s Sys=0.00s Real=0.04s
[2024-11-18T20:32:24.477+0500][gc,start    ] GC(15) Pause Young (Normal) (G1 Evacuation Pause)
[2024-11-18T20:32:24.478+0500][gc,task     ] GC(15) Using 2 workers of 2 for evacuation
[2024-11-18T20:32:24.539+0500][gc,mmu      ] GC(15) MMU target violated: 21.0ms (20.0ms/21.0ms)
[2024-11-18T20:32:24.539+0500][gc,phases   ] GC(15)   Pre Evacuate Collection Set: 4.9ms
[2024-11-18T20:32:24.539+0500][gc,phases   ] GC(15)   Merge Heap Roots: 3.2ms
[2024-11-18T20:32:24.539+0500][gc,phases   ] GC(15)   Evacuate Collection Set: 47.3ms
[2024-11-18T20:32:24.539+0500][gc,phases   ] GC(15)   Post Evacuate Collection Set: 5.6ms
[2024-11-18T20:32:24.539+0500][gc,phases   ] GC(15)   Other: 0.3ms
[2024-11-18T20:32:24.539+0500][gc,heap     ] GC(15) Eden regions: 49->0(46)
[2024-11-18T20:32:24.539+0500][gc,heap     ] GC(15) Survivor regions: 2->5(7)
[2024-11-18T20:32:24.539+0500][gc,heap     ] GC(15) Old regions: 31->31
[2024-11-18T20:32:24.539+0500][gc,heap     ] GC(15) Archive regions: 2->2
[2024-11-18T20:32:24.539+0500][gc,heap     ] GC(15) Humongous regions: 138->138
[2024-11-18T20:32:24.539+0500][gc,metaspace] GC(15) Metaspace: 45853K(46272K)->45853K(46272K) NonClass: 40453K(40704K)->40453K(40704K) Class: 5399K(5568K)->5399K(5568K)
[2024-11-18T20:32:24.539+0500][gc          ] GC(15) Pause Young (Normal) (G1 Evacuation Pause) 220M->174M(1024M) 61.418ms
[2024-11-18T20:32:24.539+0500][gc,cpu      ] GC(15) User=0.05s Sys=0.00s Real=0.06s
[2024-11-18T20:34:40.086+0500][gc,start    ] GC(16) Pause Young (Normal) (G1 Evacuation Pause)
[2024-11-18T20:34:40.086+0500][gc,task     ] GC(16) Using 2 workers of 2 for evacuation
[2024-11-18T20:34:40.153+0500][gc,mmu      ] GC(16) MMU target violated: 21.0ms (20.0ms/21.0ms)
[2024-11-18T20:34:40.153+0500][gc,phases   ] GC(16)   Pre Evacuate Collection Set: 4.9ms
[2024-11-18T20:34:40.153+0500][gc,phases   ] GC(16)   Merge Heap Roots: 1.0ms
[2024-11-18T20:34:40.153+0500][gc,phases   ] GC(16)   Evacuate Collection Set: 46.0ms
[2024-11-18T20:34:40.153+0500][gc,phases   ] GC(16)   Post Evacuate Collection Set: 14.9ms
[2024-11-18T20:34:40.153+0500][gc,phases   ] GC(16)   Other: 0.3ms
[2024-11-18T20:34:40.153+0500][gc,heap     ] GC(16) Eden regions: 46->0(48)
[2024-11-18T20:34:40.153+0500][gc,heap     ] GC(16) Survivor regions: 5->3(7)
[2024-11-18T20:34:40.153+0500][gc,heap     ] GC(16) Old regions: 31->33
[2024-11-18T20:34:40.153+0500][gc,heap     ] GC(16) Archive regions: 2->2
[2024-11-18T20:34:40.153+0500][gc,heap     ] GC(16) Humongous regions: 138->138
[2024-11-18T20:34:40.153+0500][gc,metaspace] GC(16) Metaspace: 45880K(46336K)->45880K(46336K) NonClass: 40480K(40768K)->40480K(40768K) Class: 5399K(5568K)->5399K(5568K)
[2024-11-18T20:34:40.153+0500][gc          ] GC(16) Pause Young (Normal) (G1 Evacuation Pause) 220M->174M(1024M) 67.065ms
[2024-11-18T20:34:40.153+0500][gc,cpu      ] GC(16) User=0.05s Sys=0.01s Real=0.06s
[2024-11-18T20:37:02.385+0500][gc,start    ] GC(17) Pause Young (Normal) (G1 Evacuation Pause)
[2024-11-18T20:37:02.385+0500][gc,task     ] GC(17) Using 2 workers of 2 for evacuation
[2024-11-18T20:37:02.437+0500][gc,mmu      ] GC(17) MMU target violated: 21.0ms (20.0ms/21.0ms)
[2024-11-18T20:37:02.438+0500][gc,phases   ] GC(17)   Pre Evacuate Collection Set: 4.2ms
[2024-11-18T20:37:02.438+0500][gc,phases   ] GC(17)   Merge Heap Roots: 0.4ms
[2024-11-18T20:37:02.438+0500][gc,phases   ] GC(17)   Evacuate Collection Set: 45.4ms
[2024-11-18T20:37:02.438+0500][gc,phases   ] GC(17)   Post Evacuate Collection Set: 2.1ms
[2024-11-18T20:37:02.438+0500][gc,phases   ] GC(17)   Other: 0.8ms
[2024-11-18T20:37:02.438+0500][gc,heap     ] GC(17) Eden regions: 48->0(45)
[2024-11-18T20:37:02.438+0500][gc,heap     ] GC(17) Survivor regions: 3->6(7)
[2024-11-18T20:37:02.438+0500][gc,heap     ] GC(17) Old regions: 33->33
[2024-11-18T20:37:02.438+0500][gc,heap     ] GC(17) Archive regions: 2->2
[2024-11-18T20:37:02.438+0500][gc,heap     ] GC(17) Humongous regions: 138->138
[2024-11-18T20:37:02.438+0500][gc,metaspace] GC(17) Metaspace: 45896K(46336K)->45896K(46336K) NonClass: 40496K(40768K)->40496K(40768K) Class: 5399K(5568K)->5399K(5568K)
[2024-11-18T20:37:02.438+0500][gc          ] GC(17) Pause Young (Normal) (G1 Evacuation Pause) 222M->177M(1024M) 53.001ms
[2024-11-18T20:37:02.438+0500][gc,cpu      ] GC(17) User=0.08s Sys=0.00s Real=0.05s
[2024-11-18T20:39:14.919+0500][gc,start    ] GC(18) Pause Young (Normal) (G1 Evacuation Pause)
[2024-11-18T20:39:14.919+0500][gc,task     ] GC(18) Using 2 workers of 2 for evacuation
[2024-11-18T20:39:14.944+0500][gc,mmu      ] GC(18) MMU target violated: 21.0ms (20.0ms/21.0ms)
[2024-11-18T20:39:14.944+0500][gc,phases   ] GC(18)   Pre Evacuate Collection Set: 1.4ms
[2024-11-18T20:39:14.944+0500][gc,phases   ] GC(18)   Merge Heap Roots: 0.2ms
[2024-11-18T20:39:14.944+0500][gc,phases   ] GC(18)   Evacuate Collection Set: 15.5ms
[2024-11-18T20:39:14.944+0500][gc,phases   ] GC(18)   Post Evacuate Collection Set: 7.2ms
[2024-11-18T20:39:14.944+0500][gc,phases   ] GC(18)   Other: 0.4ms
[2024-11-18T20:39:14.944+0500][gc,heap     ] GC(18) Eden regions: 45->0(47)
[2024-11-18T20:39:14.944+0500][gc,heap     ] GC(18) Survivor regions: 6->4(7)
[2024-11-18T20:39:14.944+0500][gc,heap     ] GC(18) Old regions: 33->35
[2024-11-18T20:39:14.944+0500][gc,heap     ] GC(18) Archive regions: 2->2
[2024-11-18T20:39:14.944+0500][gc,heap     ] GC(18) Humongous regions: 138->138
[2024-11-18T20:39:14.944+0500][gc,metaspace] GC(18) Metaspace: 45959K(46400K)->45959K(46400K) NonClass: 40558K(40832K)->40558K(40832K) Class: 5400K(5568K)->5400K(5568K)
[2024-11-18T20:39:14.944+0500][gc          ] GC(18) Pause Young (Normal) (G1 Evacuation Pause) 222M->176M(1024M) 24.745ms
[2024-11-18T20:39:14.944+0500][gc,cpu      ] GC(18) User=0.03s Sys=0.00s Real=0.03s
[2024-11-18T20:41:36.267+0500][gc,start    ] GC(19) Pause Young (Normal) (G1 Evacuation Pause)
[2024-11-18T20:41:36.268+0500][gc,task     ] GC(19) Using 2 workers of 2 for evacuation
[2024-11-18T20:41:36.296+0500][gc,mmu      ] GC(19) MMU target violated: 21.0ms (20.0ms/21.0ms)
[2024-11-18T20:41:36.296+0500][gc,phases   ] GC(19)   Pre Evacuate Collection Set: 1.0ms
[2024-11-18T20:41:36.296+0500][gc,phases   ] GC(19)   Merge Heap Roots: 0.2ms
[2024-11-18T20:41:36.296+0500][gc,phases   ] GC(19)   Evacuate Collection Set: 25.8ms
[2024-11-18T20:41:36.296+0500][gc,phases   ] GC(19)   Post Evacuate Collection Set: 1.1ms
[2024-11-18T20:41:36.296+0500][gc,phases   ] GC(19)   Other: 0.4ms
[2024-11-18T20:41:36.296+0500][gc,heap     ] GC(19) Eden regions: 47->0(44)
[2024-11-18T20:41:36.296+0500][gc,heap     ] GC(19) Survivor regions: 4->7(7)
[2024-11-18T20:41:36.296+0500][gc,heap     ] GC(19) Old regions: 35->35
[2024-11-18T20:41:36.296+0500][gc,heap     ] GC(19) Archive regions: 2->2
[2024-11-18T20:41:36.296+0500][gc,heap     ] GC(19) Humongous regions: 138->138
[2024-11-18T20:41:36.296+0500][gc,metaspace] GC(19) Metaspace: 45963K(46400K)->45963K(46400K) NonClass: 40563K(40832K)->40563K(40832K) Class: 5400K(5568K)->5400K(5568K)
[2024-11-18T20:41:36.296+0500][gc          ] GC(19) Pause Young (Normal) (G1 Evacuation Pause) 223M->179M(1024M) 28.330ms
[2024-11-18T20:41:36.296+0500][gc,cpu      ] GC(19) User=0.04s Sys=0.00s Real=0.03s
[2024-11-18T20:43:47.756+0500][gc,start    ] GC(20) Pause Young (Normal) (G1 Evacuation Pause)
[2024-11-18T20:43:47.756+0500][gc,task     ] GC(20) Using 2 workers of 2 for evacuation
[2024-11-18T20:43:47.771+0500][gc,phases   ] GC(20)   Pre Evacuate Collection Set: 0.9ms
[2024-11-18T20:43:47.771+0500][gc,phases   ] GC(20)   Merge Heap Roots: 0.3ms
[2024-11-18T20:43:47.771+0500][gc,phases   ] GC(20)   Evacuate Collection Set: 11.2ms
[2024-11-18T20:43:47.771+0500][gc,phases   ] GC(20)   Post Evacuate Collection Set: 2.3ms
[2024-11-18T20:43:47.771+0500][gc,phases   ] GC(20)   Other: 0.3ms
[2024-11-18T20:43:47.771+0500][gc,heap     ] GC(20) Eden regions: 44->0(47)
[2024-11-18T20:43:47.771+0500][gc,heap     ] GC(20) Survivor regions: 7->4(7)
[2024-11-18T20:43:47.771+0500][gc,heap     ] GC(20) Old regions: 35->37
[2024-11-18T20:43:47.771+0500][gc,heap     ] GC(20) Archive regions: 2->2
[2024-11-18T20:43:47.771+0500][gc,heap     ] GC(20) Humongous regions: 138->138
[2024-11-18T20:43:47.771+0500][gc,metaspace] GC(20) Metaspace: 45969K(46400K)->45969K(46400K) NonClass: 40569K(40832K)->40569K(40832K) Class: 5400K(5568K)->5400K(5568K)
[2024-11-18T20:43:47.771+0500][gc          ] GC(20) Pause Young (Normal) (G1 Evacuation Pause) 223M->178M(1024M) 15.064ms
[2024-11-18T20:43:47.771+0500][gc,cpu      ] GC(20) User=0.02s Sys=0.00s Real=0.01s
[2024-11-18T20:46:09.846+0500][gc,start    ] GC(21) Pause Young (Normal) (G1 Evacuation Pause)
[2024-11-18T20:46:09.846+0500][gc,task     ] GC(21) Using 2 workers of 2 for evacuation
[2024-11-18T20:46:09.913+0500][gc,mmu      ] GC(21) MMU target violated: 21.0ms (20.0ms/21.0ms)
[2024-11-18T20:46:09.914+0500][gc,phases   ] GC(21)   Pre Evacuate Collection Set: 1.5ms
[2024-11-18T20:46:09.914+0500][gc,phases   ] GC(21)   Merge Heap Roots: 0.1ms
[2024-11-18T20:46:09.914+0500][gc,phases   ] GC(21)   Evacuate Collection Set: 58.6ms
[2024-11-18T20:46:09.914+0500][gc,phases   ] GC(21)   Post Evacuate Collection Set: 7.3ms
[2024-11-18T20:46:09.914+0500][gc,phases   ] GC(21)   Other: 0.4ms
[2024-11-18T20:46:09.914+0500][gc,heap     ] GC(21) Eden regions: 47->0(44)
[2024-11-18T20:46:09.914+0500][gc,heap     ] GC(21) Survivor regions: 4->7(7)
[2024-11-18T20:46:09.914+0500][gc,heap     ] GC(21) Old regions: 37->37
[2024-11-18T20:46:09.914+0500][gc,heap     ] GC(21) Archive regions: 2->2
[2024-11-18T20:46:09.914+0500][gc,heap     ] GC(21) Humongous regions: 138->138
[2024-11-18T20:46:09.914+0500][gc,metaspace] GC(21) Metaspace: 45972K(46400K)->45972K(46400K) NonClass: 40572K(40832K)->40572K(40832K) Class: 5400K(5568K)->5400K(5568K)
[2024-11-18T20:46:09.914+0500][gc          ] GC(21) Pause Young (Normal) (G1 Evacuation Pause) 225M->182M(1024M) 67.970ms
[2024-11-18T20:46:09.914+0500][gc,cpu      ] GC(21) User=0.07s Sys=0.00s Real=0.06s
[2024-11-18T20:48:20.776+0500][gc,start    ] GC(22) Pause Young (Normal) (G1 Evacuation Pause)
[2024-11-18T20:48:20.776+0500][gc,task     ] GC(22) Using 2 workers of 2 for evacuation
[2024-11-18T20:48:20.805+0500][gc,mmu      ] GC(22) MMU target violated: 21.0ms (20.0ms/21.0ms)
[2024-11-18T20:48:20.805+0500][gc,phases   ] GC(22)   Pre Evacuate Collection Set: 3.0ms
[2024-11-18T20:48:20.805+0500][gc,phases   ] GC(22)   Merge Heap Roots: 0.4ms
[2024-11-18T20:48:20.805+0500][gc,phases   ] GC(22)   Evacuate Collection Set: 22.0ms
[2024-11-18T20:48:20.805+0500][gc,phases   ] GC(22)   Post Evacuate Collection Set: 2.7ms
[2024-11-18T20:48:20.805+0500][gc,phases   ] GC(22)   Other: 1.0ms
[2024-11-18T20:48:20.805+0500][gc,heap     ] GC(22) Eden regions: 44->0(47)
[2024-11-18T20:48:20.805+0500][gc,heap     ] GC(22) Survivor regions: 7->4(7)
[2024-11-18T20:48:20.805+0500][gc,heap     ] GC(22) Old regions: 37->39
[2024-11-18T20:48:20.805+0500][gc,heap     ] GC(22) Archive regions: 2->2
[2024-11-18T20:48:20.805+0500][gc,heap     ] GC(22) Humongous regions: 138->138
[2024-11-18T20:48:20.805+0500][gc,metaspace] GC(22) Metaspace: 45974K(46400K)->45974K(46400K) NonClass: 40574K(40832K)->40574K(40832K) Class: 5400K(5568K)->5400K(5568K)
[2024-11-18T20:48:20.805+0500][gc          ] GC(22) Pause Young (Normal) (G1 Evacuation Pause) 226M->181M(1024M) 29.069ms
[2024-11-18T20:48:20.805+0500][gc,cpu      ] GC(22) User=0.05s Sys=0.00s Real=0.03s
[2024-11-18T20:49:47.903+0500][gc,heap,exit] Heap
[2024-11-18T20:49:47.903+0500][gc,heap,exit]  garbage-first heap   total 1048576K, used 231548K [0x00000000c0000000, 0x0000000100000000)
[2024-11-18T20:49:47.903+0500][gc,heap,exit]   region size 1024K, 49 young (50176K), 4 survivors (4096K)
[2024-11-18T20:49:47.903+0500][gc,heap,exit]  Metaspace       used 47025K, committed 47488K, reserved 1114112K
[2024-11-18T20:49:47.903+0500][gc,heap,exit]   class space    used 5620K, committed 5824K, reserved 1048576K
