[2024-11-17T15:07:13.839+0500][gc] Using G1
[2024-11-17T15:07:13.841+0500][gc,init] Version: 17.0.13+11-Debian-2deb12u1 (release)
[2024-11-17T15:07:13.841+0500][gc,init] CPUs: 2 total, 2 available
[2024-11-17T15:07:13.841+0500][gc,init] Memory: 3922M
[2024-11-17T15:07:13.841+0500][gc,init] Large Page Support: Disabled
[2024-11-17T15:07:13.841+0500][gc,init] NUMA Support: Disabled
[2024-11-17T15:07:13.841+0500][gc,init] Compressed Oops: Enabled (32-bit)
[2024-11-17T15:07:13.841+0500][gc,init] Heap Region Size: 1M
[2024-11-17T15:07:13.841+0500][gc,init] Heap Min Capacity: 512M
[2024-11-17T15:07:13.841+0500][gc,init] Heap Initial Capacity: 512M
[2024-11-17T15:07:13.841+0500][gc,init] Heap Max Capacity: 512M
[2024-11-17T15:07:13.841+0500][gc,init] Pre-touch: Disabled
[2024-11-17T15:07:13.841+0500][gc,init] Parallel Workers: 2
[2024-11-17T15:07:13.841+0500][gc,init] Concurrent Workers: 1
[2024-11-17T15:07:13.841+0500][gc,init] Concurrent Refinement Workers: 2
[2024-11-17T15:07:13.841+0500][gc,init] Periodic GC: Disabled
[2024-11-17T15:07:13.844+0500][gc,metaspace] CDS archive(s) mapped at: [0x000000d800000000-0x000000d800be0000-0x000000d800be0000), size 12451840, SharedBaseAddress: 0x000000d800000000, ArchiveRelocationMode: 1.
[2024-11-17T15:07:13.844+0500][gc,metaspace] Compressed class space mapped at: 0x000000d801000000-0x000000d841000000, reserved size: 1073741824
[2024-11-17T15:07:13.844+0500][gc,metaspace] Narrow klass base: 0x000000d800000000, Narrow klass shift: 0, Narrow klass range: 0x100000000
[2024-11-17T15:07:14.233+0500][gc,start    ] GC(0) Pause Young (Normal) (G1 Evacuation Pause)
[2024-11-17T15:07:14.233+0500][gc,task     ] GC(0) Using 2 workers of 2 for evacuation
[2024-11-17T15:07:14.238+0500][gc,phases   ] GC(0)   Pre Evacuate Collection Set: 0.1ms
[2024-11-17T15:07:14.238+0500][gc,phases   ] GC(0)   Merge Heap Roots: 0.1ms
[2024-11-17T15:07:14.238+0500][gc,phases   ] GC(0)   Evacuate Collection Set: 4.4ms
[2024-11-17T15:07:14.238+0500][gc,phases   ] GC(0)   Post Evacuate Collection Set: 0.3ms
[2024-11-17T15:07:14.238+0500][gc,phases   ] GC(0)   Other: 0.2ms
[2024-11-17T15:07:14.238+0500][gc,heap     ] GC(0) Eden regions: 25->0(21)
[2024-11-17T15:07:14.238+0500][gc,heap     ] GC(0) Survivor regions: 0->4(4)
[2024-11-17T15:07:14.238+0500][gc,heap     ] GC(0) Old regions: 0->5
[2024-11-17T15:07:14.238+0500][gc,heap     ] GC(0) Archive regions: 2->2
[2024-11-17T15:07:14.238+0500][gc,heap     ] GC(0) Humongous regions: 0->0
[2024-11-17T15:07:14.238+0500][gc,metaspace] GC(0) Metaspace: 7716K(7936K)->7716K(7936K) NonClass: 6887K(6976K)->6887K(6976K) Class: 828K(960K)->828K(960K)
[2024-11-17T15:07:14.238+0500][gc          ] GC(0) Pause Young (Normal) (G1 Evacuation Pause) 25M->9M(512M) 5.067ms
[2024-11-17T15:07:14.238+0500][gc,cpu      ] GC(0) User=0.01s Sys=0.00s Real=0.00s
[2024-11-17T15:12:00.579+0500][gc,start    ] GC(1) Pause Young (Normal) (G1 Evacuation Pause)
[2024-11-17T15:12:00.579+0500][gc,task     ] GC(1) Using 2 workers of 2 for evacuation
[2024-11-17T15:12:00.591+0500][gc,phases   ] GC(1)   Pre Evacuate Collection Set: 0.9ms
[2024-11-17T15:12:00.591+0500][gc,phases   ] GC(1)   Merge Heap Roots: 0.1ms
[2024-11-17T15:12:00.591+0500][gc,phases   ] GC(1)   Evacuate Collection Set: 10.7ms
[2024-11-17T15:12:00.591+0500][gc,phases   ] GC(1)   Post Evacuate Collection Set: 0.6ms
[2024-11-17T15:12:00.591+0500][gc,phases   ] GC(1)   Other: 0.2ms
[2024-11-17T15:12:00.591+0500][gc,heap     ] GC(1) Eden regions: 21->0(24)
[2024-11-17T15:12:00.591+0500][gc,heap     ] GC(1) Survivor regions: 4->1(4)
[2024-11-17T15:12:00.591+0500][gc,heap     ] GC(1) Old regions: 5->9
[2024-11-17T15:12:00.591+0500][gc,heap     ] GC(1) Archive regions: 2->2
[2024-11-17T15:12:00.591+0500][gc,heap     ] GC(1) Humongous regions: 0->0
[2024-11-17T15:12:00.591+0500][gc,metaspace] GC(1) Metaspace: 9112K(9280K)->9112K(9280K) NonClass: 8174K(8256K)->8174K(8256K) Class: 937K(1024K)->937K(1024K)
[2024-11-17T15:12:00.591+0500][gc          ] GC(1) Pause Young (Normal) (G1 Evacuation Pause) 30M->9M(512M) 12.510ms
[2024-11-17T15:12:00.591+0500][gc,cpu      ] GC(1) User=0.02s Sys=0.00s Real=0.02s
[2024-11-17T15:12:48.297+0500][gc,heap,exit] Heap
[2024-11-17T15:12:48.298+0500][gc,heap,exit]  garbage-first heap   total 524288K, used 12387K [0x00000000e0000000, 0x0000000100000000)
[2024-11-17T15:12:48.298+0500][gc,heap,exit]   region size 1024K, 4 young (4096K), 1 survivors (1024K)
[2024-11-17T15:12:48.298+0500][gc,heap,exit]  Metaspace       used 9116K, committed 9280K, reserved 1114112K
[2024-11-17T15:12:48.298+0500][gc,heap,exit]   class space    used 938K, committed 1024K, reserved 1048576K
