[2024-11-17T14:20:32.928+0500][gc] Using G1
[2024-11-17T14:20:32.933+0500][gc,init] Version: 17.0.13+11-Debian-2deb12u1 (release)
[2024-11-17T14:20:32.933+0500][gc,init] CPUs: 2 total, 2 available
[2024-11-17T14:20:32.933+0500][gc,init] Memory: 3922M
[2024-11-17T14:20:32.933+0500][gc,init] Large Page Support: Disabled
[2024-11-17T14:20:32.933+0500][gc,init] NUMA Support: Disabled
[2024-11-17T14:20:32.933+0500][gc,init] Compressed Oops: Enabled (32-bit)
[2024-11-17T14:20:32.933+0500][gc,init] Heap Region Size: 1M
[2024-11-17T14:20:32.933+0500][gc,init] Heap Min Capacity: 512M
[2024-11-17T14:20:32.933+0500][gc,init] Heap Initial Capacity: 512M
[2024-11-17T14:20:32.933+0500][gc,init] Heap Max Capacity: 512M
[2024-11-17T14:20:32.933+0500][gc,init] Pre-touch: Disabled
[2024-11-17T14:20:32.933+0500][gc,init] Parallel Workers: 2
[2024-11-17T14:20:32.933+0500][gc,init] Concurrent Workers: 1
[2024-11-17T14:20:32.933+0500][gc,init] Concurrent Refinement Workers: 2
[2024-11-17T14:20:32.933+0500][gc,init] Periodic GC: Disabled
[2024-11-17T14:20:32.944+0500][gc,metaspace] CDS archive(s) mapped at: [0x000000b800000000-0x000000b800be0000-0x000000b800be0000), size 12451840, SharedBaseAddress: 0x000000b800000000, ArchiveRelocationMode: 1.
[2024-11-17T14:20:32.944+0500][gc,metaspace] Compressed class space mapped at: 0x000000b801000000-0x000000b841000000, reserved size: 1073741824
[2024-11-17T14:20:32.944+0500][gc,metaspace] Narrow klass base: 0x000000b800000000, Narrow klass shift: 0, Narrow klass range: 0x100000000
[2024-11-17T14:20:34.318+0500][gc,start    ] GC(0) Pause Young (Normal) (G1 Evacuation Pause)
[2024-11-17T14:20:34.323+0500][gc,task     ] GC(0) Using 2 workers of 2 for evacuation
[2024-11-17T14:20:34.339+0500][gc,phases   ] GC(0)   Pre Evacuate Collection Set: 0.3ms
[2024-11-17T14:20:34.339+0500][gc,phases   ] GC(0)   Merge Heap Roots: 0.0ms
[2024-11-17T14:20:34.339+0500][gc,phases   ] GC(0)   Evacuate Collection Set: 14.6ms
[2024-11-17T14:20:34.339+0500][gc,phases   ] GC(0)   Post Evacuate Collection Set: 0.2ms
[2024-11-17T14:20:34.339+0500][gc,phases   ] GC(0)   Other: 5.3ms
[2024-11-17T14:20:34.339+0500][gc,heap     ] GC(0) Eden regions: 25->0(21)
[2024-11-17T14:20:34.339+0500][gc,heap     ] GC(0) Survivor regions: 0->4(4)
[2024-11-17T14:20:34.339+0500][gc,heap     ] GC(0) Old regions: 0->5
[2024-11-17T14:20:34.339+0500][gc,heap     ] GC(0) Archive regions: 2->2
[2024-11-17T14:20:34.339+0500][gc,heap     ] GC(0) Humongous regions: 0->0
[2024-11-17T14:20:34.339+0500][gc,metaspace] GC(0) Metaspace: 8004K(8192K)->8004K(8192K) NonClass: 7113K(7232K)->7113K(7232K) Class: 891K(960K)->891K(960K)
[2024-11-17T14:20:34.339+0500][gc          ] GC(0) Pause Young (Normal) (G1 Evacuation Pause) 25M->9M(512M) 20.470ms
[2024-11-17T14:20:34.339+0500][gc,cpu      ] GC(0) User=0.00s Sys=0.00s Real=0.02s
[2024-11-17T14:29:17.412+0500][gc,heap,exit] Heap
[2024-11-17T14:29:17.412+0500][gc,heap,exit]  garbage-first heap   total 524288K, used 12952K [0x00000000e0000000, 0x0000000100000000)
[2024-11-17T14:29:17.412+0500][gc,heap,exit]   region size 1024K, 8 young (8192K), 4 survivors (4096K)
[2024-11-17T14:29:17.412+0500][gc,heap,exit]  Metaspace       used 8282K, committed 8512K, reserved 1114112K
[2024-11-17T14:29:17.412+0500][gc,heap,exit]   class space    used 913K, committed 1024K, reserved 1048576K
