[2024-11-17T14:14:50.541+0500][gc] Using G1
[2024-11-17T14:14:50.543+0500][gc,init] Version: 17.0.13+11-Debian-2deb12u1 (release)
[2024-11-17T14:14:50.543+0500][gc,init] CPUs: 2 total, 2 available
[2024-11-17T14:14:50.543+0500][gc,init] Memory: 3922M
[2024-11-17T14:14:50.543+0500][gc,init] Large Page Support: Disabled
[2024-11-17T14:14:50.543+0500][gc,init] NUMA Support: Disabled
[2024-11-17T14:14:50.543+0500][gc,init] Compressed Oops: Enabled (32-bit)
[2024-11-17T14:14:50.543+0500][gc,init] Heap Region Size: 1M
[2024-11-17T14:14:50.543+0500][gc,init] Heap Min Capacity: 512M
[2024-11-17T14:14:50.543+0500][gc,init] Heap Initial Capacity: 512M
[2024-11-17T14:14:50.543+0500][gc,init] Heap Max Capacity: 512M
[2024-11-17T14:14:50.543+0500][gc,init] Pre-touch: Disabled
[2024-11-17T14:14:50.543+0500][gc,init] Parallel Workers: 2
[2024-11-17T14:14:50.543+0500][gc,init] Concurrent Workers: 1
[2024-11-17T14:14:50.543+0500][gc,init] Concurrent Refinement Workers: 2
[2024-11-17T14:14:50.543+0500][gc,init] Periodic GC: Disabled
[2024-11-17T14:14:50.545+0500][gc,metaspace] CDS archive(s) mapped at: [0x0000002000000000-0x0000002000be0000-0x0000002000be0000), size 12451840, SharedBaseAddress: 0x0000002000000000, ArchiveRelocationMode: 1.
[2024-11-17T14:14:50.545+0500][gc,metaspace] Compressed class space mapped at: 0x0000002001000000-0x0000002041000000, reserved size: 1073741824
[2024-11-17T14:14:50.545+0500][gc,metaspace] Narrow klass base: 0x0000002000000000, Narrow klass shift: 0, Narrow klass range: 0x100000000
[2024-11-17T14:14:50.723+0500][gc,heap,exit] Heap
[2024-11-17T14:14:50.723+0500][gc,heap,exit]  garbage-first heap   total 524288K, used 20912K [0x00000000e0000000, 0x0000000100000000)
[2024-11-17T14:14:50.723+0500][gc,heap,exit]   region size 1024K, 20 young (20480K), 0 survivors (0K)
[2024-11-17T14:14:50.723+0500][gc,heap,exit]  Metaspace       used 6815K, committed 6976K, reserved 1114112K
[2024-11-17T14:14:50.723+0500][gc,heap,exit]   class space    used 766K, committed 832K, reserved 1048576K
